Archive member included to satisfy reference by file (symbol)

e:/altera/15.0/nios2eds/bin/gnu/h-x86_64-mingw32/bin/../lib/gcc/nios2-elf/4.9.1\libgcc.a(_fixunssfsi.o)
                              obj/default/touch.o (__fixunssfsi)
e:/altera/15.0/nios2eds/bin/gnu/h-x86_64-mingw32/bin/../lib/gcc/nios2-elf/4.9.1\libgcc.a(_fixunsdfsi.o)
                              obj/default/touch.o (__fixunsdfsi)
e:/altera/15.0/nios2eds/bin/gnu/h-x86_64-mingw32/bin/../lib/gcc/nios2-elf/4.9.1\libgcc.a(lib2-divmod.o)
                              obj/default/screen.o (__divsi3)
e:/altera/15.0/nios2eds/bin/gnu/h-x86_64-mingw32/bin/../lib/gcc/nios2-elf/4.9.1\libgcc.a(addsf3.o)
                              obj/default/touch.o (__addsf3)
e:/altera/15.0/nios2eds/bin/gnu/h-x86_64-mingw32/bin/../lib/gcc/nios2-elf/4.9.1\libgcc.a(divsf3.o)
                              obj/default/txt_read.o (__divsf3)
e:/altera/15.0/nios2eds/bin/gnu/h-x86_64-mingw32/bin/../lib/gcc/nios2-elf/4.9.1\libgcc.a(gesf2.o)
                              e:/altera/15.0/nios2eds/bin/gnu/h-x86_64-mingw32/bin/../lib/gcc/nios2-elf/4.9.1\libgcc.a(_fixunssfsi.o) (__gesf2)
e:/altera/15.0/nios2eds/bin/gnu/h-x86_64-mingw32/bin/../lib/gcc/nios2-elf/4.9.1\libgcc.a(lesf2.o)
                              obj/default/screen.o (__lesf2)
e:/altera/15.0/nios2eds/bin/gnu/h-x86_64-mingw32/bin/../lib/gcc/nios2-elf/4.9.1\libgcc.a(mulsf3.o)
                              obj/default/screen.o (__mulsf3)
e:/altera/15.0/nios2eds/bin/gnu/h-x86_64-mingw32/bin/../lib/gcc/nios2-elf/4.9.1\libgcc.a(subsf3.o)
                              e:/altera/15.0/nios2eds/bin/gnu/h-x86_64-mingw32/bin/../lib/gcc/nios2-elf/4.9.1\libgcc.a(_fixunssfsi.o) (__subsf3)
e:/altera/15.0/nios2eds/bin/gnu/h-x86_64-mingw32/bin/../lib/gcc/nios2-elf/4.9.1\libgcc.a(fixsfsi.o)
                              obj/default/screen.o (__fixsfsi)
e:/altera/15.0/nios2eds/bin/gnu/h-x86_64-mingw32/bin/../lib/gcc/nios2-elf/4.9.1\libgcc.a(floatsisf.o)
                              obj/default/screen.o (__floatsisf)
e:/altera/15.0/nios2eds/bin/gnu/h-x86_64-mingw32/bin/../lib/gcc/nios2-elf/4.9.1\libgcc.a(floatunsisf.o)
                              obj/default/txt_read.o (__floatunsisf)
e:/altera/15.0/nios2eds/bin/gnu/h-x86_64-mingw32/bin/../lib/gcc/nios2-elf/4.9.1\libgcc.a(adddf3.o)
                              obj/default/touch.o (__adddf3)
e:/altera/15.0/nios2eds/bin/gnu/h-x86_64-mingw32/bin/../lib/gcc/nios2-elf/4.9.1\libgcc.a(divdf3.o)
                              obj/default/screen.o (__divdf3)
e:/altera/15.0/nios2eds/bin/gnu/h-x86_64-mingw32/bin/../lib/gcc/nios2-elf/4.9.1\libgcc.a(gedf2.o)
                              e:/altera/15.0/nios2eds/bin/gnu/h-x86_64-mingw32/bin/../lib/gcc/nios2-elf/4.9.1\libgcc.a(_fixunsdfsi.o) (__gedf2)
e:/altera/15.0/nios2eds/bin/gnu/h-x86_64-mingw32/bin/../lib/gcc/nios2-elf/4.9.1\libgcc.a(muldf3.o)
                              obj/default/screen.o (__muldf3)
e:/altera/15.0/nios2eds/bin/gnu/h-x86_64-mingw32/bin/../lib/gcc/nios2-elf/4.9.1\libgcc.a(subdf3.o)
                              obj/default/touch.o (__subdf3)
e:/altera/15.0/nios2eds/bin/gnu/h-x86_64-mingw32/bin/../lib/gcc/nios2-elf/4.9.1\libgcc.a(fixdfsi.o)
                              obj/default/screen.o (__fixdfsi)
e:/altera/15.0/nios2eds/bin/gnu/h-x86_64-mingw32/bin/../lib/gcc/nios2-elf/4.9.1\libgcc.a(floatsidf.o)
                              obj/default/screen.o (__floatsidf)
e:/altera/15.0/nios2eds/bin/gnu/h-x86_64-mingw32/bin/../lib/gcc/nios2-elf/4.9.1\libgcc.a(floatunsidf.o)
                              obj/default/screen.o (__floatunsidf)
e:/altera/15.0/nios2eds/bin/gnu/h-x86_64-mingw32/bin/../lib/gcc/nios2-elf/4.9.1\libgcc.a(extendsfdf2.o)
                              obj/default/screen.o (__extendsfdf2)
e:/altera/15.0/nios2eds/bin/gnu/h-x86_64-mingw32/bin/../lib/gcc/nios2-elf/4.9.1\libgcc.a(truncdfsf2.o)
                              obj/default/screen.o (__truncdfsf2)
e:/altera/15.0/nios2eds/bin/gnu/h-x86_64-mingw32/bin/../lib/gcc/nios2-elf/4.9.1\libgcc.a(_clzsi2.o)
                              e:/altera/15.0/nios2eds/bin/gnu/h-x86_64-mingw32/bin/../lib/gcc/nios2-elf/4.9.1\libgcc.a(addsf3.o) (__clzsi2)
e:/altera/15.0/nios2eds/bin/gnu/h-x86_64-mingw32/bin/../lib/gcc/nios2-elf/4.9.1\libgcc.a(_clz.o)
                              e:/altera/15.0/nios2eds/bin/gnu/h-x86_64-mingw32/bin/../lib/gcc/nios2-elf/4.9.1\libgcc.a(_clzsi2.o) (__clz_tab)
e:/altera/15.0/nios2eds/bin/gnu/h-x86_64-mingw32/bin/../lib/gcc/nios2-elf/4.9.1/../../../../../H-x86_64-mingw32/nios2-elf/lib\libc.a(lib_a-malloc.o)
                              obj/default/screen.o (malloc)
e:/altera/15.0/nios2eds/bin/gnu/h-x86_64-mingw32/bin/../lib/gcc/nios2-elf/4.9.1/../../../../../H-x86_64-mingw32/nios2-elf/lib\libc.a(lib_a-mallocr.o)
                              e:/altera/15.0/nios2eds/bin/gnu/h-x86_64-mingw32/bin/../lib/gcc/nios2-elf/4.9.1/../../../../../H-x86_64-mingw32/nios2-elf/lib\libc.a(lib_a-malloc.o) (_malloc_r)
[...]
Memory Configuration

Name             Origin             Length             Attributes
reset            0x0000000000000000 0x0000000000000020
sdram            0x0000000000000020 0x0000000007ffffe0
*default*        0x0000000000000000 0xffffffffffffffff

Linker script and memory map

LOAD ../ebook5_bsp//obj/HAL/src/crt0.o
LOAD obj/default/ascii_font.o
LOAD obj/default/color.o
LOAD obj/default/font_manage.o
LOAD obj/default/gbk_font.o
LOAD obj/default/icon_pic.o
LOAD obj/default/main.o
LOAD obj/default/screen.o
LOAD obj/default/screen_display.o
LOAD obj/default/sdread.o
LOAD obj/default/test_value.o
LOAD obj/default/tftlcd.o
LOAD obj/default/time_count.o
LOAD obj/default/touch.o
LOAD obj/default/touch_resp.o
LOAD obj/default/txt_read.o
LOAD obj/default/ucs2_font.o
LOAD e:/altera/15.0/nios2eds/bin/gnu/h-x86_64-mingw32/bin/../lib/gcc/nios2-elf/4.9.1/../../../../../H-x86_64-mingw32/nios2-elf/lib\libstdc++.a
LOAD e:/altera/15.0/nios2eds/bin/gnu/h-x86_64-mingw32/bin/../lib/gcc/nios2-elf/4.9.1/../../../../../H-x86_64-mingw32/nios2-elf/lib\libm.a
LOAD e:/altera/15.0/nios2eds/bin/gnu/h-x86_64-mingw32/bin/../lib/gcc/nios2-elf/4.9.1\libgcc.a
START GROUP
LOAD e:/altera/15.0/nios2eds/bin/gnu/h-x86_64-mingw32/bin/../lib/gcc/nios2-elf/4.9.1/../../../../../H-x86_64-mingw32/nios2-elf/lib\libc.a
LOAD e:/altera/15.0/nios2eds/bin/gnu/h-x86_64-mingw32/bin/../lib/gcc/nios2-elf/4.9.1\libgcc.a
LOAD ../ebook5_bsp/\libhal_bsp.a
LOAD e:/altera/15.0/nios2eds/bin/gnu/h-x86_64-mingw32/bin/../lib/gcc/nios2-elf/4.9.1/../../../../../H-x86_64-mingw32/nios2-elf/lib\libm.a
END GROUP
LOAD e:/altera/15.0/nios2eds/bin/gnu/h-x86_64-mingw32/bin/../lib/gcc/nios2-elf/4.9.1\libgcc.a
                0x0000000000000000                __alt_mem_sdram = 0x0

.entry          0x0000000000000000       0x20
 *(.entry)
 .entry         0x0000000000000000       0x20 ../ebook5_bsp//obj/HAL/src/crt0.o
                0x0000000000000000                __reset

.exceptions     0x0000000000000020      0x220
                0x0000000000000020                PROVIDE (__ram_exceptions_start, ABSOLUTE (.))
                0x0000000000000020                . = ALIGN (0x20)
 *(.irq)
 *(.exceptions.entry.label)
 .exceptions.entry.label
                0x0000000000000020        0x0 ../ebook5_bsp/\libhal_bsp.a(alt_irq_entry.o)
                0x0000000000000020                alt_irq_entry
 .exceptions.entry.label
                0x0000000000000020        0x0 ../ebook5_bsp/\libhal_bsp.a(alt_exception_entry.o)
                0x0000000000000020                alt_exception
 *(.exceptions.entry.user)
 *(.exceptions.entry.ecc_fatal)
 *(.exceptions.entry)
 .exceptions.entry
                0x0000000000000020       0x54 ../ebook5_bsp/\libhal_bsp.a(alt_exception_entry.o)
 *(.exceptions.irqtest.user)
 *(.exceptions.irqtest)
 .exceptions.irqtest
                0x0000000000000074       0x10 ../ebook5_bsp/\libhal_bsp.a(alt_irq_entry.o)
 *(.exceptions.irqhandler.user)
 *(.exceptions.irqhandler)
 .exceptions.irqhandler
                0x0000000000000084        0x4 ../ebook5_bsp/\libhal_bsp.a(alt_irq_entry.o)
 *(.exceptions.irqreturn.user)
 *(.exceptions.irqreturn)
 .exceptions.irqreturn
                0x0000000000000088        0x4 ../ebook5_bsp/\libhal_bsp.a(alt_irq_entry.o)
 *(.exceptions.notirq.label)
 .exceptions.notirq.label
                0x000000000000008c        0x0 ../ebook5_bsp/\libhal_bsp.a(alt_irq_entry.o)
 *(.exceptions.notirq.user)
 *(.exceptions.notirq)
 .exceptions.notirq
                0x000000000000008c        0x8 ../ebook5_bsp/\libhal_bsp.a(alt_exception_entry.o)
 *(.exceptions.soft.user)
 *(.exceptions.soft)
 *(.exceptions.unknown.user)
 *(.exceptions.unknown)
 .exceptions.unknown
                0x0000000000000094       0x14 ../ebook5_bsp/\libhal_bsp.a(alt_exception_entry.o)
 *(.exceptions.exit.label)
 .exceptions.exit.label
                0x00000000000000a8        0x0 ../ebook5_bsp/\libhal_bsp.a(alt_irq_entry.o)
 .exceptions.exit.label
                0x00000000000000a8        0x0 ../ebook5_bsp/\libhal_bsp.a(alt_exception_entry.o)
 *(.exceptions.exit.user)
 *(.exceptions.exit)
 .exceptions.exit
                0x00000000000000a8       0x54 ../ebook5_bsp/\libhal_bsp.a(alt_exception_entry.o)
 *(.exceptions)
 .exceptions    0x00000000000000fc       0xd0 ../ebook5_bsp/\libhal_bsp.a(alt_irq_handler.o)
                0x00000000000000fc                alt_irq_handler
 .exceptions    0x00000000000001cc       0x74 ../ebook5_bsp/\libhal_bsp.a(alt_instruction_exception_entry.o)
                0x00000000000001cc                alt_instruction_exception_entry
                0x0000000000000240                PROVIDE (__ram_exceptions_end, ABSOLUTE (.))
                0x0000000000000020                PROVIDE (__flash_exceptions_start, LOADADDR (.exceptions))

.text           0x0000000000000240    0x33478
                0x0000000000000240                PROVIDE (stext, ABSOLUTE (.))
 *(.interp)
 *(.hash)
 *(.dynsym)
 *(.dynstr)
 *(.gnu.version)
 *(.gnu.version_d)
 *(.gnu.version_r)
 *(.rel.init)
 *(.rela.init)
 *(.rel.text .rel.text.* .rel.gnu.linkonce.t.*)
 *(.rela.text .rela.text.* .rela.gnu.linkonce.t.*)
 *(.rel.fini)
 *(.rela.fini)
 *(.rel.rodata .rel.rodata.* .rel.gnu.linkonce.r.*)
 *(.rela.rodata .rela.rodata.* .rela.gnu.linkonce.r.*)
 *(.rel.data .rel.data.* .rel.gnu.linkonce.d.*)
 *(.rela.data .rela.data.* .rela.gnu.linkonce.d.*)
 *(.rel.tdata .rel.tdata.* .rel.gnu.linkonce.td.*)
 *(.rela.tdata .rela.tdata.* .rela.gnu.linkonce.td.*)
 *(.rel.tbss .rel.tbss.* .rel.gnu.linkonce.tb.*)
 *(.rela.tbss .rela.tbss.* .rela.gnu.linkonce.tb.*)
 *(.rel.ctors)
 *(.rela.ctors)
 *(.rel.dtors)
 *(.rela.dtors)
 *(.rel.got)
 *(.rela.got)
 *(.rel.sdata .rel.sdata.* .rel.gnu.linkonce.s.*)
 *(.rela.sdata .rela.sdata.* .rela.gnu.linkonce.s.*)
 *(.rel.sbss .rel.sbss.* .rel.gnu.linkonce.sb.*)
 *(.rela.sbss .rela.sbss.* .rela.gnu.linkonce.sb.*)
 *(.rel.sdata2 .rel.sdata2.* .rel.gnu.linkonce.s2.*)
 *(.rela.sdata2 .rela.sdata2.* .rela.gnu.linkonce.s2.*)
 *(.rel.sbss2 .rel.sbss2.* .rel.gnu.linkonce.sb2.*)
 *(.rela.sbss2 .rela.sbss2.* .rela.gnu.linkonce.sb2.*)
 *(.rel.bss .rel.bss.* .rel.gnu.linkonce.b.*)
 *(.rela.bss .rela.bss.* .rela.gnu.linkonce.b.*)
 *(.rel.plt)
 *(.rela.plt)
 *(.rel.dyn)
 *(.init)
 *(.plt)
 *(.text .stub .text.* .gnu.linkonce.t.*)
 .text          0x0000000000000240       0x4c ../ebook5_bsp//obj/HAL/src/crt0.o
                0x0000000000000240                _start
 .text          0x000000000000028c        0x0 obj/default/ascii_font.o
 .text          0x000000000000028c       0x64 obj/default/color.o
                0x000000000000028c                getColor16BitByRGB
 .text          0x00000000000002f0      0x1c4 obj/default/font_manage.o
                0x00000000000002f0                getAsciiFont
                0x0000000000000354                getGbkFont
                0x0000000000000454                getUCS2Font
 .text          0x00000000000004b4        0x0 obj/default/gbk_font.o
 .text          0x00000000000004b4        0x0 obj/default/icon_pic.o
 .text          0x00000000000004b4      0x1e0 obj/default/main.o
                0x00000000000004b4                main
 .text          0x0000000000000694     0x5f4c obj/default/screen.o
                0x0000000000000694                checkAreaRange
                0x0000000000000768                setAreaRange
                0x00000000000007ec                setAreaRangeByAreaFmt
                0x00000000000009e4                setAreaFmt
                0x0000000000000af0                setAreaRangeCentered
                0x0000000000000c6c                setDefaultTagBlock
                0x0000000000000da0                setDefaultProgressBarX
                0x00000000000010e8                setDefaultScrollBarY
                0x0000000000001644                setDefaultIconBlock
                0x0000000000001720                setDefaultColorBoard
                0x00000000000017c0                getWordLetterArrange
                0x0000000000001bcc                getWidthOfText
                0x0000000000001d50                openTxtScrollX
                0x0000000000001e64                setDefaultTagGroup
                0x00000000000020c0                setDefaultNumEditGroup
                0x0000000000002624                screenInit
                0x000000000000299c                screenHeaderInit
                0x0000000000002b38                screenFooterInit
                0x0000000000002e9c                screenMainHomeInit
                0x00000000000036cc                setDefaultTagList
                0x0000000000003a04                screenMainBookInit
                0x0000000000003f18                ScreenMainPageInfoInit
                0x000000000000470c                screenMainSettingInit
                0x0000000000005310                screenMainColorPickerInit
                0x0000000000005454                screenMainAreaInfoInst
                0x00000000000054c4                screenSetCustomInfo
                0x0000000000005c54                screenSyncSettingColor
                0x0000000000005ccc                screenSyncBookColor
                0x0000000000005db8                screenSyncBookEcdfmt
                0x0000000000005e3c                screenSyncHeaderTime
                0x0000000000005f54                syncTimeFlag
                0x0000000000006000                setAutoTPGstate
                0x0000000000006080                screenSyncPageRatio
 .text          0x00000000000065e0     0x5a14 obj/default/screen_display.o
                0x00000000000065e0                getAbsPos
                0x0000000000006880                getXVaildRange
                0x0000000000006ad0                showBorder
                0x0000000000006ef0                showBkgAndBorder
                0x000000000000743c                showTextOrIcon
                0x0000000000007638                showTagBlock
                0x0000000000008098                showTagWithYOffset
                0x0000000000008d1c                showIconBlock
                0x0000000000008ed8                showTagGroup
                0x00000000000090cc                showTagIconGroup
                0x0000000000009430                showTagList
                0x0000000000009a38                showScrollBarY
                0x0000000000009de4                showScreenPageInfo
                0x000000000000a200                showProgressBarX
                0x000000000000a40c                showColorBoard
                0x000000000000a644                showColorSelBorder
                0x000000000000a94c                clearColorSelBorder
                0x000000000000acac                showScreenHeader
                0x000000000000adc8                showScreenFooter
                0x000000000000b074                showScreenMain
                0x000000000000b1c0                showScreenMainHome
                0x000000000000b494                showScreenMainBook
                0x000000000000b788                showScreenMainSetting
                0x000000000000bdcc                showScreenMainColorPicker
                0x000000000000bee8                showScreen
 .text          0x000000000000bff4      0xc60 obj/default/sdread.o
                0x000000000000bff4                fread_txt
                0x000000000000c324                fseek_txt
                0x000000000000c598                ftell_txt
                0x000000000000c624                fopen_txt
                0x000000000000c658                fclose_txt
                0x000000000000c6b4                getfileSizeTxt
                0x000000000000c710                readLongFileName
 .text          0x000000000000cc54     0x36cc obj/default/test_value.o
                0x000000000000cc54                displayStatus
                0x000000000000cca4                displayTxtFilesInfo
                0x000000000000ce30                displayTxtFile
                0x000000000000d060                displayTextType
                0x000000000000d254                getMallocStr
                0x000000000000d2e4                displayScreenContainer
                0x000000000000d398                displayAreaRange
                0x000000000000d55c                displayScreenHeaderTime
                0x000000000000d684                displayScreenFooterBtn
                0x000000000000d89c                displayScreenHome
                0x000000000000dd3c                displayScreenBook
                0x000000000000dfd4                displayScreenSetting
                0x000000000000e4e0                displayScreenColorPicker
                0x000000000000e608                displayScrMainAreaInfo
                0x000000000000e760                displayTagBlock
                0x000000000000e98c                displayIconBlock
                0x000000000000eb9c                displayColorInfo
                0x000000000000ed5c                displayColorBoard
                0x000000000000eef4                displayTagIconGroup
                0x000000000000f220                displayTagGroup
                0x000000000000f3c0                displayTagList
                0x000000000000f624                displayProgressBarX
                0x000000000000f868                displayScrollBarY
                0x000000000000fb9c                displayScreenPageInfo
                0x000000000000fee0                displayColorRGB
                0x000000000000ff58                displayObjPic
                0x00000000000100e0                displayTxtBookSpace
                0x00000000000101fc                displayArray
 .text          0x0000000000010320     0x23e4 obj/default/tftlcd.o
                0x0000000000010320                LCD_ReadReg
                0x0000000000010364                LCD_init
                0x0000000000010504                LCD_RD_DATA
                0x0000000000010564                LCD_WR_REG
                0x00000000000105c8                LCD_WR_DATA
                0x000000000001062c                LCD_WriteReg
                0x0000000000010678                LCD5310_init
                0x0000000000011a88                LCD_SetCursor
                0x0000000000011b34                LCD_DrawPoint
                0x0000000000011b90                LCD_Fast_DrawPoint
                0x0000000000011c50                LCD_WriteRAM_Prepare
                0x0000000000011c8c                LCD_WriteRAM
                0x0000000000011cc4                LCD_DrawLine
                0x0000000000011e90                LCD_Display_Dir
                0x0000000000011fa4                LCD_Fill
                0x000000000001206c                LCD_Color_Fill
                0x000000000001216c                delay
                0x00000000000121ac                LCD_Scan_Dir
                0x0000000000012524                LCD_Clear
                0x00000000000125c0                LCD_Set_Window
 .text          0x0000000000012704      0x680 obj/default/time_count.o
                0x0000000000012704                scrHeaderTimeResp
                0x0000000000012a04                timeCount1s_handler
                0x0000000000012c14                getTimeInSeconds
                0x0000000000012c98                Timer_Initial
 .text          0x0000000000012d84      0xea8 obj/default/touch.o
                0x0000000000012d84                delay_us
                0x0000000000012dd0                TP_Write_Byte
                0x0000000000012eec                TP_Read_AD
                0x000000000001315c                TP_Read_XOY
                0x000000000001332c                TP_Read_XY
                0x000000000001339c                TP_Read_XY2
                0x000000000001352c                TP_Scan
                0x00000000000137c4                TP_Init
                0x0000000000013900                physical2logical
                0x0000000000013b60                intr_scan_headler
 .text          0x0000000000013c2c     0x2af0 obj/default/touch_resp.o
                0x0000000000013c2c                posValidInAbsPos
                0x0000000000013cfc                screenRespTask
                0x0000000000014068                scrHeaderResp
                0x0000000000014174                scrFooterResp
                0x00000000000144bc                scrMainHomeResp
                0x000000000001482c                scrMainBookResp
                0x0000000000014dbc                scrMainSettingResp
                0x0000000000015abc                scrMainColorPickerResp
                0x0000000000015bbc                colorBoardResp
                0x0000000000015d60                scrPageInfoResp
                0x0000000000015f80                prgBarXResp
                0x0000000000016044                scrollBarYResp
 .text          0x000000000001671c     0x4f28 obj/default/txt_read.o
                0x000000000001671c                readAlltxtFilesOfSDcard
                0x0000000000016ccc                readBookOfTxtFile
                0x0000000000016e38                openTxtFile
                0x00000000000170d4                closeTxtFile
                0x0000000000017158                readPageGBK
                0x00000000000179a8                readPageUNI
                0x0000000000017a24                readPageUNI_BIG
                0x000000000001851c                readPageUNI_LITTLE
                0x0000000000019018                readCurPage
                0x000000000001922c                readLastPage
                0x00000000000197d8                readNextPage
                0x00000000000199b4                readPageByRatio
                0x000000000001a010                findPageStart_UNI
                0x000000000001a0a4                findPageStart_GBK
                0x000000000001a720                findPageStart_UNI_BIG
                0x000000000001ae58                findPageStart_UNI_LITTLE
                0x000000000001b580                isEnglishletter
                0x000000000001b5e4                isUNIEnglishletter
 .text          0x000000000001b644        0x0 obj/default/ucs2_font.o
 .text          0x000000000001b644       0x60 e:/altera/15.0/nios2eds/bin/gnu/h-x86_64-mingw32/bin/../lib/gcc/nios2-elf/4.9.1\libgcc.a(_fixunssfsi.o)
                0x000000000001b644                __fixunssfsi
 .text          0x000000000001b6a4       0x74 e:/altera/15.0/nios2eds/bin/gnu/h-x86_64-mingw32/bin/../lib/gcc/nios2-elf/4.9.1\libgcc.a(_fixunsdfsi.o)
                0x000000000001b6a4                __fixunsdfsi
 .text          0x000000000001b718      0x12c e:/altera/15.0/nios2eds/bin/gnu/h-x86_64-mingw32/bin/../lib/gcc/nios2-elf/4.9.1\libgcc.a(lib2-divmod.o)
                0x000000000001b784                __divsi3
                0x000000000001b7d8                __modsi3
                0x000000000001b834                __udivsi3
                0x000000000001b83c                __umodsi3
 .text          0x000000000001b844      0x4e0 e:/altera/15.0/nios2eds/bin/gnu/h-x86_64-mingw32/bin/../lib/gcc/nios2-elf/4.9.1\libgcc.a(addsf3.o)
                0x000000000001b844                __addsf3
 .text          0x000000000001bd24      0x450 e:/altera/15.0/nios2eds/bin/gnu/h-x86_64-mingw32/bin/../lib/gcc/nios2-elf/4.9.1\libgcc.a(divsf3.o)
                0x000000000001bd24                __divsf3
 .text          0x000000000001c174       0xb8 e:/altera/15.0/nios2eds/bin/gnu/h-x86_64-mingw32/bin/../lib/gcc/nios2-elf/4.9.1\libgcc.a(gesf2.o)
                0x000000000001c174                __gesf2
                0x000000000001c174                __gtsf2
 .text          0x000000000001c22c       0xb8 e:/altera/15.0/nios2eds/bin/gnu/h-x86_64-mingw32/bin/../lib/gcc/nios2-elf/4.9.1\libgcc.a(lesf2.o)
                0x000000000001c22c                __ltsf2
                0x000000000001c22c                __lesf2
 .text          0x000000000001c2e4      0x424 e:/altera/15.0/nios2eds/bin/gnu/h-x86_64-mingw32/bin/../lib/gcc/nios2-elf/4.9.1\libgcc.a(mulsf3.o)
                0x000000000001c2e4                __mulsf3
 .text          0x000000000001c708      0x4fc e:/altera/15.0/nios2eds/bin/gnu/h-x86_64-mingw32/bin/../lib/gcc/nios2-elf/4.9.1\libgcc.a(subsf3.o)
                0x000000000001c708                __subsf3
 .text          0x000000000001cc04       0x78 e:/altera/15.0/nios2eds/bin/gnu/h-x86_64-mingw32/bin/../lib/gcc/nios2-elf/4.9.1\libgcc.a(fixsfsi.o)
                0x000000000001cc04                __fixsfsi
 .text          0x000000000001cc7c      0x134 e:/altera/15.0/nios2eds/bin/gnu/h-x86_64-mingw32/bin/../lib/gcc/nios2-elf/4.9.1\libgcc.a(floatsisf.o)
                0x000000000001cc7c                __floatsisf
 .text          0x000000000001cdb0      0x110 e:/altera/15.0/nios2eds/bin/gnu/h-x86_64-mingw32/bin/../lib/gcc/nios2-elf/4.9.1\libgcc.a(floatunsisf.o)
                0x000000000001cdb0                __floatunsisf
 .text          0x000000000001cec0      0x89c e:/altera/15.0/nios2eds/bin/gnu/h-x86_64-mingw32/bin/../lib/gcc/nios2-elf/4.9.1\libgcc.a(adddf3.o)
                0x000000000001cec0                __adddf3
 .text          0x000000000001d75c      0x8cc e:/altera/15.0/nios2eds/bin/gnu/h-x86_64-mingw32/bin/../lib/gcc/nios2-elf/4.9.1\libgcc.a(divdf3.o)
                0x000000000001d75c                __divdf3
 .text          0x000000000001e028       0xe0 e:/altera/15.0/nios2eds/bin/gnu/h-x86_64-mingw32/bin/../lib/gcc/nios2-elf/4.9.1\libgcc.a(gedf2.o)
                0x000000000001e028                __gedf2
                0x000000000001e028                __gtdf2
 .text          0x000000000001e108      0x724 e:/altera/15.0/nios2eds/bin/gnu/h-x86_64-mingw32/bin/../lib/gcc/nios2-elf/4.9.1\libgcc.a(muldf3.o)
                0x000000000001e108                __muldf3
 .text          0x000000000001e82c      0x8d0 e:/altera/15.0/nios2eds/bin/gnu/h-x86_64-mingw32/bin/../lib/gcc/nios2-elf/4.9.1\libgcc.a(subdf3.o)
                0x000000000001e82c                __subdf3
 .text          0x000000000001f0fc       0x88 e:/altera/15.0/nios2eds/bin/gnu/h-x86_64-mingw32/bin/../lib/gcc/nios2-elf/4.9.1\libgcc.a(fixdfsi.o)
                0x000000000001f0fc                __fixdfsi
 .text          0x000000000001f184       0xd0 e:/altera/15.0/nios2eds/bin/gnu/h-x86_64-mingw32/bin/../lib/gcc/nios2-elf/4.9.1\libgcc.a(floatsidf.o)
                0x000000000001f184                __floatsidf
 .text          0x000000000001f254       0xa4 e:/altera/15.0/nios2eds/bin/gnu/h-x86_64-mingw32/bin/../lib/gcc/nios2-elf/4.9.1\libgcc.a(floatunsidf.o)
                0x000000000001f254                __floatunsidf
 .text          0x000000000001f2f8      0x110 e:/altera/15.0/nios2eds/bin/gnu/h-x86_64-mingw32/bin/../lib/gcc/nios2-elf/4.9.1\libgcc.a(extendsfdf2.o)
                0x000000000001f2f8                __extendsfdf2
 .text          0x000000000001f408      0x198 e:/altera/15.0/nios2eds/bin/gnu/h-x86_64-mingw32/bin/../lib/gcc/nios2-elf/4.9.1\libgcc.a(truncdfsf2.o)
                0x000000000001f408                __truncdfsf2
 .text          0x000000000001f5a0       0x64 e:/altera/15.0/nios2eds/bin/gnu/h-x86_64-mingw32/bin/../lib/gcc/nios2-elf/4.9.1\libgcc.a(_clzsi2.o)
                0x000000000001f5a0                __clzsi2
 .text          0x000000000001f604        0x0 e:/altera/15.0/nios2eds/bin/gnu/h-x86_64-mingw32/bin/../lib/gcc/nios2-elf/4.9.1\libgcc.a(_clz.o)
 .text          0x000000000001f604       0x28 e:/altera/15.0/nios2eds/bin/gnu/h-x86_64-mingw32/bin/../lib/gcc/nios2-elf/4.9.1/../../../../../H-x86_64-mingw32/nios2-elf/lib\libc.a(lib_a-malloc.o)
                0x000000000001f604                malloc
                0x000000000001f618                free
 .text          0x000000000001f62c      0x7a8 e:/altera/15.0/nios2eds/bin/gnu/h-x86_64-mingw32/bin/../lib/gcc/nios2-elf/4.9.1/../../../../../H-x86_64-mingw32/nios2-elf/lib\libc.a(lib_a-mallocr.o)
                0x000000000001f62c                _malloc_r
 .text          0x000000000001fdd4      0x138 e:/altera/15.0/nios2eds/bin/gnu/h-x86_64-mingw32/bin/../lib/gcc/nios2-elf/4.9.1/../../../../../H-x86_64-mingw32/nios2-elf/lib\libc.a(lib_a-memcpy.o)
                0x000000000001fdd4                memcpy
 .text          0x000000000001ff0c      0x124 e:/altera/15.0/nios2eds/bin/gnu/h-x86_64-mingw32/bin/../lib/gcc/nios2-elf/4.9.1/../../../../../H-x86_64-mingw32/nios2-elf/lib\libc.a(lib_a-memset.o)
                0x000000000001ff0c                memset
 .text          0x0000000000020030       0x68 e:/altera/15.0/nios2eds/bin/gnu/h-x86_64-mingw32/bin/../lib/gcc/nios2-elf/4.9.1/../../../../../H-x86_64-mingw32/nios2-elf/lib\libc.a(lib_a-printf.o)
                0x0000000000020030                _printf_r
                0x000000000002005c                printf
 .text          0x0000000000020098       0x20 e:/altera/15.0/nios2eds/bin/gnu/h-x86_64-mingw32/bin/../lib/gcc/nios2-elf/4.9.1/../../../../../H-x86_64-mingw32/nios2-elf/lib\libc.a(lib_a-putchar.o)
                0x0000000000020098                _putchar_r
                0x00000000000200a0                putchar
 .text          0x00000000000200b8       0xcc e:/altera/15.0/nios2eds/bin/gnu/h-x86_64-mingw32/bin/../lib/gcc/nios2-elf/4.9.1/../../../../../H-x86_64-mingw32/nios2-elf/lib\libc.a(lib_a-puts.o)
                0x00000000000200b8                _puts_r
                0x0000000000020170                puts
 .text          0x0000000000020184       0x54 e:/altera/15.0/nios2eds/bin/gnu/h-x86_64-mingw32/bin/../lib/gcc/nios2-elf/4.9.1/../../../../../H-x86_64-mingw32/nios2-elf/lib\libc.a(lib_a-sbrkr.o)
                0x0000000000020184                _sbrk_r
 .text          0x00000000000201d8       0xc4 e:/altera/15.0/nios2eds/bin/gnu/h-x86_64-mingw32/bin/../lib/gcc/nios2-elf/4.9.1/../../../../../H-x86_64-mingw32/nios2-elf/lib\libc.a(lib_a-sprintf.o)
                0x00000000000201d8                _sprintf_r
                0x0000000000020230                sprintf
 .text          0x000000000002029c       0x90 e:/altera/15.0/nios2eds/bin/gnu/h-x86_64-mingw32/bin/../lib/gcc/nios2-elf/4.9.1/../../../../../H-x86_64-mingw32/nios2-elf/lib\libc.a(lib_a-strcpy.o)
                0x000000000002029c                strcpy
 .text          0x000000000002032c       0x98 e:/altera/15.0/nios2eds/bin/gnu/h-x86_64-mingw32/bin/../lib/gcc/nios2-elf/4.9.1/../../../../../H-x86_64-mingw32/nios2-elf/lib\libc.a(lib_a-strlen.o)
                0x000000000002032c                strlen
 .text          0x00000000000203c4     0x1f90 e:/altera/15.0/nios2eds/bin/gnu/h-x86_64-mingw32/bin/../lib/gcc/nios2-elf/4.9.1/../../../../../H-x86_64-mingw32/nios2-elf/lib\libc.a(lib_a-svfprintf.o)
                0x00000000000203c4                ___svfprintf_internal_r
 .text          0x0000000000022354     0x2020 e:/altera/15.0/nios2eds/bin/gnu/h-x86_64-mingw32/bin/../lib/gcc/nios2-elf/4.9.1/../../../../../H-x86_64-mingw32/nios2-elf/lib\libc.a(lib_a-vfprintf.o)
                0x0000000000022354                ___vfprintf_internal_r
                0x0000000000024350                __vfprintf_internal
 .text          0x0000000000024374      0x130 e:/altera/15.0/nios2eds/bin/gnu/h-x86_64-mingw32/bin/../lib/gcc/nios2-elf/4.9.1/../../../../../H-x86_64-mingw32/nios2-elf/lib\libc.a(lib_a-wsetup.o)
                0x0000000000024374                __swsetup_r
 .text          0x00000000000244a4     0x1928 e:/altera/15.0/nios2eds/bin/gnu/h-x86_64-mingw32/bin/../lib/gcc/nios2-elf/4.9.1/../../../../../H-x86_64-mingw32/nios2-elf/lib\libc.a(lib_a-dtoa.o)
                0x00000000000246a4                _dtoa_r
 .text          0x0000000000025dcc      0x258 e:/altera/15.0/nios2eds/bin/gnu/h-x86_64-mingw32/bin/../lib/gcc/nios2-elf/4.9.1/../../../../../H-x86_64-mingw32/nios2-elf/lib\libc.a(lib_a-fflush.o)
                0x0000000000025dcc                _fflush_r
                0x0000000000025ff4                fflush
 .text          0x0000000000026024      0x3a0 e:/altera/15.0/nios2eds/bin/gnu/h-x86_64-mingw32/bin/../lib/gcc/nios2-elf/4.9.1/../../../../../H-x86_64-mingw32/nios2-elf/lib\libc.a(lib_a-findfp.o)
                0x0000000000026034                _cleanup_r
                0x00000000000261e0                __sfmoreglue
                0x0000000000026244                __sfp
                0x000000000002635c                _cleanup
                0x0000000000026374                __sinit
                0x0000000000026384                __sfp_lock_acquire
                0x0000000000026388                __sfp_lock_release
                0x000000000002638c                __sinit_lock_acquire
                0x0000000000026390                __sinit_lock_release
                0x0000000000026394                __fp_lock_all
                0x00000000000263ac                __fp_unlock_all
 .text          0x00000000000263c4      0x414 e:/altera/15.0/nios2eds/bin/gnu/h-x86_64-mingw32/bin/../lib/gcc/nios2-elf/4.9.1/../../../../../H-x86_64-mingw32/nios2-elf/lib\libc.a(lib_a-freer.o)
                0x00000000000263c4                _malloc_trim_r
                0x00000000000264e8                _free_r
 .text          0x00000000000267d8      0x4a4 e:/altera/15.0/nios2eds/bin/gnu/h-x86_64-mingw32/bin/../lib/gcc/nios2-elf/4.9.1/../../../../../H-x86_64-mingw32/nios2-elf/lib\libc.a(lib_a-fvwrite.o)
                0x00000000000267d8                __sfvwrite_r
 .text          0x0000000000026c7c      0x170 e:/altera/15.0/nios2eds/bin/gnu/h-x86_64-mingw32/bin/../lib/gcc/nios2-elf/4.9.1/../../../../../H-x86_64-mingw32/nios2-elf/lib\libc.a(lib_a-fwalk.o)
                0x0000000000026c7c                _fwalk
                0x0000000000026d34                _fwalk_reent
 .text          0x0000000000026dec        0x0 e:/altera/15.0/nios2eds/bin/gnu/h-x86_64-mingw32/bin/../lib/gcc/nios2-elf/4.9.1/../../../../../H-x86_64-mingw32/nios2-elf/lib\libc.a(lib_a-impure.o)
 .text          0x0000000000026dec        0x0 e:/altera/15.0/nios2eds/bin/gnu/h-x86_64-mingw32/bin/../lib/gcc/nios2-elf/4.9.1/../../../../../H-x86_64-mingw32/nios2-elf/lib\libc.a(lib_a-int_errno.o)
 .text          0x0000000000026dec       0xe0 e:/altera/15.0/nios2eds/bin/gnu/h-x86_64-mingw32/bin/../lib/gcc/nios2-elf/4.9.1/../../../../../H-x86_64-mingw32/nios2-elf/lib\libc.a(lib_a-locale.o)
                0x0000000000026dec                _setlocale_r
                0x0000000000026e68                __locale_charset
                0x0000000000026e74                __locale_mb_cur_max
                0x0000000000026e84                __locale_msgcharset
                0x0000000000026e90                __locale_cjk_lang
                0x0000000000026e98                _localeconv_r
                0x0000000000026ea4                setlocale
                0x0000000000026ec0                localeconv
 .text          0x0000000000026ecc      0x1b8 e:/altera/15.0/nios2eds/bin/gnu/h-x86_64-mingw32/bin/../lib/gcc/nios2-elf/4.9.1/../../../../../H-x86_64-mingw32/nios2-elf/lib\libc.a(lib_a-makebuf.o)
                0x0000000000026ecc                __smakebuf_r
 .text          0x0000000000027084       0xe8 e:/altera/15.0/nios2eds/bin/gnu/h-x86_64-mingw32/bin/../lib/gcc/nios2-elf/4.9.1/../../../../../H-x86_64-mingw32/nios2-elf/lib\libc.a(lib_a-memchr.o)
                0x0000000000027084                memchr
 .text          0x000000000002716c      0x15c e:/altera/15.0/nios2eds/bin/gnu/h-x86_64-mingw32/bin/../lib/gcc/nios2-elf/4.9.1/../../../../../H-x86_64-mingw32/nios2-elf/lib\libc.a(lib_a-memmove.o)
                0x000000000002716c                memmove
 .text          0x00000000000272c8      0xf8c e:/altera/15.0/nios2eds/bin/gnu/h-x86_64-mingw32/bin/../lib/gcc/nios2-elf/4.9.1/../../../../../H-x86_64-mingw32/nios2-elf/lib\libc.a(lib_a-mprec.o)
                0x00000000000272c8                _Balloc
                0x0000000000027370                _Bfree
                0x0000000000027398                __multadd
                0x00000000000274ac                __s2b
                0x00000000000275b0                __hi0bits
                0x0000000000027618                __lo0bits
                0x00000000000276c8                __i2b
                0x0000000000027704                __multiply
                0x0000000000027900                __pow5mult
                0x0000000000027a40                __lshift
                0x0000000000027b88                __mcmp
                0x0000000000027be8                __mdiff
                0x0000000000027d80                __ulp
                0x0000000000027de0                __b2d
                0x0000000000027efc                __d2b
                0x0000000000028038                __ratio
                0x00000000000280dc                _mprec_log10
                0x0000000000028150                __copybits
                0x00000000000281c8                __any_on
 .text          0x0000000000028254      0x168 e:/altera/15.0/nios2eds/bin/gnu/h-x86_64-mingw32/bin/../lib/gcc/nios2-elf/4.9.1/../../../../../H-x86_64-mingw32/nios2-elf/lib\libc.a(lib_a-putc.o)
                0x0000000000028254                _putc_r
                0x00000000000282f4                putc
 .text          0x00000000000283bc      0x5a0 e:/altera/15.0/nios2eds/bin/gnu/h-x86_64-mingw32/bin/../lib/gcc/nios2-elf/4.9.1/../../../../../H-x86_64-mingw32/nios2-elf/lib\libc.a(lib_a-reallocr.o)
                0x00000000000283bc                _realloc_r
 .text          0x000000000002895c       0x74 e:/altera/15.0/nios2eds/bin/gnu/h-x86_64-mingw32/bin/../lib/gcc/nios2-elf/4.9.1/../../../../../H-x86_64-mingw32/nios2-elf/lib\libc.a(lib_a-s_fpclassify.o)
                0x000000000002895c                __fpclassifyd
 .text          0x00000000000289d0      0x13c e:/altera/15.0/nios2eds/bin/gnu/h-x86_64-mingw32/bin/../lib/gcc/nios2-elf/4.9.1/../../../../../H-x86_64-mingw32/nios2-elf/lib\libc.a(lib_a-stdio.o)
                0x00000000000289d0                __sread
                0x0000000000028a24                __seofread
                0x0000000000028a2c                __swrite
                0x0000000000028aa8                __sseek
                0x0000000000028b04                __sclose
 .text          0x0000000000028b0c       0xa4 e:/altera/15.0/nios2eds/bin/gnu/h-x86_64-mingw32/bin/../lib/gcc/nios2-elf/4.9.1/../../../../../H-x86_64-mingw32/nios2-elf/lib\libc.a(lib_a-strcmp.o)
                0x0000000000028b0c                strcmp
 .text          0x0000000000028bb0     0x1230 e:/altera/15.0/nios2eds/bin/gnu/h-x86_64-mingw32/bin/../lib/gcc/nios2-elf/4.9.1/../../../../../H-x86_64-mingw32/nios2-elf/lib\libc.a(lib_a-svfiprintf.o)
                0x0000000000028bb0                __ssprint_r
                0x0000000000028d78                ___svfiprintf_internal_r
 .text          0x0000000000029de0     0x1494 e:/altera/15.0/nios2eds/bin/gnu/h-x86_64-mingw32/bin/../lib/gcc/nios2-elf/4.9.1/../../../../../H-x86_64-mingw32/nios2-elf/lib\libc.a(lib_a-vfiprintf.o)
                0x0000000000029edc                __sprint_r
                0x0000000000029ef4                ___vfiprintf_internal_r
                0x000000000002b250                __vfiprintf_internal
 .text          0x000000000002b274      0x170 e:/altera/15.0/nios2eds/bin/gnu/h-x86_64-mingw32/bin/../lib/gcc/nios2-elf/4.9.1/../../../../../H-x86_64-mingw32/nios2-elf/lib\libc.a(lib_a-wbuf.o)
                0x000000000002b274                __swbuf_r
                0x000000000002b3c8                __swbuf
 .text          0x000000000002b3e4       0x5c e:/altera/15.0/nios2eds/bin/gnu/h-x86_64-mingw32/bin/../lib/gcc/nios2-elf/4.9.1/../../../../../H-x86_64-mingw32/nios2-elf/lib\libc.a(lib_a-writer.o)
                0x000000000002b3e4                _write_r
 .text          0x000000000002b440       0x54 e:/altera/15.0/nios2eds/bin/gnu/h-x86_64-mingw32/bin/../lib/gcc/nios2-elf/4.9.1/../../../../../H-x86_64-mingw32/nios2-elf/lib\libc.a(closer.o)
                0x000000000002b440                _close_r
 .text          0x000000000002b494       0xc4 e:/altera/15.0/nios2eds/bin/gnu/h-x86_64-mingw32/bin/../lib/gcc/nios2-elf/4.9.1/../../../../../H-x86_64-mingw32/nios2-elf/lib\libc.a(lib_a-callocr.o)
                0x000000000002b494                _calloc_r
 .text          0x000000000002b558      0x114 e:/altera/15.0/nios2eds/bin/gnu/h-x86_64-mingw32/bin/../lib/gcc/nios2-elf/4.9.1/../../../../../H-x86_64-mingw32/nios2-elf/lib\libc.a(lib_a-fclose.o)
                0x000000000002b558                _fclose_r
                0x000000000002b658                fclose
 .text          0x000000000002b66c      0x1dc e:/altera/15.0/nios2eds/bin/gnu/h-x86_64-mingw32/bin/../lib/gcc/nios2-elf/4.9.1/../../../../../H-x86_64-mingw32/nios2-elf/lib\libc.a(lib_a-fputwc.o)
                0x000000000002b66c                _fputwc_r
                0x000000000002b7f0                fputwc
 .text          0x000000000002b848       0x58 e:/altera/15.0/nios2eds/bin/gnu/h-x86_64-mingw32/bin/../lib/gcc/nios2-elf/4.9.1/../../../../../H-x86_64-mingw32/nios2-elf/lib\libc.a(lib_a-fstatr.o)
                0x000000000002b848                _fstat_r
 .text          0x000000000002b8a0       0x54 e:/altera/15.0/nios2eds/bin/gnu/h-x86_64-mingw32/bin/../lib/gcc/nios2-elf/4.9.1/../../../../../H-x86_64-mingw32/nios2-elf/lib\libc.a(lib_a-isattyr.o)
                0x000000000002b8a0                _isatty_r
 .text          0x000000000002b8f4       0x5c e:/altera/15.0/nios2eds/bin/gnu/h-x86_64-mingw32/bin/../lib/gcc/nios2-elf/4.9.1/../../../../../H-x86_64-mingw32/nios2-elf/lib\libc.a(lib_a-lseekr.o)
                0x000000000002b8f4                _lseek_r
 .text          0x000000000002b950       0x5c e:/altera/15.0/nios2eds/bin/gnu/h-x86_64-mingw32/bin/../lib/gcc/nios2-elf/4.9.1/../../../../../H-x86_64-mingw32/nios2-elf/lib\libc.a(lib_a-readr.o)
                0x000000000002b950                _read_r
 .text          0x000000000002b9ac      0x174 e:/altera/15.0/nios2eds/bin/gnu/h-x86_64-mingw32/bin/../lib/gcc/nios2-elf/4.9.1/../../../../../H-x86_64-mingw32/nios2-elf/lib\libc.a(lib_a-wcrtomb.o)
                0x000000000002b9ac                _wcrtomb_r
                0x000000000002ba48                wcrtomb
 .text          0x000000000002bb20       0x8c e:/altera/15.0/nios2eds/bin/gnu/h-x86_64-mingw32/bin/../lib/gcc/nios2-elf/4.9.1/../../../../../H-x86_64-mingw32/nios2-elf/lib\libc.a(lib_a-wctomb_r.o)
                0x000000000002bb20                __ascii_wctomb
                0x000000000002bb50                _wctomb_r
 .text          0x000000000002bbac      0x5c0 e:/altera/15.0/nios2eds/bin/gnu/h-x86_64-mingw32/bin/../lib/gcc/nios2-elf/4.9.1\libgcc.a(_udivdi3.o)
                0x000000000002bbac                __udivdi3
 .text          0x000000000002c16c      0x590 e:/altera/15.0/nios2eds/bin/gnu/h-x86_64-mingw32/bin/../lib/gcc/nios2-elf/4.9.1\libgcc.a(_umoddi3.o)
                0x000000000002c16c                __umoddi3
 .text          0x000000000002c6fc       0x84 e:/altera/15.0/nios2eds/bin/gnu/h-x86_64-mingw32/bin/../lib/gcc/nios2-elf/4.9.1\libgcc.a(eqdf2.o)
                0x000000000002c6fc                __nedf2
                0x000000000002c6fc                __eqdf2
 .text          0x000000000002c780       0xe0 e:/altera/15.0/nios2eds/bin/gnu/h-x86_64-mingw32/bin/../lib/gcc/nios2-elf/4.9.1\libgcc.a(ledf2.o)
                0x000000000002c780                __ledf2
                0x000000000002c780                __ltdf2
 .text          0x000000000002c860      0x120 ../ebook5_bsp/\libhal_bsp.a(alt_close.o)
                0x000000000002c8b0                close
 .text          0x000000000002c980       0x2c ../ebook5_bsp/\libhal_bsp.a(alt_dev.o)
 .text          0x000000000002c9ac        0x0 ../ebook5_bsp/\libhal_bsp.a(alt_errno.o)
 .text          0x000000000002c9ac      0x100 ../ebook5_bsp/\libhal_bsp.a(alt_fstat.o)
                0x000000000002c9fc                fstat
 .text          0x000000000002caac      0x1e0 ../ebook5_bsp/\libhal_bsp.a(alt_iic.o)
                0x000000000002caac                alt_ic_isr_register
                0x000000000002cafc                alt_ic_irq_enable
                0x000000000002cb9c                alt_ic_irq_disable
                0x000000000002cc40                alt_ic_irq_enabled
 .text          0x000000000002cc8c       0xf0 ../ebook5_bsp/\libhal_bsp.a(alt_iic_isr_register.o)
                0x000000000002cc8c                alt_iic_isr_register
 .text          0x000000000002cd7c        0x0 ../ebook5_bsp/\libhal_bsp.a(alt_irq_entry.o)
 .text          0x000000000002cd7c        0x0 ../ebook5_bsp/\libhal_bsp.a(alt_irq_handler.o)
 .text          0x000000000002cd7c        0x0 ../ebook5_bsp/\libhal_bsp.a(alt_irq_vars.o)
 .text          0x000000000002cd7c       0xf4 ../ebook5_bsp/\libhal_bsp.a(alt_isatty.o)
                0x000000000002cdcc                isatty
 .text          0x000000000002ce70       0xe4 ../ebook5_bsp/\libhal_bsp.a(alt_load.o)
                0x000000000002ced4                alt_load
 .text          0x000000000002cf54      0x124 ../ebook5_bsp/\libhal_bsp.a(alt_lseek.o)
                0x000000000002cfa4                lseek
 .text          0x000000000002d078       0x78 ../ebook5_bsp/\libhal_bsp.a(alt_main.o)
                0x000000000002d078                alt_main
 .text          0x000000000002d0f0       0x40 ../ebook5_bsp/\libhal_bsp.a(alt_malloc_lock.o)
                0x000000000002d0f0                __malloc_lock
                0x000000000002d110                __malloc_unlock
 .text          0x000000000002d130      0x14c ../ebook5_bsp/\libhal_bsp.a(alt_read.o)
                0x000000000002d180                read
 .text          0x000000000002d27c       0x60 ../ebook5_bsp/\libhal_bsp.a(alt_release_fd.o)
                0x000000000002d27c                alt_release_fd
 .text          0x000000000002d2dc       0xb0 ../ebook5_bsp/\libhal_bsp.a(alt_sbrk.o)
                0x000000000002d2dc                sbrk
 .text          0x000000000002d38c       0x30 ../ebook5_bsp/\libhal_bsp.a(alt_usleep.o)
                0x000000000002d38c                usleep
 .text          0x000000000002d3bc      0x148 ../ebook5_bsp/\libhal_bsp.a(alt_write.o)
                0x000000000002d40c                write
 .text          0x000000000002d504       0xd8 ../ebook5_bsp/\libhal_bsp.a(alt_sys_init.o)
                0x000000000002d53c                alt_irq_init
                0x000000000002d570                alt_sys_init
 .text          0x000000000002d5dc     0x4450 ../ebook5_bsp/\libhal_bsp.a(Altera_UP_SD_Card_Avalon_Interface.o)
                0x000000000002d5dc                Write_Sector_Data
                0x000000000002d694                Save_Modified_Sector
                0x000000000002d6e4                Read_Sector_Data
                0x000000000002d7cc                get_cluster_flag
                0x000000000002d888                mark_cluster
                0x000000000002d974                Check_for_Master_Boot_Record
                0x000000000002db24                Read_File_Record_At_Offset
                0x000000000002dda8                Write_File_Record_At_Offset
                0x000000000002e03c                Check_for_DOS_FAT
                0x000000000002e6e4                Look_for_FAT16
                0x000000000002e7d4                filename_to_upper_case
                0x000000000002e894                check_file_name_for_FAT16_compliance
                0x000000000002eb00                get_dir_divider_location
                0x000000000002ebb8                match_file_record_to_name_ext
                0x000000000002ee54                get_home_directory_cluster_for_file
                0x000000000002f394                find_file_in_directory
                0x000000000002f820                find_first_empty_cluster
                0x000000000002f9d8                find_first_empty_record_in_a_subdirectory
                0x000000000002fc40                find_first_empty_record_in_root_directory
                0x000000000002fd78                convert_filename_to_name_extension
                0x000000000002ff00                create_file
                0x00000000000301d4                copy_file_record_name_to_string
                0x0000000000030318                alt_up_sd_card_open_dev
                0x00000000000303d8                alt_up_sd_card_is_Present
                0x000000000003049c                alt_up_sd_card_is_FAT16
                0x0000000000030514                alt_up_sd_card_find_first
                0x00000000000305f0                alt_up_sd_card_find_next
                0x00000000000309c4                alt_up_sd_card_fopen
                0x0000000000030d70                alt_up_sd_card_set_attributes
                0x0000000000030df8                alt_up_sd_card_get_attributes
                0x0000000000030e84                alt_up_sd_card_read
                0x000000000003120c                alt_up_sd_card_write
                0x0000000000031858                alt_up_sd_card_fclose
 .text          0x0000000000031a2c      0x164 ../ebook5_bsp/\libhal_bsp.a(altera_avalon_jtag_uart_fd.o)
                0x0000000000031a2c                altera_avalon_jtag_uart_read_fd
                0x0000000000031a8c                altera_avalon_jtag_uart_write_fd
                0x0000000000031aec                altera_avalon_jtag_uart_close_fd
                0x0000000000031b3c                altera_avalon_jtag_uart_ioctl_fd
 .text          0x0000000000031b90      0x3d8 ../ebook5_bsp/\libhal_bsp.a(altera_avalon_jtag_uart_init.o)
                0x0000000000031b90                altera_avalon_jtag_uart_init
                0x0000000000031f00                altera_avalon_jtag_uart_close
 .text          0x0000000000031f68       0xec ../ebook5_bsp/\libhal_bsp.a(altera_avalon_jtag_uart_ioctl.o)
                0x0000000000031f68                altera_avalon_jtag_uart_ioctl
 .text          0x0000000000032054      0x20c ../ebook5_bsp/\libhal_bsp.a(altera_avalon_jtag_uart_read.o)
                0x0000000000032054                altera_avalon_jtag_uart_read
 .text          0x0000000000032260      0x218 ../ebook5_bsp/\libhal_bsp.a(altera_avalon_jtag_uart_write.o)
                0x0000000000032260                altera_avalon_jtag_uart_write
 .text          0x0000000000032478       0xfc ../ebook5_bsp/\libhal_bsp.a(altera_avalon_timer_sc.o)
                0x00000000000324ec                alt_avalon_timer_sc_init
 .text          0x0000000000032574      0x140 ../ebook5_bsp/\libhal_bsp.a(alt_alarm_start.o)
                0x0000000000032574                alt_alarm_start
 .text          0x00000000000326b4      0x158 ../ebook5_bsp/\libhal_bsp.a(alt_busy_sleep.o)
                0x00000000000326b4                alt_busy_sleep
 .text          0x000000000003280c       0x44 ../ebook5_bsp/\libhal_bsp.a(alt_dcache_flush_all.o)
                0x000000000003280c                alt_dcache_flush_all
 .text          0x0000000000032850       0xf4 ../ebook5_bsp/\libhal_bsp.a(alt_dev_llist_insert.o)
                0x00000000000328a0                alt_dev_llist_insert
 .text          0x0000000000032944       0x5c ../ebook5_bsp/\libhal_bsp.a(alt_do_ctors.o)
                0x0000000000032944                _do_ctors
 .text          0x00000000000329a0       0x5c ../ebook5_bsp/\libhal_bsp.a(alt_do_dtors.o)
                0x00000000000329a0                _do_dtors
 .text          0x00000000000329fc        0x0 ../ebook5_bsp/\libhal_bsp.a(alt_exception_entry.o)
 .text          0x00000000000329fc       0x90 ../ebook5_bsp/\libhal_bsp.a(alt_find_dev.o)
                0x00000000000329fc                alt_find_dev
 .text          0x0000000000032a8c       0x30 ../ebook5_bsp/\libhal_bsp.a(alt_icache_flush_all.o)
                0x0000000000032a8c                alt_icache_flush_all
 .text          0x0000000000032abc       0x9c ../ebook5_bsp/\libhal_bsp.a(alt_instruction_exception_entry.o)
                0x0000000000032abc                alt_exception_cause_generated_bad_addr
 .text          0x0000000000032b58      0x138 ../ebook5_bsp/\libhal_bsp.a(alt_io_redirect.o)
                0x0000000000032c18                alt_io_redirect
 .text          0x0000000000032c90      0x274 ../ebook5_bsp/\libhal_bsp.a(alt_open.o)
                0x0000000000032dac                open
 .text          0x0000000000032f04      0x19c ../ebook5_bsp/\libhal_bsp.a(alt_tick.o)
                0x0000000000032f04                alt_alarm_stop
                0x0000000000032f9c                alt_tick
 .text          0x00000000000330a0       0x20 ../ebook5_bsp/\libhal_bsp.a(altera_nios2_gen2_irq.o)
                0x00000000000330a0                altera_nios2_gen2_irq_init
 .text          0x00000000000330c0      0x114 ../ebook5_bsp/\libhal_bsp.a(alt_find_file.o)
                0x00000000000330c0                alt_find_file
 .text          0x00000000000331d4       0xb4 ../ebook5_bsp/\libhal_bsp.a(alt_get_fd.o)
                0x00000000000331d4                alt_get_fd
 .text          0x0000000000033288       0x8c ../ebook5_bsp/\libhal_bsp.a(alt_icache_flush.o)
                0x0000000000033288                alt_icache_flush
 .text          0x0000000000033314       0x14 e:/altera/15.0/nios2eds/bin/gnu/h-x86_64-mingw32/bin/../lib/gcc/nios2-elf/4.9.1/../../../../../H-x86_64-mingw32/nios2-elf/lib\libc.a(lib_a-atexit.o)
                0x0000000000033314                atexit
 .text          0x0000000000033328       0x38 e:/altera/15.0/nios2eds/bin/gnu/h-x86_64-mingw32/bin/../lib/gcc/nios2-elf/4.9.1/../../../../../H-x86_64-mingw32/nios2-elf/lib\libc.a(lib_a-exit.o)
                0x0000000000033328                exit
 .text          0x0000000000033360       0x7c e:/altera/15.0/nios2eds/bin/gnu/h-x86_64-mingw32/bin/../lib/gcc/nios2-elf/4.9.1/../../../../../H-x86_64-mingw32/nios2-elf/lib\libc.a(lib_a-memcmp.o)
                0x0000000000033360                memcmp
 .text          0x00000000000333dc      0x114 e:/altera/15.0/nios2eds/bin/gnu/h-x86_64-mingw32/bin/../lib/gcc/nios2-elf/4.9.1/../../../../../H-x86_64-mingw32/nios2-elf/lib\libc.a(lib_a-__atexit.o)
                0x00000000000333dc                __register_exitproc
 .text          0x00000000000334f0      0x194 e:/altera/15.0/nios2eds/bin/gnu/h-x86_64-mingw32/bin/../lib/gcc/nios2-elf/4.9.1/../../../../../H-x86_64-mingw32/nios2-elf/lib\libc.a(lib_a-__call_atexit.o)
                0x00000000000334f0                __call_exitprocs
 .text          0x0000000000033684       0x34 ../ebook5_bsp/\libhal_bsp.a(alt_exit.o)
                0x0000000000033684                _exit
 *(.gnu.warning.*)
 *(.fini)
                0x00000000000336b8                PROVIDE (__etext, ABSOLUTE (.))
                0x00000000000336b8                PROVIDE (_etext, ABSOLUTE (.))
                0x00000000000336b8                PROVIDE (etext, ABSOLUTE (.))
 *(.eh_frame_hdr)
                0x00000000000336b8                . = ALIGN (0x4)
                0x00000000000336b8                PROVIDE (__preinit_array_start, ABSOLUTE (.))
 *(.preinit_array)
                0x00000000000336b8                PROVIDE (__preinit_array_end, ABSOLUTE (.))
                0x00000000000336b8                PROVIDE (__init_array_start, ABSOLUTE (.))
 *(.init_array)
                0x00000000000336b8                PROVIDE (__init_array_end, ABSOLUTE (.))
                0x00000000000336b8                PROVIDE (__fini_array_start, ABSOLUTE (.))
 *(.fini_array)
                0x00000000000336b8                PROVIDE (__fini_array_end, ABSOLUTE (.))
 *(.eh_frame)
 *(.gcc_except_table .gcc_except_table.*)
 *(.dynamic)
                0x00000000000336b8                PROVIDE (__CTOR_LIST__, ABSOLUTE (.))
 *(.ctors)
 *(SORT(.ctors.*))
                0x00000000000336b8                PROVIDE (__CTOR_END__, ABSOLUTE (.))
                0x00000000000336b8                PROVIDE (__DTOR_LIST__, ABSOLUTE (.))
 *(.dtors)
 *(SORT(.dtors.*))
                0x00000000000336b8                PROVIDE (__DTOR_END__, ABSOLUTE (.))
 *(.jcr)
                0x00000000000336b8                . = ALIGN (0x4)

.rodata         0x00000000000336b8   0x2be820
                0x00000000000336b8                PROVIDE (__ram_rodata_start, ABSOLUTE (.))
                0x00000000000336b8                . = ALIGN (0x4)
 *(.rodata .rodata.* .gnu.linkonce.r.*)
 .rodata        0x00000000000336b8      0x800 obj/default/ascii_font.o
                0x00000000000336b8                ascii_font_x8y16
 .rodata        0x0000000000033eb8      0x200 obj/default/color.o
                0x0000000000033eb8                color_form
 .rodata        0x00000000000340b8    0xbc040 obj/default/gbk_font.o
                0x00000000000340b8                gbk_font_x16y16
 .rodata        0x00000000000f00f8       0x98 obj/default/icon_pic.o
                0x00000000000f00f8                icon_setting
                0x00000000000f0118                icon_home
                0x00000000000f0138                icon_back
                0x00000000000f0158                icon_dot
                0x00000000000f0170                icon_move_up
                0x00000000000f0180                icon_move_down
 .rodata        0x00000000000f0190       0x64 obj/default/main.o
 .rodata        0x00000000000f01f4      0x134 obj/default/screen.o
 .rodata        0x00000000000f0328     0x1324 obj/default/test_value.o
 .rodata        0x00000000000f164c        0xc obj/default/tftlcd.o
 .rodata        0x00000000000f1658       0x4c obj/default/time_count.o
 .rodata        0x00000000000f16a4        0xc obj/default/touch.o
                0x00000000000f16a4                TP_ADJDIS_TBL
 .rodata        0x00000000000f16b0      0x230 obj/default/touch_resp.o
 .rodata        0x00000000000f18e0      0x294 obj/default/txt_read.o
 .rodata        0x00000000000f1b74   0x200000 obj/default/ucs2_font.o
                0x00000000000f1b74                ucs2_font_x16y16
 .rodata        0x00000000002f1b74      0x100 e:/altera/15.0/nios2eds/bin/gnu/h-x86_64-mingw32/bin/../lib/gcc/nios2-elf/4.9.1\libgcc.a(_clz.o)
                0x00000000002f1b74                __clz_tab
 .rodata.str1.4
                0x00000000002f1c74        0x2 e:/altera/15.0/nios2eds/bin/gnu/h-x86_64-mingw32/bin/../lib/gcc/nios2-elf/4.9.1/../../../../../H-x86_64-mingw32/nios2-elf/lib\libc.a(lib_a-puts.o)
                                          0x4 (size before relaxing)
 *fill*         0x00000000002f1c76        0x2 
 .rodata.str1.4
                0x00000000002f1c78       0x42 e:/altera/15.0/nios2eds/bin/gnu/h-x86_64-mingw32/bin/../lib/gcc/nios2-elf/4.9.1/../../../../../H-x86_64-mingw32/nios2-elf/lib\libc.a(lib_a-svfprintf.o)
                                         0x44 (size before relaxing)
 .rodata        0x00000000002f1cba       0x20 e:/altera/15.0/nios2eds/bin/gnu/h-x86_64-mingw32/bin/../lib/gcc/nios2-elf/4.9.1/../../../../../H-x86_64-mingw32/nios2-elf/lib\libc.a(lib_a-svfprintf.o)
 .rodata.str1.4
                0x0000000000000000       0x44 e:/altera/15.0/nios2eds/bin/gnu/h-x86_64-mingw32/bin/../lib/gcc/nios2-elf/4.9.1/../../../../../H-x86_64-mingw32/nios2-elf/lib\libc.a(lib_a-vfprintf.o)
 .rodata        0x00000000002f1cda       0x20 e:/altera/15.0/nios2eds/bin/gnu/h-x86_64-mingw32/bin/../lib/gcc/nios2-elf/4.9.1/../../../../../H-x86_64-mingw32/nios2-elf/lib\libc.a(lib_a-vfprintf.o)
 *fill*         0x00000000002f1cfa        0x2 
 .rodata.str1.4
                0x00000000002f1cfc       0x10 e:/altera/15.0/nios2eds/bin/gnu/h-x86_64-mingw32/bin/../lib/gcc/nios2-elf/4.9.1/../../../../../H-x86_64-mingw32/nios2-elf/lib\libc.a(lib_a-dtoa.o)
                                         0x14 (size before relaxing)
 .rodata.str1.4
                0x00000000002f1d0c        0x2 e:/altera/15.0/nios2eds/bin/gnu/h-x86_64-mingw32/bin/../lib/gcc/nios2-elf/4.9.1/../../../../../H-x86_64-mingw32/nios2-elf/lib\libc.a(lib_a-impure.o)
                                          0x4 (size before relaxing)
 *fill*         0x00000000002f1d0e        0x2 
 .rodata.str1.4
                0x00000000002f1d10        0xc e:/altera/15.0/nios2eds/bin/gnu/h-x86_64-mingw32/bin/../lib/gcc/nios2-elf/4.9.1/../../../../../H-x86_64-mingw32/nios2-elf/lib\libc.a(lib_a-locale.o)
                                         0x14 (size before relaxing)
 .rodata        0x00000000002f1d1c      0x124 e:/altera/15.0/nios2eds/bin/gnu/h-x86_64-mingw32/bin/../lib/gcc/nios2-elf/4.9.1/../../../../../H-x86_64-mingw32/nios2-elf/lib\libc.a(lib_a-mprec.o)
                0x00000000002f1d28                __mprec_tinytens
                0x00000000002f1d50                __mprec_bigtens
                0x00000000002f1d78                __mprec_tens
 .rodata.str1.4
                0x0000000000000000       0x30 e:/altera/15.0/nios2eds/bin/gnu/h-x86_64-mingw32/bin/../lib/gcc/nios2-elf/4.9.1/../../../../../H-x86_64-mingw32/nios2-elf/lib\libc.a(lib_a-svfiprintf.o)
 .rodata        0x00000000002f1e40       0x20 e:/altera/15.0/nios2eds/bin/gnu/h-x86_64-mingw32/bin/../lib/gcc/nios2-elf/4.9.1/../../../../../H-x86_64-mingw32/nios2-elf/lib\libc.a(lib_a-svfiprintf.o)
 .rodata.str1.4
                0x0000000000000000       0x30 e:/altera/15.0/nios2eds/bin/gnu/h-x86_64-mingw32/bin/../lib/gcc/nios2-elf/4.9.1/../../../../../H-x86_64-mingw32/nios2-elf/lib\libc.a(lib_a-vfiprintf.o)
 .rodata        0x00000000002f1e60       0x20 e:/altera/15.0/nios2eds/bin/gnu/h-x86_64-mingw32/bin/../lib/gcc/nios2-elf/4.9.1/../../../../../H-x86_64-mingw32/nios2-elf/lib\libc.a(lib_a-vfiprintf.o)
 .rodata        0x00000000002f1e80        0xc ../ebook5_bsp/\libhal_bsp.a(alt_dev.o)
 .rodata        0x00000000002f1e8c       0x10 ../ebook5_bsp/\libhal_bsp.a(alt_main.o)
 .rodata        0x00000000002f1e9c       0x3c ../ebook5_bsp/\libhal_bsp.a(alt_sys_init.o)
 *(.rodata1)
                0x00000000002f1ed8                . = ALIGN (0x4)
                0x00000000002f1ed8                PROVIDE (__ram_rodata_end, ABSOLUTE (.))
                0x00000000000336b8                PROVIDE (__flash_rodata_start, LOADADDR (.rodata))

.rwdata         0x00000000002f1ed8     0x2124 load address 0x00000000002f3ffc
                0x00000000002f1ed8                PROVIDE (__ram_rwdata_start, ABSOLUTE (.))
                0x00000000002f1ed8                . = ALIGN (0x4)
 *(.got.plt)
 *(.got)
 *(.data1)
 *(.data .data.* .gnu.linkonce.d.*)
 .data          0x00000000002f1ed8        0x0 ../ebook5_bsp//obj/HAL/src/crt0.o
 .data          0x00000000002f1ed8        0x0 obj/default/ascii_font.o
 .data          0x00000000002f1ed8        0x0 obj/default/color.o
 .data          0x00000000002f1ed8        0x0 obj/default/font_manage.o
 .data          0x00000000002f1ed8        0x0 obj/default/gbk_font.o
 .data          0x00000000002f1ed8        0x0 obj/default/icon_pic.o
 .data          0x00000000002f1ed8        0x0 obj/default/main.o
 .data          0x00000000002f1ed8        0x0 obj/default/screen.o
 .data          0x00000000002f1ed8        0x0 obj/default/screen_display.o
 .data          0x00000000002f1ed8        0x0 obj/default/sdread.o
 .data          0x00000000002f1ed8        0x0 obj/default/test_value.o
 .data          0x00000000002f1ed8        0x0 obj/default/tftlcd.o
 .data          0x00000000002f1ed8        0x0 obj/default/time_count.o
 .data          0x00000000002f1ed8       0x30 obj/default/touch.o
                0x00000000002f1ed8                tp_dev
 .data          0x00000000002f1f08        0x0 obj/default/touch_resp.o
 .data          0x00000000002f1f08      0x5be obj/default/txt_read.o
                0x00000000002f1f08                txtBookSpace
 .data          0x00000000002f24c6        0x0 obj/default/ucs2_font.o
 .data          0x00000000002f24c6        0x0 e:/altera/15.0/nios2eds/bin/gnu/h-x86_64-mingw32/bin/../lib/gcc/nios2-elf/4.9.1\libgcc.a(_fixunssfsi.o)
 .data          0x00000000002f24c6        0x0 e:/altera/15.0/nios2eds/bin/gnu/h-x86_64-mingw32/bin/../lib/gcc/nios2-elf/4.9.1\libgcc.a(_fixunsdfsi.o)
 .data          0x00000000002f24c6        0x0 e:/altera/15.0/nios2eds/bin/gnu/h-x86_64-mingw32/bin/../lib/gcc/nios2-elf/4.9.1\libgcc.a(lib2-divmod.o)
 .data          0x00000000002f24c6        0x0 e:/altera/15.0/nios2eds/bin/gnu/h-x86_64-mingw32/bin/../lib/gcc/nios2-elf/4.9.1\libgcc.a(addsf3.o)
 .data          0x00000000002f24c6        0x0 e:/altera/15.0/nios2eds/bin/gnu/h-x86_64-mingw32/bin/../lib/gcc/nios2-elf/4.9.1\libgcc.a(divsf3.o)
 .data          0x00000000002f24c6        0x0 e:/altera/15.0/nios2eds/bin/gnu/h-x86_64-mingw32/bin/../lib/gcc/nios2-elf/4.9.1\libgcc.a(gesf2.o)
 .data          0x00000000002f24c6        0x0 e:/altera/15.0/nios2eds/bin/gnu/h-x86_64-mingw32/bin/../lib/gcc/nios2-elf/4.9.1\libgcc.a(lesf2.o)
 .data          0x00000000002f24c6        0x0 e:/altera/15.0/nios2eds/bin/gnu/h-x86_64-mingw32/bin/../lib/gcc/nios2-elf/4.9.1\libgcc.a(mulsf3.o)
 .data          0x00000000002f24c6        0x0 e:/altera/15.0/nios2eds/bin/gnu/h-x86_64-mingw32/bin/../lib/gcc/nios2-elf/4.9.1\libgcc.a(subsf3.o)
 .data          0x00000000002f24c6        0x0 e:/altera/15.0/nios2eds/bin/gnu/h-x86_64-mingw32/bin/../lib/gcc/nios2-elf/4.9.1\libgcc.a(fixsfsi.o)
 .data          0x00000000002f24c6        0x0 e:/altera/15.0/nios2eds/bin/gnu/h-x86_64-mingw32/bin/../lib/gcc/nios2-elf/4.9.1\libgcc.a(floatsisf.o)
 .data          0x00000000002f24c6        0x0 e:/altera/15.0/nios2eds/bin/gnu/h-x86_64-mingw32/bin/../lib/gcc/nios2-elf/4.9.1\libgcc.a(floatunsisf.o)
 .data          0x00000000002f24c6        0x0 e:/altera/15.0/nios2eds/bin/gnu/h-x86_64-mingw32/bin/../lib/gcc/nios2-elf/4.9.1\libgcc.a(adddf3.o)
 .data          0x00000000002f24c6        0x0 e:/altera/15.0/nios2eds/bin/gnu/h-x86_64-mingw32/bin/../lib/gcc/nios2-elf/4.9.1\libgcc.a(divdf3.o)
 .data          0x00000000002f24c6        0x0 e:/altera/15.0/nios2eds/bin/gnu/h-x86_64-mingw32/bin/../lib/gcc/nios2-elf/4.9.1\libgcc.a(gedf2.o)
 .data          0x00000000002f24c6        0x0 e:/altera/15.0/nios2eds/bin/gnu/h-x86_64-mingw32/bin/../lib/gcc/nios2-elf/4.9.1\libgcc.a(muldf3.o)
 .data          0x00000000002f24c6        0x0 e:/altera/15.0/nios2eds/bin/gnu/h-x86_64-mingw32/bin/../lib/gcc/nios2-elf/4.9.1\libgcc.a(subdf3.o)
 .data          0x00000000002f24c6        0x0 e:/altera/15.0/nios2eds/bin/gnu/h-x86_64-mingw32/bin/../lib/gcc/nios2-elf/4.9.1\libgcc.a(fixdfsi.o)
 .data          0x00000000002f24c6        0x0 e:/altera/15.0/nios2eds/bin/gnu/h-x86_64-mingw32/bin/../lib/gcc/nios2-elf/4.9.1\libgcc.a(floatsidf.o)
 .data          0x00000000002f24c6        0x0 e:/altera/15.0/nios2eds/bin/gnu/h-x86_64-mingw32/bin/../lib/gcc/nios2-elf/4.9.1\libgcc.a(floatunsidf.o)
 .data          0x00000000002f24c6        0x0 e:/altera/15.0/nios2eds/bin/gnu/h-x86_64-mingw32/bin/../lib/gcc/nios2-elf/4.9.1\libgcc.a(extendsfdf2.o)
 .data          0x00000000002f24c6        0x0 e:/altera/15.0/nios2eds/bin/gnu/h-x86_64-mingw32/bin/../lib/gcc/nios2-elf/4.9.1\libgcc.a(truncdfsf2.o)
 .data          0x00000000002f24c6        0x0 e:/altera/15.0/nios2eds/bin/gnu/h-x86_64-mingw32/bin/../lib/gcc/nios2-elf/4.9.1\libgcc.a(_clzsi2.o)
 .data          0x00000000002f24c6        0x0 e:/altera/15.0/nios2eds/bin/gnu/h-x86_64-mingw32/bin/../lib/gcc/nios2-elf/4.9.1\libgcc.a(_clz.o)
 .data          0x00000000002f24c6        0x0 e:/altera/15.0/nios2eds/bin/gnu/h-x86_64-mingw32/bin/../lib/gcc/nios2-elf/4.9.1/../../../../../H-x86_64-mingw32/nios2-elf/lib\libc.a(lib_a-malloc.o)
 *fill*         0x00000000002f24c6        0x2 
 .data          0x00000000002f24c8      0x408 e:/altera/15.0/nios2eds/bin/gnu/h-x86_64-mingw32/bin/../lib/gcc/nios2-elf/4.9.1/../../../../../H-x86_64-mingw32/nios2-elf/lib\libc.a(lib_a-mallocr.o)
                0x00000000002f24c8                __malloc_av_
 .data          0x00000000002f28d0        0x0 e:/altera/15.0/nios2eds/bin/gnu/h-x86_64-mingw32/bin/../lib/gcc/nios2-elf/4.9.1/../../../../../H-x86_64-mingw32/nios2-elf/lib\libc.a(lib_a-memcpy.o)
 .data          0x00000000002f28d0        0x0 e:/altera/15.0/nios2eds/bin/gnu/h-x86_64-mingw32/bin/../lib/gcc/nios2-elf/4.9.1/../../../../../H-x86_64-mingw32/nios2-elf/lib\libc.a(lib_a-memset.o)
 .data          0x00000000002f28d0        0x0 e:/altera/15.0/nios2eds/bin/gnu/h-x86_64-mingw32/bin/../lib/gcc/nios2-elf/4.9.1/../../../../../H-x86_64-mingw32/nios2-elf/lib\libc.a(lib_a-printf.o)
 .data          0x00000000002f28d0        0x0 e:/altera/15.0/nios2eds/bin/gnu/h-x86_64-mingw32/bin/../lib/gcc/nios2-elf/4.9.1/../../../../../H-x86_64-mingw32/nios2-elf/lib\libc.a(lib_a-putchar.o)
 .data          0x00000000002f28d0        0x0 e:/altera/15.0/nios2eds/bin/gnu/h-x86_64-mingw32/bin/../lib/gcc/nios2-elf/4.9.1/../../../../../H-x86_64-mingw32/nios2-elf/lib\libc.a(lib_a-puts.o)
 .data          0x00000000002f28d0        0x0 e:/altera/15.0/nios2eds/bin/gnu/h-x86_64-mingw32/bin/../lib/gcc/nios2-elf/4.9.1/../../../../../H-x86_64-mingw32/nios2-elf/lib\libc.a(lib_a-sbrkr.o)
 .data          0x00000000002f28d0        0x0 e:/altera/15.0/nios2eds/bin/gnu/h-x86_64-mingw32/bin/../lib/gcc/nios2-elf/4.9.1/../../../../../H-x86_64-mingw32/nios2-elf/lib\libc.a(lib_a-sprintf.o)
 .data          0x00000000002f28d0        0x0 e:/altera/15.0/nios2eds/bin/gnu/h-x86_64-mingw32/bin/../lib/gcc/nios2-elf/4.9.1/../../../../../H-x86_64-mingw32/nios2-elf/lib\libc.a(lib_a-strcpy.o)
 .data          0x00000000002f28d0        0x0 e:/altera/15.0/nios2eds/bin/gnu/h-x86_64-mingw32/bin/../lib/gcc/nios2-elf/4.9.1/../../../../../H-x86_64-mingw32/nios2-elf/lib\libc.a(lib_a-strlen.o)
 .data          0x00000000002f28d0        0x0 e:/altera/15.0/nios2eds/bin/gnu/h-x86_64-mingw32/bin/../lib/gcc/nios2-elf/4.9.1/../../../../../H-x86_64-mingw32/nios2-elf/lib\libc.a(lib_a-svfprintf.o)
 .data          0x00000000002f28d0        0x0 e:/altera/15.0/nios2eds/bin/gnu/h-x86_64-mingw32/bin/../lib/gcc/nios2-elf/4.9.1/../../../../../H-x86_64-mingw32/nios2-elf/lib\libc.a(lib_a-vfprintf.o)
 .data          0x00000000002f28d0        0x0 e:/altera/15.0/nios2eds/bin/gnu/h-x86_64-mingw32/bin/../lib/gcc/nios2-elf/4.9.1/../../../../../H-x86_64-mingw32/nios2-elf/lib\libc.a(lib_a-wsetup.o)
 .data          0x00000000002f28d0        0x0 e:/altera/15.0/nios2eds/bin/gnu/h-x86_64-mingw32/bin/../lib/gcc/nios2-elf/4.9.1/../../../../../H-x86_64-mingw32/nios2-elf/lib\libc.a(lib_a-dtoa.o)
 .data          0x00000000002f28d0        0x0 e:/altera/15.0/nios2eds/bin/gnu/h-x86_64-mingw32/bin/../lib/gcc/nios2-elf/4.9.1/../../../../../H-x86_64-mingw32/nios2-elf/lib\libc.a(lib_a-fflush.o)
 .data          0x00000000002f28d0        0x0 e:/altera/15.0/nios2eds/bin/gnu/h-x86_64-mingw32/bin/../lib/gcc/nios2-elf/4.9.1/../../../../../H-x86_64-mingw32/nios2-elf/lib\libc.a(lib_a-findfp.o)
 .data          0x00000000002f28d0        0x0 e:/altera/15.0/nios2eds/bin/gnu/h-x86_64-mingw32/bin/../lib/gcc/nios2-elf/4.9.1/../../../../../H-x86_64-mingw32/nios2-elf/lib\libc.a(lib_a-freer.o)
 .data          0x00000000002f28d0        0x0 e:/altera/15.0/nios2eds/bin/gnu/h-x86_64-mingw32/bin/../lib/gcc/nios2-elf/4.9.1/../../../../../H-x86_64-mingw32/nios2-elf/lib\libc.a(lib_a-fvwrite.o)
 .data          0x00000000002f28d0        0x0 e:/altera/15.0/nios2eds/bin/gnu/h-x86_64-mingw32/bin/../lib/gcc/nios2-elf/4.9.1/../../../../../H-x86_64-mingw32/nios2-elf/lib\libc.a(lib_a-fwalk.o)
 .data          0x00000000002f28d0      0x424 e:/altera/15.0/nios2eds/bin/gnu/h-x86_64-mingw32/bin/../lib/gcc/nios2-elf/4.9.1/../../../../../H-x86_64-mingw32/nios2-elf/lib\libc.a(lib_a-impure.o)
 .data          0x00000000002f2cf4        0x0 e:/altera/15.0/nios2eds/bin/gnu/h-x86_64-mingw32/bin/../lib/gcc/nios2-elf/4.9.1/../../../../../H-x86_64-mingw32/nios2-elf/lib\libc.a(lib_a-int_errno.o)
 .data          0x00000000002f2cf4       0x78 e:/altera/15.0/nios2eds/bin/gnu/h-x86_64-mingw32/bin/../lib/gcc/nios2-elf/4.9.1/../../../../../H-x86_64-mingw32/nios2-elf/lib\libc.a(lib_a-locale.o)
 .data          0x00000000002f2d6c        0x0 e:/altera/15.0/nios2eds/bin/gnu/h-x86_64-mingw32/bin/../lib/gcc/nios2-elf/4.9.1/../../../../../H-x86_64-mingw32/nios2-elf/lib\libc.a(lib_a-makebuf.o)
 .data          0x00000000002f2d6c        0x0 e:/altera/15.0/nios2eds/bin/gnu/h-x86_64-mingw32/bin/../lib/gcc/nios2-elf/4.9.1/../../../../../H-x86_64-mingw32/nios2-elf/lib\libc.a(lib_a-memchr.o)
 .data          0x00000000002f2d6c        0x0 e:/altera/15.0/nios2eds/bin/gnu/h-x86_64-mingw32/bin/../lib/gcc/nios2-elf/4.9.1/../../../../../H-x86_64-mingw32/nios2-elf/lib\libc.a(lib_a-memmove.o)
 .data          0x00000000002f2d6c        0x0 e:/altera/15.0/nios2eds/bin/gnu/h-x86_64-mingw32/bin/../lib/gcc/nios2-elf/4.9.1/../../../../../H-x86_64-mingw32/nios2-elf/lib\libc.a(lib_a-mprec.o)
 .data          0x00000000002f2d6c        0x0 e:/altera/15.0/nios2eds/bin/gnu/h-x86_64-mingw32/bin/../lib/gcc/nios2-elf/4.9.1/../../../../../H-x86_64-mingw32/nios2-elf/lib\libc.a(lib_a-putc.o)
 .data          0x00000000002f2d6c        0x0 e:/altera/15.0/nios2eds/bin/gnu/h-x86_64-mingw32/bin/../lib/gcc/nios2-elf/4.9.1/../../../../../H-x86_64-mingw32/nios2-elf/lib\libc.a(lib_a-reallocr.o)
 .data          0x00000000002f2d6c        0x0 e:/altera/15.0/nios2eds/bin/gnu/h-x86_64-mingw32/bin/../lib/gcc/nios2-elf/4.9.1/../../../../../H-x86_64-mingw32/nios2-elf/lib\libc.a(lib_a-s_fpclassify.o)
 .data          0x00000000002f2d6c        0x0 e:/altera/15.0/nios2eds/bin/gnu/h-x86_64-mingw32/bin/../lib/gcc/nios2-elf/4.9.1/../../../../../H-x86_64-mingw32/nios2-elf/lib\libc.a(lib_a-stdio.o)
 .data          0x00000000002f2d6c        0x0 e:/altera/15.0/nios2eds/bin/gnu/h-x86_64-mingw32/bin/../lib/gcc/nios2-elf/4.9.1/../../../../../H-x86_64-mingw32/nios2-elf/lib\libc.a(lib_a-strcmp.o)
 .data          0x00000000002f2d6c        0x0 e:/altera/15.0/nios2eds/bin/gnu/h-x86_64-mingw32/bin/../lib/gcc/nios2-elf/4.9.1/../../../../../H-x86_64-mingw32/nios2-elf/lib\libc.a(lib_a-svfiprintf.o)
 .data          0x00000000002f2d6c        0x0 e:/altera/15.0/nios2eds/bin/gnu/h-x86_64-mingw32/bin/../lib/gcc/nios2-elf/4.9.1/../../../../../H-x86_64-mingw32/nios2-elf/lib\libc.a(lib_a-vfiprintf.o)
 .data          0x00000000002f2d6c        0x0 e:/altera/15.0/nios2eds/bin/gnu/h-x86_64-mingw32/bin/../lib/gcc/nios2-elf/4.9.1/../../../../../H-x86_64-mingw32/nios2-elf/lib\libc.a(lib_a-wbuf.o)
 .data          0x00000000002f2d6c        0x0 e:/altera/15.0/nios2eds/bin/gnu/h-x86_64-mingw32/bin/../lib/gcc/nios2-elf/4.9.1/../../../../../H-x86_64-mingw32/nios2-elf/lib\libc.a(lib_a-writer.o)
 .data          0x00000000002f2d6c        0x0 e:/altera/15.0/nios2eds/bin/gnu/h-x86_64-mingw32/bin/../lib/gcc/nios2-elf/4.9.1/../../../../../H-x86_64-mingw32/nios2-elf/lib\libc.a(closer.o)
 .data          0x00000000002f2d6c        0x0 e:/altera/15.0/nios2eds/bin/gnu/h-x86_64-mingw32/bin/../lib/gcc/nios2-elf/4.9.1/../../../../../H-x86_64-mingw32/nios2-elf/lib\libc.a(lib_a-callocr.o)
 .data          0x00000000002f2d6c        0x0 e:/altera/15.0/nios2eds/bin/gnu/h-x86_64-mingw32/bin/../lib/gcc/nios2-elf/4.9.1/../../../../../H-x86_64-mingw32/nios2-elf/lib\libc.a(lib_a-fclose.o)
 .data          0x00000000002f2d6c        0x0 e:/altera/15.0/nios2eds/bin/gnu/h-x86_64-mingw32/bin/../lib/gcc/nios2-elf/4.9.1/../../../../../H-x86_64-mingw32/nios2-elf/lib\libc.a(lib_a-fputwc.o)
 .data          0x00000000002f2d6c        0x0 e:/altera/15.0/nios2eds/bin/gnu/h-x86_64-mingw32/bin/../lib/gcc/nios2-elf/4.9.1/../../../../../H-x86_64-mingw32/nios2-elf/lib\libc.a(lib_a-fstatr.o)
 .data          0x00000000002f2d6c        0x0 e:/altera/15.0/nios2eds/bin/gnu/h-x86_64-mingw32/bin/../lib/gcc/nios2-elf/4.9.1/../../../../../H-x86_64-mingw32/nios2-elf/lib\libc.a(lib_a-isattyr.o)
 .data          0x00000000002f2d6c        0x0 e:/altera/15.0/nios2eds/bin/gnu/h-x86_64-mingw32/bin/../lib/gcc/nios2-elf/4.9.1/../../../../../H-x86_64-mingw32/nios2-elf/lib\libc.a(lib_a-lseekr.o)
 .data          0x00000000002f2d6c        0x0 e:/altera/15.0/nios2eds/bin/gnu/h-x86_64-mingw32/bin/../lib/gcc/nios2-elf/4.9.1/../../../../../H-x86_64-mingw32/nios2-elf/lib\libc.a(lib_a-readr.o)
 .data          0x00000000002f2d6c        0x0 e:/altera/15.0/nios2eds/bin/gnu/h-x86_64-mingw32/bin/../lib/gcc/nios2-elf/4.9.1/../../../../../H-x86_64-mingw32/nios2-elf/lib\libc.a(lib_a-wcrtomb.o)
 .data          0x00000000002f2d6c        0x0 e:/altera/15.0/nios2eds/bin/gnu/h-x86_64-mingw32/bin/../lib/gcc/nios2-elf/4.9.1/../../../../../H-x86_64-mingw32/nios2-elf/lib\libc.a(lib_a-wctomb_r.o)
 .data          0x00000000002f2d6c        0x0 e:/altera/15.0/nios2eds/bin/gnu/h-x86_64-mingw32/bin/../lib/gcc/nios2-elf/4.9.1\libgcc.a(_udivdi3.o)
 .data          0x00000000002f2d6c        0x0 e:/altera/15.0/nios2eds/bin/gnu/h-x86_64-mingw32/bin/../lib/gcc/nios2-elf/4.9.1\libgcc.a(_umoddi3.o)
 .data          0x00000000002f2d6c        0x0 e:/altera/15.0/nios2eds/bin/gnu/h-x86_64-mingw32/bin/../lib/gcc/nios2-elf/4.9.1\libgcc.a(eqdf2.o)
 .data          0x00000000002f2d6c        0x0 e:/altera/15.0/nios2eds/bin/gnu/h-x86_64-mingw32/bin/../lib/gcc/nios2-elf/4.9.1\libgcc.a(ledf2.o)
 .data          0x00000000002f2d6c        0x0 ../ebook5_bsp/\libhal_bsp.a(alt_close.o)
 .data          0x00000000002f2d6c      0x1a8 ../ebook5_bsp/\libhal_bsp.a(alt_dev.o)
                0x00000000002f2d6c                alt_dev_null
                0x00000000002f2d94                alt_fd_list
 .data          0x00000000002f2f14        0x0 ../ebook5_bsp/\libhal_bsp.a(alt_errno.o)
 .data          0x00000000002f2f14        0x0 ../ebook5_bsp/\libhal_bsp.a(alt_fstat.o)
 .data          0x00000000002f2f14        0x0 ../ebook5_bsp/\libhal_bsp.a(alt_iic.o)
 .data          0x00000000002f2f14        0x0 ../ebook5_bsp/\libhal_bsp.a(alt_iic_isr_register.o)
 .data          0x00000000002f2f14        0x0 ../ebook5_bsp/\libhal_bsp.a(alt_irq_entry.o)
 .data          0x00000000002f2f14        0x0 ../ebook5_bsp/\libhal_bsp.a(alt_irq_handler.o)
 .data          0x00000000002f2f14        0x0 ../ebook5_bsp/\libhal_bsp.a(alt_irq_vars.o)
 .data          0x00000000002f2f14        0x0 ../ebook5_bsp/\libhal_bsp.a(alt_isatty.o)
 .data          0x00000000002f2f14        0x0 ../ebook5_bsp/\libhal_bsp.a(alt_load.o)
 .data          0x00000000002f2f14        0x0 ../ebook5_bsp/\libhal_bsp.a(alt_lseek.o)
 .data          0x00000000002f2f14        0x0 ../ebook5_bsp/\libhal_bsp.a(alt_main.o)
 .data          0x00000000002f2f14        0x0 ../ebook5_bsp/\libhal_bsp.a(alt_malloc_lock.o)
 .data          0x00000000002f2f14        0x0 ../ebook5_bsp/\libhal_bsp.a(alt_read.o)
 .data          0x00000000002f2f14        0x0 ../ebook5_bsp/\libhal_bsp.a(alt_release_fd.o)
 .data          0x00000000002f2f14        0x0 ../ebook5_bsp/\libhal_bsp.a(alt_sbrk.o)
 .data          0x00000000002f2f14        0x0 ../ebook5_bsp/\libhal_bsp.a(alt_usleep.o)
 .data          0x00000000002f2f14        0x0 ../ebook5_bsp/\libhal_bsp.a(alt_write.o)
 .data          0x00000000002f2f14     0x108c ../ebook5_bsp/\libhal_bsp.a(alt_sys_init.o)
 .data          0x00000000002f3fa0        0x0 ../ebook5_bsp/\libhal_bsp.a(Altera_UP_SD_Card_Avalon_Interface.o)
 .data          0x00000000002f3fa0        0x0 ../ebook5_bsp/\libhal_bsp.a(altera_avalon_jtag_uart_fd.o)
 .data          0x00000000002f3fa0        0x0 ../ebook5_bsp/\libhal_bsp.a(altera_avalon_jtag_uart_init.o)
 .data          0x00000000002f3fa0        0x0 ../ebook5_bsp/\libhal_bsp.a(altera_avalon_jtag_uart_ioctl.o)
 .data          0x00000000002f3fa0        0x0 ../ebook5_bsp/\libhal_bsp.a(altera_avalon_jtag_uart_read.o)
 .data          0x00000000002f3fa0        0x0 ../ebook5_bsp/\libhal_bsp.a(altera_avalon_jtag_uart_write.o)
 .data          0x00000000002f3fa0        0x0 ../ebook5_bsp/\libhal_bsp.a(altera_avalon_timer_sc.o)
 .data          0x00000000002f3fa0        0x0 ../ebook5_bsp/\libhal_bsp.a(alt_alarm_start.o)
 .data          0x00000000002f3fa0        0x0 ../ebook5_bsp/\libhal_bsp.a(alt_busy_sleep.o)
 .data          0x00000000002f3fa0        0x0 ../ebook5_bsp/\libhal_bsp.a(alt_dcache_flush_all.o)
 .data          0x00000000002f3fa0        0x0 ../ebook5_bsp/\libhal_bsp.a(alt_dev_llist_insert.o)
 .data          0x00000000002f3fa0        0x0 ../ebook5_bsp/\libhal_bsp.a(alt_do_ctors.o)
 .data          0x00000000002f3fa0        0x0 ../ebook5_bsp/\libhal_bsp.a(alt_do_dtors.o)
 .data          0x00000000002f3fa0        0x0 ../ebook5_bsp/\libhal_bsp.a(alt_exception_entry.o)
 .data          0x00000000002f3fa0        0x0 ../ebook5_bsp/\libhal_bsp.a(alt_find_dev.o)
 .data          0x00000000002f3fa0        0x0 ../ebook5_bsp/\libhal_bsp.a(alt_icache_flush_all.o)
 .data          0x00000000002f3fa0        0x0 ../ebook5_bsp/\libhal_bsp.a(alt_instruction_exception_entry.o)
 .data          0x00000000002f3fa0        0x0 ../ebook5_bsp/\libhal_bsp.a(alt_io_redirect.o)
 .data          0x00000000002f3fa0        0x0 ../ebook5_bsp/\libhal_bsp.a(alt_open.o)
 .data          0x00000000002f3fa0        0x0 ../ebook5_bsp/\libhal_bsp.a(alt_tick.o)
 .data          0x00000000002f3fa0        0x0 ../ebook5_bsp/\libhal_bsp.a(altera_nios2_gen2_irq.o)
 .data          0x00000000002f3fa0        0x0 ../ebook5_bsp/\libhal_bsp.a(alt_find_file.o)
 .data          0x00000000002f3fa0        0x0 ../ebook5_bsp/\libhal_bsp.a(alt_get_fd.o)
 .data          0x00000000002f3fa0        0x0 ../ebook5_bsp/\libhal_bsp.a(alt_icache_flush.o)
 .data          0x00000000002f3fa0        0x0 e:/altera/15.0/nios2eds/bin/gnu/h-x86_64-mingw32/bin/../lib/gcc/nios2-elf/4.9.1/../../../../../H-x86_64-mingw32/nios2-elf/lib\libc.a(lib_a-atexit.o)
 .data          0x00000000002f3fa0        0x0 e:/altera/15.0/nios2eds/bin/gnu/h-x86_64-mingw32/bin/../lib/gcc/nios2-elf/4.9.1/../../../../../H-x86_64-mingw32/nios2-elf/lib\libc.a(lib_a-exit.o)
 .data          0x00000000002f3fa0        0x0 e:/altera/15.0/nios2eds/bin/gnu/h-x86_64-mingw32/bin/../lib/gcc/nios2-elf/4.9.1/../../../../../H-x86_64-mingw32/nios2-elf/lib\libc.a(lib_a-memcmp.o)
 .data          0x00000000002f3fa0        0x0 e:/altera/15.0/nios2eds/bin/gnu/h-x86_64-mingw32/bin/../lib/gcc/nios2-elf/4.9.1/../../../../../H-x86_64-mingw32/nios2-elf/lib\libc.a(lib_a-__atexit.o)
 .data          0x00000000002f3fa0        0x0 e:/altera/15.0/nios2eds/bin/gnu/h-x86_64-mingw32/bin/../lib/gcc/nios2-elf/4.9.1/../../../../../H-x86_64-mingw32/nios2-elf/lib\libc.a(lib_a-__call_atexit.o)
 .data          0x00000000002f3fa0        0x0 ../ebook5_bsp/\libhal_bsp.a(alt_exit.o)
                0x00000000002fbfa0                _gp = ABSOLUTE ((. + 0x8000))
                0x00000000002fbfa0                PROVIDE (gp, _gp)
 *(.rwdata .rwdata.*)
 *(.sdata .sdata.* .gnu.linkonce.s.*)
 .sdata         0x00000000002f3fa0       0x10 obj/default/icon_pic.o
                0x00000000002f3fa0                icon_plus
                0x00000000002f3fa8                icon_minus
 .sdata         0x00000000002f3fb0        0x8 obj/default/screen.o
                0x00000000002f3fb0                defaultColorInfo
 .sdata         0x00000000002f3fb8        0x2 obj/default/touch.o
                0x00000000002f3fb8                CMD_RDX
                0x00000000002f3fb9                CMD_RDY
 *fill*         0x00000000002f3fba        0x2 
 .sdata         0x00000000002f3fbc        0x8 e:/altera/15.0/nios2eds/bin/gnu/h-x86_64-mingw32/bin/../lib/gcc/nios2-elf/4.9.1/../../../../../H-x86_64-mingw32/nios2-elf/lib\libc.a(lib_a-mallocr.o)
                0x00000000002f3fbc                __malloc_sbrk_base
                0x00000000002f3fc0                __malloc_trim_threshold
 .sdata         0x00000000002f3fc4        0x8 e:/altera/15.0/nios2eds/bin/gnu/h-x86_64-mingw32/bin/../lib/gcc/nios2-elf/4.9.1/../../../../../H-x86_64-mingw32/nios2-elf/lib\libc.a(lib_a-impure.o)
                0x00000000002f3fc4                _global_impure_ptr
                0x00000000002f3fc8                _impure_ptr
 .sdata         0x00000000002f3fcc        0x4 e:/altera/15.0/nios2eds/bin/gnu/h-x86_64-mingw32/bin/../lib/gcc/nios2-elf/4.9.1/../../../../../H-x86_64-mingw32/nios2-elf/lib\libc.a(lib_a-locale.o)
                0x00000000002f3fcc                __mb_cur_max
 .sdata         0x00000000002f3fd0        0x4 e:/altera/15.0/nios2eds/bin/gnu/h-x86_64-mingw32/bin/../lib/gcc/nios2-elf/4.9.1/../../../../../H-x86_64-mingw32/nios2-elf/lib\libc.a(lib_a-wctomb_r.o)
                0x00000000002f3fd0                __wctomb
 .sdata         0x00000000002f3fd4       0x14 ../ebook5_bsp/\libhal_bsp.a(alt_dev.o)
                0x00000000002f3fd4                alt_fs_list
                0x00000000002f3fdc                alt_dev_list
                0x00000000002f3fe4                alt_max_fd
 .sdata         0x00000000002f3fe8        0x4 ../ebook5_bsp/\libhal_bsp.a(alt_errno.o)
                0x00000000002f3fe8                alt_errno
 .sdata         0x00000000002f3fec        0x4 ../ebook5_bsp/\libhal_bsp.a(alt_irq_vars.o)
                0x00000000002f3fec                alt_priority_mask
 .sdata         0x00000000002f3ff0        0x4 ../ebook5_bsp/\libhal_bsp.a(alt_sbrk.o)
 .sdata         0x00000000002f3ff4        0x8 ../ebook5_bsp/\libhal_bsp.a(alt_tick.o)
                0x00000000002f3ff4                alt_alarm_list
 *(.sdata2 .sdata2.* .gnu.linkonce.s2.*)
                0x00000000002f3ffc                . = ALIGN (0x4)
                0x00000000002f3ffc                _edata = ABSOLUTE (.)
                0x00000000002f3ffc                PROVIDE (edata, ABSOLUTE (.))
                0x00000000002f3ffc                PROVIDE (__ram_rwdata_end, ABSOLUTE (.))
                0x00000000002f3ffc                PROVIDE (__flash_rwdata_start, LOADADDR (.rwdata))

.bss            0x00000000002f6120     0x1f54
                0x00000000002f6120                __bss_start = ABSOLUTE (.)
                0x00000000002f6120                PROVIDE (__sbss_start, ABSOLUTE (.))
                0x00000000002f6120                PROVIDE (___sbss_start, ABSOLUTE (.))
 *(.dynsbss)
 *(.sbss .sbss.* .gnu.linkonce.sb.*)
 .sbss          0x00000000002f6120        0x4 obj/default/time_count.o
                0x00000000002f6120                timer_isr_context
 .sbss          0x00000000002f6124        0x8 obj/default/touch.o
                0x00000000002f6124                edge_capture
                0x00000000002f6128                intnirq_isr_context
 .sbss          0x00000000002f612c        0x8 obj/default/touch_resp.o
                0x00000000002f612c                touchPosFlag
 .sbss          0x00000000002f6134        0xc e:/altera/15.0/nios2eds/bin/gnu/h-x86_64-mingw32/bin/../lib/gcc/nios2-elf/4.9.1/../../../../../H-x86_64-mingw32/nios2-elf/lib\libc.a(lib_a-mallocr.o)
                0x00000000002f6134                __malloc_max_total_mem
                0x00000000002f6138                __malloc_max_sbrked_mem
                0x00000000002f613c                __malloc_top_pad
 .sbss          0x00000000002f6140        0x4 e:/altera/15.0/nios2eds/bin/gnu/h-x86_64-mingw32/bin/../lib/gcc/nios2-elf/4.9.1/../../../../../H-x86_64-mingw32/nios2-elf/lib\libc.a(lib_a-int_errno.o)
                0x00000000002f6140                errno
 .sbss          0x00000000002f6144        0xc e:/altera/15.0/nios2eds/bin/gnu/h-x86_64-mingw32/bin/../lib/gcc/nios2-elf/4.9.1/../../../../../H-x86_64-mingw32/nios2-elf/lib\libc.a(lib_a-locale.o)
                0x00000000002f6144                _PathLocale
                0x00000000002f6148                __mlocale_changed
                0x00000000002f614c                __nlocale_changed
 .sbss          0x00000000002f6150        0x4 ../ebook5_bsp/\libhal_bsp.a(alt_irq_vars.o)
                0x00000000002f6150                alt_irq_active
 .sbss          0x00000000002f6154        0xc ../ebook5_bsp/\libhal_bsp.a(alt_main.o)
                0x00000000002f6154                alt_argc
                0x00000000002f6158                alt_argv
                0x00000000002f615c                alt_envp
 .sbss          0x00000000002f6160       0x30 ../ebook5_bsp/\libhal_bsp.a(Altera_UP_SD_Card_Avalon_Interface.o)
                0x00000000002f6160                initialized
                0x00000000002f6161                is_sd_card_formated_as_FAT16
                0x00000000002f6164                aux_status_register
                0x00000000002f6168                status_register
                0x00000000002f616c                CSD_register_w0
                0x00000000002f6170                command_register
                0x00000000002f6174                command_argument_register
                0x00000000002f6178                buffer_memory
                0x00000000002f617c                fat_partition_offset_in_512_byte_sectors
                0x00000000002f6180                fat_partition_size_in_512_byte_sectors
                0x00000000002f6184                device_pointer
                0x00000000002f6188                current_sector_modified
                0x00000000002f618c                current_sector_index
 .sbss          0x00000000002f6190        0x4 ../ebook5_bsp/\libhal_bsp.a(alt_instruction_exception_entry.o)
                0x00000000002f6190                alt_instruction_exception_handler
 .sbss          0x00000000002f6194        0x8 ../ebook5_bsp/\libhal_bsp.a(alt_tick.o)
                0x00000000002f6194                _alt_tick_rate
                0x00000000002f6198                _alt_nticks
 *(.sbss2 .sbss2.* .gnu.linkonce.sb2.*)
 *(.scommon)
                0x00000000002f619c                PROVIDE (__sbss_end, ABSOLUTE (.))
                0x00000000002f619c                PROVIDE (___sbss_end, ABSOLUTE (.))
 *(.dynbss)
 *(.bss .bss.* .gnu.linkonce.b.*)
 .bss           0x00000000002f619c        0x0 ../ebook5_bsp//obj/HAL/src/crt0.o
 .bss           0x00000000002f619c        0x0 obj/default/ascii_font.o
 .bss           0x00000000002f619c        0x0 obj/default/color.o
 .bss           0x00000000002f619c        0x0 obj/default/font_manage.o
 .bss           0x00000000002f619c        0x0 obj/default/gbk_font.o
 .bss           0x00000000002f619c        0x0 obj/default/icon_pic.o
 .bss           0x00000000002f619c        0x0 obj/default/main.o
 .bss           0x00000000002f619c        0x0 obj/default/screen.o
 .bss           0x00000000002f619c        0x0 obj/default/screen_display.o
 .bss           0x00000000002f619c        0x0 obj/default/sdread.o
 .bss           0x00000000002f619c        0x0 obj/default/test_value.o
 .bss           0x00000000002f619c        0x0 obj/default/tftlcd.o
 .bss           0x00000000002f619c        0x0 obj/default/time_count.o
 .bss           0x00000000002f619c        0x0 obj/default/touch.o
 .bss           0x00000000002f619c        0x0 obj/default/touch_resp.o
 .bss           0x00000000002f619c        0x0 obj/default/txt_read.o
 .bss           0x00000000002f619c        0x0 obj/default/ucs2_font.o
 .bss           0x00000000002f619c        0x0 e:/altera/15.0/nios2eds/bin/gnu/h-x86_64-mingw32/bin/../lib/gcc/nios2-elf/4.9.1\libgcc.a(_fixunssfsi.o)
 .bss           0x00000000002f619c        0x0 e:/altera/15.0/nios2eds/bin/gnu/h-x86_64-mingw32/bin/../lib/gcc/nios2-elf/4.9.1\libgcc.a(_fixunsdfsi.o)
 .bss           0x00000000002f619c        0x0 e:/altera/15.0/nios2eds/bin/gnu/h-x86_64-mingw32/bin/../lib/gcc/nios2-elf/4.9.1\libgcc.a(lib2-divmod.o)
 .bss           0x00000000002f619c        0x0 e:/altera/15.0/nios2eds/bin/gnu/h-x86_64-mingw32/bin/../lib/gcc/nios2-elf/4.9.1\libgcc.a(addsf3.o)
 .bss           0x00000000002f619c        0x0 e:/altera/15.0/nios2eds/bin/gnu/h-x86_64-mingw32/bin/../lib/gcc/nios2-elf/4.9.1\libgcc.a(divsf3.o)
 .bss           0x00000000002f619c        0x0 e:/altera/15.0/nios2eds/bin/gnu/h-x86_64-mingw32/bin/../lib/gcc/nios2-elf/4.9.1\libgcc.a(gesf2.o)
 .bss           0x00000000002f619c        0x0 e:/altera/15.0/nios2eds/bin/gnu/h-x86_64-mingw32/bin/../lib/gcc/nios2-elf/4.9.1\libgcc.a(lesf2.o)
 .bss           0x00000000002f619c        0x0 e:/altera/15.0/nios2eds/bin/gnu/h-x86_64-mingw32/bin/../lib/gcc/nios2-elf/4.9.1\libgcc.a(mulsf3.o)
 .bss           0x00000000002f619c        0x0 e:/altera/15.0/nios2eds/bin/gnu/h-x86_64-mingw32/bin/../lib/gcc/nios2-elf/4.9.1\libgcc.a(subsf3.o)
 .bss           0x00000000002f619c        0x0 e:/altera/15.0/nios2eds/bin/gnu/h-x86_64-mingw32/bin/../lib/gcc/nios2-elf/4.9.1\libgcc.a(fixsfsi.o)
 .bss           0x00000000002f619c        0x0 e:/altera/15.0/nios2eds/bin/gnu/h-x86_64-mingw32/bin/../lib/gcc/nios2-elf/4.9.1\libgcc.a(floatsisf.o)
 .bss           0x00000000002f619c        0x0 e:/altera/15.0/nios2eds/bin/gnu/h-x86_64-mingw32/bin/../lib/gcc/nios2-elf/4.9.1\libgcc.a(floatunsisf.o)
 .bss           0x00000000002f619c        0x0 e:/altera/15.0/nios2eds/bin/gnu/h-x86_64-mingw32/bin/../lib/gcc/nios2-elf/4.9.1\libgcc.a(adddf3.o)
 .bss           0x00000000002f619c        0x0 e:/altera/15.0/nios2eds/bin/gnu/h-x86_64-mingw32/bin/../lib/gcc/nios2-elf/4.9.1\libgcc.a(divdf3.o)
 .bss           0x00000000002f619c        0x0 e:/altera/15.0/nios2eds/bin/gnu/h-x86_64-mingw32/bin/../lib/gcc/nios2-elf/4.9.1\libgcc.a(gedf2.o)
 .bss           0x00000000002f619c        0x0 e:/altera/15.0/nios2eds/bin/gnu/h-x86_64-mingw32/bin/../lib/gcc/nios2-elf/4.9.1\libgcc.a(muldf3.o)
 .bss           0x00000000002f619c        0x0 e:/altera/15.0/nios2eds/bin/gnu/h-x86_64-mingw32/bin/../lib/gcc/nios2-elf/4.9.1\libgcc.a(subdf3.o)
 .bss           0x00000000002f619c        0x0 e:/altera/15.0/nios2eds/bin/gnu/h-x86_64-mingw32/bin/../lib/gcc/nios2-elf/4.9.1\libgcc.a(fixdfsi.o)
 .bss           0x00000000002f619c        0x0 e:/altera/15.0/nios2eds/bin/gnu/h-x86_64-mingw32/bin/../lib/gcc/nios2-elf/4.9.1\libgcc.a(floatsidf.o)
 .bss           0x00000000002f619c        0x0 e:/altera/15.0/nios2eds/bin/gnu/h-x86_64-mingw32/bin/../lib/gcc/nios2-elf/4.9.1\libgcc.a(floatunsidf.o)
 .bss           0x00000000002f619c        0x0 e:/altera/15.0/nios2eds/bin/gnu/h-x86_64-mingw32/bin/../lib/gcc/nios2-elf/4.9.1\libgcc.a(extendsfdf2.o)
 .bss           0x00000000002f619c        0x0 e:/altera/15.0/nios2eds/bin/gnu/h-x86_64-mingw32/bin/../lib/gcc/nios2-elf/4.9.1\libgcc.a(truncdfsf2.o)
 .bss           0x00000000002f619c        0x0 e:/altera/15.0/nios2eds/bin/gnu/h-x86_64-mingw32/bin/../lib/gcc/nios2-elf/4.9.1\libgcc.a(_clzsi2.o)
 .bss           0x00000000002f619c        0x0 e:/altera/15.0/nios2eds/bin/gnu/h-x86_64-mingw32/bin/../lib/gcc/nios2-elf/4.9.1\libgcc.a(_clz.o)
 .bss           0x00000000002f619c        0x0 e:/altera/15.0/nios2eds/bin/gnu/h-x86_64-mingw32/bin/../lib/gcc/nios2-elf/4.9.1/../../../../../H-x86_64-mingw32/nios2-elf/lib\libc.a(lib_a-malloc.o)
 .bss           0x00000000002f619c       0x28 e:/altera/15.0/nios2eds/bin/gnu/h-x86_64-mingw32/bin/../lib/gcc/nios2-elf/4.9.1/../../../../../H-x86_64-mingw32/nios2-elf/lib\libc.a(lib_a-mallocr.o)
                0x00000000002f619c                __malloc_current_mallinfo
 .bss           0x00000000002f61c4        0x0 e:/altera/15.0/nios2eds/bin/gnu/h-x86_64-mingw32/bin/../lib/gcc/nios2-elf/4.9.1/../../../../../H-x86_64-mingw32/nios2-elf/lib\libc.a(lib_a-memcpy.o)
 .bss           0x00000000002f61c4        0x0 e:/altera/15.0/nios2eds/bin/gnu/h-x86_64-mingw32/bin/../lib/gcc/nios2-elf/4.9.1/../../../../../H-x86_64-mingw32/nios2-elf/lib\libc.a(lib_a-memset.o)
 .bss           0x00000000002f61c4        0x0 e:/altera/15.0/nios2eds/bin/gnu/h-x86_64-mingw32/bin/../lib/gcc/nios2-elf/4.9.1/../../../../../H-x86_64-mingw32/nios2-elf/lib\libc.a(lib_a-printf.o)
 .bss           0x00000000002f61c4        0x0 e:/altera/15.0/nios2eds/bin/gnu/h-x86_64-mingw32/bin/../lib/gcc/nios2-elf/4.9.1/../../../../../H-x86_64-mingw32/nios2-elf/lib\libc.a(lib_a-putchar.o)
 .bss           0x00000000002f61c4        0x0 e:/altera/15.0/nios2eds/bin/gnu/h-x86_64-mingw32/bin/../lib/gcc/nios2-elf/4.9.1/../../../../../H-x86_64-mingw32/nios2-elf/lib\libc.a(lib_a-puts.o)
 .bss           0x00000000002f61c4        0x0 e:/altera/15.0/nios2eds/bin/gnu/h-x86_64-mingw32/bin/../lib/gcc/nios2-elf/4.9.1/../../../../../H-x86_64-mingw32/nios2-elf/lib\libc.a(lib_a-sbrkr.o)
 .bss           0x00000000002f61c4        0x0 e:/altera/15.0/nios2eds/bin/gnu/h-x86_64-mingw32/bin/../lib/gcc/nios2-elf/4.9.1/../../../../../H-x86_64-mingw32/nios2-elf/lib\libc.a(lib_a-sprintf.o)
 .bss           0x00000000002f61c4        0x0 e:/altera/15.0/nios2eds/bin/gnu/h-x86_64-mingw32/bin/../lib/gcc/nios2-elf/4.9.1/../../../../../H-x86_64-mingw32/nios2-elf/lib\libc.a(lib_a-strcpy.o)
 .bss           0x00000000002f61c4        0x0 e:/altera/15.0/nios2eds/bin/gnu/h-x86_64-mingw32/bin/../lib/gcc/nios2-elf/4.9.1/../../../../../H-x86_64-mingw32/nios2-elf/lib\libc.a(lib_a-strlen.o)
 .bss           0x00000000002f61c4        0x0 e:/altera/15.0/nios2eds/bin/gnu/h-x86_64-mingw32/bin/../lib/gcc/nios2-elf/4.9.1/../../../../../H-x86_64-mingw32/nios2-elf/lib\libc.a(lib_a-svfprintf.o)
 .bss           0x00000000002f61c4        0x0 e:/altera/15.0/nios2eds/bin/gnu/h-x86_64-mingw32/bin/../lib/gcc/nios2-elf/4.9.1/../../../../../H-x86_64-mingw32/nios2-elf/lib\libc.a(lib_a-vfprintf.o)
 .bss           0x00000000002f61c4        0x0 e:/altera/15.0/nios2eds/bin/gnu/h-x86_64-mingw32/bin/../lib/gcc/nios2-elf/4.9.1/../../../../../H-x86_64-mingw32/nios2-elf/lib\libc.a(lib_a-wsetup.o)
 .bss           0x00000000002f61c4        0x0 e:/altera/15.0/nios2eds/bin/gnu/h-x86_64-mingw32/bin/../lib/gcc/nios2-elf/4.9.1/../../../../../H-x86_64-mingw32/nios2-elf/lib\libc.a(lib_a-dtoa.o)
 .bss           0x00000000002f61c4        0x0 e:/altera/15.0/nios2eds/bin/gnu/h-x86_64-mingw32/bin/../lib/gcc/nios2-elf/4.9.1/../../../../../H-x86_64-mingw32/nios2-elf/lib\libc.a(lib_a-fflush.o)
 .bss           0x00000000002f61c4        0x0 e:/altera/15.0/nios2eds/bin/gnu/h-x86_64-mingw32/bin/../lib/gcc/nios2-elf/4.9.1/../../../../../H-x86_64-mingw32/nios2-elf/lib\libc.a(lib_a-findfp.o)
 .bss           0x00000000002f61c4        0x0 e:/altera/15.0/nios2eds/bin/gnu/h-x86_64-mingw32/bin/../lib/gcc/nios2-elf/4.9.1/../../../../../H-x86_64-mingw32/nios2-elf/lib\libc.a(lib_a-freer.o)
 .bss           0x00000000002f61c4        0x0 e:/altera/15.0/nios2eds/bin/gnu/h-x86_64-mingw32/bin/../lib/gcc/nios2-elf/4.9.1/../../../../../H-x86_64-mingw32/nios2-elf/lib\libc.a(lib_a-fvwrite.o)
 .bss           0x00000000002f61c4        0x0 e:/altera/15.0/nios2eds/bin/gnu/h-x86_64-mingw32/bin/../lib/gcc/nios2-elf/4.9.1/../../../../../H-x86_64-mingw32/nios2-elf/lib\libc.a(lib_a-fwalk.o)
 .bss           0x00000000002f61c4        0x0 e:/altera/15.0/nios2eds/bin/gnu/h-x86_64-mingw32/bin/../lib/gcc/nios2-elf/4.9.1/../../../../../H-x86_64-mingw32/nios2-elf/lib\libc.a(lib_a-impure.o)
 .bss           0x00000000002f61c4        0x0 e:/altera/15.0/nios2eds/bin/gnu/h-x86_64-mingw32/bin/../lib/gcc/nios2-elf/4.9.1/../../../../../H-x86_64-mingw32/nios2-elf/lib\libc.a(lib_a-int_errno.o)
 .bss           0x00000000002f61c4        0x0 e:/altera/15.0/nios2eds/bin/gnu/h-x86_64-mingw32/bin/../lib/gcc/nios2-elf/4.9.1/../../../../../H-x86_64-mingw32/nios2-elf/lib\libc.a(lib_a-locale.o)