Archive member included to satisfy reference by file (symbol)

e:/altera/15.0/nios2eds/bin/gnu/h-x86_64-mingw32/bin/../lib/gcc/nios2-elf/4.9.1\libgcc.a(_fixunssfsi.o)
                              obj/default/touch.o (__fixunssfsi)
e:/altera/15.0/nios2eds/bin/gnu/h-x86_64-mingw32/bin/../lib/gcc/nios2-elf/4.9.1\libgcc.a(_fixunsdfsi.o)
                              obj/default/touch.o (__fixunsdfsi)
e:/altera/15.0/nios2eds/bin/gnu/h-x86_64-mingw32/bin/../lib/gcc/nios2-elf/4.9.1\libgcc.a(lib2-divmod.o)
                              obj/default/screen.o (__divsi3)
e:/altera/15.0/nios2eds/bin/gnu/h-x86_64-mingw32/bin/../lib/gcc/nios2-elf/4.9.1\libgcc.a(addsf3.o)
                              obj/default/touch.o (__addsf3)
e:/altera/15.0/nios2eds/bin/gnu/h-x86_64-mingw32/bin/../lib/gcc/nios2-elf/4.9.1\libgcc.a(divsf3.o)
                              obj/default/txt_read.o (__divsf3)
e:/altera/15.0/nios2eds/bin/gnu/h-x86_64-mingw32/bin/../lib/gcc/nios2-elf/4.9.1\libgcc.a(gesf2.o)
                              e:/altera/15.0/nios2eds/bin/gnu/h-x86_64-mingw32/bin/../lib/gcc/nios2-elf/4.9.1\libgcc.a(_fixunssfsi.o) (__gesf2)
e:/altera/15.0/nios2eds/bin/gnu/h-x86_64-mingw32/bin/../lib/gcc/nios2-elf/4.9.1\libgcc.a(lesf2.o)
                              obj/default/screen.o (__lesf2)
e:/altera/15.0/nios2eds/bin/gnu/h-x86_64-mingw32/bin/../lib/gcc/nios2-elf/4.9.1\libgcc.a(mulsf3.o)
                              obj/default/screen.o (__mulsf3)
e:/altera/15.0/nios2eds/bin/gnu/h-x86_64-mingw32/bin/../lib/gcc/nios2-elf/4.9.1\libgcc.a(subsf3.o)
                              e:/altera/15.0/nios2eds/bin/gnu/h-x86_64-mingw32/bin/../lib/gcc/nios2-elf/4.9.1\libgcc.a(_fixunssfsi.o) (__subsf3)
e:/altera/15.0/nios2eds/bin/gnu/h-x86_64-mingw32/bin/../lib/gcc/nios2-elf/4.9.1\libgcc.a(fixsfsi.o)
                              obj/default/screen.o (__fixsfsi)
e:/altera/15.0/nios2eds/bin/gnu/h-x86_64-mingw32/bin/../lib/gcc/nios2-elf/4.9.1\libgcc.a(floatsisf.o)
                              obj/default/screen.o (__floatsisf)
e:/altera/15.0/nios2eds/bin/gnu/h-x86_64-mingw32/bin/../lib/gcc/nios2-elf/4.9.1\libgcc.a(floatunsisf.o)
                              obj/default/txt_read.o (__floatunsisf)
e:/altera/15.0/nios2eds/bin/gnu/h-x86_64-mingw32/bin/../lib/gcc/nios2-elf/4.9.1\libgcc.a(adddf3.o)
                              obj/default/touch.o (__adddf3)
e:/altera/15.0/nios2eds/bin/gnu/h-x86_64-mingw32/bin/../lib/gcc/nios2-elf/4.9.1\libgcc.a(divdf3.o)
                              obj/default/screen.o (__divdf3)
e:/altera/15.0/nios2eds/bin/gnu/h-x86_64-mingw32/bin/../lib/gcc/nios2-elf/4.9.1\libgcc.a(gedf2.o)
                              e:/altera/15.0/nios2eds/bin/gnu/h-x86_64-mingw32/bin/../lib/gcc/nios2-elf/4.9.1\libgcc.a(_fixunsdfsi.o) (__gedf2)
e:/altera/15.0/nios2eds/bin/gnu/h-x86_64-mingw32/bin/../lib/gcc/nios2-elf/4.9.1\libgcc.a(muldf3.o)
                              obj/default/screen.o (__muldf3)
e:/altera/15.0/nios2eds/bin/gnu/h-x86_64-mingw32/bin/../lib/gcc/nios2-elf/4.9.1\libgcc.a(subdf3.o)
                              obj/default/touch.o (__subdf3)
e:/altera/15.0/nios2eds/bin/gnu/h-x86_64-mingw32/bin/../lib/gcc/nios2-elf/4.9.1\libgcc.a(fixdfsi.o)
                              obj/default/screen.o (__fixdfsi)
e:/altera/15.0/nios2eds/bin/gnu/h-x86_64-mingw32/bin/../lib/gcc/nios2-elf/4.9.1\libgcc.a(floatsidf.o)
                              obj/default/screen.o (__floatsidf)
e:/altera/15.0/nios2eds/bin/gnu/h-x86_64-mingw32/bin/../lib/gcc/nios2-elf/4.9.1\libgcc.a(extendsfdf2.o)
                              obj/default/test_value.o (__extendsfdf2)
e:/altera/15.0/nios2eds/bin/gnu/h-x86_64-mingw32/bin/../lib/gcc/nios2-elf/4.9.1\libgcc.a(truncdfsf2.o)
                              obj/default/screen.o (__truncdfsf2)
e:/altera/15.0/nios2eds/bin/gnu/h-x86_64-mingw32/bin/../lib/gcc/nios2-elf/4.9.1\libgcc.a(_clzsi2.o)
                              e:/altera/15.0/nios2eds/bin/gnu/h-x86_64-mingw32/bin/../lib/gcc/nios2-elf/4.9.1\libgcc.a(addsf3.o) (__clzsi2)
e:/altera/15.0/nios2eds/bin/gnu/h-x86_64-mingw32/bin/../lib/gcc/nios2-elf/4.9.1\libgcc.a(_clz.o)
                              e:/altera/15.0/nios2eds/bin/gnu/h-x86_64-mingw32/bin/../lib/gcc/nios2-elf/4.9.1\libgcc.a(_clzsi2.o) (__clz_tab)
e:/altera/15.0/nios2eds/bin/gnu/h-x86_64-mingw32/bin/../lib/gcc/nios2-elf/4.9.1/../../../../../H-x86_64-mingw32/nios2-elf/lib\libc.a(lib_a-fclose.o)
                              obj/default/test_value.o (fclose)
e:/altera/15.0/nios2eds/bin/gnu/h-x86_64-mingw32/bin/../lib/gcc/nios2-elf/4.9.1/../../../../../H-x86_64-mingw32/nios2-elf/lib\libc.a(lib_a-fflush.o)
                              e:/altera/15.0/nios2eds/bin/gnu/h-x86_64-mingw32/bin/../lib/gcc/nios2-elf/4.9.1/../../../../../H-x86_64-mingw32/nios2-elf/lib\libc.a(lib_a-fclose.o) (_fflush_r)
e:/altera/15.0/nios2eds/bin/gnu/h-x86_64-mingw32/bin/../lib/gcc/nios2-elf/4.9.1/../../../../../H-x86_64-mingw32/nios2-elf/lib\libc.a(lib_a-findfp.o)
[...]
Memory Configuration

Name             Origin             Length             Attributes
reset            0x0000000000000000 0x0000000000000020
sdram            0x0000000000000020 0x0000000007ffffe0
*default*        0x0000000000000000 0xffffffffffffffff

Linker script and memory map

LOAD ../ebook2_bsp//obj/HAL/src/crt0.o
LOAD obj/default/ascii_font.o
LOAD obj/default/color.o
LOAD obj/default/font_manage.o
LOAD obj/default/gbk_font.o
LOAD obj/default/icon_pic.o
LOAD obj/default/main.o
LOAD obj/default/screen.o
LOAD obj/default/screen_display.o
LOAD obj/default/sdread.o
LOAD obj/default/test_value.o
LOAD obj/default/tftlcd.o
LOAD obj/default/time_count.o
LOAD obj/default/touch.o
LOAD obj/default/touch_resp.o
LOAD obj/default/txt_read.o
LOAD e:/altera/15.0/nios2eds/bin/gnu/h-x86_64-mingw32/bin/../lib/gcc/nios2-elf/4.9.1/../../../../../H-x86_64-mingw32/nios2-elf/lib\libstdc++.a
LOAD e:/altera/15.0/nios2eds/bin/gnu/h-x86_64-mingw32/bin/../lib/gcc/nios2-elf/4.9.1/../../../../../H-x86_64-mingw32/nios2-elf/lib\libm.a
LOAD e:/altera/15.0/nios2eds/bin/gnu/h-x86_64-mingw32/bin/../lib/gcc/nios2-elf/4.9.1\libgcc.a
START GROUP
LOAD e:/altera/15.0/nios2eds/bin/gnu/h-x86_64-mingw32/bin/../lib/gcc/nios2-elf/4.9.1/../../../../../H-x86_64-mingw32/nios2-elf/lib\libc.a
LOAD e:/altera/15.0/nios2eds/bin/gnu/h-x86_64-mingw32/bin/../lib/gcc/nios2-elf/4.9.1\libgcc.a
LOAD ../ebook2_bsp/\libhal_bsp.a
LOAD e:/altera/15.0/nios2eds/bin/gnu/h-x86_64-mingw32/bin/../lib/gcc/nios2-elf/4.9.1/../../../../../H-x86_64-mingw32/nios2-elf/lib\libm.a
END GROUP
LOAD e:/altera/15.0/nios2eds/bin/gnu/h-x86_64-mingw32/bin/../lib/gcc/nios2-elf/4.9.1\libgcc.a
                0x0000000000000000                __alt_mem_sdram = 0x0

.entry          0x0000000000000000       0x20
 *(.entry)
 .entry         0x0000000000000000       0x20 ../ebook2_bsp//obj/HAL/src/crt0.o
                0x0000000000000000                __reset

.exceptions     0x0000000000000020      0x220
                0x0000000000000020                PROVIDE (__ram_exceptions_start, ABSOLUTE (.))
                0x0000000000000020                . = ALIGN (0x20)
 *(.irq)
 *(.exceptions.entry.label)
 .exceptions.entry.label
                0x0000000000000020        0x0 ../ebook2_bsp/\libhal_bsp.a(alt_irq_entry.o)
                0x0000000000000020                alt_irq_entry
 .exceptions.entry.label
                0x0000000000000020        0x0 ../ebook2_bsp/\libhal_bsp.a(alt_exception_entry.o)
                0x0000000000000020                alt_exception
 *(.exceptions.entry.user)
 *(.exceptions.entry.ecc_fatal)
 *(.exceptions.entry)
 .exceptions.entry
                0x0000000000000020       0x54 ../ebook2_bsp/\libhal_bsp.a(alt_exception_entry.o)
 *(.exceptions.irqtest.user)
 *(.exceptions.irqtest)
 .exceptions.irqtest
                0x0000000000000074       0x10 ../ebook2_bsp/\libhal_bsp.a(alt_irq_entry.o)
 *(.exceptions.irqhandler.user)
 *(.exceptions.irqhandler)
 .exceptions.irqhandler
                0x0000000000000084        0x4 ../ebook2_bsp/\libhal_bsp.a(alt_irq_entry.o)
 *(.exceptions.irqreturn.user)
 *(.exceptions.irqreturn)
 .exceptions.irqreturn
                0x0000000000000088        0x4 ../ebook2_bsp/\libhal_bsp.a(alt_irq_entry.o)
 *(.exceptions.notirq.label)
 .exceptions.notirq.label
                0x000000000000008c        0x0 ../ebook2_bsp/\libhal_bsp.a(alt_irq_entry.o)
 *(.exceptions.notirq.user)
 *(.exceptions.notirq)
 .exceptions.notirq
                0x000000000000008c        0x8 ../ebook2_bsp/\libhal_bsp.a(alt_exception_entry.o)
 *(.exceptions.soft.user)
 *(.exceptions.soft)
 *(.exceptions.unknown.user)
 *(.exceptions.unknown)
 .exceptions.unknown
                0x0000000000000094       0x14 ../ebook2_bsp/\libhal_bsp.a(alt_exception_entry.o)
 *(.exceptions.exit.label)
 .exceptions.exit.label
                0x00000000000000a8        0x0 ../ebook2_bsp/\libhal_bsp.a(alt_irq_entry.o)
 .exceptions.exit.label
                0x00000000000000a8        0x0 ../ebook2_bsp/\libhal_bsp.a(alt_exception_entry.o)
 *(.exceptions.exit.user)
 *(.exceptions.exit)
 .exceptions.exit
                0x00000000000000a8       0x54 ../ebook2_bsp/\libhal_bsp.a(alt_exception_entry.o)
 *(.exceptions)
 .exceptions    0x00000000000000fc       0xd0 ../ebook2_bsp/\libhal_bsp.a(alt_irq_handler.o)
                0x00000000000000fc                alt_irq_handler
 .exceptions    0x00000000000001cc       0x74 ../ebook2_bsp/\libhal_bsp.a(alt_instruction_exception_entry.o)
                0x00000000000001cc                alt_instruction_exception_entry
                0x0000000000000240                PROVIDE (__ram_exceptions_end, ABSOLUTE (.))
                0x0000000000000020                PROVIDE (__flash_exceptions_start, LOADADDR (.exceptions))

.text           0x0000000000000240    0x2eb20
                0x0000000000000240                PROVIDE (stext, ABSOLUTE (.))
 *(.interp)
 *(.hash)
 *(.dynsym)
 *(.dynstr)
 *(.gnu.version)
 *(.gnu.version_d)
 *(.gnu.version_r)
 *(.rel.init)
 *(.rela.init)
 *(.rel.text .rel.text.* .rel.gnu.linkonce.t.*)
 *(.rela.text .rela.text.* .rela.gnu.linkonce.t.*)
 *(.rel.fini)
 *(.rela.fini)
 *(.rel.rodata .rel.rodata.* .rel.gnu.linkonce.r.*)
 *(.rela.rodata .rela.rodata.* .rela.gnu.linkonce.r.*)
 *(.rel.data .rel.data.* .rel.gnu.linkonce.d.*)
 *(.rela.data .rela.data.* .rela.gnu.linkonce.d.*)
 *(.rel.tdata .rel.tdata.* .rel.gnu.linkonce.td.*)
 *(.rela.tdata .rela.tdata.* .rela.gnu.linkonce.td.*)
 *(.rel.tbss .rel.tbss.* .rel.gnu.linkonce.tb.*)
 *(.rela.tbss .rela.tbss.* .rela.gnu.linkonce.tb.*)
 *(.rel.ctors)
 *(.rela.ctors)
 *(.rel.dtors)
 *(.rela.dtors)
 *(.rel.got)
 *(.rela.got)
 *(.rel.sdata .rel.sdata.* .rel.gnu.linkonce.s.*)
 *(.rela.sdata .rela.sdata.* .rela.gnu.linkonce.s.*)
 *(.rel.sbss .rel.sbss.* .rel.gnu.linkonce.sb.*)
 *(.rela.sbss .rela.sbss.* .rela.gnu.linkonce.sb.*)
 *(.rel.sdata2 .rel.sdata2.* .rel.gnu.linkonce.s2.*)
 *(.rela.sdata2 .rela.sdata2.* .rela.gnu.linkonce.s2.*)
 *(.rel.sbss2 .rel.sbss2.* .rel.gnu.linkonce.sb2.*)
 *(.rela.sbss2 .rela.sbss2.* .rela.gnu.linkonce.sb2.*)
 *(.rel.bss .rel.bss.* .rel.gnu.linkonce.b.*)
 *(.rela.bss .rela.bss.* .rela.gnu.linkonce.b.*)
 *(.rel.plt)
 *(.rela.plt)
 *(.rel.dyn)
 *(.init)
 *(.plt)
 *(.text .stub .text.* .gnu.linkonce.t.*)
 .text          0x0000000000000240       0x4c ../ebook2_bsp//obj/HAL/src/crt0.o
                0x0000000000000240                _start
 .text          0x000000000000028c        0x0 obj/default/ascii_font.o
 .text          0x000000000000028c       0x64 obj/default/color.o
                0x000000000000028c                getColor16BitByRGB
 .text          0x00000000000002f0      0x164 obj/default/font_manage.o
                0x00000000000002f0                getAsciiFont
                0x0000000000000354                getGbkFont
 .text          0x0000000000000454        0x0 obj/default/gbk_font.o
 .text          0x0000000000000454        0x0 obj/default/icon_pic.o
 .text          0x0000000000000454      0x1c8 obj/default/main.o
                0x0000000000000454                main
 .text          0x000000000000061c     0x505c obj/default/screen.o
                0x000000000000061c                checkAreaRange
                0x00000000000006f0                setAreaRange
                0x0000000000000774                setAreaRangeByAreaFmt
                0x000000000000096c                setAreaFmt
                0x0000000000000a78                setAreaRangeCentered
                0x0000000000000bf4                setDefaultTagBlock
                0x0000000000000d20                setDefaultProgressBarX
                0x0000000000001068                setDefaultScrollBarY
                0x00000000000015c4                setDefaultIconBlock
                0x00000000000016a0                setDefaultColorBoard
                0x0000000000001740                getWordLetterArrange
                0x0000000000001868                getWidthOfText
                0x00000000000019fc                openTxtScrollX
                0x0000000000001b30                setDefaultTagGroup
                0x0000000000001d8c                setDefaultNumEditGroup
                0x00000000000022f0                screenInit
                0x0000000000002668                screenHeaderInit
                0x0000000000002804                screenFooterInit
                0x0000000000002b68                screenMainHomeInit
                0x0000000000003368                setDefaultTagList
                0x0000000000003698                screenMainBookInit
                0x0000000000003b94                ScreenMainPageInfoInit
                0x0000000000004044                screenMainSettingInit
                0x0000000000004c1c                screenMainColorPickerInit
                0x0000000000004d60                screenMainAreaInfoInst
                0x0000000000004dd0                screenSetCustomInfo
                0x0000000000005514                screenSyncSettingColor
                0x000000000000558c                screenSyncBookColor
 .text          0x0000000000005678     0x5344 obj/default/screen_display.o
                0x0000000000005678                getAbsPos
                0x0000000000005918                getXVaildRange
                0x0000000000005b68                showBorder
                0x0000000000005f88                showBkgAndBorder
                0x00000000000064d4                showTextOrIcon
                0x00000000000066d0                showTagBlock
                0x0000000000006ea4                showTagWithYOffset
                0x0000000000007854                showIconBlock
                0x0000000000007a10                showTagGroup
                0x0000000000007c04                showTagIconGroup
                0x0000000000007f68                showTagList
                0x0000000000008570                showScrollBarY
                0x000000000000891c                showScreenPageInfo
                0x0000000000008bc8                showProgressBarX
                0x0000000000008dd4                showColorBoard
                0x000000000000900c                showColorSelBorder
                0x0000000000009314                clearColorSelBorder
                0x0000000000009674                showScreenHeader
                0x0000000000009790                showScreenFooter
                0x0000000000009a3c                showScreenMain
                0x0000000000009b88                showScreenMainHome
                0x0000000000009e5c                showScreenMainBook
                0x000000000000a150                showScreenMainSetting
                0x000000000000a794                showScreenMainColorPicker
                0x000000000000a8b0                showScreen
 .text          0x000000000000a9bc      0x708 obj/default/sdread.o
                0x000000000000a9bc                fread_txt
                0x000000000000ace0                fseek_txt
                0x000000000000af50                ftell_txt
                0x000000000000afdc                fopen_txt
                0x000000000000b018                fclose_txt
                0x000000000000b068                getfileSizeTxt
 .text          0x000000000000b0c4     0x335c obj/default/test_value.o
                0x000000000000b0c4                displayStatus
                0x000000000000b114                displayTxtFilesInfo
                0x000000000000b2a0                displayTxtFile
                0x000000000000b408                displayTextType
                0x000000000000b4dc                getMallocStr
                0x000000000000b56c                displayScreenContainer
                0x000000000000b620                displayAreaRange
                0x000000000000b7e4                displayScreenHeaderTime
                0x000000000000b90c                displayScreenFooterBtn
                0x000000000000bb24                displayScreenHome
                0x000000000000bfc4                displayScreenBook
                0x000000000000c25c                displayScreenSetting
                0x000000000000c768                displayScreenColorPicker
                0x000000000000c890                displayScrMainAreaInfo
                0x000000000000c9e8                displayTagBlock
                0x000000000000cc14                displayIconBlock
                0x000000000000ce24                displayColorInfo
                0x000000000000cfe4                displayColorBoard
                0x000000000000d17c                displayTagIconGroup
                0x000000000000d4a8                displayTagGroup
                0x000000000000d648                displayTagList
                0x000000000000d8ac                displayProgressBarX
                0x000000000000daf0                displayScrollBarY
                0x000000000000de24                displayScreenPageInfo
                0x000000000000e078                displayColorRGB
                0x000000000000e0f0                displayObjPic
                0x000000000000e278                storeScreenArrayToFile
                0x000000000000e2e4                WriteArray2File
                0x000000000000e3a0                clearScreenArray
 .text          0x000000000000e420     0x23e4 obj/default/tftlcd.o
                0x000000000000e420                LCD_ReadReg
                0x000000000000e464                LCD_init
                0x000000000000e604                LCD_RD_DATA
                0x000000000000e664                LCD_WR_REG
                0x000000000000e6c8                LCD_WR_DATA
                0x000000000000e72c                LCD_WriteReg
                0x000000000000e778                LCD5310_init
                0x000000000000fb88                LCD_SetCursor
                0x000000000000fc34                LCD_DrawPoint
                0x000000000000fc90                LCD_Fast_DrawPoint
                0x000000000000fd50                LCD_WriteRAM_Prepare
                0x000000000000fd8c                LCD_WriteRAM
                0x000000000000fdc4                LCD_DrawLine
                0x000000000000ff90                LCD_Display_Dir
                0x00000000000100a4                LCD_Fill
                0x000000000001016c                LCD_Color_Fill
                0x000000000001026c                delay
                0x00000000000102ac                LCD_Scan_Dir
                0x0000000000010624                LCD_Clear
                0x00000000000106c0                LCD_Set_Window
 .text          0x0000000000010804      0x288 obj/default/time_count.o
                0x0000000000010804                scrHeaderTimeResp
                0x0000000000010894                timeCount1s_handler
                0x0000000000010a08                getTimeInSeconds
 .text          0x0000000000010a8c      0xea8 obj/default/touch.o
                0x0000000000010a8c                delay_us
                0x0000000000010ad8                TP_Write_Byte
                0x0000000000010bf4                TP_Read_AD
                0x0000000000010e64                TP_Read_XOY
                0x0000000000011034                TP_Read_XY
                0x00000000000110a4                TP_Read_XY2
                0x0000000000011234                TP_Scan
                0x00000000000114cc                TP_Init
                0x0000000000011608                physical2logical
                0x0000000000011868                intr_scan_headler
 .text          0x0000000000011934     0x2888 obj/default/touch_resp.o
                0x0000000000011934                posValidInAbsPos
                0x0000000000011a04                screenRespTask
                0x0000000000011d38                scrFooterResp
                0x0000000000012024                scrMainHomeResp
                0x0000000000012358                scrMainBookResp
                0x0000000000012890                scrMainSettingResp
                0x000000000001355c                scrMainColorPickerResp
                0x0000000000013650                colorBoardResp
                0x00000000000137f4                scrPageInfoResp
                0x0000000000013a14                prgBarXResp
                0x0000000000013ae4                scrollBarYResp
 .text          0x00000000000141bc     0x2350 obj/default/txt_read.o
                0x00000000000141bc                readAlltxtFilesOfSDcard
                0x000000000001460c                readBookOfTxtFile
                0x0000000000014704                openTxtFile
                0x000000000001484c                closeTxtFile
                0x00000000000148a8                readPageGBK
                0x0000000000015100                readPageUNI
                0x0000000000015b68                readLastPage
                0x0000000000015eb8                readNextPage
                0x00000000000160dc                readPageByRatio
                0x0000000000016448                isEnglishletter
                0x00000000000164ac                isUNIEnglishletter
 .text          0x000000000001650c       0x60 e:/altera/15.0/nios2eds/bin/gnu/h-x86_64-mingw32/bin/../lib/gcc/nios2-elf/4.9.1\libgcc.a(_fixunssfsi.o)
                0x000000000001650c                __fixunssfsi
 .text          0x000000000001656c       0x74 e:/altera/15.0/nios2eds/bin/gnu/h-x86_64-mingw32/bin/../lib/gcc/nios2-elf/4.9.1\libgcc.a(_fixunsdfsi.o)
                0x000000000001656c                __fixunsdfsi
 .text          0x00000000000165e0      0x12c e:/altera/15.0/nios2eds/bin/gnu/h-x86_64-mingw32/bin/../lib/gcc/nios2-elf/4.9.1\libgcc.a(lib2-divmod.o)
                0x000000000001664c                __divsi3
                0x00000000000166a0                __modsi3
                0x00000000000166fc                __udivsi3
                0x0000000000016704                __umodsi3
 .text          0x000000000001670c      0x4e0 e:/altera/15.0/nios2eds/bin/gnu/h-x86_64-mingw32/bin/../lib/gcc/nios2-elf/4.9.1\libgcc.a(addsf3.o)
                0x000000000001670c                __addsf3
 .text          0x0000000000016bec      0x450 e:/altera/15.0/nios2eds/bin/gnu/h-x86_64-mingw32/bin/../lib/gcc/nios2-elf/4.9.1\libgcc.a(divsf3.o)
                0x0000000000016bec                __divsf3
 .text          0x000000000001703c       0xb8 e:/altera/15.0/nios2eds/bin/gnu/h-x86_64-mingw32/bin/../lib/gcc/nios2-elf/4.9.1\libgcc.a(gesf2.o)
                0x000000000001703c                __gesf2
                0x000000000001703c                __gtsf2
 .text          0x00000000000170f4       0xb8 e:/altera/15.0/nios2eds/bin/gnu/h-x86_64-mingw32/bin/../lib/gcc/nios2-elf/4.9.1\libgcc.a(lesf2.o)
                0x00000000000170f4                __ltsf2
                0x00000000000170f4                __lesf2
 .text          0x00000000000171ac      0x424 e:/altera/15.0/nios2eds/bin/gnu/h-x86_64-mingw32/bin/../lib/gcc/nios2-elf/4.9.1\libgcc.a(mulsf3.o)
                0x00000000000171ac                __mulsf3
 .text          0x00000000000175d0      0x4fc e:/altera/15.0/nios2eds/bin/gnu/h-x86_64-mingw32/bin/../lib/gcc/nios2-elf/4.9.1\libgcc.a(subsf3.o)
                0x00000000000175d0                __subsf3
 .text          0x0000000000017acc       0x78 e:/altera/15.0/nios2eds/bin/gnu/h-x86_64-mingw32/bin/../lib/gcc/nios2-elf/4.9.1\libgcc.a(fixsfsi.o)
                0x0000000000017acc                __fixsfsi
 .text          0x0000000000017b44      0x134 e:/altera/15.0/nios2eds/bin/gnu/h-x86_64-mingw32/bin/../lib/gcc/nios2-elf/4.9.1\libgcc.a(floatsisf.o)
                0x0000000000017b44                __floatsisf
 .text          0x0000000000017c78      0x110 e:/altera/15.0/nios2eds/bin/gnu/h-x86_64-mingw32/bin/../lib/gcc/nios2-elf/4.9.1\libgcc.a(floatunsisf.o)
                0x0000000000017c78                __floatunsisf
 .text          0x0000000000017d88      0x89c e:/altera/15.0/nios2eds/bin/gnu/h-x86_64-mingw32/bin/../lib/gcc/nios2-elf/4.9.1\libgcc.a(adddf3.o)
                0x0000000000017d88                __adddf3
 .text          0x0000000000018624      0x8cc e:/altera/15.0/nios2eds/bin/gnu/h-x86_64-mingw32/bin/../lib/gcc/nios2-elf/4.9.1\libgcc.a(divdf3.o)
                0x0000000000018624                __divdf3
 .text          0x0000000000018ef0       0xe0 e:/altera/15.0/nios2eds/bin/gnu/h-x86_64-mingw32/bin/../lib/gcc/nios2-elf/4.9.1\libgcc.a(gedf2.o)
                0x0000000000018ef0                __gedf2
                0x0000000000018ef0                __gtdf2
 .text          0x0000000000018fd0      0x724 e:/altera/15.0/nios2eds/bin/gnu/h-x86_64-mingw32/bin/../lib/gcc/nios2-elf/4.9.1\libgcc.a(muldf3.o)
                0x0000000000018fd0                __muldf3
 .text          0x00000000000196f4      0x8d0 e:/altera/15.0/nios2eds/bin/gnu/h-x86_64-mingw32/bin/../lib/gcc/nios2-elf/4.9.1\libgcc.a(subdf3.o)
                0x00000000000196f4                __subdf3
 .text          0x0000000000019fc4       0x88 e:/altera/15.0/nios2eds/bin/gnu/h-x86_64-mingw32/bin/../lib/gcc/nios2-elf/4.9.1\libgcc.a(fixdfsi.o)
                0x0000000000019fc4                __fixdfsi
 .text          0x000000000001a04c       0xd0 e:/altera/15.0/nios2eds/bin/gnu/h-x86_64-mingw32/bin/../lib/gcc/nios2-elf/4.9.1\libgcc.a(floatsidf.o)
                0x000000000001a04c                __floatsidf
 .text          0x000000000001a11c      0x110 e:/altera/15.0/nios2eds/bin/gnu/h-x86_64-mingw32/bin/../lib/gcc/nios2-elf/4.9.1\libgcc.a(extendsfdf2.o)
                0x000000000001a11c                __extendsfdf2
 .text          0x000000000001a22c      0x198 e:/altera/15.0/nios2eds/bin/gnu/h-x86_64-mingw32/bin/../lib/gcc/nios2-elf/4.9.1\libgcc.a(truncdfsf2.o)
                0x000000000001a22c                __truncdfsf2
 .text          0x000000000001a3c4       0x64 e:/altera/15.0/nios2eds/bin/gnu/h-x86_64-mingw32/bin/../lib/gcc/nios2-elf/4.9.1\libgcc.a(_clzsi2.o)
                0x000000000001a3c4                __clzsi2
 .text          0x000000000001a428        0x0 e:/altera/15.0/nios2eds/bin/gnu/h-x86_64-mingw32/bin/../lib/gcc/nios2-elf/4.9.1\libgcc.a(_clz.o)
 .text          0x000000000001a428      0x114 e:/altera/15.0/nios2eds/bin/gnu/h-x86_64-mingw32/bin/../lib/gcc/nios2-elf/4.9.1/../../../../../H-x86_64-mingw32/nios2-elf/lib\libc.a(lib_a-fclose.o)
                0x000000000001a428                _fclose_r
                0x000000000001a528                fclose
 .text          0x000000000001a53c      0x258 e:/altera/15.0/nios2eds/bin/gnu/h-x86_64-mingw32/bin/../lib/gcc/nios2-elf/4.9.1/../../../../../H-x86_64-mingw32/nios2-elf/lib\libc.a(lib_a-fflush.o)
                0x000000000001a53c                _fflush_r
                0x000000000001a764                fflush
 .text          0x000000000001a794      0x3a0 e:/altera/15.0/nios2eds/bin/gnu/h-x86_64-mingw32/bin/../lib/gcc/nios2-elf/4.9.1/../../../../../H-x86_64-mingw32/nios2-elf/lib\libc.a(lib_a-findfp.o)
                0x000000000001a7a4                _cleanup_r
                0x000000000001a950                __sfmoreglue
                0x000000000001a9b4                __sfp
                0x000000000001aacc                _cleanup
                0x000000000001aae4                __sinit
                0x000000000001aaf4                __sfp_lock_acquire
                0x000000000001aaf8                __sfp_lock_release
                0x000000000001aafc                __sinit_lock_acquire
                0x000000000001ab00                __sinit_lock_release
                0x000000000001ab04                __fp_lock_all
                0x000000000001ab1c                __fp_unlock_all
 .text          0x000000000001ab34      0x10c e:/altera/15.0/nios2eds/bin/gnu/h-x86_64-mingw32/bin/../lib/gcc/nios2-elf/4.9.1/../../../../../H-x86_64-mingw32/nios2-elf/lib\libc.a(lib_a-fopen.o)
                0x000000000001ab34                _fopen_r
                0x000000000001ac24                fopen
 .text          0x000000000001ac40       0x4c e:/altera/15.0/nios2eds/bin/gnu/h-x86_64-mingw32/bin/../lib/gcc/nios2-elf/4.9.1/../../../../../H-x86_64-mingw32/nios2-elf/lib\libc.a(lib_a-fprintf.o)
                0x000000000001ac40                _fprintf_r
                0x000000000001ac68                fprintf
 .text          0x000000000001ac8c       0x9c e:/altera/15.0/nios2eds/bin/gnu/h-x86_64-mingw32/bin/../lib/gcc/nios2-elf/4.9.1/../../../../../H-x86_64-mingw32/nios2-elf/lib\libc.a(lib_a-fputc.o)
                0x000000000001ac8c                _fputc_r
                0x000000000001acd0                fputc
 .text          0x000000000001ad28      0x414 e:/altera/15.0/nios2eds/bin/gnu/h-x86_64-mingw32/bin/../lib/gcc/nios2-elf/4.9.1/../../../../../H-x86_64-mingw32/nios2-elf/lib\libc.a(lib_a-freer.o)
                0x000000000001ad28                _malloc_trim_r
                0x000000000001ae4c                _free_r
 .text          0x000000000001b13c      0x478 e:/altera/15.0/nios2eds/bin/gnu/h-x86_64-mingw32/bin/../lib/gcc/nios2-elf/4.9.1/../../../../../H-x86_64-mingw32/nios2-elf/lib\libc.a(lib_a-fseek.o)
                0x000000000001b13c                _fseek_r
                0x000000000001b590                fseek
 .text          0x000000000001b5b4       0x58 e:/altera/15.0/nios2eds/bin/gnu/h-x86_64-mingw32/bin/../lib/gcc/nios2-elf/4.9.1/../../../../../H-x86_64-mingw32/nios2-elf/lib\libc.a(lib_a-fstatr.o)
                0x000000000001b5b4                _fstat_r
 .text          0x000000000001b60c      0x170 e:/altera/15.0/nios2eds/bin/gnu/h-x86_64-mingw32/bin/../lib/gcc/nios2-elf/4.9.1/../../../../../H-x86_64-mingw32/nios2-elf/lib\libc.a(lib_a-fwalk.o)
                0x000000000001b60c                _fwalk
                0x000000000001b6c4                _fwalk_reent
 .text          0x000000000001b77c        0x0 e:/altera/15.0/nios2eds/bin/gnu/h-x86_64-mingw32/bin/../lib/gcc/nios2-elf/4.9.1/../../../../../H-x86_64-mingw32/nios2-elf/lib\libc.a(lib_a-impure.o)
 .text          0x000000000001b77c        0x0 e:/altera/15.0/nios2eds/bin/gnu/h-x86_64-mingw32/bin/../lib/gcc/nios2-elf/4.9.1/../../../../../H-x86_64-mingw32/nios2-elf/lib\libc.a(lib_a-int_errno.o)
 .text          0x000000000001b77c      0x1b8 e:/altera/15.0/nios2eds/bin/gnu/h-x86_64-mingw32/bin/../lib/gcc/nios2-elf/4.9.1/../../../../../H-x86_64-mingw32/nios2-elf/lib\libc.a(lib_a-makebuf.o)
                0x000000000001b77c                __smakebuf_r
 .text          0x000000000001b934       0x28 e:/altera/15.0/nios2eds/bin/gnu/h-x86_64-mingw32/bin/../lib/gcc/nios2-elf/4.9.1/../../../../../H-x86_64-mingw32/nios2-elf/lib\libc.a(lib_a-malloc.o)
                0x000000000001b934                malloc
                0x000000000001b948                free
 .text          0x000000000001b95c      0x7a8 e:/altera/15.0/nios2eds/bin/gnu/h-x86_64-mingw32/bin/../lib/gcc/nios2-elf/4.9.1/../../../../../H-x86_64-mingw32/nios2-elf/lib\libc.a(lib_a-mallocr.o)
                0x000000000001b95c                _malloc_r
 .text          0x000000000001c104      0x138 e:/altera/15.0/nios2eds/bin/gnu/h-x86_64-mingw32/bin/../lib/gcc/nios2-elf/4.9.1/../../../../../H-x86_64-mingw32/nios2-elf/lib\libc.a(lib_a-memcpy.o)
                0x000000000001c104                memcpy
 .text          0x000000000001c23c      0x124 e:/altera/15.0/nios2eds/bin/gnu/h-x86_64-mingw32/bin/../lib/gcc/nios2-elf/4.9.1/../../../../../H-x86_64-mingw32/nios2-elf/lib\libc.a(lib_a-memset.o)
                0x000000000001c23c                memset
 .text          0x000000000001c360       0x5c e:/altera/15.0/nios2eds/bin/gnu/h-x86_64-mingw32/bin/../lib/gcc/nios2-elf/4.9.1/../../../../../H-x86_64-mingw32/nios2-elf/lib\libc.a(lib_a-openr.o)
                0x000000000001c360                _open_r
 .text          0x000000000001c3bc       0x68 e:/altera/15.0/nios2eds/bin/gnu/h-x86_64-mingw32/bin/../lib/gcc/nios2-elf/4.9.1/../../../../../H-x86_64-mingw32/nios2-elf/lib\libc.a(lib_a-printf.o)
                0x000000000001c3bc                _printf_r
                0x000000000001c3e8                printf
 .text          0x000000000001c424      0x168 e:/altera/15.0/nios2eds/bin/gnu/h-x86_64-mingw32/bin/../lib/gcc/nios2-elf/4.9.1/../../../../../H-x86_64-mingw32/nios2-elf/lib\libc.a(lib_a-putc.o)
                0x000000000001c424                _putc_r
                0x000000000001c4c4                putc
 .text          0x000000000001c58c       0x20 e:/altera/15.0/nios2eds/bin/gnu/h-x86_64-mingw32/bin/../lib/gcc/nios2-elf/4.9.1/../../../../../H-x86_64-mingw32/nios2-elf/lib\libc.a(lib_a-putchar.o)
                0x000000000001c58c                _putchar_r
                0x000000000001c594                putchar
 .text          0x000000000001c5ac       0xcc e:/altera/15.0/nios2eds/bin/gnu/h-x86_64-mingw32/bin/../lib/gcc/nios2-elf/4.9.1/../../../../../H-x86_64-mingw32/nios2-elf/lib\libc.a(lib_a-puts.o)
                0x000000000001c5ac                _puts_r
                0x000000000001c664                puts
 .text          0x000000000001c678      0x1c4 e:/altera/15.0/nios2eds/bin/gnu/h-x86_64-mingw32/bin/../lib/gcc/nios2-elf/4.9.1/../../../../../H-x86_64-mingw32/nios2-elf/lib\libc.a(lib_a-refill.o)
                0x000000000001c694                __srefill_r
 .text          0x000000000001c83c       0x54 e:/altera/15.0/nios2eds/bin/gnu/h-x86_64-mingw32/bin/../lib/gcc/nios2-elf/4.9.1/../../../../../H-x86_64-mingw32/nios2-elf/lib\libc.a(lib_a-sbrkr.o)
                0x000000000001c83c                _sbrk_r
 .text          0x000000000001c890       0xc4 e:/altera/15.0/nios2eds/bin/gnu/h-x86_64-mingw32/bin/../lib/gcc/nios2-elf/4.9.1/../../../../../H-x86_64-mingw32/nios2-elf/lib\libc.a(lib_a-sprintf.o)
                0x000000000001c890                _sprintf_r
                0x000000000001c8e8                sprintf
 .text          0x000000000001c954      0x13c e:/altera/15.0/nios2eds/bin/gnu/h-x86_64-mingw32/bin/../lib/gcc/nios2-elf/4.9.1/../../../../../H-x86_64-mingw32/nios2-elf/lib\libc.a(lib_a-stdio.o)
                0x000000000001c954                __sread
                0x000000000001c9a8                __seofread
                0x000000000001c9b0                __swrite
                0x000000000001ca2c                __sseek
                0x000000000001ca88                __sclose
 .text          0x000000000001ca90       0x90 e:/altera/15.0/nios2eds/bin/gnu/h-x86_64-mingw32/bin/../lib/gcc/nios2-elf/4.9.1/../../../../../H-x86_64-mingw32/nios2-elf/lib\libc.a(lib_a-strcpy.o)
                0x000000000001ca90                strcpy
 .text          0x000000000001cb20       0x98 e:/altera/15.0/nios2eds/bin/gnu/h-x86_64-mingw32/bin/../lib/gcc/nios2-elf/4.9.1/../../../../../H-x86_64-mingw32/nios2-elf/lib\libc.a(lib_a-strlen.o)
                0x000000000001cb20                strlen
 .text          0x000000000001cbb8     0x1f90 e:/altera/15.0/nios2eds/bin/gnu/h-x86_64-mingw32/bin/../lib/gcc/nios2-elf/4.9.1/../../../../../H-x86_64-mingw32/nios2-elf/lib\libc.a(lib_a-svfprintf.o)
                0x000000000001cbb8                ___svfprintf_internal_r
 .text          0x000000000001eb48     0x2020 e:/altera/15.0/nios2eds/bin/gnu/h-x86_64-mingw32/bin/../lib/gcc/nios2-elf/4.9.1/../../../../../H-x86_64-mingw32/nios2-elf/lib\libc.a(lib_a-vfprintf.o)
                0x000000000001eb48                ___vfprintf_internal_r
                0x0000000000020b44                __vfprintf_internal
 .text          0x0000000000020b68      0x170 e:/altera/15.0/nios2eds/bin/gnu/h-x86_64-mingw32/bin/../lib/gcc/nios2-elf/4.9.1/../../../../../H-x86_64-mingw32/nios2-elf/lib\libc.a(lib_a-wbuf.o)
                0x0000000000020b68                __swbuf_r
                0x0000000000020cbc                __swbuf
 .text          0x0000000000020cd8       0x5c e:/altera/15.0/nios2eds/bin/gnu/h-x86_64-mingw32/bin/../lib/gcc/nios2-elf/4.9.1/../../../../../H-x86_64-mingw32/nios2-elf/lib\libc.a(lib_a-writer.o)
                0x0000000000020cd8                _write_r
 .text          0x0000000000020d34      0x130 e:/altera/15.0/nios2eds/bin/gnu/h-x86_64-mingw32/bin/../lib/gcc/nios2-elf/4.9.1/../../../../../H-x86_64-mingw32/nios2-elf/lib\libc.a(lib_a-wsetup.o)
                0x0000000000020d34                __swsetup_r
 .text          0x0000000000020e64       0x54 e:/altera/15.0/nios2eds/bin/gnu/h-x86_64-mingw32/bin/../lib/gcc/nios2-elf/4.9.1/../../../../../H-x86_64-mingw32/nios2-elf/lib\libc.a(closer.o)
                0x0000000000020e64                _close_r
 .text          0x0000000000020eb8     0x1928 e:/altera/15.0/nios2eds/bin/gnu/h-x86_64-mingw32/bin/../lib/gcc/nios2-elf/4.9.1/../../../../../H-x86_64-mingw32/nios2-elf/lib\libc.a(lib_a-dtoa.o)
                0x00000000000210b8                _dtoa_r
 .text          0x00000000000227e0       0x98 e:/altera/15.0/nios2eds/bin/gnu/h-x86_64-mingw32/bin/../lib/gcc/nios2-elf/4.9.1/../../../../../H-x86_64-mingw32/nios2-elf/lib\libc.a(lib_a-flags.o)
                0x00000000000227e0                __sflags
 .text          0x0000000000022878      0x4a4 e:/altera/15.0/nios2eds/bin/gnu/h-x86_64-mingw32/bin/../lib/gcc/nios2-elf/4.9.1/../../../../../H-x86_64-mingw32/nios2-elf/lib\libc.a(lib_a-fvwrite.o)
                0x0000000000022878                __sfvwrite_r
 .text          0x0000000000022d1c       0x54 e:/altera/15.0/nios2eds/bin/gnu/h-x86_64-mingw32/bin/../lib/gcc/nios2-elf/4.9.1/../../../../../H-x86_64-mingw32/nios2-elf/lib\libc.a(lib_a-isattyr.o)
                0x0000000000022d1c                _isatty_r
 .text          0x0000000000022d70       0xe0 e:/altera/15.0/nios2eds/bin/gnu/h-x86_64-mingw32/bin/../lib/gcc/nios2-elf/4.9.1/../../../../../H-x86_64-mingw32/nios2-elf/lib\libc.a(lib_a-locale.o)
                0x0000000000022d70                _setlocale_r
                0x0000000000022dec                __locale_charset
                0x0000000000022df8                __locale_mb_cur_max
                0x0000000000022e08                __locale_msgcharset
                0x0000000000022e14                __locale_cjk_lang
                0x0000000000022e1c                _localeconv_r
                0x0000000000022e28                setlocale
                0x0000000000022e44                localeconv
 .text          0x0000000000022e50       0x5c e:/altera/15.0/nios2eds/bin/gnu/h-x86_64-mingw32/bin/../lib/gcc/nios2-elf/4.9.1/../../../../../H-x86_64-mingw32/nios2-elf/lib\libc.a(lib_a-lseekr.o)
                0x0000000000022e50                _lseek_r
 .text          0x0000000000022eac       0xe8 e:/altera/15.0/nios2eds/bin/gnu/h-x86_64-mingw32/bin/../lib/gcc/nios2-elf/4.9.1/../../../../../H-x86_64-mingw32/nios2-elf/lib\libc.a(lib_a-memchr.o)
                0x0000000000022eac                memchr
 .text          0x0000000000022f94      0x15c e:/altera/15.0/nios2eds/bin/gnu/h-x86_64-mingw32/bin/../lib/gcc/nios2-elf/4.9.1/../../../../../H-x86_64-mingw32/nios2-elf/lib\libc.a(lib_a-memmove.o)
                0x0000000000022f94                memmove
 .text          0x00000000000230f0      0xf8c e:/altera/15.0/nios2eds/bin/gnu/h-x86_64-mingw32/bin/../lib/gcc/nios2-elf/4.9.1/../../../../../H-x86_64-mingw32/nios2-elf/lib\libc.a(lib_a-mprec.o)
                0x00000000000230f0                _Balloc
                0x0000000000023198                _Bfree
                0x00000000000231c0                __multadd
                0x00000000000232d4                __s2b
                0x00000000000233d8                __hi0bits
                0x0000000000023440                __lo0bits
                0x00000000000234f0                __i2b
                0x000000000002352c                __multiply
                0x0000000000023728                __pow5mult
                0x0000000000023868                __lshift
                0x00000000000239b0                __mcmp
                0x0000000000023a10                __mdiff
                0x0000000000023ba8                __ulp
                0x0000000000023c08                __b2d
                0x0000000000023d24                __d2b
                0x0000000000023e60                __ratio
                0x0000000000023f04                _mprec_log10
                0x0000000000023f78                __copybits
                0x0000000000023ff0                __any_on
 .text          0x000000000002407c       0x5c e:/altera/15.0/nios2eds/bin/gnu/h-x86_64-mingw32/bin/../lib/gcc/nios2-elf/4.9.1/../../../../../H-x86_64-mingw32/nios2-elf/lib\libc.a(lib_a-readr.o)
                0x000000000002407c                _read_r
 .text          0x00000000000240d8      0x5a0 e:/altera/15.0/nios2eds/bin/gnu/h-x86_64-mingw32/bin/../lib/gcc/nios2-elf/4.9.1/../../../../../H-x86_64-mingw32/nios2-elf/lib\libc.a(lib_a-reallocr.o)
                0x00000000000240d8                _realloc_r
 .text          0x0000000000024678       0x74 e:/altera/15.0/nios2eds/bin/gnu/h-x86_64-mingw32/bin/../lib/gcc/nios2-elf/4.9.1/../../../../../H-x86_64-mingw32/nios2-elf/lib\libc.a(lib_a-s_fpclassify.o)
                0x0000000000024678                __fpclassifyd
 .text          0x00000000000246ec       0xa4 e:/altera/15.0/nios2eds/bin/gnu/h-x86_64-mingw32/bin/../lib/gcc/nios2-elf/4.9.1/../../../../../H-x86_64-mingw32/nios2-elf/lib\libc.a(lib_a-strcmp.o)
                0x00000000000246ec                strcmp
 .text          0x0000000000024790     0x1230 e:/altera/15.0/nios2eds/bin/gnu/h-x86_64-mingw32/bin/../lib/gcc/nios2-elf/4.9.1/../../../../../H-x86_64-mingw32/nios2-elf/lib\libc.a(lib_a-svfiprintf.o)
                0x0000000000024790                __ssprint_r
                0x0000000000024958                ___svfiprintf_internal_r
 .text          0x00000000000259c0     0x1494 e:/altera/15.0/nios2eds/bin/gnu/h-x86_64-mingw32/bin/../lib/gcc/nios2-elf/4.9.1/../../../../../H-x86_64-mingw32/nios2-elf/lib\libc.a(lib_a-vfiprintf.o)
                0x0000000000025abc                __sprint_r
                0x0000000000025ad4                ___vfiprintf_internal_r
                0x0000000000026e30                __vfiprintf_internal
 .text          0x0000000000026e54       0xc4 e:/altera/15.0/nios2eds/bin/gnu/h-x86_64-mingw32/bin/../lib/gcc/nios2-elf/4.9.1/../../../../../H-x86_64-mingw32/nios2-elf/lib\libc.a(lib_a-callocr.o)
                0x0000000000026e54                _calloc_r
 .text          0x0000000000026f18      0x1dc e:/altera/15.0/nios2eds/bin/gnu/h-x86_64-mingw32/bin/../lib/gcc/nios2-elf/4.9.1/../../../../../H-x86_64-mingw32/nios2-elf/lib\libc.a(lib_a-fputwc.o)
                0x0000000000026f18                _fputwc_r
                0x000000000002709c                fputwc
 .text          0x00000000000270f4      0x174 e:/altera/15.0/nios2eds/bin/gnu/h-x86_64-mingw32/bin/../lib/gcc/nios2-elf/4.9.1/../../../../../H-x86_64-mingw32/nios2-elf/lib\libc.a(lib_a-wcrtomb.o)
                0x00000000000270f4                _wcrtomb_r
                0x0000000000027190                wcrtomb
 .text          0x0000000000027268       0x8c e:/altera/15.0/nios2eds/bin/gnu/h-x86_64-mingw32/bin/../lib/gcc/nios2-elf/4.9.1/../../../../../H-x86_64-mingw32/nios2-elf/lib\libc.a(lib_a-wctomb_r.o)
                0x0000000000027268                __ascii_wctomb
                0x0000000000027298                _wctomb_r
 .text          0x00000000000272f4      0x5c0 e:/altera/15.0/nios2eds/bin/gnu/h-x86_64-mingw32/bin/../lib/gcc/nios2-elf/4.9.1\libgcc.a(_udivdi3.o)
                0x00000000000272f4                __udivdi3
 .text          0x00000000000278b4      0x590 e:/altera/15.0/nios2eds/bin/gnu/h-x86_64-mingw32/bin/../lib/gcc/nios2-elf/4.9.1\libgcc.a(_umoddi3.o)
                0x00000000000278b4                __umoddi3
 .text          0x0000000000027e44       0x84 e:/altera/15.0/nios2eds/bin/gnu/h-x86_64-mingw32/bin/../lib/gcc/nios2-elf/4.9.1\libgcc.a(eqdf2.o)
                0x0000000000027e44                __nedf2
                0x0000000000027e44                __eqdf2
 .text          0x0000000000027ec8       0xe0 e:/altera/15.0/nios2eds/bin/gnu/h-x86_64-mingw32/bin/../lib/gcc/nios2-elf/4.9.1\libgcc.a(ledf2.o)
                0x0000000000027ec8                __ledf2
                0x0000000000027ec8                __ltdf2
 .text          0x0000000000027fa8       0xa4 e:/altera/15.0/nios2eds/bin/gnu/h-x86_64-mingw32/bin/../lib/gcc/nios2-elf/4.9.1\libgcc.a(floatunsidf.o)
                0x0000000000027fa8                __floatunsidf
 .text          0x000000000002804c      0x120 ../ebook2_bsp/\libhal_bsp.a(alt_close.o)
                0x000000000002809c                close
 .text          0x000000000002816c       0x2c ../ebook2_bsp/\libhal_bsp.a(alt_dev.o)
 .text          0x0000000000028198        0x0 ../ebook2_bsp/\libhal_bsp.a(alt_errno.o)
 .text          0x0000000000028198      0x100 ../ebook2_bsp/\libhal_bsp.a(alt_fstat.o)
                0x00000000000281e8                fstat
 .text          0x0000000000028298      0x1e0 ../ebook2_bsp/\libhal_bsp.a(alt_iic.o)
                0x0000000000028298                alt_ic_isr_register
                0x00000000000282e8                alt_ic_irq_enable
                0x0000000000028388                alt_ic_irq_disable
                0x000000000002842c                alt_ic_irq_enabled
 .text          0x0000000000028478       0xf0 ../ebook2_bsp/\libhal_bsp.a(alt_iic_isr_register.o)
                0x0000000000028478                alt_iic_isr_register
 .text          0x0000000000028568        0x0 ../ebook2_bsp/\libhal_bsp.a(alt_irq_entry.o)
 .text          0x0000000000028568        0x0 ../ebook2_bsp/\libhal_bsp.a(alt_irq_handler.o)
 .text          0x0000000000028568        0x0 ../ebook2_bsp/\libhal_bsp.a(alt_irq_vars.o)
 .text          0x0000000000028568       0xf4 ../ebook2_bsp/\libhal_bsp.a(alt_isatty.o)
                0x00000000000285b8                isatty
 .text          0x000000000002865c       0xe4 ../ebook2_bsp/\libhal_bsp.a(alt_load.o)
                0x00000000000286c0                alt_load
 .text          0x0000000000028740      0x124 ../ebook2_bsp/\libhal_bsp.a(alt_lseek.o)
                0x0000000000028790                lseek
 .text          0x0000000000028864       0x78 ../ebook2_bsp/\libhal_bsp.a(alt_main.o)
                0x0000000000028864                alt_main
 .text          0x00000000000288dc       0x40 ../ebook2_bsp/\libhal_bsp.a(alt_malloc_lock.o)
                0x00000000000288dc                __malloc_lock
                0x00000000000288fc                __malloc_unlock
 .text          0x000000000002891c      0x274 ../ebook2_bsp/\libhal_bsp.a(alt_open.o)
                0x0000000000028a38                open
 .text          0x0000000000028b90      0x14c ../ebook2_bsp/\libhal_bsp.a(alt_read.o)
                0x0000000000028be0                read
 .text          0x0000000000028cdc       0x60 ../ebook2_bsp/\libhal_bsp.a(alt_release_fd.o)
                0x0000000000028cdc                alt_release_fd
 .text          0x0000000000028d3c       0xb0 ../ebook2_bsp/\libhal_bsp.a(alt_sbrk.o)
                0x0000000000028d3c                sbrk
 .text          0x0000000000028dec       0x30 ../ebook2_bsp/\libhal_bsp.a(alt_usleep.o)
                0x0000000000028dec                usleep
 .text          0x0000000000028e1c      0x148 ../ebook2_bsp/\libhal_bsp.a(alt_write.o)
                0x0000000000028e6c                write
 .text          0x0000000000028f64       0xd8 ../ebook2_bsp/\libhal_bsp.a(alt_sys_init.o)
                0x0000000000028f9c                alt_irq_init
                0x0000000000028fd0                alt_sys_init
 .text          0x000000000002903c     0x430c ../ebook2_bsp/\libhal_bsp.a(Altera_UP_SD_Card_Avalon_Interface.o)
                0x000000000002903c                Write_Sector_Data
                0x00000000000290f0                Save_Modified_Sector
                0x000000000002913c                Read_Sector_Data
                0x0000000000029214                get_cluster_flag
                0x00000000000292c8                mark_cluster
                0x00000000000293a8                Check_for_Master_Boot_Record
                0x0000000000029554                Read_File_Record_At_Offset
                0x00000000000297d0                Write_File_Record_At_Offset
                0x0000000000029a5c                Check_for_DOS_FAT
                0x000000000002a104                Look_for_FAT16
                0x000000000002a1f0                filename_to_upper_case
                0x000000000002a2b0                check_file_name_for_FAT16_compliance
                0x000000000002a51c                get_dir_divider_location
                0x000000000002a5d4                match_file_record_to_name_ext
                0x000000000002a870                get_home_directory_cluster_for_file
                0x000000000002ada4                find_file_in_directory
                0x000000000002b214                find_first_empty_cluster
                0x000000000002b3c8                find_first_empty_record_in_a_subdirectory
                0x000000000002b614                find_first_empty_record_in_root_directory
                0x000000000002b748                convert_filename_to_name_extension
                0x000000000002b8d0                create_file
                0x000000000002bb94                copy_file_record_name_to_string
                0x000000000002bcd8                alt_up_sd_card_open_dev
                0x000000000002bd98                alt_up_sd_card_is_Present
                0x000000000002be5c                alt_up_sd_card_is_FAT16
                0x000000000002bec8                alt_up_sd_card_find_first
                0x000000000002bf98                alt_up_sd_card_find_next
                0x000000000002c34c                alt_up_sd_card_fopen
                0x000000000002c6d0                alt_up_sd_card_set_attributes
                0x000000000002c754                alt_up_sd_card_get_attributes
                0x000000000002c7dc                alt_up_sd_card_read
                0x000000000002cb54                alt_up_sd_card_write
                0x000000000002d18c                alt_up_sd_card_fclose
 .text          0x000000000002d348      0x164 ../ebook2_bsp/\libhal_bsp.a(altera_avalon_jtag_uart_fd.o)
                0x000000000002d348                altera_avalon_jtag_uart_read_fd
                0x000000000002d3a8                altera_avalon_jtag_uart_write_fd
                0x000000000002d408                altera_avalon_jtag_uart_close_fd
                0x000000000002d458                altera_avalon_jtag_uart_ioctl_fd
 .text          0x000000000002d4ac      0x3d8 ../ebook2_bsp/\libhal_bsp.a(altera_avalon_jtag_uart_init.o)
                0x000000000002d4ac                altera_avalon_jtag_uart_init
                0x000000000002d81c                altera_avalon_jtag_uart_close
 .text          0x000000000002d884       0xec ../ebook2_bsp/\libhal_bsp.a(altera_avalon_jtag_uart_ioctl.o)
                0x000000000002d884                altera_avalon_jtag_uart_ioctl
 .text          0x000000000002d970      0x20c ../ebook2_bsp/\libhal_bsp.a(altera_avalon_jtag_uart_read.o)
                0x000000000002d970                altera_avalon_jtag_uart_read
 .text          0x000000000002db7c      0x218 ../ebook2_bsp/\libhal_bsp.a(altera_avalon_jtag_uart_write.o)
                0x000000000002db7c                altera_avalon_jtag_uart_write
 .text          0x000000000002dd94       0xfc ../ebook2_bsp/\libhal_bsp.a(altera_avalon_timer_sc.o)
                0x000000000002de08                alt_avalon_timer_sc_init
 .text          0x000000000002de90      0x140 ../ebook2_bsp/\libhal_bsp.a(alt_alarm_start.o)
                0x000000000002de90                alt_alarm_start
 .text          0x000000000002dfd0      0x158 ../ebook2_bsp/\libhal_bsp.a(alt_busy_sleep.o)
                0x000000000002dfd0                alt_busy_sleep
 .text          0x000000000002e128       0x44 ../ebook2_bsp/\libhal_bsp.a(alt_dcache_flush_all.o)
                0x000000000002e128                alt_dcache_flush_all
 .text          0x000000000002e16c       0xf4 ../ebook2_bsp/\libhal_bsp.a(alt_dev_llist_insert.o)
                0x000000000002e1bc                alt_dev_llist_insert
 .text          0x000000000002e260       0x5c ../ebook2_bsp/\libhal_bsp.a(alt_do_ctors.o)
                0x000000000002e260                _do_ctors
 .text          0x000000000002e2bc       0x5c ../ebook2_bsp/\libhal_bsp.a(alt_do_dtors.o)
                0x000000000002e2bc                _do_dtors
 .text          0x000000000002e318        0x0 ../ebook2_bsp/\libhal_bsp.a(alt_exception_entry.o)
 .text          0x000000000002e318       0x90 ../ebook2_bsp/\libhal_bsp.a(alt_find_dev.o)
                0x000000000002e318                alt_find_dev
 .text          0x000000000002e3a8      0x114 ../ebook2_bsp/\libhal_bsp.a(alt_find_file.o)
                0x000000000002e3a8                alt_find_file
 .text          0x000000000002e4bc       0xb4 ../ebook2_bsp/\libhal_bsp.a(alt_get_fd.o)
                0x000000000002e4bc                alt_get_fd
 .text          0x000000000002e570       0x30 ../ebook2_bsp/\libhal_bsp.a(alt_icache_flush_all.o)
                0x000000000002e570                alt_icache_flush_all
 .text          0x000000000002e5a0       0x9c ../ebook2_bsp/\libhal_bsp.a(alt_instruction_exception_entry.o)
                0x000000000002e5a0                alt_exception_cause_generated_bad_addr
 .text          0x000000000002e63c      0x138 ../ebook2_bsp/\libhal_bsp.a(alt_io_redirect.o)
                0x000000000002e6fc                alt_io_redirect
 .text          0x000000000002e774      0x19c ../ebook2_bsp/\libhal_bsp.a(alt_tick.o)
                0x000000000002e774                alt_alarm_stop
                0x000000000002e80c                alt_tick
 .text          0x000000000002e910       0x20 ../ebook2_bsp/\libhal_bsp.a(altera_nios2_gen2_irq.o)
                0x000000000002e910                altera_nios2_gen2_irq_init
 .text          0x000000000002e930       0x8c ../ebook2_bsp/\libhal_bsp.a(alt_icache_flush.o)
                0x000000000002e930                alt_icache_flush
 .text          0x000000000002e9bc       0x14 e:/altera/15.0/nios2eds/bin/gnu/h-x86_64-mingw32/bin/../lib/gcc/nios2-elf/4.9.1/../../../../../H-x86_64-mingw32/nios2-elf/lib\libc.a(lib_a-atexit.o)
                0x000000000002e9bc                atexit
 .text          0x000000000002e9d0       0x38 e:/altera/15.0/nios2eds/bin/gnu/h-x86_64-mingw32/bin/../lib/gcc/nios2-elf/4.9.1/../../../../../H-x86_64-mingw32/nios2-elf/lib\libc.a(lib_a-exit.o)
                0x000000000002e9d0                exit
 .text          0x000000000002ea08       0x7c e:/altera/15.0/nios2eds/bin/gnu/h-x86_64-mingw32/bin/../lib/gcc/nios2-elf/4.9.1/../../../../../H-x86_64-mingw32/nios2-elf/lib\libc.a(lib_a-memcmp.o)
                0x000000000002ea08                memcmp
 .text          0x000000000002ea84      0x114 e:/altera/15.0/nios2eds/bin/gnu/h-x86_64-mingw32/bin/../lib/gcc/nios2-elf/4.9.1/../../../../../H-x86_64-mingw32/nios2-elf/lib\libc.a(lib_a-__atexit.o)
                0x000000000002ea84                __register_exitproc
 .text          0x000000000002eb98      0x194 e:/altera/15.0/nios2eds/bin/gnu/h-x86_64-mingw32/bin/../lib/gcc/nios2-elf/4.9.1/../../../../../H-x86_64-mingw32/nios2-elf/lib\libc.a(lib_a-__call_atexit.o)
                0x000000000002eb98                __call_exitprocs
 .text          0x000000000002ed2c       0x34 ../ebook2_bsp/\libhal_bsp.a(alt_exit.o)
                0x000000000002ed2c                _exit
 *(.gnu.warning.*)
 *(.fini)
                0x000000000002ed60                PROVIDE (__etext, ABSOLUTE (.))
                0x000000000002ed60                PROVIDE (_etext, ABSOLUTE (.))
                0x000000000002ed60                PROVIDE (etext, ABSOLUTE (.))
 *(.eh_frame_hdr)
                0x000000000002ed60                . = ALIGN (0x4)
                0x000000000002ed60                PROVIDE (__preinit_array_start, ABSOLUTE (.))
 *(.preinit_array)
                0x000000000002ed60                PROVIDE (__preinit_array_end, ABSOLUTE (.))
                0x000000000002ed60                PROVIDE (__init_array_start, ABSOLUTE (.))
 *(.init_array)
                0x000000000002ed60                PROVIDE (__init_array_end, ABSOLUTE (.))
                0x000000000002ed60                PROVIDE (__fini_array_start, ABSOLUTE (.))
 *(.fini_array)
                0x000000000002ed60                PROVIDE (__fini_array_end, ABSOLUTE (.))
 *(.eh_frame)
 *(.gcc_except_table .gcc_except_table.*)
 *(.dynamic)
                0x000000000002ed60                PROVIDE (__CTOR_LIST__, ABSOLUTE (.))
 *(.ctors)
 *(SORT(.ctors.*))
                0x000000000002ed60                PROVIDE (__CTOR_END__, ABSOLUTE (.))
                0x000000000002ed60                PROVIDE (__DTOR_LIST__, ABSOLUTE (.))
 *(.dtors)
 *(SORT(.dtors.*))
                0x000000000002ed60                PROVIDE (__DTOR_END__, ABSOLUTE (.))
 *(.jcr)
                0x000000000002ed60                . = ALIGN (0x4)

.rodata         0x000000000002ed60    0xbe3d0
                0x000000000002ed60                PROVIDE (__ram_rodata_start, ABSOLUTE (.))
                0x000000000002ed60                . = ALIGN (0x4)
 *(.rodata .rodata.* .gnu.linkonce.r.*)
 .rodata        0x000000000002ed60      0x800 obj/default/ascii_font.o
                0x000000000002ed60                ascii_font_x8y16
 .rodata        0x000000000002f560      0x200 obj/default/color.o
                0x000000000002f560                color_form
 .rodata        0x000000000002f760    0xbc040 obj/default/gbk_font.o
                0x000000000002f760                gbk_font_x16y16
 .rodata        0x00000000000eb7a0       0x98 obj/default/icon_pic.o
                0x00000000000eb7a0                icon_setting
                0x00000000000eb7c0                icon_home
                0x00000000000eb7e0                icon_back
                0x00000000000eb800                icon_dot
                0x00000000000eb818                icon_move_up
                0x00000000000eb828                icon_move_down
 .rodata        0x00000000000eb838       0x64 obj/default/main.o
 .rodata        0x00000000000eb89c       0x68 obj/default/screen.o
 .rodata        0x00000000000eb904     0x1208 obj/default/test_value.o
 .rodata        0x00000000000ecb0c        0xc obj/default/tftlcd.o
 .rodata        0x00000000000ecb18        0xc obj/default/touch.o
                0x00000000000ecb18                TP_ADJDIS_TBL
 .rodata        0x00000000000ecb24       0xec obj/default/touch_resp.o
 .rodata        0x00000000000ecc10      0x1bc obj/default/txt_read.o
 .rodata        0x00000000000ecdcc      0x100 e:/altera/15.0/nios2eds/bin/gnu/h-x86_64-mingw32/bin/../lib/gcc/nios2-elf/4.9.1\libgcc.a(_clz.o)
                0x00000000000ecdcc                __clz_tab
 .rodata.str1.4
                0x00000000000ececc        0x2 e:/altera/15.0/nios2eds/bin/gnu/h-x86_64-mingw32/bin/../lib/gcc/nios2-elf/4.9.1/../../../../../H-x86_64-mingw32/nios2-elf/lib\libc.a(lib_a-impure.o)
                                          0x4 (size before relaxing)
 *fill*         0x00000000000ecece        0x2 
 .rodata.str1.4
                0x00000000000eced0        0x2 e:/altera/15.0/nios2eds/bin/gnu/h-x86_64-mingw32/bin/../lib/gcc/nios2-elf/4.9.1/../../../../../H-x86_64-mingw32/nios2-elf/lib\libc.a(lib_a-puts.o)
                                          0x4 (size before relaxing)
 *fill*         0x00000000000eced2        0x2 
 .rodata.str1.4
                0x00000000000eced4       0x42 e:/altera/15.0/nios2eds/bin/gnu/h-x86_64-mingw32/bin/../lib/gcc/nios2-elf/4.9.1/../../../../../H-x86_64-mingw32/nios2-elf/lib\libc.a(lib_a-svfprintf.o)
                                         0x44 (size before relaxing)
 .rodata        0x00000000000ecf16       0x20 e:/altera/15.0/nios2eds/bin/gnu/h-x86_64-mingw32/bin/../lib/gcc/nios2-elf/4.9.1/../../../../../H-x86_64-mingw32/nios2-elf/lib\libc.a(lib_a-svfprintf.o)
 .rodata.str1.4
                0x0000000000000000       0x44 e:/altera/15.0/nios2eds/bin/gnu/h-x86_64-mingw32/bin/../lib/gcc/nios2-elf/4.9.1/../../../../../H-x86_64-mingw32/nios2-elf/lib\libc.a(lib_a-vfprintf.o)
 .rodata        0x00000000000ecf36       0x20 e:/altera/15.0/nios2eds/bin/gnu/h-x86_64-mingw32/bin/../lib/gcc/nios2-elf/4.9.1/../../../../../H-x86_64-mingw32/nios2-elf/lib\libc.a(lib_a-vfprintf.o)
 *fill*         0x00000000000ecf56        0x2 
 .rodata.str1.4
                0x00000000000ecf58       0x10 e:/altera/15.0/nios2eds/bin/gnu/h-x86_64-mingw32/bin/../lib/gcc/nios2-elf/4.9.1/../../../../../H-x86_64-mingw32/nios2-elf/lib\libc.a(lib_a-dtoa.o)
                                         0x14 (size before relaxing)
 .rodata.str1.4
                0x00000000000ecf68        0xc e:/altera/15.0/nios2eds/bin/gnu/h-x86_64-mingw32/bin/../lib/gcc/nios2-elf/4.9.1/../../../../../H-x86_64-mingw32/nios2-elf/lib\libc.a(lib_a-locale.o)
                                         0x14 (size before relaxing)
 .rodata        0x00000000000ecf74      0x124 e:/altera/15.0/nios2eds/bin/gnu/h-x86_64-mingw32/bin/../lib/gcc/nios2-elf/4.9.1/../../../../../H-x86_64-mingw32/nios2-elf/lib\libc.a(lib_a-mprec.o)
                0x00000000000ecf80                __mprec_tinytens
                0x00000000000ecfa8                __mprec_bigtens
                0x00000000000ecfd0                __mprec_tens
 .rodata.str1.4
                0x0000000000000000       0x30 e:/altera/15.0/nios2eds/bin/gnu/h-x86_64-mingw32/bin/../lib/gcc/nios2-elf/4.9.1/../../../../../H-x86_64-mingw32/nios2-elf/lib\libc.a(lib_a-svfiprintf.o)
 .rodata        0x00000000000ed098       0x20 e:/altera/15.0/nios2eds/bin/gnu/h-x86_64-mingw32/bin/../lib/gcc/nios2-elf/4.9.1/../../../../../H-x86_64-mingw32/nios2-elf/lib\libc.a(lib_a-svfiprintf.o)
 .rodata.str1.4
                0x0000000000000000       0x30 e:/altera/15.0/nios2eds/bin/gnu/h-x86_64-mingw32/bin/../lib/gcc/nios2-elf/4.9.1/../../../../../H-x86_64-mingw32/nios2-elf/lib\libc.a(lib_a-vfiprintf.o)
 .rodata        0x00000000000ed0b8       0x20 e:/altera/15.0/nios2eds/bin/gnu/h-x86_64-mingw32/bin/../lib/gcc/nios2-elf/4.9.1/../../../../../H-x86_64-mingw32/nios2-elf/lib\libc.a(lib_a-vfiprintf.o)
 .rodata        0x00000000000ed0d8        0xc ../ebook2_bsp/\libhal_bsp.a(alt_dev.o)
 .rodata        0x00000000000ed0e4       0x10 ../ebook2_bsp/\libhal_bsp.a(alt_main.o)
 .rodata        0x00000000000ed0f4       0x3c ../ebook2_bsp/\libhal_bsp.a(alt_sys_init.o)
 *(.rodata1)
                0x00000000000ed130                . = ALIGN (0x4)
                0x00000000000ed130                PROVIDE (__ram_rodata_end, ABSOLUTE (.))
                0x000000000002ed60                PROVIDE (__flash_rodata_start, LOADADDR (.rodata))

.rwdata         0x00000000000ed130     0x2128 load address 0x00000000000ef258
                0x00000000000ed130                PROVIDE (__ram_rwdata_start, ABSOLUTE (.))
                0x00000000000ed130                . = ALIGN (0x4)
 *(.got.plt)
 *(.got)
 *(.data1)
 *(.data .data.* .gnu.linkonce.d.*)
 .data          0x00000000000ed130        0x0 ../ebook2_bsp//obj/HAL/src/crt0.o
 .data          0x00000000000ed130        0x0 obj/default/ascii_font.o
 .data          0x00000000000ed130        0x0 obj/default/color.o
 .data          0x00000000000ed130        0x0 obj/default/font_manage.o
 .data          0x00000000000ed130        0x0 obj/default/gbk_font.o
 .data          0x00000000000ed130        0x0 obj/default/icon_pic.o
 .data          0x00000000000ed130        0x0 obj/default/main.o
 .data          0x00000000000ed130        0x0 obj/default/screen.o
 .data          0x00000000000ed130        0x0 obj/default/screen_display.o
 .data          0x00000000000ed130        0x0 obj/default/sdread.o
 .data          0x00000000000ed130        0x0 obj/default/test_value.o
 .data          0x00000000000ed130        0x0 obj/default/tftlcd.o
 .data          0x00000000000ed130        0x0 obj/default/time_count.o
 .data          0x00000000000ed130       0x30 obj/default/touch.o
                0x00000000000ed130                tp_dev
 .data          0x00000000000ed160        0x0 obj/default/touch_resp.o
 .data          0x00000000000ed160      0x5be obj/default/txt_read.o
                0x00000000000ed160                txtBookSpace
 .data          0x00000000000ed71e        0x0 e:/altera/15.0/nios2eds/bin/gnu/h-x86_64-mingw32/bin/../lib/gcc/nios2-elf/4.9.1\libgcc.a(_fixunssfsi.o)
 .data          0x00000000000ed71e        0x0 e:/altera/15.0/nios2eds/bin/gnu/h-x86_64-mingw32/bin/../lib/gcc/nios2-elf/4.9.1\libgcc.a(_fixunsdfsi.o)
 .data          0x00000000000ed71e        0x0 e:/altera/15.0/nios2eds/bin/gnu/h-x86_64-mingw32/bin/../lib/gcc/nios2-elf/4.9.1\libgcc.a(lib2-divmod.o)
 .data          0x00000000000ed71e        0x0 e:/altera/15.0/nios2eds/bin/gnu/h-x86_64-mingw32/bin/../lib/gcc/nios2-elf/4.9.1\libgcc.a(addsf3.o)
 .data          0x00000000000ed71e        0x0 e:/altera/15.0/nios2eds/bin/gnu/h-x86_64-mingw32/bin/../lib/gcc/nios2-elf/4.9.1\libgcc.a(divsf3.o)
 .data          0x00000000000ed71e        0x0 e:/altera/15.0/nios2eds/bin/gnu/h-x86_64-mingw32/bin/../lib/gcc/nios2-elf/4.9.1\libgcc.a(gesf2.o)
 .data          0x00000000000ed71e        0x0 e:/altera/15.0/nios2eds/bin/gnu/h-x86_64-mingw32/bin/../lib/gcc/nios2-elf/4.9.1\libgcc.a(lesf2.o)
 .data          0x00000000000ed71e        0x0 e:/altera/15.0/nios2eds/bin/gnu/h-x86_64-mingw32/bin/../lib/gcc/nios2-elf/4.9.1\libgcc.a(mulsf3.o)
 .data          0x00000000000ed71e        0x0 e:/altera/15.0/nios2eds/bin/gnu/h-x86_64-mingw32/bin/../lib/gcc/nios2-elf/4.9.1\libgcc.a(subsf3.o)
 .data          0x00000000000ed71e        0x0 e:/altera/15.0/nios2eds/bin/gnu/h-x86_64-mingw32/bin/../lib/gcc/nios2-elf/4.9.1\libgcc.a(fixsfsi.o)
 .data          0x00000000000ed71e        0x0 e:/altera/15.0/nios2eds/bin/gnu/h-x86_64-mingw32/bin/../lib/gcc/nios2-elf/4.9.1\libgcc.a(floatsisf.o)
 .data          0x00000000000ed71e        0x0 e:/altera/15.0/nios2eds/bin/gnu/h-x86_64-mingw32/bin/../lib/gcc/nios2-elf/4.9.1\libgcc.a(floatunsisf.o)
 .data          0x00000000000ed71e        0x0 e:/altera/15.0/nios2eds/bin/gnu/h-x86_64-mingw32/bin/../lib/gcc/nios2-elf/4.9.1\libgcc.a(adddf3.o)
 .data          0x00000000000ed71e        0x0 e:/altera/15.0/nios2eds/bin/gnu/h-x86_64-mingw32/bin/../lib/gcc/nios2-elf/4.9.1\libgcc.a(divdf3.o)
 .data          0x00000000000ed71e        0x0 e:/altera/15.0/nios2eds/bin/gnu/h-x86_64-mingw32/bin/../lib/gcc/nios2-elf/4.9.1\libgcc.a(gedf2.o)
 .data          0x00000000000ed71e        0x0 e:/altera/15.0/nios2eds/bin/gnu/h-x86_64-mingw32/bin/../lib/gcc/nios2-elf/4.9.1\libgcc.a(muldf3.o)
 .data          0x00000000000ed71e        0x0 e:/altera/15.0/nios2eds/bin/gnu/h-x86_64-mingw32/bin/../lib/gcc/nios2-elf/4.9.1\libgcc.a(subdf3.o)
 .data          0x00000000000ed71e        0x0 e:/altera/15.0/nios2eds/bin/gnu/h-x86_64-mingw32/bin/../lib/gcc/nios2-elf/4.9.1\libgcc.a(fixdfsi.o)
 .data          0x00000000000ed71e        0x0 e:/altera/15.0/nios2eds/bin/gnu/h-x86_64-mingw32/bin/../lib/gcc/nios2-elf/4.9.1\libgcc.a(floatsidf.o)
 .data          0x00000000000ed71e        0x0 e:/altera/15.0/nios2eds/bin/gnu/h-x86_64-mingw32/bin/../lib/gcc/nios2-elf/4.9.1\libgcc.a(extendsfdf2.o)
 .data          0x00000000000ed71e        0x0 e:/altera/15.0/nios2eds/bin/gnu/h-x86_64-mingw32/bin/../lib/gcc/nios2-elf/4.9.1\libgcc.a(truncdfsf2.o)
 .data          0x00000000000ed71e        0x0 e:/altera/15.0/nios2eds/bin/gnu/h-x86_64-mingw32/bin/../lib/gcc/nios2-elf/4.9.1\libgcc.a(_clzsi2.o)
 .data          0x00000000000ed71e        0x0 e:/altera/15.0/nios2eds/bin/gnu/h-x86_64-mingw32/bin/../lib/gcc/nios2-elf/4.9.1\libgcc.a(_clz.o)
 .data          0x00000000000ed71e        0x0 e:/altera/15.0/nios2eds/bin/gnu/h-x86_64-mingw32/bin/../lib/gcc/nios2-elf/4.9.1/../../../../../H-x86_64-mingw32/nios2-elf/lib\libc.a(lib_a-fclose.o)
 .data          0x00000000000ed71e        0x0 e:/altera/15.0/nios2eds/bin/gnu/h-x86_64-mingw32/bin/../lib/gcc/nios2-elf/4.9.1/../../../../../H-x86_64-mingw32/nios2-elf/lib\libc.a(lib_a-fflush.o)
 .data          0x00000000000ed71e        0x0 e:/altera/15.0/nios2eds/bin/gnu/h-x86_64-mingw32/bin/../lib/gcc/nios2-elf/4.9.1/../../../../../H-x86_64-mingw32/nios2-elf/lib\libc.a(lib_a-findfp.o)
 .data          0x00000000000ed71e        0x0 e:/altera/15.0/nios2eds/bin/gnu/h-x86_64-mingw32/bin/../lib/gcc/nios2-elf/4.9.1/../../../../../H-x86_64-mingw32/nios2-elf/lib\libc.a(lib_a-fopen.o)
 .data          0x00000000000ed71e        0x0 e:/altera/15.0/nios2eds/bin/gnu/h-x86_64-mingw32/bin/../lib/gcc/nios2-elf/4.9.1/../../../../../H-x86_64-mingw32/nios2-elf/lib\libc.a(lib_a-fprintf.o)
 .data          0x00000000000ed71e        0x0 e:/altera/15.0/nios2eds/bin/gnu/h-x86_64-mingw32/bin/../lib/gcc/nios2-elf/4.9.1/../../../../../H-x86_64-mingw32/nios2-elf/lib\libc.a(lib_a-fputc.o)
 .data          0x00000000000ed71e        0x0 e:/altera/15.0/nios2eds/bin/gnu/h-x86_64-mingw32/bin/../lib/gcc/nios2-elf/4.9.1/../../../../../H-x86_64-mingw32/nios2-elf/lib\libc.a(lib_a-freer.o)
 .data          0x00000000000ed71e        0x0 e:/altera/15.0/nios2eds/bin/gnu/h-x86_64-mingw32/bin/../lib/gcc/nios2-elf/4.9.1/../../../../../H-x86_64-mingw32/nios2-elf/lib\libc.a(lib_a-fseek.o)
 .data          0x00000000000ed71e        0x0 e:/altera/15.0/nios2eds/bin/gnu/h-x86_64-mingw32/bin/../lib/gcc/nios2-elf/4.9.1/../../../../../H-x86_64-mingw32/nios2-elf/lib\libc.a(lib_a-fstatr.o)
 .data          0x00000000000ed71e        0x0 e:/altera/15.0/nios2eds/bin/gnu/h-x86_64-mingw32/bin/../lib/gcc/nios2-elf/4.9.1/../../../../../H-x86_64-mingw32/nios2-elf/lib\libc.a(lib_a-fwalk.o)
 *fill*         0x00000000000ed71e        0x2 
 .data          0x00000000000ed720      0x424 e:/altera/15.0/nios2eds/bin/gnu/h-x86_64-mingw32/bin/../lib/gcc/nios2-elf/4.9.1/../../../../../H-x86_64-mingw32/nios2-elf/lib\libc.a(lib_a-impure.o)
 .data          0x00000000000edb44        0x0 e:/altera/15.0/nios2eds/bin/gnu/h-x86_64-mingw32/bin/../lib/gcc/nios2-elf/4.9.1/../../../../../H-x86_64-mingw32/nios2-elf/lib\libc.a(lib_a-int_errno.o)
 .data          0x00000000000edb44        0x0 e:/altera/15.0/nios2eds/bin/gnu/h-x86_64-mingw32/bin/../lib/gcc/nios2-elf/4.9.1/../../../../../H-x86_64-mingw32/nios2-elf/lib\libc.a(lib_a-makebuf.o)
 .data          0x00000000000edb44        0x0 e:/altera/15.0/nios2eds/bin/gnu/h-x86_64-mingw32/bin/../lib/gcc/nios2-elf/4.9.1/../../../../../H-x86_64-mingw32/nios2-elf/lib\libc.a(lib_a-malloc.o)
 .data          0x00000000000edb44      0x408 e:/altera/15.0/nios2eds/bin/gnu/h-x86_64-mingw32/bin/../lib/gcc/nios2-elf/4.9.1/../../../../../H-x86_64-mingw32/nios2-elf/lib\libc.a(lib_a-mallocr.o)
                0x00000000000edb44                __malloc_av_
 .data          0x00000000000edf4c        0x0 e:/altera/15.0/nios2eds/bin/gnu/h-x86_64-mingw32/bin/../lib/gcc/nios2-elf/4.9.1/../../../../../H-x86_64-mingw32/nios2-elf/lib\libc.a(lib_a-memcpy.o)
 .data          0x00000000000edf4c        0x0 e:/altera/15.0/nios2eds/bin/gnu/h-x86_64-mingw32/bin/../lib/gcc/nios2-elf/4.9.1/../../../../../H-x86_64-mingw32/nios2-elf/lib\libc.a(lib_a-memset.o)
 .data          0x00000000000edf4c        0x0 e:/altera/15.0/nios2eds/bin/gnu/h-x86_64-mingw32/bin/../lib/gcc/nios2-elf/4.9.1/../../../../../H-x86_64-mingw32/nios2-elf/lib\libc.a(lib_a-openr.o)
 .data          0x00000000000edf4c        0x0 e:/altera/15.0/nios2eds/bin/gnu/h-x86_64-mingw32/bin/../lib/gcc/nios2-elf/4.9.1/../../../../../H-x86_64-mingw32/nios2-elf/lib\libc.a(lib_a-printf.o)
 .data          0x00000000000edf4c        0x0 e:/altera/15.0/nios2eds/bin/gnu/h-x86_64-mingw32/bin/../lib/gcc/nios2-elf/4.9.1/../../../../../H-x86_64-mingw32/nios2-elf/lib\libc.a(lib_a-putc.o)
 .data          0x00000000000edf4c        0x0 e:/altera/15.0/nios2eds/bin/gnu/h-x86_64-mingw32/bin/../lib/gcc/nios2-elf/4.9.1/../../../../../H-x86_64-mingw32/nios2-elf/lib\libc.a(lib_a-putchar.o)
 .data          0x00000000000edf4c        0x0 e:/altera/15.0/nios2eds/bin/gnu/h-x86_64-mingw32/bin/../lib/gcc/nios2-elf/4.9.1/../../../../../H-x86_64-mingw32/nios2-elf/lib\libc.a(lib_a-puts.o)
 .data          0x00000000000edf4c        0x0 e:/altera/15.0/nios2eds/bin/gnu/h-x86_64-mingw32/bin/../lib/gcc/nios2-elf/4.9.1/../../../../../H-x86_64-mingw32/nios2-elf/lib\libc.a(lib_a-refill.o)
 .data          0x00000000000edf4c        0x0 e:/altera/15.0/nios2eds/bin/gnu/h-x86_64-mingw32/bin/../lib/gcc/nios2-elf/4.9.1/../../../../../H-x86_64-mingw32/nios2-elf/lib\libc.a(lib_a-sbrkr.o)
 .data          0x00000000000edf4c        0x0 e:/altera/15.0/nios2eds/bin/gnu/h-x86_64-mingw32/bin/../lib/gcc/nios2-elf/4.9.1/../../../../../H-x86_64-mingw32/nios2-elf/lib\libc.a(lib_a-sprintf.o)
 .data          0x00000000000edf4c        0x0 e:/altera/15.0/nios2eds/bin/gnu/h-x86_64-mingw32/bin/../lib/gcc/nios2-elf/4.9.1/../../../../../H-x86_64-mingw32/nios2-elf/lib\libc.a(lib_a-stdio.o)
 .data          0x00000000000edf4c        0x0 e:/altera/15.0/nios2eds/bin/gnu/h-x86_64-mingw32/bin/../lib/gcc/nios2-elf/4.9.1/../../../../../H-x86_64-mingw32/nios2-elf/lib\libc.a(lib_a-strcpy.o)
 .data          0x00000000000edf4c        0x0 e:/altera/15.0/nios2eds/bin/gnu/h-x86_64-mingw32/bin/../lib/gcc/nios2-elf/4.9.1/../../../../../H-x86_64-mingw32/nios2-elf/lib\libc.a(lib_a-strlen.o)
 .data          0x00000000000edf4c        0x0 e:/altera/15.0/nios2eds/bin/gnu/h-x86_64-mingw32/bin/../lib/gcc/nios2-elf/4.9.1/../../../../../H-x86_64-mingw32/nios2-elf/lib\libc.a(lib_a-svfprintf.o)
 .data          0x00000000000edf4c        0x0 e:/altera/15.0/nios2eds/bin/gnu/h-x86_64-mingw32/bin/../lib/gcc/nios2-elf/4.9.1/../../../../../H-x86_64-mingw32/nios2-elf/lib\libc.a(lib_a-vfprintf.o)
 .data          0x00000000000edf4c        0x0 e:/altera/15.0/nios2eds/bin/gnu/h-x86_64-mingw32/bin/../lib/gcc/nios2-elf/4.9.1/../../../../../H-x86_64-mingw32/nios2-elf/lib\libc.a(lib_a-wbuf.o)
 .data          0x00000000000edf4c        0x0 e:/altera/15.0/nios2eds/bin/gnu/h-x86_64-mingw32/bin/../lib/gcc/nios2-elf/4.9.1/../../../../../H-x86_64-mingw32/nios2-elf/lib\libc.a(lib_a-writer.o)
 .data          0x00000000000edf4c        0x0 e:/altera/15.0/nios2eds/bin/gnu/h-x86_64-mingw32/bin/../lib/gcc/nios2-elf/4.9.1/../../../../../H-x86_64-mingw32/nios2-elf/lib\libc.a(lib_a-wsetup.o)
 .data          0x00000000000edf4c        0x0 e:/altera/15.0/nios2eds/bin/gnu/h-x86_64-mingw32/bin/../lib/gcc/nios2-elf/4.9.1/../../../../../H-x86_64-mingw32/nios2-elf/lib\libc.a(closer.o)
 .data          0x00000000000edf4c        0x0 e:/altera/15.0/nios2eds/bin/gnu/h-x86_64-mingw32/bin/../lib/gcc/nios2-elf/4.9.1/../../../../../H-x86_64-mingw32/nios2-elf/lib\libc.a(lib_a-dtoa.o)
 .data          0x00000000000edf4c        0x0 e:/altera/15.0/nios2eds/bin/gnu/h-x86_64-mingw32/bin/../lib/gcc/nios2-elf/4.9.1/../../../../../H-x86_64-mingw32/nios2-elf/lib\libc.a(lib_a-flags.o)
 .data          0x00000000000edf4c        0x0 e:/altera/15.0/nios2eds/bin/gnu/h-x86_64-mingw32/bin/../lib/gcc/nios2-elf/4.9.1/../../../../../H-x86_64-mingw32/nios2-elf/lib\libc.a(lib_a-fvwrite.o)
 .data          0x00000000000edf4c        0x0 e:/altera/15.0/nios2eds/bin/gnu/h-x86_64-mingw32/bin/../lib/gcc/nios2-elf/4.9.1/../../../../../H-x86_64-mingw32/nios2-elf/lib\libc.a(lib_a-isattyr.o)
 .data          0x00000000000edf4c       0x78 e:/altera/15.0/nios2eds/bin/gnu/h-x86_64-mingw32/bin/../lib/gcc/nios2-elf/4.9.1/../../../../../H-x86_64-mingw32/nios2-elf/lib\libc.a(lib_a-locale.o)
 .data          0x00000000000edfc4        0x0 e:/altera/15.0/nios2eds/bin/gnu/h-x86_64-mingw32/bin/../lib/gcc/nios2-elf/4.9.1/../../../../../H-x86_64-mingw32/nios2-elf/lib\libc.a(lib_a-lseekr.o)
 .data          0x00000000000edfc4        0x0 e:/altera/15.0/nios2eds/bin/gnu/h-x86_64-mingw32/bin/../lib/gcc/nios2-elf/4.9.1/../../../../../H-x86_64-mingw32/nios2-elf/lib\libc.a(lib_a-memchr.o)
 .data          0x00000000000edfc4        0x0 e:/altera/15.0/nios2eds/bin/gnu/h-x86_64-mingw32/bin/../lib/gcc/nios2-elf/4.9.1/../../../../../H-x86_64-mingw32/nios2-elf/lib\libc.a(lib_a-memmove.o)
 .data          0x00000000000edfc4        0x0 e:/altera/15.0/nios2eds/bin/gnu/h-x86_64-mingw32/bin/../lib/gcc/nios2-elf/4.9.1/../../../../../H-x86_64-mingw32/nios2-elf/lib\libc.a(lib_a-mprec.o)
 .data          0x00000000000edfc4        0x0 e:/altera/15.0/nios2eds/bin/gnu/h-x86_64-mingw32/bin/../lib/gcc/nios2-elf/4.9.1/../../../../../H-x86_64-mingw32/nios2-elf/lib\libc.a(lib_a-readr.o)
 .data          0x00000000000edfc4        0x0 e:/altera/15.0/nios2eds/bin/gnu/h-x86_64-mingw32/bin/../lib/gcc/nios2-elf/4.9.1/../../../../../H-x86_64-mingw32/nios2-elf/lib\libc.a(lib_a-reallocr.o)
 .data          0x00000000000edfc4        0x0 e:/altera/15.0/nios2eds/bin/gnu/h-x86_64-mingw32/bin/../lib/gcc/nios2-elf/4.9.1/../../../../../H-x86_64-mingw32/nios2-elf/lib\libc.a(lib_a-s_fpclassify.o)
 .data          0x00000000000edfc4        0x0 e:/altera/15.0/nios2eds/bin/gnu/h-x86_64-mingw32/bin/../lib/gcc/nios2-elf/4.9.1/../../../../../H-x86_64-mingw32/nios2-elf/lib\libc.a(lib_a-strcmp.o)
 .data          0x00000000000edfc4        0x0 e:/altera/15.0/nios2eds/bin/gnu/h-x86_64-mingw32/bin/../lib/gcc/nios2-elf/4.9.1/../../../../../H-x86_64-mingw32/nios2-elf/lib\libc.a(lib_a-svfiprintf.o)
 .data          0x00000000000edfc4        0x0 e:/altera/15.0/nios2eds/bin/gnu/h-x86_64-mingw32/bin/../lib/gcc/nios2-elf/4.9.1/../../../../../H-x86_64-mingw32/nios2-elf/lib\libc.a(lib_a-vfiprintf.o)
 .data          0x00000000000edfc4        0x0 e:/altera/15.0/nios2eds/bin/gnu/h-x86_64-mingw32/bin/../lib/gcc/nios2-elf/4.9.1/../../../../../H-x86_64-mingw32/nios2-elf/lib\libc.a(lib_a-callocr.o)
 .data          0x00000000000edfc4        0x0 e:/altera/15.0/nios2eds/bin/gnu/h-x86_64-mingw32/bin/../lib/gcc/nios2-elf/4.9.1/../../../../../H-x86_64-mingw32/nios2-elf/lib\libc.a(lib_a-fputwc.o)
 .data          0x00000000000edfc4        0x0 e:/altera/15.0/nios2eds/bin/gnu/h-x86_64-mingw32/bin/../lib/gcc/nios2-elf/4.9.1/../../../../../H-x86_64-mingw32/nios2-elf/lib\libc.a(lib_a-wcrtomb.o)
 .data          0x00000000000edfc4        0x0 e:/altera/15.0/nios2eds/bin/gnu/h-x86_64-mingw32/bin/../lib/gcc/nios2-elf/4.9.1/../../../../../H-x86_64-mingw32/nios2-elf/lib\libc.a(lib_a-wctomb_r.o)
 .data          0x00000000000edfc4        0x0 e:/altera/15.0/nios2eds/bin/gnu/h-x86_64-mingw32/bin/../lib/gcc/nios2-elf/4.9.1\libgcc.a(_udivdi3.o)
 .data          0x00000000000edfc4        0x0 e:/altera/15.0/nios2eds/bin/gnu/h-x86_64-mingw32/bin/../lib/gcc/nios2-elf/4.9.1\libgcc.a(_umoddi3.o)
 .data          0x00000000000edfc4        0x0 e:/altera/15.0/nios2eds/bin/gnu/h-x86_64-mingw32/bin/../lib/gcc/nios2-elf/4.9.1\libgcc.a(eqdf2.o)
 .data          0x00000000000edfc4        0x0 e:/altera/15.0/nios2eds/bin/gnu/h-x86_64-mingw32/bin/../lib/gcc/nios2-elf/4.9.1\libgcc.a(ledf2.o)
 .data          0x00000000000edfc4        0x0 e:/altera/15.0/nios2eds/bin/gnu/h-x86_64-mingw32/bin/../lib/gcc/nios2-elf/4.9.1\libgcc.a(floatunsidf.o)
 .data          0x00000000000edfc4        0x0 ../ebook2_bsp/\libhal_bsp.a(alt_close.o)
 .data          0x00000000000edfc4      0x1a8 ../ebook2_bsp/\libhal_bsp.a(alt_dev.o)
                0x00000000000edfc4                alt_dev_null
                0x00000000000edfec                alt_fd_list
 .data          0x00000000000ee16c        0x0 ../ebook2_bsp/\libhal_bsp.a(alt_errno.o)
 .data          0x00000000000ee16c        0x0 ../ebook2_bsp/\libhal_bsp.a(alt_fstat.o)
 .data          0x00000000000ee16c        0x0 ../ebook2_bsp/\libhal_bsp.a(alt_iic.o)
 .data          0x00000000000ee16c        0x0 ../ebook2_bsp/\libhal_bsp.a(alt_iic_isr_register.o)
 .data          0x00000000000ee16c        0x0 ../ebook2_bsp/\libhal_bsp.a(alt_irq_entry.o)
 .data          0x00000000000ee16c        0x0 ../ebook2_bsp/\libhal_bsp.a(alt_irq_handler.o)
 .data          0x00000000000ee16c        0x0 ../ebook2_bsp/\libhal_bsp.a(alt_irq_vars.o)
 .data          0x00000000000ee16c        0x0 ../ebook2_bsp/\libhal_bsp.a(alt_isatty.o)
 .data          0x00000000000ee16c        0x0 ../ebook2_bsp/\libhal_bsp.a(alt_load.o)
 .data          0x00000000000ee16c        0x0 ../ebook2_bsp/\libhal_bsp.a(alt_lseek.o)
 .data          0x00000000000ee16c        0x0 ../ebook2_bsp/\libhal_bsp.a(alt_main.o)
 .data          0x00000000000ee16c        0x0 ../ebook2_bsp/\libhal_bsp.a(alt_malloc_lock.o)
 .data          0x00000000000ee16c        0x0 ../ebook2_bsp/\libhal_bsp.a(alt_open.o)
 .data          0x00000000000ee16c        0x0 ../ebook2_bsp/\libhal_bsp.a(alt_read.o)
 .data          0x00000000000ee16c        0x0 ../ebook2_bsp/\libhal_bsp.a(alt_release_fd.o)
 .data          0x00000000000ee16c        0x0 ../ebook2_bsp/\libhal_bsp.a(alt_sbrk.o)
 .data          0x00000000000ee16c        0x0 ../ebook2_bsp/\libhal_bsp.a(alt_usleep.o)
 .data          0x00000000000ee16c        0x0 ../ebook2_bsp/\libhal_bsp.a(alt_write.o)
 .data          0x00000000000ee16c     0x108c ../ebook2_bsp/\libhal_bsp.a(alt_sys_init.o)
 .data          0x00000000000ef1f8        0x0 ../ebook2_bsp/\libhal_bsp.a(Altera_UP_SD_Card_Avalon_Interface.o)
 .data          0x00000000000ef1f8        0x0 ../ebook2_bsp/\libhal_bsp.a(altera_avalon_jtag_uart_fd.o)
 .data          0x00000000000ef1f8        0x0 ../ebook2_bsp/\libhal_bsp.a(altera_avalon_jtag_uart_init.o)
 .data          0x00000000000ef1f8        0x0 ../ebook2_bsp/\libhal_bsp.a(altera_avalon_jtag_uart_ioctl.o)
 .data          0x00000000000ef1f8        0x0 ../ebook2_bsp/\libhal_bsp.a(altera_avalon_jtag_uart_read.o)
 .data          0x00000000000ef1f8        0x0 ../ebook2_bsp/\libhal_bsp.a(altera_avalon_jtag_uart_write.o)
 .data          0x00000000000ef1f8        0x0 ../ebook2_bsp/\libhal_bsp.a(altera_avalon_timer_sc.o)
 .data          0x00000000000ef1f8        0x0 ../ebook2_bsp/\libhal_bsp.a(alt_alarm_start.o)
 .data          0x00000000000ef1f8        0x0 ../ebook2_bsp/\libhal_bsp.a(alt_busy_sleep.o)
 .data          0x00000000000ef1f8        0x0 ../ebook2_bsp/\libhal_bsp.a(alt_dcache_flush_all.o)
 .data          0x00000000000ef1f8        0x0 ../ebook2_bsp/\libhal_bsp.a(alt_dev_llist_insert.o)
 .data          0x00000000000ef1f8        0x0 ../ebook2_bsp/\libhal_bsp.a(alt_do_ctors.o)
 .data          0x00000000000ef1f8        0x0 ../ebook2_bsp/\libhal_bsp.a(alt_do_dtors.o)
 .data          0x00000000000ef1f8        0x0 ../ebook2_bsp/\libhal_bsp.a(alt_exception_entry.o)
 .data          0x00000000000ef1f8        0x0 ../ebook2_bsp/\libhal_bsp.a(alt_find_dev.o)
 .data          0x00000000000ef1f8        0x0 ../ebook2_bsp/\libhal_bsp.a(alt_find_file.o)
 .data          0x00000000000ef1f8        0x0 ../ebook2_bsp/\libhal_bsp.a(alt_get_fd.o)
 .data          0x00000000000ef1f8        0x0 ../ebook2_bsp/\libhal_bsp.a(alt_icache_flush_all.o)
 .data          0x00000000000ef1f8        0x0 ../ebook2_bsp/\libhal_bsp.a(alt_instruction_exception_entry.o)
 .data          0x00000000000ef1f8        0x0 ../ebook2_bsp/\libhal_bsp.a(alt_io_redirect.o)
 .data          0x00000000000ef1f8        0x0 ../ebook2_bsp/\libhal_bsp.a(alt_tick.o)
 .data          0x00000000000ef1f8        0x0 ../ebook2_bsp/\libhal_bsp.a(altera_nios2_gen2_irq.o)
 .data          0x00000000000ef1f8        0x0 ../ebook2_bsp/\libhal_bsp.a(alt_icache_flush.o)
 .data          0x00000000000ef1f8        0x0 e:/altera/15.0/nios2eds/bin/gnu/h-x86_64-mingw32/bin/../lib/gcc/nios2-elf/4.9.1/../../../../../H-x86_64-mingw32/nios2-elf/lib\libc.a(lib_a-atexit.o)
 .data          0x00000000000ef1f8        0x0 e:/altera/15.0/nios2eds/bin/gnu/h-x86_64-mingw32/bin/../lib/gcc/nios2-elf/4.9.1/../../../../../H-x86_64-mingw32/nios2-elf/lib\libc.a(lib_a-exit.o)
 .data          0x00000000000ef1f8        0x0 e:/altera/15.0/nios2eds/bin/gnu/h-x86_64-mingw32/bin/../lib/gcc/nios2-elf/4.9.1/../../../../../H-x86_64-mingw32/nios2-elf/lib\libc.a(lib_a-memcmp.o)
 .data          0x00000000000ef1f8        0x0 e:/altera/15.0/nios2eds/bin/gnu/h-x86_64-mingw32/bin/../lib/gcc/nios2-elf/4.9.1/../../../../../H-x86_64-mingw32/nios2-elf/lib\libc.a(lib_a-__atexit.o)
 .data          0x00000000000ef1f8        0x0 e:/altera/15.0/nios2eds/bin/gnu/h-x86_64-mingw32/bin/../lib/gcc/nios2-elf/4.9.1/../../../../../H-x86_64-mingw32/nios2-elf/lib\libc.a(lib_a-__call_atexit.o)
 .data          0x00000000000ef1f8        0x0 ../ebook2_bsp/\libhal_bsp.a(alt_exit.o)
                0x00000000000f71f8                _gp = ABSOLUTE ((. + 0x8000))
                0x00000000000f71f8                PROVIDE (gp, _gp)
 *(.rwdata .rwdata.*)
 *(.sdata .sdata.* .gnu.linkonce.s.*)
 .sdata         0x00000000000ef1f8       0x10 obj/default/icon_pic.o
                0x00000000000ef1f8                icon_plus
                0x00000000000ef200                icon_minus
 .sdata         0x00000000000ef208        0xc obj/default/screen.o
                0x00000000000ef208                defaultColorInfo
                0x00000000000ef210                str1
 .sdata         0x00000000000ef214        0x2 obj/default/touch.o
                0x00000000000ef214                CMD_RDX
                0x00000000000ef215                CMD_RDY
 *fill*         0x00000000000ef216        0x2 
 .sdata         0x00000000000ef218        0x8 e:/altera/15.0/nios2eds/bin/gnu/h-x86_64-mingw32/bin/../lib/gcc/nios2-elf/4.9.1/../../../../../H-x86_64-mingw32/nios2-elf/lib\libc.a(lib_a-impure.o)
                0x00000000000ef218                _global_impure_ptr
                0x00000000000ef21c                _impure_ptr
 .sdata         0x00000000000ef220        0x8 e:/altera/15.0/nios2eds/bin/gnu/h-x86_64-mingw32/bin/../lib/gcc/nios2-elf/4.9.1/../../../../../H-x86_64-mingw32/nios2-elf/lib\libc.a(lib_a-mallocr.o)
                0x00000000000ef220                __malloc_sbrk_base
                0x00000000000ef224                __malloc_trim_threshold
 .sdata         0x00000000000ef228        0x4 e:/altera/15.0/nios2eds/bin/gnu/h-x86_64-mingw32/bin/../lib/gcc/nios2-elf/4.9.1/../../../../../H-x86_64-mingw32/nios2-elf/lib\libc.a(lib_a-locale.o)
                0x00000000000ef228                __mb_cur_max
 .sdata         0x00000000000ef22c        0x4 e:/altera/15.0/nios2eds/bin/gnu/h-x86_64-mingw32/bin/../lib/gcc/nios2-elf/4.9.1/../../../../../H-x86_64-mingw32/nios2-elf/lib\libc.a(lib_a-wctomb_r.o)
                0x00000000000ef22c                __wctomb
 .sdata         0x00000000000ef230       0x14 ../ebook2_bsp/\libhal_bsp.a(alt_dev.o)
                0x00000000000ef230                alt_fs_list
                0x00000000000ef238                alt_dev_list
                0x00000000000ef240                alt_max_fd
 .sdata         0x00000000000ef244        0x4 ../ebook2_bsp/\libhal_bsp.a(alt_errno.o)
                0x00000000000ef244                alt_errno
 .sdata         0x00000000000ef248        0x4 ../ebook2_bsp/\libhal_bsp.a(alt_irq_vars.o)
                0x00000000000ef248                alt_priority_mask
 .sdata         0x00000000000ef24c        0x4 ../ebook2_bsp/\libhal_bsp.a(alt_sbrk.o)
 .sdata         0x00000000000ef250        0x8 ../ebook2_bsp/\libhal_bsp.a(alt_tick.o)
                0x00000000000ef250                alt_alarm_list
 *(.sdata2 .sdata2.* .gnu.linkonce.s2.*)
                0x00000000000ef258                . = ALIGN (0x4)
                0x00000000000ef258                _edata = ABSOLUTE (.)
                0x00000000000ef258                PROVIDE (edata, ABSOLUTE (.))
                0x00000000000ef258                PROVIDE (__ram_rwdata_end, ABSOLUTE (.))
                0x00000000000ef258                PROVIDE (__flash_rwdata_start, LOADADDR (.rwdata))

.bss            0x00000000000f1380    0x4cc20
                0x00000000000f1380                __bss_start = ABSOLUTE (.)
                0x00000000000f1380                PROVIDE (__sbss_start, ABSOLUTE (.))
                0x00000000000f1380                PROVIDE (___sbss_start, ABSOLUTE (.))
 *(.dynsbss)
 *(.sbss .sbss.* .gnu.linkonce.sb.*)
 .sbss          0x00000000000f1380        0x8 obj/default/touch.o
                0x00000000000f1380                edge_capture
                0x00000000000f1384                intnirq_isr_context
 .sbss          0x00000000000f1388        0x8 obj/default/touch_resp.o
                0x00000000000f1388                touchPosFlag
 .sbss          0x00000000000f1390        0x4 e:/altera/15.0/nios2eds/bin/gnu/h-x86_64-mingw32/bin/../lib/gcc/nios2-elf/4.9.1/../../../../../H-x86_64-mingw32/nios2-elf/lib\libc.a(lib_a-int_errno.o)
                0x00000000000f1390                errno
 .sbss          0x00000000000f1394        0xc e:/altera/15.0/nios2eds/bin/gnu/h-x86_64-mingw32/bin/../lib/gcc/nios2-elf/4.9.1/../../../../../H-x86_64-mingw32/nios2-elf/lib\libc.a(lib_a-mallocr.o)
                0x00000000000f1394                __malloc_max_total_mem
                0x00000000000f1398                __malloc_max_sbrked_mem
                0x00000000000f139c                __malloc_top_pad
 .sbss          0x00000000000f13a0        0xc e:/altera/15.0/nios2eds/bin/gnu/h-x86_64-mingw32/bin/../lib/gcc/nios2-elf/4.9.1/../../../../../H-x86_64-mingw32/nios2-elf/lib\libc.a(lib_a-locale.o)
                0x00000000000f13a0                _PathLocale
                0x00000000000f13a4                __mlocale_changed
                0x00000000000f13a8                __nlocale_changed
 .sbss          0x00000000000f13ac        0x4 ../ebook2_bsp/\libhal_bsp.a(alt_irq_vars.o)
                0x00000000000f13ac                alt_irq_active
 .sbss          0x00000000000f13b0        0xc ../ebook2_bsp/\libhal_bsp.a(alt_main.o)
                0x00000000000f13b0                alt_argc
                0x00000000000f13b4                alt_argv
                0x00000000000f13b8                alt_envp
 .sbss          0x00000000000f13bc       0x34 ../ebook2_bsp/\libhal_bsp.a(Altera_UP_SD_Card_Avalon_Interface.o)
                0x00000000000f13bc                initialized
                0x00000000000f13c0                is_sd_card_formated_as_FAT16
                0x00000000000f13c4                aux_status_register
                0x00000000000f13c8                status_register
                0x00000000000f13cc                CSD_register_w0
                0x00000000000f13d0                command_register
                0x00000000000f13d4                command_argument_register
                0x00000000000f13d8                buffer_memory
                0x00000000000f13dc                fat_partition_offset_in_512_byte_sectors
                0x00000000000f13e0                fat_partition_size_in_512_byte_sectors
                0x00000000000f13e4                device_pointer
                0x00000000000f13e8                current_sector_modified
                0x00000000000f13ec                current_sector_index
 .sbss          0x00000000000f13f0        0x4 ../ebook2_bsp/\libhal_bsp.a(alt_instruction_exception_entry.o)
                0x00000000000f13f0                alt_instruction_exception_handler
 .sbss          0x00000000000f13f4        0x8 ../ebook2_bsp/\libhal_bsp.a(alt_tick.o)
                0x00000000000f13f4                _alt_tick_rate
                0x00000000000f13f8                _alt_nticks
 *(.sbss2 .sbss2.* .gnu.linkonce.sb2.*)
 *(.scommon)
                0x00000000000f13fc                PROVIDE (__sbss_end, ABSOLUTE (.))
                0x00000000000f13fc                PROVIDE (___sbss_end, ABSOLUTE (.))
 *(.dynbss)
 *(.bss .bss.* .gnu.linkonce.b.*)
 .bss           0x00000000000f13fc        0x0 ../ebook2_bsp//obj/HAL/src/crt0.o
 .bss           0x00000000000f13fc        0x0 obj/default/ascii_font.o
 .bss           0x00000000000f13fc        0x0 obj/default/color.o
 .bss           0x00000000000f13fc        0x0 obj/default/font_manage.o
 .bss           0x00000000000f13fc        0x0 obj/default/gbk_font.o
 .bss           0x00000000000f13fc        0x0 obj/default/icon_pic.o
 .bss           0x00000000000f13fc        0x0 obj/default/main.o
 .bss           0x00000000000f13fc        0x0 obj/default/screen.o
 .bss           0x00000000000f13fc        0x0 obj/default/screen_display.o
 .bss           0x00000000000f13fc        0x0 obj/default/sdread.o
 .bss           0x00000000000f13fc        0x0 obj/default/test_value.o
 .bss           0x00000000000f13fc        0x0 obj/default/tftlcd.o
 .bss           0x00000000000f13fc        0x0 obj/default/time_count.o
 .bss           0x00000000000f13fc        0x0 obj/default/touch.o
 .bss           0x00000000000f13fc        0x0 obj/default/touch_resp.o
 .bss           0x00000000000f13fc        0x0 obj/default/txt_read.o
 .bss           0x00000000000f13fc        0x0 e:/altera/15.0/nios2eds/bin/gnu/h-x86_64-mingw32/bin/../lib/gcc/nios2-elf/4.9.1\libgcc.a(_fixunssfsi.o)
 .bss           0x00000000000f13fc        0x0 e:/altera/15.0/nios2eds/bin/gnu/h-x86_64-mingw32/bin/../lib/gcc/nios2-elf/4.9.1\libgcc.a(_fixunsdfsi.o)
 .bss           0x00000000000f13fc        0x0 e:/altera/15.0/nios2eds/bin/gnu/h-x86_64-mingw32/bin/../lib/gcc/nios2-elf/4.9.1\libgcc.a(lib2-divmod.o)
 .bss           0x00000000000f13fc        0x0 e:/altera/15.0/nios2eds/bin/gnu/h-x86_64-mingw32/bin/../lib/gcc/nios2-elf/4.9.1\libgcc.a(addsf3.o)
 .bss           0x00000000000f13fc        0x0 e:/altera/15.0/nios2eds/bin/gnu/h-x86_64-mingw32/bin/../lib/gcc/nios2-elf/4.9.1\libgcc.a(divsf3.o)
 .bss           0x00000000000f13fc        0x0 e:/altera/15.0/nios2eds/bin/gnu/h-x86_64-mingw32/bin/../lib/gcc/nios2-elf/4.9.1\libgcc.a(gesf2.o)
 .bss           0x00000000000f13fc        0x0 e:/altera/15.0/nios2eds/bin/gnu/h-x86_64-mingw32/bin/../lib/gcc/nios2-elf/4.9.1\libgcc.a(lesf2.o)
 .bss           0x00000000000f13fc        0x0 e:/altera/15.0/nios2eds/bin/gnu/h-x86_64-mingw32/bin/../lib/gcc/nios2-elf/4.9.1\libgcc.a(mulsf3.o)
 .bss           0x00000000000f13fc        0x0 e:/altera/15.0/nios2eds/bin/gnu/h-x86_64-mingw32/bin/../lib/gcc/nios2-elf/4.9.1\libgcc.a(subsf3.o)
 .bss           0x00000000000f13fc        0x0 e:/altera/15.0/nios2eds/bin/gnu/h-x86_64-mingw32/bin/../lib/gcc/nios2-elf/4.9.1\libgcc.a(fixsfsi.o)
 .bss           0x00000000000f13fc        0x0 e:/altera/15.0/nios2eds/bin/gnu/h-x86_64-mingw32/bin/../lib/gcc/nios2-elf/4.9.1\libgcc.a(floatsisf.o)
 .bss           0x00000000000f13fc        0x0 e:/altera/15.0/nios2eds/bin/gnu/h-x86_64-mingw32/bin/../lib/gcc/nios2-elf/4.9.1\libgcc.a(floatunsisf.o)
 .bss           0x00000000000f13fc        0x0 e:/altera/15.0/nios2eds/bin/gnu/h-x86_64-mingw32/bin/../lib/gcc/nios2-elf/4.9.1\libgcc.a(adddf3.o)
 .bss           0x00000000000f13fc        0x0 e:/altera/15.0/nios2eds/bin/gnu/h-x86_64-mingw32/bin/../lib/gcc/nios2-elf/4.9.1\libgcc.a(divdf3.o)
 .bss           0x00000000000f13fc        0x0 e:/altera/15.0/nios2eds/bin/gnu/h-x86_64-mingw32/bin/../lib/gcc/nios2-elf/4.9.1\libgcc.a(gedf2.o)
 .bss           0x00000000000f13fc        0x0 e:/altera/15.0/nios2eds/bin/gnu/h-x86_64-mingw32/bin/../lib/gcc/nios2-elf/4.9.1\libgcc.a(muldf3.o)
 .bss           0x00000000000f13fc        0x0 e:/altera/15.0/nios2eds/bin/gnu/h-x86_64-mingw32/bin/../lib/gcc/nios2-elf/4.9.1\libgcc.a(subdf3.o)
 .bss           0x00000000000f13fc        0x0 e:/altera/15.0/nios2eds/bin/gnu/h-x86_64-mingw32/bin/../lib/gcc/nios2-elf/4.9.1\libgcc.a(fixdfsi.o)
 .bss           0x00000000000f13fc        0x0 e:/altera/15.0/nios2eds/bin/gnu/h-x86_64-mingw32/bin/../lib/gcc/nios2-elf/4.9.1\libgcc.a(floatsidf.o)
 .bss           0x00000000000f13fc        0x0 e:/altera/15.0/nios2eds/bin/gnu/h-x86_64-mingw32/bin/../lib/gcc/nios2-elf/4.9.1\libgcc.a(extendsfdf2.o)
 .bss           0x00000000000f13fc        0x0 e:/altera/15.0/nios2eds/bin/gnu/h-x86_64-mingw32/bin/../lib/gcc/nios2-elf/4.9.1\libgcc.a(truncdfsf2.o)
 .bss           0x00000000000f13fc        0x0 e:/altera/15.0/nios2eds/bin/gnu/h-x86_64-mingw32/bin/../lib/gcc/nios2-elf/4.9.1\libgcc.a(_clzsi2.o)
 .bss           0x00000000000f13fc        0x0 e:/altera/15.0/nios2eds/bin/gnu/h-x86_64-mingw32/bin/../lib/gcc/nios2-elf/4.9.1\libgcc.a(_clz.o)
 .bss           0x00000000000f13fc        0x0 e:/altera/15.0/nios2eds/bin/gnu/h-x86_64-mingw32/bin/../lib/gcc/nios2-elf/4.9.1/../../../../../H-x86_64-mingw32/nios2-elf/lib\libc.a(lib_a-fclose.o)
 .bss           0x00000000000f13fc        0x0 e:/altera/15.0/nios2eds/bin/gnu/h-x86_64-mingw32/bin/../lib/gcc/nios2-elf/4.9.1/../../../../../H-x86_64-mingw32/nios2-elf/lib\libc.a(lib_a-fflush.o)
 .bss           0x00000000000f13fc        0x0 e:/altera/15.0/nios2eds/bin/gnu/h-x86_64-mingw32/bin/../lib/gcc/nios2-elf/4.9.1/../../../../../H-x86_64-mingw32/nios2-elf/lib\libc.a(lib_a-findfp.o)
 .bss           0x00000000000f13fc        0x0 e:/altera/15.0/nios2eds/bin/gnu/h-x86_64-mingw32/bin/../lib/gcc/nios2-elf/4.9.1/../../../../../H-x86_64-mingw32/nios2-elf/lib\libc.a(lib_a-fopen.o)
 .bss           0x00000000000f13fc        0x0 e:/altera/15.0/nios2eds/bin/gnu/h-x86_64-mingw32/bin/../lib/gcc/nios2-elf/4.9.1/../../../../../H-x86_64-mingw32/nios2-elf/lib\libc.a(lib_a-fprintf.o)
 .bss           0x00000000000f13fc        0x0 e:/altera/15.0/nios2eds/bin/gnu/h-x86_64-mingw32/bin/../lib/gcc/nios2-elf/4.9.1/../../../../../H-x86_64-mingw32/nios2-elf/lib\libc.a(lib_a-fputc.o)
 .bss           0x00000000000f13fc        0x0 e:/altera/15.0/nios2eds/bin/gnu/h-x86_64-mingw32/bin/../lib/gcc/nios2-elf/4.9.1/../../../../../H-x86_64-mingw32/nios2-elf/lib\libc.a(lib_a-freer.o)
 .bss           0x00000000000f13fc        0x0 e:/altera/15.0/nios2eds/bin/gnu/h-x86_64-mingw32/bin/../lib/gcc/nios2-elf/4.9.1/../../../../../H-x86_64-mingw32/nios2-elf/lib\libc.a(lib_a-fseek.o)
 .bss           0x00000000000f13fc        0x0 e:/altera/15.0/nios2eds/bin/gnu/h-x86_64-mingw32/bin/../lib/gcc/nios2-elf/4.9.1/../../../../../H-x86_64-mingw32/nios2-elf/lib\libc.a(lib_a-fstatr.o)
 .bss           0x00000000000f13fc        0x0 e:/altera/15.0/nios2eds/bin/gnu/h-x86_64-mingw32/bin/../lib/gcc/nios2-elf/4.9.1/../../../../../H-x86_64-mingw32/nios2-elf/lib\libc.a(lib_a-fwalk.o)
 .bss           0x00000000000f13fc        0x0 e:/altera/15.0/nios2eds/bin/gnu/h-x86_64-mingw32/bin/../lib/gcc/nios2-elf/4.9.1/../../../../../H-x86_64-mingw32/nios2-elf/lib\libc.a(lib_a-impure.o)
 .bss           0x00000000000f13fc        0x0 e:/altera/15.0/nios2eds/bin/gnu/h-x86_64-mingw32/bin/../lib/gcc/nios2-elf/4.9.1/../../../../../H-x86_64-mingw32/nios2-elf/lib\libc.a(lib_a-int_errno.o)
 .bss           0x00000000000f13fc        0x0 e:/altera/15.0/nios2eds/bin/gnu/h-x86_64-mingw32/bin/../lib/gcc/nios2-elf/4.9.1/../../../../../H-x86_64-mingw32/nios2-elf/lib\libc.a(lib_a-makebuf.o)
 .bss           0x00000000000f13fc        0x0 e:/altera/15.0/nios2eds/bin/gnu/h-x86_64-mingw32/bin/../lib/gcc/nios2-elf/4.9.1/../../../../../H-x86_64-mingw32/nios2-elf/lib\libc.a(lib_a-malloc.o)
 .bss           0x00000000000f13fc       0x28 e:/altera/15.0/nios2eds/bin/gnu/h-x86_64-mingw32/bin/../lib/gcc/nios2-elf/4.9.1/../../../../../H-x86_64-mingw32/nios2-elf/lib\libc.a(lib_a-mallocr.o)
                0x00000000000f13fc                __malloc_current_mallinfo