Archive member included to satisfy reference by file (symbol)

e:/altera/15.0/nios2eds/bin/gnu/h-x86_64-mingw32/bin/../lib/gcc/nios2-elf/4.9.1\libgcc.a(lib2-divmod.o)
                              obj/default/screen.o (__divsi3)
e:/altera/15.0/nios2eds/bin/gnu/h-x86_64-mingw32/bin/../lib/gcc/nios2-elf/4.9.1\libgcc.a(lesf2.o)
                              obj/default/screen.o (__lesf2)
e:/altera/15.0/nios2eds/bin/gnu/h-x86_64-mingw32/bin/../lib/gcc/nios2-elf/4.9.1\libgcc.a(mulsf3.o)
                              obj/default/screen.o (__mulsf3)
e:/altera/15.0/nios2eds/bin/gnu/h-x86_64-mingw32/bin/../lib/gcc/nios2-elf/4.9.1\libgcc.a(fixsfsi.o)
                              obj/default/screen.o (__fixsfsi)
e:/altera/15.0/nios2eds/bin/gnu/h-x86_64-mingw32/bin/../lib/gcc/nios2-elf/4.9.1\libgcc.a(floatsisf.o)
                              obj/default/screen.o (__floatsisf)
e:/altera/15.0/nios2eds/bin/gnu/h-x86_64-mingw32/bin/../lib/gcc/nios2-elf/4.9.1\libgcc.a(divdf3.o)
                              obj/default/screen.o (__divdf3)
e:/altera/15.0/nios2eds/bin/gnu/h-x86_64-mingw32/bin/../lib/gcc/nios2-elf/4.9.1\libgcc.a(muldf3.o)
                              obj/default/screen.o (__muldf3)
e:/altera/15.0/nios2eds/bin/gnu/h-x86_64-mingw32/bin/../lib/gcc/nios2-elf/4.9.1\libgcc.a(fixdfsi.o)
                              obj/default/screen.o (__fixdfsi)
e:/altera/15.0/nios2eds/bin/gnu/h-x86_64-mingw32/bin/../lib/gcc/nios2-elf/4.9.1\libgcc.a(floatsidf.o)
                              obj/default/screen.o (__floatsidf)
e:/altera/15.0/nios2eds/bin/gnu/h-x86_64-mingw32/bin/../lib/gcc/nios2-elf/4.9.1\libgcc.a(truncdfsf2.o)
                              obj/default/screen.o (__truncdfsf2)
e:/altera/15.0/nios2eds/bin/gnu/h-x86_64-mingw32/bin/../lib/gcc/nios2-elf/4.9.1\libgcc.a(_clzsi2.o)
                              e:/altera/15.0/nios2eds/bin/gnu/h-x86_64-mingw32/bin/../lib/gcc/nios2-elf/4.9.1\libgcc.a(mulsf3.o) (__clzsi2)
e:/altera/15.0/nios2eds/bin/gnu/h-x86_64-mingw32/bin/../lib/gcc/nios2-elf/4.9.1\libgcc.a(_clz.o)
                              e:/altera/15.0/nios2eds/bin/gnu/h-x86_64-mingw32/bin/../lib/gcc/nios2-elf/4.9.1\libgcc.a(_clzsi2.o) (__clz_tab)
e:/altera/15.0/nios2eds/bin/gnu/h-x86_64-mingw32/bin/../lib/gcc/nios2-elf/4.9.1/../../../../../H-x86_64-mingw32/nios2-elf/lib\libc.a(lib_a-malloc.o)
                              obj/default/screen.o (malloc)
e:/altera/15.0/nios2eds/bin/gnu/h-x86_64-mingw32/bin/../lib/gcc/nios2-elf/4.9.1/../../../../../H-x86_64-mingw32/nios2-elf/lib\libc.a(lib_a-mallocr.o)
                              e:/altera/15.0/nios2eds/bin/gnu/h-x86_64-mingw32/bin/../lib/gcc/nios2-elf/4.9.1/../../../../../H-x86_64-mingw32/nios2-elf/lib\libc.a(lib_a-malloc.o) (_malloc_r)
e:/altera/15.0/nios2eds/bin/gnu/h-x86_64-mingw32/bin/../lib/gcc/nios2-elf/4.9.1/../../../../../H-x86_64-mingw32/nios2-elf/lib\libc.a(lib_a-memcpy.o)
                              obj/default/txt_read.o (memcpy)
e:/altera/15.0/nios2eds/bin/gnu/h-x86_64-mingw32/bin/../lib/gcc/nios2-elf/4.9.1/../../../../../H-x86_64-mingw32/nios2-elf/lib\libc.a(lib_a-printf.o)
                              obj/default/sdTest.o (printf)
e:/altera/15.0/nios2eds/bin/gnu/h-x86_64-mingw32/bin/../lib/gcc/nios2-elf/4.9.1/../../../../../H-x86_64-mingw32/nios2-elf/lib\libc.a(lib_a-puts.o)
                              obj/default/sdTest.o (puts)
e:/altera/15.0/nios2eds/bin/gnu/h-x86_64-mingw32/bin/../lib/gcc/nios2-elf/4.9.1/../../../../../H-x86_64-mingw32/nios2-elf/lib\libc.a(lib_a-sbrkr.o)
                              e:/altera/15.0/nios2eds/bin/gnu/h-x86_64-mingw32/bin/../lib/gcc/nios2-elf/4.9.1/../../../../../H-x86_64-mingw32/nios2-elf/lib\libc.a(lib_a-mallocr.o) (_sbrk_r)
e:/altera/15.0/nios2eds/bin/gnu/h-x86_64-mingw32/bin/../lib/gcc/nios2-elf/4.9.1/../../../../../H-x86_64-mingw32/nios2-elf/lib\libc.a(lib_a-sprintf.o)
                              obj/default/screen.o (sprintf)
e:/altera/15.0/nios2eds/bin/gnu/h-x86_64-mingw32/bin/../lib/gcc/nios2-elf/4.9.1/../../../../../H-x86_64-mingw32/nios2-elf/lib\libc.a(lib_a-strcpy.o)
                              obj/default/txt_read.o (strcpy)
e:/altera/15.0/nios2eds/bin/gnu/h-x86_64-mingw32/bin/../lib/gcc/nios2-elf/4.9.1/../../../../../H-x86_64-mingw32/nios2-elf/lib\libc.a(lib_a-strlen.o)
                              obj/default/screen.o (strlen)
e:/altera/15.0/nios2eds/bin/gnu/h-x86_64-mingw32/bin/../lib/gcc/nios2-elf/4.9.1/../../../../../H-x86_64-mingw32/nios2-elf/lib\libc.a(lib_a-svfprintf.o)
                              e:/altera/15.0/nios2eds/bin/gnu/h-x86_64-mingw32/bin/../lib/gcc/nios2-elf/4.9.1/../../../../../H-x86_64-mingw32/nios2-elf/lib\libc.a(lib_a-sprintf.o) (___svfprintf_internal_r)
e:/altera/15.0/nios2eds/bin/gnu/h-x86_64-mingw32/bin/../lib/gcc/nios2-elf/4.9.1/../../../../../H-x86_64-mingw32/nios2-elf/lib\libc.a(lib_a-vfprintf.o)
[...]
Memory Configuration

Name             Origin             Length             Attributes
reset            0x0000000000000000 0x0000000000000020
sdram            0x0000000000000020 0x0000000007ffffe0
*default*        0x0000000000000000 0xffffffffffffffff

Linker script and memory map

LOAD ../sdRead_bsp//obj/HAL/src/crt0.o
LOAD obj/default/screen.o
LOAD obj/default/sdTest.o
LOAD obj/default/txt_read.o
LOAD e:/altera/15.0/nios2eds/bin/gnu/h-x86_64-mingw32/bin/../lib/gcc/nios2-elf/4.9.1/../../../../../H-x86_64-mingw32/nios2-elf/lib\libstdc++.a
LOAD e:/altera/15.0/nios2eds/bin/gnu/h-x86_64-mingw32/bin/../lib/gcc/nios2-elf/4.9.1/../../../../../H-x86_64-mingw32/nios2-elf/lib\libm.a
LOAD e:/altera/15.0/nios2eds/bin/gnu/h-x86_64-mingw32/bin/../lib/gcc/nios2-elf/4.9.1\libgcc.a
START GROUP
LOAD e:/altera/15.0/nios2eds/bin/gnu/h-x86_64-mingw32/bin/../lib/gcc/nios2-elf/4.9.1/../../../../../H-x86_64-mingw32/nios2-elf/lib\libc.a
LOAD e:/altera/15.0/nios2eds/bin/gnu/h-x86_64-mingw32/bin/../lib/gcc/nios2-elf/4.9.1\libgcc.a
LOAD ../sdRead_bsp/\libhal_bsp.a
LOAD e:/altera/15.0/nios2eds/bin/gnu/h-x86_64-mingw32/bin/../lib/gcc/nios2-elf/4.9.1/../../../../../H-x86_64-mingw32/nios2-elf/lib\libm.a
END GROUP
LOAD e:/altera/15.0/nios2eds/bin/gnu/h-x86_64-mingw32/bin/../lib/gcc/nios2-elf/4.9.1\libgcc.a
                0x0000000000000000                __alt_mem_sdram = 0x0

.entry          0x0000000000000000       0x20
 *(.entry)
 .entry         0x0000000000000000       0x20 ../sdRead_bsp//obj/HAL/src/crt0.o
                0x0000000000000000                __reset

.exceptions     0x0000000000000020      0x220
                0x0000000000000020                PROVIDE (__ram_exceptions_start, ABSOLUTE (.))
                0x0000000000000020                . = ALIGN (0x20)
 *(.irq)
 *(.exceptions.entry.label)
 .exceptions.entry.label
                0x0000000000000020        0x0 ../sdRead_bsp/\libhal_bsp.a(alt_irq_entry.o)
                0x0000000000000020                alt_irq_entry
 .exceptions.entry.label
                0x0000000000000020        0x0 ../sdRead_bsp/\libhal_bsp.a(alt_exception_entry.o)
                0x0000000000000020                alt_exception
 *(.exceptions.entry.user)
 *(.exceptions.entry.ecc_fatal)
 *(.exceptions.entry)
 .exceptions.entry
                0x0000000000000020       0x54 ../sdRead_bsp/\libhal_bsp.a(alt_exception_entry.o)
 *(.exceptions.irqtest.user)
 *(.exceptions.irqtest)
 .exceptions.irqtest
                0x0000000000000074       0x10 ../sdRead_bsp/\libhal_bsp.a(alt_irq_entry.o)
 *(.exceptions.irqhandler.user)
 *(.exceptions.irqhandler)
 .exceptions.irqhandler
                0x0000000000000084        0x4 ../sdRead_bsp/\libhal_bsp.a(alt_irq_entry.o)
 *(.exceptions.irqreturn.user)
 *(.exceptions.irqreturn)
 .exceptions.irqreturn
                0x0000000000000088        0x4 ../sdRead_bsp/\libhal_bsp.a(alt_irq_entry.o)
 *(.exceptions.notirq.label)
 .exceptions.notirq.label
                0x000000000000008c        0x0 ../sdRead_bsp/\libhal_bsp.a(alt_irq_entry.o)
 *(.exceptions.notirq.user)
 *(.exceptions.notirq)
 .exceptions.notirq
                0x000000000000008c        0x8 ../sdRead_bsp/\libhal_bsp.a(alt_exception_entry.o)
 *(.exceptions.soft.user)
 *(.exceptions.soft)
 *(.exceptions.unknown.user)
 *(.exceptions.unknown)
 .exceptions.unknown
                0x0000000000000094       0x14 ../sdRead_bsp/\libhal_bsp.a(alt_exception_entry.o)
 *(.exceptions.exit.label)
 .exceptions.exit.label
                0x00000000000000a8        0x0 ../sdRead_bsp/\libhal_bsp.a(alt_irq_entry.o)
 .exceptions.exit.label
                0x00000000000000a8        0x0 ../sdRead_bsp/\libhal_bsp.a(alt_exception_entry.o)
 *(.exceptions.exit.user)
 *(.exceptions.exit)
 .exceptions.exit
                0x00000000000000a8       0x54 ../sdRead_bsp/\libhal_bsp.a(alt_exception_entry.o)
 *(.exceptions)
 .exceptions    0x00000000000000fc       0xd0 ../sdRead_bsp/\libhal_bsp.a(alt_irq_handler.o)
                0x00000000000000fc                alt_irq_handler
 .exceptions    0x00000000000001cc       0x74 ../sdRead_bsp/\libhal_bsp.a(alt_instruction_exception_entry.o)
                0x00000000000001cc                alt_instruction_exception_entry
                0x0000000000000240                PROVIDE (__ram_exceptions_end, ABSOLUTE (.))
                0x0000000000000020                PROVIDE (__flash_exceptions_start, LOADADDR (.exceptions))

.text           0x0000000000000240    0x1bd10
                0x0000000000000240                PROVIDE (stext, ABSOLUTE (.))
 *(.interp)
 *(.hash)
 *(.dynsym)
 *(.dynstr)
 *(.gnu.version)
 *(.gnu.version_d)
 *(.gnu.version_r)
 *(.rel.init)
 *(.rela.init)
 *(.rel.text .rel.text.* .rel.gnu.linkonce.t.*)
 *(.rela.text .rela.text.* .rela.gnu.linkonce.t.*)
 *(.rel.fini)
 *(.rela.fini)
 *(.rel.rodata .rel.rodata.* .rel.gnu.linkonce.r.*)
 *(.rela.rodata .rela.rodata.* .rela.gnu.linkonce.r.*)
 *(.rel.data .rel.data.* .rel.gnu.linkonce.d.*)
 *(.rela.data .rela.data.* .rela.gnu.linkonce.d.*)
 *(.rel.tdata .rel.tdata.* .rel.gnu.linkonce.td.*)
 *(.rela.tdata .rela.tdata.* .rela.gnu.linkonce.td.*)
 *(.rel.tbss .rel.tbss.* .rel.gnu.linkonce.tb.*)
 *(.rela.tbss .rela.tbss.* .rela.gnu.linkonce.tb.*)
 *(.rel.ctors)
 *(.rela.ctors)
 *(.rel.dtors)
 *(.rela.dtors)
 *(.rel.got)
 *(.rela.got)
 *(.rel.sdata .rel.sdata.* .rel.gnu.linkonce.s.*)
 *(.rela.sdata .rela.sdata.* .rela.gnu.linkonce.s.*)
 *(.rel.sbss .rel.sbss.* .rel.gnu.linkonce.sb.*)
 *(.rela.sbss .rela.sbss.* .rela.gnu.linkonce.sb.*)
 *(.rel.sdata2 .rel.sdata2.* .rel.gnu.linkonce.s2.*)
 *(.rela.sdata2 .rela.sdata2.* .rela.gnu.linkonce.s2.*)
 *(.rel.sbss2 .rel.sbss2.* .rel.gnu.linkonce.sb2.*)
 *(.rela.sbss2 .rela.sbss2.* .rela.gnu.linkonce.sb2.*)
 *(.rel.bss .rel.bss.* .rel.gnu.linkonce.b.*)
 *(.rela.bss .rela.bss.* .rela.gnu.linkonce.b.*)
 *(.rel.plt)
 *(.rela.plt)
 *(.rel.dyn)
 *(.init)
 *(.plt)
 *(.text .stub .text.* .gnu.linkonce.t.*)
 .text          0x0000000000000240       0x4c ../sdRead_bsp//obj/HAL/src/crt0.o
                0x0000000000000240                _start
 .text          0x000000000000028c     0x4f44 obj/default/screen.o
                0x000000000000028c                checkAreaRange
                0x0000000000000360                setAreaRange
                0x00000000000003e4                setAreaRangeByAreaFmt
                0x00000000000005dc                setAreaFmt
                0x00000000000006e8                setAreaRangeCentered
                0x0000000000000864                setDefaultTagBlock
                0x0000000000000990                setDefaultProgressBarX
                0x0000000000000cd8                setDefaultScrollBarY
                0x0000000000001234                setDefaultIconBlock
                0x0000000000001310                setDefaultColorBoard
                0x00000000000013b0                getWordLetterArrange
                0x00000000000014d8                getWidthOfText
                0x000000000000166c                openTxtScrollX
                0x00000000000017a0                setDefaultTagGroup
                0x00000000000019fc                setDefaultNumEditGroup
                0x0000000000001f60                screenInit
                0x00000000000022d8                screenHeaderInit
                0x0000000000002474                screenFooterInit
                0x00000000000027d8                screenMainHomeInit
                0x0000000000002fdc                setDefaultTagList
                0x000000000000330c                screenMainBookInit
                0x0000000000003808                ScreenMainPageInfoInit
                0x0000000000003cb8                screenMainSettingInit
                0x000000000000488c                screenMainColorPickerInit
                0x00000000000049d0                screenMainAreaInfoInst
                0x0000000000004a40                screenSetCustomInfo
 .text          0x00000000000051d0      0x184 obj/default/sdTest.o
                0x00000000000051d0                main
 .text          0x0000000000005354      0x1b4 obj/default/txt_read.o
                0x0000000000005354                readAlltxtFilesOfSDcard
                0x00000000000054d4                readBookOfTxtFile
 .text          0x0000000000005508      0x12c e:/altera/15.0/nios2eds/bin/gnu/h-x86_64-mingw32/bin/../lib/gcc/nios2-elf/4.9.1\libgcc.a(lib2-divmod.o)
                0x0000000000005574                __divsi3
                0x00000000000055c8                __modsi3
                0x0000000000005624                __udivsi3
                0x000000000000562c                __umodsi3
 .text          0x0000000000005634       0xb8 e:/altera/15.0/nios2eds/bin/gnu/h-x86_64-mingw32/bin/../lib/gcc/nios2-elf/4.9.1\libgcc.a(lesf2.o)
                0x0000000000005634                __ltsf2
                0x0000000000005634                __lesf2
 .text          0x00000000000056ec      0x424 e:/altera/15.0/nios2eds/bin/gnu/h-x86_64-mingw32/bin/../lib/gcc/nios2-elf/4.9.1\libgcc.a(mulsf3.o)
                0x00000000000056ec                __mulsf3
 .text          0x0000000000005b10       0x78 e:/altera/15.0/nios2eds/bin/gnu/h-x86_64-mingw32/bin/../lib/gcc/nios2-elf/4.9.1\libgcc.a(fixsfsi.o)
                0x0000000000005b10                __fixsfsi
 .text          0x0000000000005b88      0x134 e:/altera/15.0/nios2eds/bin/gnu/h-x86_64-mingw32/bin/../lib/gcc/nios2-elf/4.9.1\libgcc.a(floatsisf.o)
                0x0000000000005b88                __floatsisf
 .text          0x0000000000005cbc      0x8cc e:/altera/15.0/nios2eds/bin/gnu/h-x86_64-mingw32/bin/../lib/gcc/nios2-elf/4.9.1\libgcc.a(divdf3.o)
                0x0000000000005cbc                __divdf3
 .text          0x0000000000006588      0x724 e:/altera/15.0/nios2eds/bin/gnu/h-x86_64-mingw32/bin/../lib/gcc/nios2-elf/4.9.1\libgcc.a(muldf3.o)
                0x0000000000006588                __muldf3
 .text          0x0000000000006cac       0x88 e:/altera/15.0/nios2eds/bin/gnu/h-x86_64-mingw32/bin/../lib/gcc/nios2-elf/4.9.1\libgcc.a(fixdfsi.o)
                0x0000000000006cac                __fixdfsi
 .text          0x0000000000006d34       0xd0 e:/altera/15.0/nios2eds/bin/gnu/h-x86_64-mingw32/bin/../lib/gcc/nios2-elf/4.9.1\libgcc.a(floatsidf.o)
                0x0000000000006d34                __floatsidf
 .text          0x0000000000006e04      0x198 e:/altera/15.0/nios2eds/bin/gnu/h-x86_64-mingw32/bin/../lib/gcc/nios2-elf/4.9.1\libgcc.a(truncdfsf2.o)
                0x0000000000006e04                __truncdfsf2
 .text          0x0000000000006f9c       0x64 e:/altera/15.0/nios2eds/bin/gnu/h-x86_64-mingw32/bin/../lib/gcc/nios2-elf/4.9.1\libgcc.a(_clzsi2.o)
                0x0000000000006f9c                __clzsi2
 .text          0x0000000000007000        0x0 e:/altera/15.0/nios2eds/bin/gnu/h-x86_64-mingw32/bin/../lib/gcc/nios2-elf/4.9.1\libgcc.a(_clz.o)
 .text          0x0000000000007000       0x28 e:/altera/15.0/nios2eds/bin/gnu/h-x86_64-mingw32/bin/../lib/gcc/nios2-elf/4.9.1/../../../../../H-x86_64-mingw32/nios2-elf/lib\libc.a(lib_a-malloc.o)
                0x0000000000007000                malloc
                0x0000000000007014                free
 .text          0x0000000000007028      0x7a8 e:/altera/15.0/nios2eds/bin/gnu/h-x86_64-mingw32/bin/../lib/gcc/nios2-elf/4.9.1/../../../../../H-x86_64-mingw32/nios2-elf/lib\libc.a(lib_a-mallocr.o)
                0x0000000000007028                _malloc_r
 .text          0x00000000000077d0      0x138 e:/altera/15.0/nios2eds/bin/gnu/h-x86_64-mingw32/bin/../lib/gcc/nios2-elf/4.9.1/../../../../../H-x86_64-mingw32/nios2-elf/lib\libc.a(lib_a-memcpy.o)
                0x00000000000077d0                memcpy
 .text          0x0000000000007908       0x68 e:/altera/15.0/nios2eds/bin/gnu/h-x86_64-mingw32/bin/../lib/gcc/nios2-elf/4.9.1/../../../../../H-x86_64-mingw32/nios2-elf/lib\libc.a(lib_a-printf.o)
                0x0000000000007908                _printf_r
                0x0000000000007934                printf
 .text          0x0000000000007970       0xcc e:/altera/15.0/nios2eds/bin/gnu/h-x86_64-mingw32/bin/../lib/gcc/nios2-elf/4.9.1/../../../../../H-x86_64-mingw32/nios2-elf/lib\libc.a(lib_a-puts.o)
                0x0000000000007970                _puts_r
                0x0000000000007a28                puts
 .text          0x0000000000007a3c       0x54 e:/altera/15.0/nios2eds/bin/gnu/h-x86_64-mingw32/bin/../lib/gcc/nios2-elf/4.9.1/../../../../../H-x86_64-mingw32/nios2-elf/lib\libc.a(lib_a-sbrkr.o)
                0x0000000000007a3c                _sbrk_r
 .text          0x0000000000007a90       0xc4 e:/altera/15.0/nios2eds/bin/gnu/h-x86_64-mingw32/bin/../lib/gcc/nios2-elf/4.9.1/../../../../../H-x86_64-mingw32/nios2-elf/lib\libc.a(lib_a-sprintf.o)
                0x0000000000007a90                _sprintf_r
                0x0000000000007ae8                sprintf
 .text          0x0000000000007b54       0x90 e:/altera/15.0/nios2eds/bin/gnu/h-x86_64-mingw32/bin/../lib/gcc/nios2-elf/4.9.1/../../../../../H-x86_64-mingw32/nios2-elf/lib\libc.a(lib_a-strcpy.o)
                0x0000000000007b54                strcpy
 .text          0x0000000000007be4       0x98 e:/altera/15.0/nios2eds/bin/gnu/h-x86_64-mingw32/bin/../lib/gcc/nios2-elf/4.9.1/../../../../../H-x86_64-mingw32/nios2-elf/lib\libc.a(lib_a-strlen.o)
                0x0000000000007be4                strlen
 .text          0x0000000000007c7c     0x1f90 e:/altera/15.0/nios2eds/bin/gnu/h-x86_64-mingw32/bin/../lib/gcc/nios2-elf/4.9.1/../../../../../H-x86_64-mingw32/nios2-elf/lib\libc.a(lib_a-svfprintf.o)
                0x0000000000007c7c                ___svfprintf_internal_r
 .text          0x0000000000009c0c     0x2020 e:/altera/15.0/nios2eds/bin/gnu/h-x86_64-mingw32/bin/../lib/gcc/nios2-elf/4.9.1/../../../../../H-x86_64-mingw32/nios2-elf/lib\libc.a(lib_a-vfprintf.o)
                0x0000000000009c0c                ___vfprintf_internal_r
                0x000000000000bc08                __vfprintf_internal
 .text          0x000000000000bc2c      0x130 e:/altera/15.0/nios2eds/bin/gnu/h-x86_64-mingw32/bin/../lib/gcc/nios2-elf/4.9.1/../../../../../H-x86_64-mingw32/nios2-elf/lib\libc.a(lib_a-wsetup.o)
                0x000000000000bc2c                __swsetup_r
 .text          0x000000000000bd5c     0x1928 e:/altera/15.0/nios2eds/bin/gnu/h-x86_64-mingw32/bin/../lib/gcc/nios2-elf/4.9.1/../../../../../H-x86_64-mingw32/nios2-elf/lib\libc.a(lib_a-dtoa.o)
                0x000000000000bf5c                _dtoa_r
 .text          0x000000000000d684      0x258 e:/altera/15.0/nios2eds/bin/gnu/h-x86_64-mingw32/bin/../lib/gcc/nios2-elf/4.9.1/../../../../../H-x86_64-mingw32/nios2-elf/lib\libc.a(lib_a-fflush.o)
                0x000000000000d684                _fflush_r
                0x000000000000d8ac                fflush
 .text          0x000000000000d8dc      0x3a0 e:/altera/15.0/nios2eds/bin/gnu/h-x86_64-mingw32/bin/../lib/gcc/nios2-elf/4.9.1/../../../../../H-x86_64-mingw32/nios2-elf/lib\libc.a(lib_a-findfp.o)
                0x000000000000d8ec                _cleanup_r
                0x000000000000da98                __sfmoreglue
                0x000000000000dafc                __sfp
                0x000000000000dc14                _cleanup
                0x000000000000dc2c                __sinit
                0x000000000000dc3c                __sfp_lock_acquire
                0x000000000000dc40                __sfp_lock_release
                0x000000000000dc44                __sinit_lock_acquire
                0x000000000000dc48                __sinit_lock_release
                0x000000000000dc4c                __fp_lock_all
                0x000000000000dc64                __fp_unlock_all
 .text          0x000000000000dc7c      0x414 e:/altera/15.0/nios2eds/bin/gnu/h-x86_64-mingw32/bin/../lib/gcc/nios2-elf/4.9.1/../../../../../H-x86_64-mingw32/nios2-elf/lib\libc.a(lib_a-freer.o)
                0x000000000000dc7c                _malloc_trim_r
                0x000000000000dda0                _free_r
 .text          0x000000000000e090      0x4a4 e:/altera/15.0/nios2eds/bin/gnu/h-x86_64-mingw32/bin/../lib/gcc/nios2-elf/4.9.1/../../../../../H-x86_64-mingw32/nios2-elf/lib\libc.a(lib_a-fvwrite.o)
                0x000000000000e090                __sfvwrite_r
 .text          0x000000000000e534      0x170 e:/altera/15.0/nios2eds/bin/gnu/h-x86_64-mingw32/bin/../lib/gcc/nios2-elf/4.9.1/../../../../../H-x86_64-mingw32/nios2-elf/lib\libc.a(lib_a-fwalk.o)
                0x000000000000e534                _fwalk
                0x000000000000e5ec                _fwalk_reent
 .text          0x000000000000e6a4        0x0 e:/altera/15.0/nios2eds/bin/gnu/h-x86_64-mingw32/bin/../lib/gcc/nios2-elf/4.9.1/../../../../../H-x86_64-mingw32/nios2-elf/lib\libc.a(lib_a-impure.o)
 .text          0x000000000000e6a4        0x0 e:/altera/15.0/nios2eds/bin/gnu/h-x86_64-mingw32/bin/../lib/gcc/nios2-elf/4.9.1/../../../../../H-x86_64-mingw32/nios2-elf/lib\libc.a(lib_a-int_errno.o)
 .text          0x000000000000e6a4       0xe0 e:/altera/15.0/nios2eds/bin/gnu/h-x86_64-mingw32/bin/../lib/gcc/nios2-elf/4.9.1/../../../../../H-x86_64-mingw32/nios2-elf/lib\libc.a(lib_a-locale.o)
                0x000000000000e6a4                _setlocale_r
                0x000000000000e720                __locale_charset
                0x000000000000e72c                __locale_mb_cur_max
                0x000000000000e73c                __locale_msgcharset
                0x000000000000e748                __locale_cjk_lang
                0x000000000000e750                _localeconv_r
                0x000000000000e75c                setlocale
                0x000000000000e778                localeconv
 .text          0x000000000000e784      0x1b8 e:/altera/15.0/nios2eds/bin/gnu/h-x86_64-mingw32/bin/../lib/gcc/nios2-elf/4.9.1/../../../../../H-x86_64-mingw32/nios2-elf/lib\libc.a(lib_a-makebuf.o)
                0x000000000000e784                __smakebuf_r
 .text          0x000000000000e93c       0xe8 e:/altera/15.0/nios2eds/bin/gnu/h-x86_64-mingw32/bin/../lib/gcc/nios2-elf/4.9.1/../../../../../H-x86_64-mingw32/nios2-elf/lib\libc.a(lib_a-memchr.o)
                0x000000000000e93c                memchr
 .text          0x000000000000ea24      0x15c e:/altera/15.0/nios2eds/bin/gnu/h-x86_64-mingw32/bin/../lib/gcc/nios2-elf/4.9.1/../../../../../H-x86_64-mingw32/nios2-elf/lib\libc.a(lib_a-memmove.o)
                0x000000000000ea24                memmove
 .text          0x000000000000eb80      0x124 e:/altera/15.0/nios2eds/bin/gnu/h-x86_64-mingw32/bin/../lib/gcc/nios2-elf/4.9.1/../../../../../H-x86_64-mingw32/nios2-elf/lib\libc.a(lib_a-memset.o)
                0x000000000000eb80                memset
 .text          0x000000000000eca4      0xf8c e:/altera/15.0/nios2eds/bin/gnu/h-x86_64-mingw32/bin/../lib/gcc/nios2-elf/4.9.1/../../../../../H-x86_64-mingw32/nios2-elf/lib\libc.a(lib_a-mprec.o)
                0x000000000000eca4                _Balloc
                0x000000000000ed4c                _Bfree
                0x000000000000ed74                __multadd
                0x000000000000ee88                __s2b
                0x000000000000ef8c                __hi0bits
                0x000000000000eff4                __lo0bits
                0x000000000000f0a4                __i2b
                0x000000000000f0e0                __multiply
                0x000000000000f2dc                __pow5mult
                0x000000000000f41c                __lshift
                0x000000000000f564                __mcmp
                0x000000000000f5c4                __mdiff
                0x000000000000f75c                __ulp
                0x000000000000f7bc                __b2d
                0x000000000000f8d8                __d2b
                0x000000000000fa14                __ratio
                0x000000000000fab8                _mprec_log10
                0x000000000000fb2c                __copybits
                0x000000000000fba4                __any_on
 .text          0x000000000000fc30      0x5a0 e:/altera/15.0/nios2eds/bin/gnu/h-x86_64-mingw32/bin/../lib/gcc/nios2-elf/4.9.1/../../../../../H-x86_64-mingw32/nios2-elf/lib\libc.a(lib_a-reallocr.o)
                0x000000000000fc30                _realloc_r
 .text          0x00000000000101d0       0x74 e:/altera/15.0/nios2eds/bin/gnu/h-x86_64-mingw32/bin/../lib/gcc/nios2-elf/4.9.1/../../../../../H-x86_64-mingw32/nios2-elf/lib\libc.a(lib_a-s_fpclassify.o)
                0x00000000000101d0                __fpclassifyd
 .text          0x0000000000010244      0x13c e:/altera/15.0/nios2eds/bin/gnu/h-x86_64-mingw32/bin/../lib/gcc/nios2-elf/4.9.1/../../../../../H-x86_64-mingw32/nios2-elf/lib\libc.a(lib_a-stdio.o)
                0x0000000000010244                __sread
                0x0000000000010298                __seofread
                0x00000000000102a0                __swrite
                0x000000000001031c                __sseek
                0x0000000000010378                __sclose
 .text          0x0000000000010380       0xa4 e:/altera/15.0/nios2eds/bin/gnu/h-x86_64-mingw32/bin/../lib/gcc/nios2-elf/4.9.1/../../../../../H-x86_64-mingw32/nios2-elf/lib\libc.a(lib_a-strcmp.o)
                0x0000000000010380                strcmp
 .text          0x0000000000010424     0x1230 e:/altera/15.0/nios2eds/bin/gnu/h-x86_64-mingw32/bin/../lib/gcc/nios2-elf/4.9.1/../../../../../H-x86_64-mingw32/nios2-elf/lib\libc.a(lib_a-svfiprintf.o)
                0x0000000000010424                __ssprint_r
                0x00000000000105ec                ___svfiprintf_internal_r
 .text          0x0000000000011654     0x1494 e:/altera/15.0/nios2eds/bin/gnu/h-x86_64-mingw32/bin/../lib/gcc/nios2-elf/4.9.1/../../../../../H-x86_64-mingw32/nios2-elf/lib\libc.a(lib_a-vfiprintf.o)
                0x0000000000011750                __sprint_r
                0x0000000000011768                ___vfiprintf_internal_r
                0x0000000000012ac4                __vfiprintf_internal
 .text          0x0000000000012ae8       0x5c e:/altera/15.0/nios2eds/bin/gnu/h-x86_64-mingw32/bin/../lib/gcc/nios2-elf/4.9.1/../../../../../H-x86_64-mingw32/nios2-elf/lib\libc.a(lib_a-writer.o)
                0x0000000000012ae8                _write_r
 .text          0x0000000000012b44       0x54 e:/altera/15.0/nios2eds/bin/gnu/h-x86_64-mingw32/bin/../lib/gcc/nios2-elf/4.9.1/../../../../../H-x86_64-mingw32/nios2-elf/lib\libc.a(closer.o)
                0x0000000000012b44                _close_r
 .text          0x0000000000012b98       0xc4 e:/altera/15.0/nios2eds/bin/gnu/h-x86_64-mingw32/bin/../lib/gcc/nios2-elf/4.9.1/../../../../../H-x86_64-mingw32/nios2-elf/lib\libc.a(lib_a-callocr.o)
                0x0000000000012b98                _calloc_r
 .text          0x0000000000012c5c      0x114 e:/altera/15.0/nios2eds/bin/gnu/h-x86_64-mingw32/bin/../lib/gcc/nios2-elf/4.9.1/../../../../../H-x86_64-mingw32/nios2-elf/lib\libc.a(lib_a-fclose.o)
                0x0000000000012c5c                _fclose_r
                0x0000000000012d5c                fclose
 .text          0x0000000000012d70      0x1dc e:/altera/15.0/nios2eds/bin/gnu/h-x86_64-mingw32/bin/../lib/gcc/nios2-elf/4.9.1/../../../../../H-x86_64-mingw32/nios2-elf/lib\libc.a(lib_a-fputwc.o)
                0x0000000000012d70                _fputwc_r
                0x0000000000012ef4                fputwc
 .text          0x0000000000012f4c       0x58 e:/altera/15.0/nios2eds/bin/gnu/h-x86_64-mingw32/bin/../lib/gcc/nios2-elf/4.9.1/../../../../../H-x86_64-mingw32/nios2-elf/lib\libc.a(lib_a-fstatr.o)
                0x0000000000012f4c                _fstat_r
 .text          0x0000000000012fa4       0x54 e:/altera/15.0/nios2eds/bin/gnu/h-x86_64-mingw32/bin/../lib/gcc/nios2-elf/4.9.1/../../../../../H-x86_64-mingw32/nios2-elf/lib\libc.a(lib_a-isattyr.o)
                0x0000000000012fa4                _isatty_r
 .text          0x0000000000012ff8       0x5c e:/altera/15.0/nios2eds/bin/gnu/h-x86_64-mingw32/bin/../lib/gcc/nios2-elf/4.9.1/../../../../../H-x86_64-mingw32/nios2-elf/lib\libc.a(lib_a-lseekr.o)
                0x0000000000012ff8                _lseek_r
 .text          0x0000000000013054       0x5c e:/altera/15.0/nios2eds/bin/gnu/h-x86_64-mingw32/bin/../lib/gcc/nios2-elf/4.9.1/../../../../../H-x86_64-mingw32/nios2-elf/lib\libc.a(lib_a-readr.o)
                0x0000000000013054                _read_r
 .text          0x00000000000130b0      0x170 e:/altera/15.0/nios2eds/bin/gnu/h-x86_64-mingw32/bin/../lib/gcc/nios2-elf/4.9.1/../../../../../H-x86_64-mingw32/nios2-elf/lib\libc.a(lib_a-wbuf.o)
                0x00000000000130b0                __swbuf_r
                0x0000000000013204                __swbuf
 .text          0x0000000000013220      0x174 e:/altera/15.0/nios2eds/bin/gnu/h-x86_64-mingw32/bin/../lib/gcc/nios2-elf/4.9.1/../../../../../H-x86_64-mingw32/nios2-elf/lib\libc.a(lib_a-wcrtomb.o)
                0x0000000000013220                _wcrtomb_r
                0x00000000000132bc                wcrtomb
 .text          0x0000000000013394       0x8c e:/altera/15.0/nios2eds/bin/gnu/h-x86_64-mingw32/bin/../lib/gcc/nios2-elf/4.9.1/../../../../../H-x86_64-mingw32/nios2-elf/lib\libc.a(lib_a-wctomb_r.o)
                0x0000000000013394                __ascii_wctomb
                0x00000000000133c4                _wctomb_r
 .text          0x0000000000013420      0x5c0 e:/altera/15.0/nios2eds/bin/gnu/h-x86_64-mingw32/bin/../lib/gcc/nios2-elf/4.9.1\libgcc.a(_udivdi3.o)
                0x0000000000013420                __udivdi3
 .text          0x00000000000139e0      0x590 e:/altera/15.0/nios2eds/bin/gnu/h-x86_64-mingw32/bin/../lib/gcc/nios2-elf/4.9.1\libgcc.a(_umoddi3.o)
                0x00000000000139e0                __umoddi3
 .text          0x0000000000013f70      0x89c e:/altera/15.0/nios2eds/bin/gnu/h-x86_64-mingw32/bin/../lib/gcc/nios2-elf/4.9.1\libgcc.a(adddf3.o)
                0x0000000000013f70                __adddf3
 .text          0x000000000001480c       0x84 e:/altera/15.0/nios2eds/bin/gnu/h-x86_64-mingw32/bin/../lib/gcc/nios2-elf/4.9.1\libgcc.a(eqdf2.o)
                0x000000000001480c                __nedf2
                0x000000000001480c                __eqdf2
 .text          0x0000000000014890       0xe0 e:/altera/15.0/nios2eds/bin/gnu/h-x86_64-mingw32/bin/../lib/gcc/nios2-elf/4.9.1\libgcc.a(gedf2.o)
                0x0000000000014890                __gedf2
                0x0000000000014890                __gtdf2
 .text          0x0000000000014970       0xe0 e:/altera/15.0/nios2eds/bin/gnu/h-x86_64-mingw32/bin/../lib/gcc/nios2-elf/4.9.1\libgcc.a(ledf2.o)
                0x0000000000014970                __ledf2
                0x0000000000014970                __ltdf2
 .text          0x0000000000014a50      0x8d0 e:/altera/15.0/nios2eds/bin/gnu/h-x86_64-mingw32/bin/../lib/gcc/nios2-elf/4.9.1\libgcc.a(subdf3.o)
                0x0000000000014a50                __subdf3
 .text          0x0000000000015320       0xa4 e:/altera/15.0/nios2eds/bin/gnu/h-x86_64-mingw32/bin/../lib/gcc/nios2-elf/4.9.1\libgcc.a(floatunsidf.o)
                0x0000000000015320                __floatunsidf
 .text          0x00000000000153c4      0x120 ../sdRead_bsp/\libhal_bsp.a(alt_close.o)
                0x0000000000015414                close
 .text          0x00000000000154e4       0x2c ../sdRead_bsp/\libhal_bsp.a(alt_dev.o)
 .text          0x0000000000015510        0x0 ../sdRead_bsp/\libhal_bsp.a(alt_errno.o)
 .text          0x0000000000015510      0x100 ../sdRead_bsp/\libhal_bsp.a(alt_fstat.o)
                0x0000000000015560                fstat
 .text          0x0000000000015610       0xf4 ../sdRead_bsp/\libhal_bsp.a(alt_isatty.o)
                0x0000000000015660                isatty
 .text          0x0000000000015704       0xe4 ../sdRead_bsp/\libhal_bsp.a(alt_load.o)
                0x0000000000015768                alt_load
 .text          0x00000000000157e8      0x124 ../sdRead_bsp/\libhal_bsp.a(alt_lseek.o)
                0x0000000000015838                lseek
 .text          0x000000000001590c       0x78 ../sdRead_bsp/\libhal_bsp.a(alt_main.o)
                0x000000000001590c                alt_main
 .text          0x0000000000015984       0x40 ../sdRead_bsp/\libhal_bsp.a(alt_malloc_lock.o)
                0x0000000000015984                __malloc_lock
                0x00000000000159a4                __malloc_unlock
 .text          0x00000000000159c4      0x14c ../sdRead_bsp/\libhal_bsp.a(alt_read.o)
                0x0000000000015a14                read
 .text          0x0000000000015b10       0x60 ../sdRead_bsp/\libhal_bsp.a(alt_release_fd.o)
                0x0000000000015b10                alt_release_fd
 .text          0x0000000000015b70       0xb0 ../sdRead_bsp/\libhal_bsp.a(alt_sbrk.o)
                0x0000000000015b70                sbrk
 .text          0x0000000000015c20      0x148 ../sdRead_bsp/\libhal_bsp.a(alt_write.o)
                0x0000000000015c70                write
 .text          0x0000000000015d68       0xd8 ../sdRead_bsp/\libhal_bsp.a(alt_sys_init.o)
                0x0000000000015da0                alt_irq_init
                0x0000000000015dd4                alt_sys_init
 .text          0x0000000000015e40     0x430c ../sdRead_bsp/\libhal_bsp.a(Altera_UP_SD_Card_Avalon_Interface.o)
                0x0000000000015e40                Write_Sector_Data
                0x0000000000015ef4                Save_Modified_Sector
                0x0000000000015f40                Read_Sector_Data
                0x0000000000016018                get_cluster_flag
                0x00000000000160cc                mark_cluster
                0x00000000000161ac                Check_for_Master_Boot_Record
                0x0000000000016358                Read_File_Record_At_Offset
                0x00000000000165d4                Write_File_Record_At_Offset
                0x0000000000016860                Check_for_DOS_FAT
                0x0000000000016f08                Look_for_FAT16
                0x0000000000016ff4                filename_to_upper_case
                0x00000000000170b4                check_file_name_for_FAT16_compliance
                0x0000000000017320                get_dir_divider_location
                0x00000000000173d8                match_file_record_to_name_ext
                0x0000000000017674                get_home_directory_cluster_for_file
                0x0000000000017ba8                find_file_in_directory
                0x0000000000018018                find_first_empty_cluster
                0x00000000000181cc                find_first_empty_record_in_a_subdirectory
                0x0000000000018418                find_first_empty_record_in_root_directory
                0x000000000001854c                convert_filename_to_name_extension
                0x00000000000186d4                create_file
                0x0000000000018998                copy_file_record_name_to_string
                0x0000000000018adc                alt_up_sd_card_open_dev
                0x0000000000018b9c                alt_up_sd_card_is_Present
                0x0000000000018c60                alt_up_sd_card_is_FAT16
                0x0000000000018ccc                alt_up_sd_card_find_first
                0x0000000000018d9c                alt_up_sd_card_find_next
                0x0000000000019150                alt_up_sd_card_fopen
                0x00000000000194d4                alt_up_sd_card_set_attributes
                0x0000000000019558                alt_up_sd_card_get_attributes
                0x00000000000195e0                alt_up_sd_card_read
                0x0000000000019958                alt_up_sd_card_write
                0x0000000000019f90                alt_up_sd_card_fclose
 .text          0x000000000001a14c      0x164 ../sdRead_bsp/\libhal_bsp.a(altera_avalon_jtag_uart_fd.o)
                0x000000000001a14c                altera_avalon_jtag_uart_read_fd
                0x000000000001a1ac                altera_avalon_jtag_uart_write_fd
                0x000000000001a20c                altera_avalon_jtag_uart_close_fd
                0x000000000001a25c                altera_avalon_jtag_uart_ioctl_fd
 .text          0x000000000001a2b0      0x3d8 ../sdRead_bsp/\libhal_bsp.a(altera_avalon_jtag_uart_init.o)
                0x000000000001a2b0                altera_avalon_jtag_uart_init
                0x000000000001a620                altera_avalon_jtag_uart_close
 .text          0x000000000001a688       0xec ../sdRead_bsp/\libhal_bsp.a(altera_avalon_jtag_uart_ioctl.o)
                0x000000000001a688                altera_avalon_jtag_uart_ioctl
 .text          0x000000000001a774      0x20c ../sdRead_bsp/\libhal_bsp.a(altera_avalon_jtag_uart_read.o)
                0x000000000001a774                altera_avalon_jtag_uart_read
 .text          0x000000000001a980      0x218 ../sdRead_bsp/\libhal_bsp.a(altera_avalon_jtag_uart_write.o)
                0x000000000001a980                altera_avalon_jtag_uart_write
 .text          0x000000000001ab98       0xfc ../sdRead_bsp/\libhal_bsp.a(altera_avalon_timer_sc.o)
                0x000000000001ac0c                alt_avalon_timer_sc_init
 .text          0x000000000001ac94      0x140 ../sdRead_bsp/\libhal_bsp.a(alt_alarm_start.o)
                0x000000000001ac94                alt_alarm_start
 .text          0x000000000001add4       0x44 ../sdRead_bsp/\libhal_bsp.a(alt_dcache_flush_all.o)
                0x000000000001add4                alt_dcache_flush_all
 .text          0x000000000001ae18       0xf4 ../sdRead_bsp/\libhal_bsp.a(alt_dev_llist_insert.o)
                0x000000000001ae68                alt_dev_llist_insert
 .text          0x000000000001af0c       0x5c ../sdRead_bsp/\libhal_bsp.a(alt_do_ctors.o)
                0x000000000001af0c                _do_ctors
 .text          0x000000000001af68       0x5c ../sdRead_bsp/\libhal_bsp.a(alt_do_dtors.o)
                0x000000000001af68                _do_dtors
 .text          0x000000000001afc4       0x90 ../sdRead_bsp/\libhal_bsp.a(alt_find_dev.o)
                0x000000000001afc4                alt_find_dev
 .text          0x000000000001b054       0x30 ../sdRead_bsp/\libhal_bsp.a(alt_icache_flush_all.o)
                0x000000000001b054                alt_icache_flush_all
 .text          0x000000000001b084      0x1e0 ../sdRead_bsp/\libhal_bsp.a(alt_iic.o)
                0x000000000001b084                alt_ic_isr_register
                0x000000000001b0d4                alt_ic_irq_enable
                0x000000000001b174                alt_ic_irq_disable
                0x000000000001b218                alt_ic_irq_enabled
 .text          0x000000000001b264       0xf0 ../sdRead_bsp/\libhal_bsp.a(alt_iic_isr_register.o)
                0x000000000001b264                alt_iic_isr_register
 .text          0x000000000001b354      0x138 ../sdRead_bsp/\libhal_bsp.a(alt_io_redirect.o)
                0x000000000001b414                alt_io_redirect
 .text          0x000000000001b48c        0x0 ../sdRead_bsp/\libhal_bsp.a(alt_irq_entry.o)
 .text          0x000000000001b48c        0x0 ../sdRead_bsp/\libhal_bsp.a(alt_irq_handler.o)
 .text          0x000000000001b48c        0x0 ../sdRead_bsp/\libhal_bsp.a(alt_irq_vars.o)
 .text          0x000000000001b48c      0x274 ../sdRead_bsp/\libhal_bsp.a(alt_open.o)
                0x000000000001b5a8                open
 .text          0x000000000001b700      0x19c ../sdRead_bsp/\libhal_bsp.a(alt_tick.o)
                0x000000000001b700                alt_alarm_stop
                0x000000000001b798                alt_tick
 .text          0x000000000001b89c       0x20 ../sdRead_bsp/\libhal_bsp.a(altera_nios2_gen2_irq.o)
                0x000000000001b89c                altera_nios2_gen2_irq_init
 .text          0x000000000001b8bc        0x0 ../sdRead_bsp/\libhal_bsp.a(alt_exception_entry.o)
 .text          0x000000000001b8bc      0x114 ../sdRead_bsp/\libhal_bsp.a(alt_find_file.o)
                0x000000000001b8bc                alt_find_file
 .text          0x000000000001b9d0       0xb4 ../sdRead_bsp/\libhal_bsp.a(alt_get_fd.o)
                0x000000000001b9d0                alt_get_fd
 .text          0x000000000001ba84       0x8c ../sdRead_bsp/\libhal_bsp.a(alt_icache_flush.o)
                0x000000000001ba84                alt_icache_flush
 .text          0x000000000001bb10       0x9c ../sdRead_bsp/\libhal_bsp.a(alt_instruction_exception_entry.o)
                0x000000000001bb10                alt_exception_cause_generated_bad_addr
 .text          0x000000000001bbac       0x14 e:/altera/15.0/nios2eds/bin/gnu/h-x86_64-mingw32/bin/../lib/gcc/nios2-elf/4.9.1/../../../../../H-x86_64-mingw32/nios2-elf/lib\libc.a(lib_a-atexit.o)
                0x000000000001bbac                atexit
 .text          0x000000000001bbc0       0x38 e:/altera/15.0/nios2eds/bin/gnu/h-x86_64-mingw32/bin/../lib/gcc/nios2-elf/4.9.1/../../../../../H-x86_64-mingw32/nios2-elf/lib\libc.a(lib_a-exit.o)
                0x000000000001bbc0                exit
 .text          0x000000000001bbf8       0x7c e:/altera/15.0/nios2eds/bin/gnu/h-x86_64-mingw32/bin/../lib/gcc/nios2-elf/4.9.1/../../../../../H-x86_64-mingw32/nios2-elf/lib\libc.a(lib_a-memcmp.o)
                0x000000000001bbf8                memcmp
 .text          0x000000000001bc74      0x114 e:/altera/15.0/nios2eds/bin/gnu/h-x86_64-mingw32/bin/../lib/gcc/nios2-elf/4.9.1/../../../../../H-x86_64-mingw32/nios2-elf/lib\libc.a(lib_a-__atexit.o)
                0x000000000001bc74                __register_exitproc
 .text          0x000000000001bd88      0x194 e:/altera/15.0/nios2eds/bin/gnu/h-x86_64-mingw32/bin/../lib/gcc/nios2-elf/4.9.1/../../../../../H-x86_64-mingw32/nios2-elf/lib\libc.a(lib_a-__call_atexit.o)
                0x000000000001bd88                __call_exitprocs
 .text          0x000000000001bf1c       0x34 ../sdRead_bsp/\libhal_bsp.a(alt_exit.o)
                0x000000000001bf1c                _exit
 *(.gnu.warning.*)
 *(.fini)
                0x000000000001bf50                PROVIDE (__etext, ABSOLUTE (.))
                0x000000000001bf50                PROVIDE (_etext, ABSOLUTE (.))
                0x000000000001bf50                PROVIDE (etext, ABSOLUTE (.))
 *(.eh_frame_hdr)
                0x000000000001bf50                . = ALIGN (0x4)
                0x000000000001bf50                PROVIDE (__preinit_array_start, ABSOLUTE (.))
 *(.preinit_array)
                0x000000000001bf50                PROVIDE (__preinit_array_end, ABSOLUTE (.))
                0x000000000001bf50                PROVIDE (__init_array_start, ABSOLUTE (.))
 *(.init_array)
                0x000000000001bf50                PROVIDE (__init_array_end, ABSOLUTE (.))
                0x000000000001bf50                PROVIDE (__fini_array_start, ABSOLUTE (.))
 *(.fini_array)
                0x000000000001bf50                PROVIDE (__fini_array_end, ABSOLUTE (.))
 *(.eh_frame)
 *(.gcc_except_table .gcc_except_table.*)
 *(.dynamic)
                0x000000000001bf50                PROVIDE (__CTOR_LIST__, ABSOLUTE (.))
 *(.ctors)
 *(SORT(.ctors.*))
                0x000000000001bf50                PROVIDE (__CTOR_END__, ABSOLUTE (.))
                0x000000000001bf50                PROVIDE (__DTOR_LIST__, ABSOLUTE (.))
 *(.dtors)
 *(SORT(.dtors.*))
                0x000000000001bf50                PROVIDE (__DTOR_END__, ABSOLUTE (.))
 *(.jcr)
                0x000000000001bf50                . = ALIGN (0x4)

.rodata         0x000000000001bf50      0x844
                0x000000000001bf50                PROVIDE (__ram_rodata_start, ABSOLUTE (.))
                0x000000000001bf50                . = ALIGN (0x4)
 *(.rodata .rodata.* .gnu.linkonce.r.*)
 .rodata        0x000000000001bf50       0x64 obj/default/screen.o
 .rodata        0x000000000001bfb4       0x94 obj/default/sdTest.o
 .rodata        0x000000000001c048      0x3e8 obj/default/txt_read.o
 .rodata        0x000000000001c430      0x100 e:/altera/15.0/nios2eds/bin/gnu/h-x86_64-mingw32/bin/../lib/gcc/nios2-elf/4.9.1\libgcc.a(_clz.o)
                0x000000000001c430                __clz_tab
 .rodata.str1.4
                0x000000000001c530        0x2 e:/altera/15.0/nios2eds/bin/gnu/h-x86_64-mingw32/bin/../lib/gcc/nios2-elf/4.9.1/../../../../../H-x86_64-mingw32/nios2-elf/lib\libc.a(lib_a-puts.o)
                                          0x4 (size before relaxing)
 *fill*         0x000000000001c532        0x2 
 .rodata.str1.4
                0x000000000001c534       0x42 e:/altera/15.0/nios2eds/bin/gnu/h-x86_64-mingw32/bin/../lib/gcc/nios2-elf/4.9.1/../../../../../H-x86_64-mingw32/nios2-elf/lib\libc.a(lib_a-svfprintf.o)
                                         0x44 (size before relaxing)
 .rodata        0x000000000001c576       0x20 e:/altera/15.0/nios2eds/bin/gnu/h-x86_64-mingw32/bin/../lib/gcc/nios2-elf/4.9.1/../../../../../H-x86_64-mingw32/nios2-elf/lib\libc.a(lib_a-svfprintf.o)
 .rodata.str1.4
                0x0000000000000000       0x44 e:/altera/15.0/nios2eds/bin/gnu/h-x86_64-mingw32/bin/../lib/gcc/nios2-elf/4.9.1/../../../../../H-x86_64-mingw32/nios2-elf/lib\libc.a(lib_a-vfprintf.o)
 .rodata        0x000000000001c596       0x20 e:/altera/15.0/nios2eds/bin/gnu/h-x86_64-mingw32/bin/../lib/gcc/nios2-elf/4.9.1/../../../../../H-x86_64-mingw32/nios2-elf/lib\libc.a(lib_a-vfprintf.o)
 *fill*         0x000000000001c5b6        0x2 
 .rodata.str1.4
                0x000000000001c5b8       0x10 e:/altera/15.0/nios2eds/bin/gnu/h-x86_64-mingw32/bin/../lib/gcc/nios2-elf/4.9.1/../../../../../H-x86_64-mingw32/nios2-elf/lib\libc.a(lib_a-dtoa.o)
                                         0x14 (size before relaxing)
 .rodata.str1.4
                0x000000000001c5c8        0x2 e:/altera/15.0/nios2eds/bin/gnu/h-x86_64-mingw32/bin/../lib/gcc/nios2-elf/4.9.1/../../../../../H-x86_64-mingw32/nios2-elf/lib\libc.a(lib_a-impure.o)
                                          0x4 (size before relaxing)
 *fill*         0x000000000001c5ca        0x2 
 .rodata.str1.4
                0x000000000001c5cc        0xc e:/altera/15.0/nios2eds/bin/gnu/h-x86_64-mingw32/bin/../lib/gcc/nios2-elf/4.9.1/../../../../../H-x86_64-mingw32/nios2-elf/lib\libc.a(lib_a-locale.o)
                                         0x14 (size before relaxing)
 .rodata        0x000000000001c5d8      0x124 e:/altera/15.0/nios2eds/bin/gnu/h-x86_64-mingw32/bin/../lib/gcc/nios2-elf/4.9.1/../../../../../H-x86_64-mingw32/nios2-elf/lib\libc.a(lib_a-mprec.o)
                0x000000000001c5e4                __mprec_tinytens
                0x000000000001c60c                __mprec_bigtens
                0x000000000001c634                __mprec_tens
 .rodata.str1.4
                0x0000000000000000       0x30 e:/altera/15.0/nios2eds/bin/gnu/h-x86_64-mingw32/bin/../lib/gcc/nios2-elf/4.9.1/../../../../../H-x86_64-mingw32/nios2-elf/lib\libc.a(lib_a-svfiprintf.o)
 .rodata        0x000000000001c6fc       0x20 e:/altera/15.0/nios2eds/bin/gnu/h-x86_64-mingw32/bin/../lib/gcc/nios2-elf/4.9.1/../../../../../H-x86_64-mingw32/nios2-elf/lib\libc.a(lib_a-svfiprintf.o)
 .rodata.str1.4
                0x0000000000000000       0x30 e:/altera/15.0/nios2eds/bin/gnu/h-x86_64-mingw32/bin/../lib/gcc/nios2-elf/4.9.1/../../../../../H-x86_64-mingw32/nios2-elf/lib\libc.a(lib_a-vfiprintf.o)
 .rodata        0x000000000001c71c       0x20 e:/altera/15.0/nios2eds/bin/gnu/h-x86_64-mingw32/bin/../lib/gcc/nios2-elf/4.9.1/../../../../../H-x86_64-mingw32/nios2-elf/lib\libc.a(lib_a-vfiprintf.o)
 .rodata        0x000000000001c73c        0xc ../sdRead_bsp/\libhal_bsp.a(alt_dev.o)
 .rodata        0x000000000001c748       0x10 ../sdRead_bsp/\libhal_bsp.a(alt_main.o)
 .rodata        0x000000000001c758       0x3c ../sdRead_bsp/\libhal_bsp.a(alt_sys_init.o)
 *(.rodata1)
                0x000000000001c794                . = ALIGN (0x4)
                0x000000000001c794                PROVIDE (__ram_rodata_end, ABSOLUTE (.))
                0x000000000001bf50                PROVIDE (__flash_rodata_start, LOADADDR (.rodata))

.rwdata         0x000000000001c794     0x1e04 load address 0x000000000001e598
                0x000000000001c794                PROVIDE (__ram_rwdata_start, ABSOLUTE (.))
                0x000000000001c794                . = ALIGN (0x4)
 *(.got.plt)
 *(.got)
 *(.data1)
 *(.data .data.* .gnu.linkonce.d.*)
 .data          0x000000000001c794        0x0 ../sdRead_bsp//obj/HAL/src/crt0.o
 .data          0x000000000001c794        0x0 obj/default/screen.o
 .data          0x000000000001c794        0x0 obj/default/sdTest.o
 .data          0x000000000001c794      0x2df obj/default/txt_read.o
                0x000000000001c794                txtBookSpace
 .data          0x000000000001ca73        0x0 e:/altera/15.0/nios2eds/bin/gnu/h-x86_64-mingw32/bin/../lib/gcc/nios2-elf/4.9.1\libgcc.a(lib2-divmod.o)
 .data          0x000000000001ca73        0x0 e:/altera/15.0/nios2eds/bin/gnu/h-x86_64-mingw32/bin/../lib/gcc/nios2-elf/4.9.1\libgcc.a(lesf2.o)
 .data          0x000000000001ca73        0x0 e:/altera/15.0/nios2eds/bin/gnu/h-x86_64-mingw32/bin/../lib/gcc/nios2-elf/4.9.1\libgcc.a(mulsf3.o)
 .data          0x000000000001ca73        0x0 e:/altera/15.0/nios2eds/bin/gnu/h-x86_64-mingw32/bin/../lib/gcc/nios2-elf/4.9.1\libgcc.a(fixsfsi.o)
 .data          0x000000000001ca73        0x0 e:/altera/15.0/nios2eds/bin/gnu/h-x86_64-mingw32/bin/../lib/gcc/nios2-elf/4.9.1\libgcc.a(floatsisf.o)
 .data          0x000000000001ca73        0x0 e:/altera/15.0/nios2eds/bin/gnu/h-x86_64-mingw32/bin/../lib/gcc/nios2-elf/4.9.1\libgcc.a(divdf3.o)
 .data          0x000000000001ca73        0x0 e:/altera/15.0/nios2eds/bin/gnu/h-x86_64-mingw32/bin/../lib/gcc/nios2-elf/4.9.1\libgcc.a(muldf3.o)
 .data          0x000000000001ca73        0x0 e:/altera/15.0/nios2eds/bin/gnu/h-x86_64-mingw32/bin/../lib/gcc/nios2-elf/4.9.1\libgcc.a(fixdfsi.o)
 .data          0x000000000001ca73        0x0 e:/altera/15.0/nios2eds/bin/gnu/h-x86_64-mingw32/bin/../lib/gcc/nios2-elf/4.9.1\libgcc.a(floatsidf.o)
 .data          0x000000000001ca73        0x0 e:/altera/15.0/nios2eds/bin/gnu/h-x86_64-mingw32/bin/../lib/gcc/nios2-elf/4.9.1\libgcc.a(truncdfsf2.o)
 .data          0x000000000001ca73        0x0 e:/altera/15.0/nios2eds/bin/gnu/h-x86_64-mingw32/bin/../lib/gcc/nios2-elf/4.9.1\libgcc.a(_clzsi2.o)
 .data          0x000000000001ca73        0x0 e:/altera/15.0/nios2eds/bin/gnu/h-x86_64-mingw32/bin/../lib/gcc/nios2-elf/4.9.1\libgcc.a(_clz.o)
 .data          0x000000000001ca73        0x0 e:/altera/15.0/nios2eds/bin/gnu/h-x86_64-mingw32/bin/../lib/gcc/nios2-elf/4.9.1/../../../../../H-x86_64-mingw32/nios2-elf/lib\libc.a(lib_a-malloc.o)
 *fill*         0x000000000001ca73        0x1 
 .data          0x000000000001ca74      0x408 e:/altera/15.0/nios2eds/bin/gnu/h-x86_64-mingw32/bin/../lib/gcc/nios2-elf/4.9.1/../../../../../H-x86_64-mingw32/nios2-elf/lib\libc.a(lib_a-mallocr.o)
                0x000000000001ca74                __malloc_av_
 .data          0x000000000001ce7c        0x0 e:/altera/15.0/nios2eds/bin/gnu/h-x86_64-mingw32/bin/../lib/gcc/nios2-elf/4.9.1/../../../../../H-x86_64-mingw32/nios2-elf/lib\libc.a(lib_a-memcpy.o)
 .data          0x000000000001ce7c        0x0 e:/altera/15.0/nios2eds/bin/gnu/h-x86_64-mingw32/bin/../lib/gcc/nios2-elf/4.9.1/../../../../../H-x86_64-mingw32/nios2-elf/lib\libc.a(lib_a-printf.o)
 .data          0x000000000001ce7c        0x0 e:/altera/15.0/nios2eds/bin/gnu/h-x86_64-mingw32/bin/../lib/gcc/nios2-elf/4.9.1/../../../../../H-x86_64-mingw32/nios2-elf/lib\libc.a(lib_a-puts.o)
 .data          0x000000000001ce7c        0x0 e:/altera/15.0/nios2eds/bin/gnu/h-x86_64-mingw32/bin/../lib/gcc/nios2-elf/4.9.1/../../../../../H-x86_64-mingw32/nios2-elf/lib\libc.a(lib_a-sbrkr.o)
 .data          0x000000000001ce7c        0x0 e:/altera/15.0/nios2eds/bin/gnu/h-x86_64-mingw32/bin/../lib/gcc/nios2-elf/4.9.1/../../../../../H-x86_64-mingw32/nios2-elf/lib\libc.a(lib_a-sprintf.o)
 .data          0x000000000001ce7c        0x0 e:/altera/15.0/nios2eds/bin/gnu/h-x86_64-mingw32/bin/../lib/gcc/nios2-elf/4.9.1/../../../../../H-x86_64-mingw32/nios2-elf/lib\libc.a(lib_a-strcpy.o)
 .data          0x000000000001ce7c        0x0 e:/altera/15.0/nios2eds/bin/gnu/h-x86_64-mingw32/bin/../lib/gcc/nios2-elf/4.9.1/../../../../../H-x86_64-mingw32/nios2-elf/lib\libc.a(lib_a-strlen.o)
 .data          0x000000000001ce7c        0x0 e:/altera/15.0/nios2eds/bin/gnu/h-x86_64-mingw32/bin/../lib/gcc/nios2-elf/4.9.1/../../../../../H-x86_64-mingw32/nios2-elf/lib\libc.a(lib_a-svfprintf.o)
 .data          0x000000000001ce7c        0x0 e:/altera/15.0/nios2eds/bin/gnu/h-x86_64-mingw32/bin/../lib/gcc/nios2-elf/4.9.1/../../../../../H-x86_64-mingw32/nios2-elf/lib\libc.a(lib_a-vfprintf.o)
 .data          0x000000000001ce7c        0x0 e:/altera/15.0/nios2eds/bin/gnu/h-x86_64-mingw32/bin/../lib/gcc/nios2-elf/4.9.1/../../../../../H-x86_64-mingw32/nios2-elf/lib\libc.a(lib_a-wsetup.o)
 .data          0x000000000001ce7c        0x0 e:/altera/15.0/nios2eds/bin/gnu/h-x86_64-mingw32/bin/../lib/gcc/nios2-elf/4.9.1/../../../../../H-x86_64-mingw32/nios2-elf/lib\libc.a(lib_a-dtoa.o)
 .data          0x000000000001ce7c        0x0 e:/altera/15.0/nios2eds/bin/gnu/h-x86_64-mingw32/bin/../lib/gcc/nios2-elf/4.9.1/../../../../../H-x86_64-mingw32/nios2-elf/lib\libc.a(lib_a-fflush.o)
 .data          0x000000000001ce7c        0x0 e:/altera/15.0/nios2eds/bin/gnu/h-x86_64-mingw32/bin/../lib/gcc/nios2-elf/4.9.1/../../../../../H-x86_64-mingw32/nios2-elf/lib\libc.a(lib_a-findfp.o)
 .data          0x000000000001ce7c        0x0 e:/altera/15.0/nios2eds/bin/gnu/h-x86_64-mingw32/bin/../lib/gcc/nios2-elf/4.9.1/../../../../../H-x86_64-mingw32/nios2-elf/lib\libc.a(lib_a-freer.o)
 .data          0x000000000001ce7c        0x0 e:/altera/15.0/nios2eds/bin/gnu/h-x86_64-mingw32/bin/../lib/gcc/nios2-elf/4.9.1/../../../../../H-x86_64-mingw32/nios2-elf/lib\libc.a(lib_a-fvwrite.o)
 .data          0x000000000001ce7c        0x0 e:/altera/15.0/nios2eds/bin/gnu/h-x86_64-mingw32/bin/../lib/gcc/nios2-elf/4.9.1/../../../../../H-x86_64-mingw32/nios2-elf/lib\libc.a(lib_a-fwalk.o)
 .data          0x000000000001ce7c      0x424 e:/altera/15.0/nios2eds/bin/gnu/h-x86_64-mingw32/bin/../lib/gcc/nios2-elf/4.9.1/../../../../../H-x86_64-mingw32/nios2-elf/lib\libc.a(lib_a-impure.o)
 .data          0x000000000001d2a0        0x0 e:/altera/15.0/nios2eds/bin/gnu/h-x86_64-mingw32/bin/../lib/gcc/nios2-elf/4.9.1/../../../../../H-x86_64-mingw32/nios2-elf/lib\libc.a(lib_a-int_errno.o)
 .data          0x000000000001d2a0       0x78 e:/altera/15.0/nios2eds/bin/gnu/h-x86_64-mingw32/bin/../lib/gcc/nios2-elf/4.9.1/../../../../../H-x86_64-mingw32/nios2-elf/lib\libc.a(lib_a-locale.o)
 .data          0x000000000001d318        0x0 e:/altera/15.0/nios2eds/bin/gnu/h-x86_64-mingw32/bin/../lib/gcc/nios2-elf/4.9.1/../../../../../H-x86_64-mingw32/nios2-elf/lib\libc.a(lib_a-makebuf.o)
 .data          0x000000000001d318        0x0 e:/altera/15.0/nios2eds/bin/gnu/h-x86_64-mingw32/bin/../lib/gcc/nios2-elf/4.9.1/../../../../../H-x86_64-mingw32/nios2-elf/lib\libc.a(lib_a-memchr.o)
 .data          0x000000000001d318        0x0 e:/altera/15.0/nios2eds/bin/gnu/h-x86_64-mingw32/bin/../lib/gcc/nios2-elf/4.9.1/../../../../../H-x86_64-mingw32/nios2-elf/lib\libc.a(lib_a-memmove.o)
 .data          0x000000000001d318        0x0 e:/altera/15.0/nios2eds/bin/gnu/h-x86_64-mingw32/bin/../lib/gcc/nios2-elf/4.9.1/../../../../../H-x86_64-mingw32/nios2-elf/lib\libc.a(lib_a-memset.o)
 .data          0x000000000001d318        0x0 e:/altera/15.0/nios2eds/bin/gnu/h-x86_64-mingw32/bin/../lib/gcc/nios2-elf/4.9.1/../../../../../H-x86_64-mingw32/nios2-elf/lib\libc.a(lib_a-mprec.o)
 .data          0x000000000001d318        0x0 e:/altera/15.0/nios2eds/bin/gnu/h-x86_64-mingw32/bin/../lib/gcc/nios2-elf/4.9.1/../../../../../H-x86_64-mingw32/nios2-elf/lib\libc.a(lib_a-reallocr.o)
 .data          0x000000000001d318        0x0 e:/altera/15.0/nios2eds/bin/gnu/h-x86_64-mingw32/bin/../lib/gcc/nios2-elf/4.9.1/../../../../../H-x86_64-mingw32/nios2-elf/lib\libc.a(lib_a-s_fpclassify.o)
 .data          0x000000000001d318        0x0 e:/altera/15.0/nios2eds/bin/gnu/h-x86_64-mingw32/bin/../lib/gcc/nios2-elf/4.9.1/../../../../../H-x86_64-mingw32/nios2-elf/lib\libc.a(lib_a-stdio.o)
 .data          0x000000000001d318        0x0 e:/altera/15.0/nios2eds/bin/gnu/h-x86_64-mingw32/bin/../lib/gcc/nios2-elf/4.9.1/../../../../../H-x86_64-mingw32/nios2-elf/lib\libc.a(lib_a-strcmp.o)
 .data          0x000000000001d318        0x0 e:/altera/15.0/nios2eds/bin/gnu/h-x86_64-mingw32/bin/../lib/gcc/nios2-elf/4.9.1/../../../../../H-x86_64-mingw32/nios2-elf/lib\libc.a(lib_a-svfiprintf.o)
 .data          0x000000000001d318        0x0 e:/altera/15.0/nios2eds/bin/gnu/h-x86_64-mingw32/bin/../lib/gcc/nios2-elf/4.9.1/../../../../../H-x86_64-mingw32/nios2-elf/lib\libc.a(lib_a-vfiprintf.o)
 .data          0x000000000001d318        0x0 e:/altera/15.0/nios2eds/bin/gnu/h-x86_64-mingw32/bin/../lib/gcc/nios2-elf/4.9.1/../../../../../H-x86_64-mingw32/nios2-elf/lib\libc.a(lib_a-writer.o)
 .data          0x000000000001d318        0x0 e:/altera/15.0/nios2eds/bin/gnu/h-x86_64-mingw32/bin/../lib/gcc/nios2-elf/4.9.1/../../../../../H-x86_64-mingw32/nios2-elf/lib\libc.a(closer.o)
 .data          0x000000000001d318        0x0 e:/altera/15.0/nios2eds/bin/gnu/h-x86_64-mingw32/bin/../lib/gcc/nios2-elf/4.9.1/../../../../../H-x86_64-mingw32/nios2-elf/lib\libc.a(lib_a-callocr.o)
 .data          0x000000000001d318        0x0 e:/altera/15.0/nios2eds/bin/gnu/h-x86_64-mingw32/bin/../lib/gcc/nios2-elf/4.9.1/../../../../../H-x86_64-mingw32/nios2-elf/lib\libc.a(lib_a-fclose.o)
 .data          0x000000000001d318        0x0 e:/altera/15.0/nios2eds/bin/gnu/h-x86_64-mingw32/bin/../lib/gcc/nios2-elf/4.9.1/../../../../../H-x86_64-mingw32/nios2-elf/lib\libc.a(lib_a-fputwc.o)
 .data          0x000000000001d318        0x0 e:/altera/15.0/nios2eds/bin/gnu/h-x86_64-mingw32/bin/../lib/gcc/nios2-elf/4.9.1/../../../../../H-x86_64-mingw32/nios2-elf/lib\libc.a(lib_a-fstatr.o)
 .data          0x000000000001d318        0x0 e:/altera/15.0/nios2eds/bin/gnu/h-x86_64-mingw32/bin/../lib/gcc/nios2-elf/4.9.1/../../../../../H-x86_64-mingw32/nios2-elf/lib\libc.a(lib_a-isattyr.o)
 .data          0x000000000001d318        0x0 e:/altera/15.0/nios2eds/bin/gnu/h-x86_64-mingw32/bin/../lib/gcc/nios2-elf/4.9.1/../../../../../H-x86_64-mingw32/nios2-elf/lib\libc.a(lib_a-lseekr.o)
 .data          0x000000000001d318        0x0 e:/altera/15.0/nios2eds/bin/gnu/h-x86_64-mingw32/bin/../lib/gcc/nios2-elf/4.9.1/../../../../../H-x86_64-mingw32/nios2-elf/lib\libc.a(lib_a-readr.o)
 .data          0x000000000001d318        0x0 e:/altera/15.0/nios2eds/bin/gnu/h-x86_64-mingw32/bin/../lib/gcc/nios2-elf/4.9.1/../../../../../H-x86_64-mingw32/nios2-elf/lib\libc.a(lib_a-wbuf.o)
 .data          0x000000000001d318        0x0 e:/altera/15.0/nios2eds/bin/gnu/h-x86_64-mingw32/bin/../lib/gcc/nios2-elf/4.9.1/../../../../../H-x86_64-mingw32/nios2-elf/lib\libc.a(lib_a-wcrtomb.o)
 .data          0x000000000001d318        0x0 e:/altera/15.0/nios2eds/bin/gnu/h-x86_64-mingw32/bin/../lib/gcc/nios2-elf/4.9.1/../../../../../H-x86_64-mingw32/nios2-elf/lib\libc.a(lib_a-wctomb_r.o)
 .data          0x000000000001d318        0x0 e:/altera/15.0/nios2eds/bin/gnu/h-x86_64-mingw32/bin/../lib/gcc/nios2-elf/4.9.1\libgcc.a(_udivdi3.o)
 .data          0x000000000001d318        0x0 e:/altera/15.0/nios2eds/bin/gnu/h-x86_64-mingw32/bin/../lib/gcc/nios2-elf/4.9.1\libgcc.a(_umoddi3.o)
 .data          0x000000000001d318        0x0 e:/altera/15.0/nios2eds/bin/gnu/h-x86_64-mingw32/bin/../lib/gcc/nios2-elf/4.9.1\libgcc.a(adddf3.o)
 .data          0x000000000001d318        0x0 e:/altera/15.0/nios2eds/bin/gnu/h-x86_64-mingw32/bin/../lib/gcc/nios2-elf/4.9.1\libgcc.a(eqdf2.o)
 .data          0x000000000001d318        0x0 e:/altera/15.0/nios2eds/bin/gnu/h-x86_64-mingw32/bin/../lib/gcc/nios2-elf/4.9.1\libgcc.a(gedf2.o)
 .data          0x000000000001d318        0x0 e:/altera/15.0/nios2eds/bin/gnu/h-x86_64-mingw32/bin/../lib/gcc/nios2-elf/4.9.1\libgcc.a(ledf2.o)
 .data          0x000000000001d318        0x0 e:/altera/15.0/nios2eds/bin/gnu/h-x86_64-mingw32/bin/../lib/gcc/nios2-elf/4.9.1\libgcc.a(subdf3.o)
 .data          0x000000000001d318        0x0 e:/altera/15.0/nios2eds/bin/gnu/h-x86_64-mingw32/bin/../lib/gcc/nios2-elf/4.9.1\libgcc.a(floatunsidf.o)
 .data          0x000000000001d318        0x0 ../sdRead_bsp/\libhal_bsp.a(alt_close.o)
 .data          0x000000000001d318      0x1a8 ../sdRead_bsp/\libhal_bsp.a(alt_dev.o)
                0x000000000001d318                alt_dev_null
                0x000000000001d340                alt_fd_list
 .data          0x000000000001d4c0        0x0 ../sdRead_bsp/\libhal_bsp.a(alt_errno.o)
 .data          0x000000000001d4c0        0x0 ../sdRead_bsp/\libhal_bsp.a(alt_fstat.o)
 .data          0x000000000001d4c0        0x0 ../sdRead_bsp/\libhal_bsp.a(alt_isatty.o)
 .data          0x000000000001d4c0        0x0 ../sdRead_bsp/\libhal_bsp.a(alt_load.o)
 .data          0x000000000001d4c0        0x0 ../sdRead_bsp/\libhal_bsp.a(alt_lseek.o)
 .data          0x000000000001d4c0        0x0 ../sdRead_bsp/\libhal_bsp.a(alt_main.o)
 .data          0x000000000001d4c0        0x0 ../sdRead_bsp/\libhal_bsp.a(alt_malloc_lock.o)
 .data          0x000000000001d4c0        0x0 ../sdRead_bsp/\libhal_bsp.a(alt_read.o)
 .data          0x000000000001d4c0        0x0 ../sdRead_bsp/\libhal_bsp.a(alt_release_fd.o)
 .data          0x000000000001d4c0        0x0 ../sdRead_bsp/\libhal_bsp.a(alt_sbrk.o)
 .data          0x000000000001d4c0        0x0 ../sdRead_bsp/\libhal_bsp.a(alt_write.o)
 .data          0x000000000001d4c0     0x108c ../sdRead_bsp/\libhal_bsp.a(alt_sys_init.o)
 .data          0x000000000001e54c        0x0 ../sdRead_bsp/\libhal_bsp.a(Altera_UP_SD_Card_Avalon_Interface.o)
 .data          0x000000000001e54c        0x0 ../sdRead_bsp/\libhal_bsp.a(altera_avalon_jtag_uart_fd.o)
 .data          0x000000000001e54c        0x0 ../sdRead_bsp/\libhal_bsp.a(altera_avalon_jtag_uart_init.o)
 .data          0x000000000001e54c        0x0 ../sdRead_bsp/\libhal_bsp.a(altera_avalon_jtag_uart_ioctl.o)
 .data          0x000000000001e54c        0x0 ../sdRead_bsp/\libhal_bsp.a(altera_avalon_jtag_uart_read.o)
 .data          0x000000000001e54c        0x0 ../sdRead_bsp/\libhal_bsp.a(altera_avalon_jtag_uart_write.o)
 .data          0x000000000001e54c        0x0 ../sdRead_bsp/\libhal_bsp.a(altera_avalon_timer_sc.o)
 .data          0x000000000001e54c        0x0 ../sdRead_bsp/\libhal_bsp.a(alt_alarm_start.o)
 .data          0x000000000001e54c        0x0 ../sdRead_bsp/\libhal_bsp.a(alt_dcache_flush_all.o)
 .data          0x000000000001e54c        0x0 ../sdRead_bsp/\libhal_bsp.a(alt_dev_llist_insert.o)
 .data          0x000000000001e54c        0x0 ../sdRead_bsp/\libhal_bsp.a(alt_do_ctors.o)
 .data          0x000000000001e54c        0x0 ../sdRead_bsp/\libhal_bsp.a(alt_do_dtors.o)
 .data          0x000000000001e54c        0x0 ../sdRead_bsp/\libhal_bsp.a(alt_find_dev.o)
 .data          0x000000000001e54c        0x0 ../sdRead_bsp/\libhal_bsp.a(alt_icache_flush_all.o)
 .data          0x000000000001e54c        0x0 ../sdRead_bsp/\libhal_bsp.a(alt_iic.o)
 .data          0x000000000001e54c        0x0 ../sdRead_bsp/\libhal_bsp.a(alt_iic_isr_register.o)
 .data          0x000000000001e54c        0x0 ../sdRead_bsp/\libhal_bsp.a(alt_io_redirect.o)
 .data          0x000000000001e54c        0x0 ../sdRead_bsp/\libhal_bsp.a(alt_irq_entry.o)
 .data          0x000000000001e54c        0x0 ../sdRead_bsp/\libhal_bsp.a(alt_irq_handler.o)
 .data          0x000000000001e54c        0x0 ../sdRead_bsp/\libhal_bsp.a(alt_irq_vars.o)
 .data          0x000000000001e54c        0x0 ../sdRead_bsp/\libhal_bsp.a(alt_open.o)
 .data          0x000000000001e54c        0x0 ../sdRead_bsp/\libhal_bsp.a(alt_tick.o)
 .data          0x000000000001e54c        0x0 ../sdRead_bsp/\libhal_bsp.a(altera_nios2_gen2_irq.o)
 .data          0x000000000001e54c        0x0 ../sdRead_bsp/\libhal_bsp.a(alt_exception_entry.o)
 .data          0x000000000001e54c        0x0 ../sdRead_bsp/\libhal_bsp.a(alt_find_file.o)
 .data          0x000000000001e54c        0x0 ../sdRead_bsp/\libhal_bsp.a(alt_get_fd.o)
 .data          0x000000000001e54c        0x0 ../sdRead_bsp/\libhal_bsp.a(alt_icache_flush.o)
 .data          0x000000000001e54c        0x0 ../sdRead_bsp/\libhal_bsp.a(alt_instruction_exception_entry.o)
 .data          0x000000000001e54c        0x0 e:/altera/15.0/nios2eds/bin/gnu/h-x86_64-mingw32/bin/../lib/gcc/nios2-elf/4.9.1/../../../../../H-x86_64-mingw32/nios2-elf/lib\libc.a(lib_a-atexit.o)
 .data          0x000000000001e54c        0x0 e:/altera/15.0/nios2eds/bin/gnu/h-x86_64-mingw32/bin/../lib/gcc/nios2-elf/4.9.1/../../../../../H-x86_64-mingw32/nios2-elf/lib\libc.a(lib_a-exit.o)
 .data          0x000000000001e54c        0x0 e:/altera/15.0/nios2eds/bin/gnu/h-x86_64-mingw32/bin/../lib/gcc/nios2-elf/4.9.1/../../../../../H-x86_64-mingw32/nios2-elf/lib\libc.a(lib_a-memcmp.o)
 .data          0x000000000001e54c        0x0 e:/altera/15.0/nios2eds/bin/gnu/h-x86_64-mingw32/bin/../lib/gcc/nios2-elf/4.9.1/../../../../../H-x86_64-mingw32/nios2-elf/lib\libc.a(lib_a-__atexit.o)
 .data          0x000000000001e54c        0x0 e:/altera/15.0/nios2eds/bin/gnu/h-x86_64-mingw32/bin/../lib/gcc/nios2-elf/4.9.1/../../../../../H-x86_64-mingw32/nios2-elf/lib\libc.a(lib_a-__call_atexit.o)
 .data          0x000000000001e54c        0x0 ../sdRead_bsp/\libhal_bsp.a(alt_exit.o)
                0x000000000002654c                _gp = ABSOLUTE ((. + 0x8000))
                0x000000000002654c                PROVIDE (gp, _gp)
 *(.rwdata .rwdata.*)
 *(.sdata .sdata.* .gnu.linkonce.s.*)
 .sdata         0x000000000001e54c        0xc obj/default/screen.o
                0x000000000001e54c                defaultColorInfo
                0x000000000001e554                str1
 .sdata         0x000000000001e558        0x8 e:/altera/15.0/nios2eds/bin/gnu/h-x86_64-mingw32/bin/../lib/gcc/nios2-elf/4.9.1/../../../../../H-x86_64-mingw32/nios2-elf/lib\libc.a(lib_a-mallocr.o)
                0x000000000001e558                __malloc_sbrk_base
                0x000000000001e55c                __malloc_trim_threshold
 .sdata         0x000000000001e560        0x8 e:/altera/15.0/nios2eds/bin/gnu/h-x86_64-mingw32/bin/../lib/gcc/nios2-elf/4.9.1/../../../../../H-x86_64-mingw32/nios2-elf/lib\libc.a(lib_a-impure.o)
                0x000000000001e560                _global_impure_ptr
                0x000000000001e564                _impure_ptr
 .sdata         0x000000000001e568        0x4 e:/altera/15.0/nios2eds/bin/gnu/h-x86_64-mingw32/bin/../lib/gcc/nios2-elf/4.9.1/../../../../../H-x86_64-mingw32/nios2-elf/lib\libc.a(lib_a-locale.o)
                0x000000000001e568                __mb_cur_max
 .sdata         0x000000000001e56c        0x4 e:/altera/15.0/nios2eds/bin/gnu/h-x86_64-mingw32/bin/../lib/gcc/nios2-elf/4.9.1/../../../../../H-x86_64-mingw32/nios2-elf/lib\libc.a(lib_a-wctomb_r.o)
                0x000000000001e56c                __wctomb
 .sdata         0x000000000001e570       0x14 ../sdRead_bsp/\libhal_bsp.a(alt_dev.o)
                0x000000000001e570                alt_fs_list
                0x000000000001e578                alt_dev_list
                0x000000000001e580                alt_max_fd
 .sdata         0x000000000001e584        0x4 ../sdRead_bsp/\libhal_bsp.a(alt_errno.o)
                0x000000000001e584                alt_errno
 .sdata         0x000000000001e588        0x4 ../sdRead_bsp/\libhal_bsp.a(alt_sbrk.o)
 .sdata         0x000000000001e58c        0x4 ../sdRead_bsp/\libhal_bsp.a(alt_irq_vars.o)
                0x000000000001e58c                alt_priority_mask
 .sdata         0x000000000001e590        0x8 ../sdRead_bsp/\libhal_bsp.a(alt_tick.o)
                0x000000000001e590                alt_alarm_list
 *(.sdata2 .sdata2.* .gnu.linkonce.s2.*)
                0x000000000001e598                . = ALIGN (0x4)
                0x000000000001e598                _edata = ABSOLUTE (.)
                0x000000000001e598                PROVIDE (edata, ABSOLUTE (.))
                0x000000000001e598                PROVIDE (__ram_rwdata_end, ABSOLUTE (.))
                0x000000000001e598                PROVIDE (__flash_rwdata_start, LOADADDR (.rwdata))

.bss            0x000000000002039c      0xdfc
                0x000000000002039c                __bss_start = ABSOLUTE (.)
                0x000000000002039c                PROVIDE (__sbss_start, ABSOLUTE (.))
                0x000000000002039c                PROVIDE (___sbss_start, ABSOLUTE (.))
 *(.dynsbss)
 *(.sbss .sbss.* .gnu.linkonce.sb.*)
 .sbss          0x000000000002039c        0xc e:/altera/15.0/nios2eds/bin/gnu/h-x86_64-mingw32/bin/../lib/gcc/nios2-elf/4.9.1/../../../../../H-x86_64-mingw32/nios2-elf/lib\libc.a(lib_a-mallocr.o)
                0x000000000002039c                __malloc_max_total_mem
                0x00000000000203a0                __malloc_max_sbrked_mem
                0x00000000000203a4                __malloc_top_pad
 .sbss          0x00000000000203a8        0x4 e:/altera/15.0/nios2eds/bin/gnu/h-x86_64-mingw32/bin/../lib/gcc/nios2-elf/4.9.1/../../../../../H-x86_64-mingw32/nios2-elf/lib\libc.a(lib_a-int_errno.o)
                0x00000000000203a8                errno
 .sbss          0x00000000000203ac        0xc e:/altera/15.0/nios2eds/bin/gnu/h-x86_64-mingw32/bin/../lib/gcc/nios2-elf/4.9.1/../../../../../H-x86_64-mingw32/nios2-elf/lib\libc.a(lib_a-locale.o)
                0x00000000000203ac                _PathLocale
                0x00000000000203b0                __mlocale_changed
                0x00000000000203b4                __nlocale_changed
 .sbss          0x00000000000203b8        0xc ../sdRead_bsp/\libhal_bsp.a(alt_main.o)
                0x00000000000203b8                alt_argc
                0x00000000000203bc                alt_argv
                0x00000000000203c0                alt_envp
 .sbss          0x00000000000203c4       0x34 ../sdRead_bsp/\libhal_bsp.a(Altera_UP_SD_Card_Avalon_Interface.o)
                0x00000000000203c4                initialized
                0x00000000000203c8                is_sd_card_formated_as_FAT16
                0x00000000000203cc                aux_status_register
                0x00000000000203d0                status_register
                0x00000000000203d4                CSD_register_w0
                0x00000000000203d8                command_register
                0x00000000000203dc                command_argument_register
                0x00000000000203e0                buffer_memory
                0x00000000000203e4                fat_partition_offset_in_512_byte_sectors
                0x00000000000203e8                fat_partition_size_in_512_byte_sectors
                0x00000000000203ec                device_pointer
                0x00000000000203f0                current_sector_modified
                0x00000000000203f4                current_sector_index
 .sbss          0x00000000000203f8        0x4 ../sdRead_bsp/\libhal_bsp.a(alt_irq_vars.o)
                0x00000000000203f8                alt_irq_active
 .sbss          0x00000000000203fc        0x8 ../sdRead_bsp/\libhal_bsp.a(alt_tick.o)
                0x00000000000203fc                _alt_tick_rate
                0x0000000000020400                _alt_nticks
 .sbss          0x0000000000020404        0x4 ../sdRead_bsp/\libhal_bsp.a(alt_instruction_exception_entry.o)
                0x0000000000020404                alt_instruction_exception_handler
 *(.sbss2 .sbss2.* .gnu.linkonce.sb2.*)
 *(.scommon)
                0x0000000000020408                PROVIDE (__sbss_end, ABSOLUTE (.))
                0x0000000000020408                PROVIDE (___sbss_end, ABSOLUTE (.))
 *(.dynbss)
 *(.bss .bss.* .gnu.linkonce.b.*)
 .bss           0x0000000000020408        0x0 ../sdRead_bsp//obj/HAL/src/crt0.o
 .bss           0x0000000000020408        0x0 obj/default/screen.o
 .bss           0x0000000000020408        0x0 obj/default/sdTest.o
 .bss           0x0000000000020408        0x0 obj/default/txt_read.o
 .bss           0x0000000000020408        0x0 e:/altera/15.0/nios2eds/bin/gnu/h-x86_64-mingw32/bin/../lib/gcc/nios2-elf/4.9.1\libgcc.a(lib2-divmod.o)
 .bss           0x0000000000020408        0x0 e:/altera/15.0/nios2eds/bin/gnu/h-x86_64-mingw32/bin/../lib/gcc/nios2-elf/4.9.1\libgcc.a(lesf2.o)
 .bss           0x0000000000020408        0x0 e:/altera/15.0/nios2eds/bin/gnu/h-x86_64-mingw32/bin/../lib/gcc/nios2-elf/4.9.1\libgcc.a(mulsf3.o)
 .bss           0x0000000000020408        0x0 e:/altera/15.0/nios2eds/bin/gnu/h-x86_64-mingw32/bin/../lib/gcc/nios2-elf/4.9.1\libgcc.a(fixsfsi.o)
 .bss           0x0000000000020408        0x0 e:/altera/15.0/nios2eds/bin/gnu/h-x86_64-mingw32/bin/../lib/gcc/nios2-elf/4.9.1\libgcc.a(floatsisf.o)
 .bss           0x0000000000020408        0x0 e:/altera/15.0/nios2eds/bin/gnu/h-x86_64-mingw32/bin/../lib/gcc/nios2-elf/4.9.1\libgcc.a(divdf3.o)
 .bss           0x0000000000020408        0x0 e:/altera/15.0/nios2eds/bin/gnu/h-x86_64-mingw32/bin/../lib/gcc/nios2-elf/4.9.1\libgcc.a(muldf3.o)
 .bss           0x0000000000020408        0x0 e:/altera/15.0/nios2eds/bin/gnu/h-x86_64-mingw32/bin/../lib/gcc/nios2-elf/4.9.1\libgcc.a(fixdfsi.o)
 .bss           0x0000000000020408        0x0 e:/altera/15.0/nios2eds/bin/gnu/h-x86_64-mingw32/bin/../lib/gcc/nios2-elf/4.9.1\libgcc.a(floatsidf.o)
 .bss           0x0000000000020408        0x0 e:/altera/15.0/nios2eds/bin/gnu/h-x86_64-mingw32/bin/../lib/gcc/nios2-elf/4.9.1\libgcc.a(truncdfsf2.o)
 .bss           0x0000000000020408        0x0 e:/altera/15.0/nios2eds/bin/gnu/h-x86_64-mingw32/bin/../lib/gcc/nios2-elf/4.9.1\libgcc.a(_clzsi2.o)
 .bss           0x0000000000020408        0x0 e:/altera/15.0/nios2eds/bin/gnu/h-x86_64-mingw32/bin/../lib/gcc/nios2-elf/4.9.1\libgcc.a(_clz.o)
 .bss           0x0000000000020408        0x0 e:/altera/15.0/nios2eds/bin/gnu/h-x86_64-mingw32/bin/../lib/gcc/nios2-elf/4.9.1/../../../../../H-x86_64-mingw32/nios2-elf/lib\libc.a(lib_a-malloc.o)
 .bss           0x0000000000020408       0x28 e:/altera/15.0/nios2eds/bin/gnu/h-x86_64-mingw32/bin/../lib/gcc/nios2-elf/4.9.1/../../../../../H-x86_64-mingw32/nios2-elf/lib\libc.a(lib_a-mallocr.o)
                0x0000000000020408                __malloc_current_mallinfo
 .bss           0x0000000000020430        0x0 e:/altera/15.0/nios2eds/bin/gnu/h-x86_64-mingw32/bin/../lib/gcc/nios2-elf/4.9.1/../../../../../H-x86_64-mingw32/nios2-elf/lib\libc.a(lib_a-memcpy.o)
 .bss           0x0000000000020430        0x0 e:/altera/15.0/nios2eds/bin/gnu/h-x86_64-mingw32/bin/../lib/gcc/nios2-elf/4.9.1/../../../../../H-x86_64-mingw32/nios2-elf/lib\libc.a(lib_a-printf.o)
 .bss           0x0000000000020430        0x0 e:/altera/15.0/nios2eds/bin/gnu/h-x86_64-mingw32/bin/../lib/gcc/nios2-elf/4.9.1/../../../../../H-x86_64-mingw32/nios2-elf/lib\libc.a(lib_a-puts.o)
 .bss           0x0000000000020430        0x0 e:/altera/15.0/nios2eds/bin/gnu/h-x86_64-mingw32/bin/../lib/gcc/nios2-elf/4.9.1/../../../../../H-x86_64-mingw32/nios2-elf/lib\libc.a(lib_a-sbrkr.o)
 .bss           0x0000000000020430        0x0 e:/altera/15.0/nios2eds/bin/gnu/h-x86_64-mingw32/bin/../lib/gcc/nios2-elf/4.9.1/../../../../../H-x86_64-mingw32/nios2-elf/lib\libc.a(lib_a-sprintf.o)
 .bss           0x0000000000020430        0x0 e:/altera/15.0/nios2eds/bin/gnu/h-x86_64-mingw32/bin/../lib/gcc/nios2-elf/4.9.1/../../../../../H-x86_64-mingw32/nios2-elf/lib\libc.a(lib_a-strcpy.o)
 .bss           0x0000000000020430        0x0 e:/altera/15.0/nios2eds/bin/gnu/h-x86_64-mingw32/bin/../lib/gcc/nios2-elf/4.9.1/../../../../../H-x86_64-mingw32/nios2-elf/lib\libc.a(lib_a-strlen.o)
 .bss           0x0000000000020430        0x0 e:/altera/15.0/nios2eds/bin/gnu/h-x86_64-mingw32/bin/../lib/gcc/nios2-elf/4.9.1/../../../../../H-x86_64-mingw32/nios2-elf/lib\libc.a(lib_a-svfprintf.o)
 .bss           0x0000000000020430        0x0 e:/altera/15.0/nios2eds/bin/gnu/h-x86_64-mingw32/bin/../lib/gcc/nios2-elf/4.9.1/../../../../../H-x86_64-mingw32/nios2-elf/lib\libc.a(lib_a-vfprintf.o)
 .bss           0x0000000000020430        0x0 e:/altera/15.0/nios2eds/bin/gnu/h-x86_64-mingw32/bin/../lib/gcc/nios2-elf/4.9.1/../../../../../H-x86_64-mingw32/nios2-elf/lib\libc.a(lib_a-wsetup.o)
 .bss           0x0000000000020430        0x0 e:/altera/15.0/nios2eds/bin/gnu/h-x86_64-mingw32/bin/../lib/gcc/nios2-elf/4.9.1/../../../../../H-x86_64-mingw32/nios2-elf/lib\libc.a(lib_a-dtoa.o)
 .bss           0x0000000000020430        0x0 e:/altera/15.0/nios2eds/bin/gnu/h-x86_64-mingw32/bin/../lib/gcc/nios2-elf/4.9.1/../../../../../H-x86_64-mingw32/nios2-elf/lib\libc.a(lib_a-fflush.o)
 .bss           0x0000000000020430        0x0 e:/altera/15.0/nios2eds/bin/gnu/h-x86_64-mingw32/bin/../lib/gcc/nios2-elf/4.9.1/../../../../../H-x86_64-mingw32/nios2-elf/lib\libc.a(lib_a-findfp.o)
 .bss           0x0000000000020430        0x0 e:/altera/15.0/nios2eds/bin/gnu/h-x86_64-mingw32/bin/../lib/gcc/nios2-elf/4.9.1/../../../../../H-x86_64-mingw32/nios2-elf/lib\libc.a(lib_a-freer.o)
 .bss           0x0000000000020430        0x0 e:/altera/15.0/nios2eds/bin/gnu/h-x86_64-mingw32/bin/../lib/gcc/nios2-elf/4.9.1/../../../../../H-x86_64-mingw32/nios2-elf/lib\libc.a(lib_a-fvwrite.o)
 .bss           0x0000000000020430        0x0 e:/altera/15.0/nios2eds/bin/gnu/h-x86_64-mingw32/bin/../lib/gcc/nios2-elf/4.9.1/../../../../../H-x86_64-mingw32/nios2-elf/lib\libc.a(lib_a-fwalk.o)
 .bss           0x0000000000020430        0x0 e:/altera/15.0/nios2eds/bin/gnu/h-x86_64-mingw32/bin/../lib/gcc/nios2-elf/4.9.1/../../../../../H-x86_64-mingw32/nios2-elf/lib\libc.a(lib_a-impure.o)
 .bss           0x0000000000020430        0x0 e:/altera/15.0/nios2eds/bin/gnu/h-x86_64-mingw32/bin/../lib/gcc/nios2-elf/4.9.1/../../../../../H-x86_64-mingw32/nios2-elf/lib\libc.a(lib_a-int_errno.o)
 .bss           0x0000000000020430        0x0 e:/altera/15.0/nios2eds/bin/gnu/h-x86_64-mingw32/bin/../lib/gcc/nios2-elf/4.9.1/../../../../../H-x86_64-mingw32/nios2-elf/lib\libc.a(lib_a-locale.o)
 .bss           0x0000000000020430        0x0 e:/altera/15.0/nios2eds/bin/gnu/h-x86_64-mingw32/bin/../lib/gcc/nios2-elf/4.9.1/../../../../../H-x86_64-mingw32/nios2-elf/lib\libc.a(lib_a-makebuf.o)
 .bss           0x0000000000020430        0x0 e:/altera/15.0/nios2eds/bin/gnu/h-x86_64-mingw32/bin/../lib/gcc/nios2-elf/4.9.1/../../../../../H-x86_64-mingw32/nios2-elf/lib\libc.a(lib_a-memchr.o)
 .bss           0x0000000000020430        0x0 e:/altera/15.0/nios2eds/bin/gnu/h-x86_64-mingw32/bin/../lib/gcc/nios2-elf/4.9.1/../../../../../H-x86_64-mingw32/nios2-elf/lib\libc.a(lib_a-memmove.o)
 .bss           0x0000000000020430        0x0 e:/altera/15.0/nios2eds/bin/gnu/h-x86_64-mingw32/bin/../lib/gcc/nios2-elf/4.9.1/../../../../../H-x86_64-mingw32/nios2-elf/lib\libc.a(lib_a-memset.o)
 .bss           0x0000000000020430        0x0 e:/altera/15.0/nios2eds/bin/gnu/h-x86_64-mingw32/bin/../lib/gcc/nios2-elf/4.9.1/../../../../../H-x86_64-mingw32/nios2-elf/lib\libc.a(lib_a-mprec.o)
 .bss           0x0000000000020430        0x0 e:/altera/15.0/nios2eds/bin/gnu/h-x86_64-mingw32/bin/../lib/gcc/nios2-elf/4.9.1/../../../../../H-x86_64-mingw32/nios2-elf/lib\libc.a(lib_a-reallocr.o)
 .bss           0x0000000000020430        0x0 e:/altera/15.0/nios2eds/bin/gnu/h-x86_64-mingw32/bin/../lib/gcc/nios2-elf/4.9.1/../../../../../H-x86_64-mingw32/nios2-elf/lib\libc.a(lib_a-s_fpclassify.o)
 .bss           0x0000000000020430        0x0 e:/altera/15.0/nios2eds/bin/gnu/h-x86_64-mingw32/bin/../lib/gcc/nios2-elf/4.9.1/../../../../../H-x86_64-mingw32/nios2-elf/lib\libc.a(lib_a-stdio.o)
 .bss           0x0000000000020430        0x0 e:/altera/15.0/nios2eds/bin/gnu/h-x86_64-mingw32/bin/../lib/gcc/nios2-elf/4.9.1/../../../../../H-x86_64-mingw32/nios2-elf/lib\libc.a(lib_a-strcmp.o)
 .bss           0x0000000000020430        0x0 e:/altera/15.0/nios2eds/bin/gnu/h-x86_64-mingw32/bin/../lib/gcc/nios2-elf/4.9.1/../../../../../H-x86_64-mingw32/nios2-elf/lib\libc.a(lib_a-svfiprintf.o)
 .bss           0x0000000000020430        0x0 e:/altera/15.0/nios2eds/bin/gnu/h-x86_64-mingw32/bin/../lib/gcc/nios2-elf/4.9.1/../../../../../H-x86_64-mingw32/nios2-elf/lib\libc.a(lib_a-vfiprintf.o)
 .bss           0x0000000000020430        0x0 e:/altera/15.0/nios2eds/bin/gnu/h-x86_64-mingw32/bin/../lib/gcc/nios2-elf/4.9.1/../../../../../H-x86_64-mingw32/nios2-elf/lib\libc.a(lib_a-writer.o)
 .bss           0x0000000000020430        0x0 e:/altera/15.0/nios2eds/bin/gnu/h-x86_64-mingw32/bin/../lib/gcc/nios2-elf/4.9.1/../../../../../H-x86_64-mingw32/nios2-elf/lib\libc.a(closer.o)
 .bss           0x0000000000020430        0x0 e:/altera/15.0/nios2eds/bin/gnu/h-x86_64-mingw32/bin/../lib/gcc/nios2-elf/4.9.1/../../../../../H-x86_64-mingw32/nios2-elf/lib\libc.a(lib_a-callocr.o)
 .bss           0x0000000000020430        0x0 e:/altera/15.0/nios2eds/bin/gnu/h-x86_64-mingw32/bin/../lib/gcc/nios2-elf/4.9.1/../../../../../H-x86_64-mingw32/nios2-elf/lib\libc.a(lib_a-fclose.o)
 .bss           0x0000000000020430        0x0 e:/altera/15.0/nios2eds/bin/gnu/h-x86_64-mingw32/bin/../lib/gcc/nios2-elf/4.9.1/../../../../../H-x86_64-mingw32/nios2-elf/lib\libc.a(lib_a-fputwc.o)
 .bss           0x0000000000020430        0x0 e:/altera/15.0/nios2eds/bin/gnu/h-x86_64-mingw32/bin/../lib/gcc/nios2-elf/4.9.1/../../../../../H-x86_64-mingw32/nios2-elf/lib\libc.a(lib_a-fstatr.o)
 .bss           0x0000000000020430        0x0 e:/altera/15.0/nios2eds/bin/gnu/h-x86_64-mingw32/bin/../lib/gcc/nios2-elf/4.9.1/../../../../../H-x86_64-mingw32/nios2-elf/lib\libc.a(lib_a-isattyr.o)
 .bss           0x0000000000020430        0x0 e:/altera/15.0/nios2eds/bin/gnu/h-x86_64-mingw32/bin/../lib/gcc/nios2-elf/4.9.1/../../../../../H-x86_64-mingw32/nios2-elf/lib\libc.a(lib_a-lseekr.o)
 .bss           0x0000000000020430        0x0 e:/altera/15.0/nios2eds/bin/gnu/h-x86_64-mingw32/bin/../lib/gcc/nios2-elf/4.9.1/../../../../../H-x86_64-mingw32/nios2-elf/lib\libc.a(lib_a-readr.o)
 .bss           0x0000000000020430        0x0 e:/altera/15.0/nios2eds/bin/gnu/h-x86_64-mingw32/bin/../lib/gcc/nios2-elf/4.9.1/../../../../../H-x86_64-mingw32/nios2-elf/lib\libc.a(lib_a-wbuf.o)
 .bss           0x0000000000020430        0x0 e:/altera/15.0/nios2eds/bin/gnu/h-x86_64-mingw32/bin/../lib/gcc/nios2-elf/4.9.1/../../../../../H-x86_64-mingw32/nios2-elf/lib\libc.a(lib_a-wcrtomb.o)
 .bss           0x0000000000020430        0x0 e:/altera/15.0/nios2eds/bin/gnu/h-x86_64-mingw32/bin/../lib/gcc/nios2-elf/4.9.1/../../../../../H-x86_64-mingw32/nios2-elf/lib\libc.a(lib_a-wctomb_r.o)
 .bss           0x0000000000020430        0x0 e:/altera/15.0/nios2eds/bin/gnu/h-x86_64-mingw32/bin/../lib/gcc/nios2-elf/4.9.1\libgcc.a(_udivdi3.o)
 .bss           0x0000000000020430        0x0 e:/altera/15.0/nios2eds/bin/gnu/h-x86_64-mingw32/bin/../lib/gcc/nios2-elf/4.9.1\libgcc.a(_umoddi3.o)
 .bss           0x0000000000020430        0x0 e:/altera/15.0/nios2eds/bin/gnu/h-x86_64-mingw32/bin/../lib/gcc/nios2-elf/4.9.1\libgcc.a(adddf3.o)
 .bss           0x0000000000020430        0x0 e:/altera/15.0/nios2eds/bin/gnu/h-x86_64-mingw32/bin/../lib/gcc/nios2-elf/4.9.1\libgcc.a(eqdf2.o)
 .bss           0x0000000000020430        0x0 e:/altera/15.0/nios2eds/bin/gnu/h-x86_64-mingw32/bin/../lib/gcc/nios2-elf/4.9.1\libgcc.a(gedf2.o)
 .bss           0x0000000000020430        0x0 e:/altera/15.0/nios2eds/bin/gnu/h-x86_64-mingw32/bin/../lib/gcc/nios2-elf/4.9.1\libgcc.a(ledf2.o)
 .bss           0x0000000000020430        0x0 e:/altera/15.0/nios2eds/bin/gnu/h-x86_64-mingw32/bin/../lib/gcc/nios2-elf/4.9.1\libgcc.a(subdf3.o)
 .bss           0x0000000000020430        0x0 e:/altera/15.0/nios2eds/bin/gnu/h-x86_64-mingw32/bin/../lib/gcc/nios2-elf/4.9.1\libgcc.a(floatunsidf.o)
 .bss           0x0000000000020430        0x0 ../sdRead_bsp/\libhal_bsp.a(alt_close.o)
 .bss           0x0000000000020430        0x0 ../sdRead_bsp/\libhal_bsp.a(alt_dev.o)
 .bss           0x0000000000020430        0x0 ../sdRead_bsp/\libhal_bsp.a(alt_errno.o)
 .bss           0x0000000000020430        0x0 ../sdRead_bsp/\libhal_bsp.a(alt_fstat.o)
 .bss           0x0000000000020430        0x0 ../sdRead_bsp/\libhal_bsp.a(alt_isatty.o)
 .bss           0x0000000000020430        0x0 ../sdRead_bsp/\libhal_bsp.a(alt_load.o)
 .bss           0x0000000000020430        0x0 ../sdRead_bsp/\libhal_bsp.a(alt_lseek.o)
 .bss           0x0000000000020430        0x0 ../sdRead_bsp/\libhal_bsp.a(alt_main.o)
 .bss           0x0000000000020430        0x0 ../sdRead_bsp/\libhal_bsp.a(alt_malloc_lock.o)
 .bss           0x0000000000020430        0x0 ../sdRead_bsp/\libhal_bsp.a(alt_read.o)
 .bss           0x0000000000020430        0x0 ../sdRead_bsp/\libhal_bsp.a(alt_release_fd.o)
 .bss           0x0000000000020430        0x0 ../sdRead_bsp/\libhal_bsp.a(alt_sbrk.o)
 .bss           0x0000000000020430        0x0 ../sdRead_bsp/\libhal_bsp.a(alt_write.o)
 .bss           0x0000000000020430        0x0 ../sdRead_bsp/\libhal_bsp.a(alt_sys_init.o)
 .bss           0x0000000000020430        0x0 ../sdRead_bsp/\libhal_bsp.a(Altera_UP_SD_Card_Avalon_Interface.o)
 .bss           0x0000000000020430        0x0 ../sdRead_bsp/\libhal_bsp.a(altera_avalon_jtag_uart_fd.o)
 .bss           0x0000000000020430        0x0 ../sdRead_bsp/\libhal_bsp.a(altera_avalon_jtag_uart_init.o)
 .bss           0x0000000000020430        0x0 ../sdRead_bsp/\libhal_bsp.a(altera_avalon_jtag_uart_ioctl.o)
 .bss           0x0000000000020430        0x0 ../sdRead_bsp/\libhal_bsp.a(altera_avalon_jtag_uart_read.o)
 .bss           0x0000000000020430        0x0 ../sdRead_bsp/\libhal_bsp.a(altera_avalon_jtag_uart_write.o)
 .bss           0x0000000000020430        0x0 ../sdRead_bsp/\libhal_bsp.a(altera_avalon_timer_sc.o)
 .bss           0x0000000000020430        0x0 ../sdRead_bsp/\libhal_bsp.a(alt_alarm_start.o)
 .bss           0x0000000000020430        0x0 ../sdRead_bsp/\libhal_bsp.a(alt_dcache_flush_all.o)
 .bss           0x0000000000020430        0x0 ../sdRead_bsp/\libhal_bsp.a(alt_dev_llist_insert.o)
 .bss           0x0000000000020430        0x0 ../sdRead_bsp/\libhal_bsp.a(alt_do_ctors.o)
 .bss           0x0000000000020430        0x0 ../sdRead_bsp/\libhal_bsp.a(alt_do_dtors.o)
 .bss           0x0000000000020430        0x0 ../sdRead_bsp/\libhal_bsp.a(alt_find_dev.o)
 .bss           0x0000000000020430        0x0 ../sdRead_bsp/\libhal_bsp.a(alt_icache_flush_all.o)
 .bss           0x0000000000020430        0x0 ../sdRead_bsp/\libhal_bsp.a(alt_iic.o)
 .bss           0x0000000000020430        0x0 ../sdRead_bsp/\libhal_bsp.a(alt_iic_isr_register.o)
 .bss           0x0000000000020430        0x0 ../sdRead_bsp/\libhal_bsp.a(alt_io_redirect.o)
 .bss           0x0000000000020430        0x0 ../sdRead_bsp/\libhal_bsp.a(alt_irq_entry.o)
 .bss           0x0000000000020430        0x0 ../sdRead_bsp/\libhal_bsp.a(alt_irq_handler.o)
 .bss           0x0000000000020430        0x0 ../sdRead_bsp/\libhal_bsp.a(alt_irq_vars.o)
 .bss           0x0000000000020430        0x0 ../sdRead_bsp/\libhal_bsp.a(alt_open.o)
 .bss           0x0000000000020430        0x0 ../sdRead_bsp/\libhal_bsp.a(alt_tick.o)
 .bss           0x0000000000020430        0x0 ../sdRead_bsp/\libhal_bsp.a(altera_nios2_gen2_irq.o)
 .bss           0x0000000000020430        0x0 ../sdRead_bsp/\libhal_bsp.a(alt_exception_entry.o)
 .bss           0x0000000000020430        0x0 ../sdRead_bsp/\libhal_bsp.a(alt_find_file.o)
 .bss           0x0000000000020430        0x0 ../sdRead_bsp/\libhal_bsp.a(alt_get_fd.o)
 .bss           0x0000000000020430        0x0 ../sdRead_bsp/\libhal_bsp.a(alt_icache_flush.o)
 .bss           0x0000000000020430        0x0 ../sdRead_bsp/\libhal_bsp.a(alt_instruction_exception_entry.o)
 .bss           0x0000000000020430        0x0 e:/altera/15.0/nios2eds/bin/gnu/h-x86_64-mingw32/bin/../lib/gcc/nios2-elf/4.9.1/../../../../../H-x86_64-mingw32/nios2-elf/lib\libc.a(lib_a-atexit.o)
 .bss           0x0000000000020430        0x0 e:/altera/15.0/nios2eds/bin/gnu/h-x86_64-mingw32/bin/../lib/gcc/nios2-elf/4.9.1/../../../../../H-x86_64-mingw32/nios2-elf/lib\libc.a(lib_a-exit.o)
 .bss           0x0000000000020430        0x0 e:/altera/15.0/nios2eds/bin/gnu/h-x86_64-mingw32/bin/../lib/gcc/nios2-elf/4.9.1/../../../../../H-x86_64-mingw32/nios2-elf/lib\libc.a(lib_a-memcmp.o)
 .bss           0x0000000000020430        0x0 e:/altera/15.0/nios2eds/bin/gnu/h-x86_64-mingw32/bin/../lib/gcc/nios2-elf/4.9.1/../../../../../H-x86_64-mingw32/nios2-elf/lib\libc.a(lib_a-__atexit.o)
 .bss           0x0000000000020430        0x0 e:/altera/15.0/nios2eds/bin/gnu/h-x86_64-mingw32/bin/../lib/gcc/nios2-elf/4.9.1/../../../../../H-x86_64-mingw32/nios2-elf/lib\libc.a(lib_a-__call_atexit.o)
 .bss           0x0000000000020430        0x0 ../sdRead_bsp/\libhal_bsp.a(alt_exit.o)
 *(COMMON)
 COMMON         0x0000000000020430      0x6c0 obj/default/screen.o
                0x0000000000020430                tftlcdScreenInst
 COMMON         0x0000000000020af0       0x3f obj/default/txt_read.o
                0x0000000000020af0                txtFilesInfoSpace
                0x0000000000020afc                sdCardFileName
 *fill*         0x0000000000020b2f        0x1 
 COMMON         0x0000000000020b30      0x568 ../sdRead_bsp/\libhal_bsp.a(Altera_UP_SD_Card_Avalon_Interface.o)
                0x0000000000020b30                search_data
                0x0000000000020b44                boot_sector_data
                0x0000000000020b98                active_files
 COMMON         0x0000000000021098      0x100 ../sdRead_bsp/\libhal_bsp.a(alt_irq_handler.o)
                0x0000000000021098                alt_irq
                0x0000000000021198                . = ALIGN (0x4)
                0x0000000000021198                __bss_end = ABSOLUTE (.)

.sdram          0x0000000000021198        0x0
                0x0000000000021198                PROVIDE (_alt_partition_sdram_start, ABSOLUTE (.))
 *(.sdram .sdram. sdram.*)
                0x0000000000021198                . = ALIGN (0x4)
                0x0000000000021198                PROVIDE (_alt_partition_sdram_end, ABSOLUTE (.))
                0x0000000000021198                _end = ABSOLUTE (.)
                0x0000000000021198                end = ABSOLUTE (.)
                0x0000000000021198                __alt_stack_base = ABSOLUTE (.)
                0x0000000000021198                PROVIDE (_alt_partition_sdram_load_addr, LOADADDR (.sdram))

.stab
 *(.stab)

.stabstr
 *(.stabstr)

.stab.excl
 *(.stab.excl)

.stab.exclstr
 *(.stab.exclstr)

.stab.index
 *(.stab.index)

.stab.indexstr
 *(.stab.indexstr)

.comment        0x0000000000000000       0x23
 *(.comment)
 .comment       0x0000000000000000       0x23 obj/default/screen.o
                                         0x24 (size before relaxing)
 .comment       0x0000000000000000       0x24 obj/default/sdTest.o
 .comment       0x0000000000000000       0x24 obj/default/txt_read.o
 .comment       0x0000000000000000       0x24 e:/altera/15.0/nios2eds/bin/gnu/h-x86_64-mingw32/bin/../lib/gcc/nios2-elf/4.9.1\libgcc.a(lib2-divmod.o)
 .comment       0x0000000000000000       0x24 e:/altera/15.0/nios2eds/bin/gnu/h-x86_64-mingw32/bin/../lib/gcc/nios2-elf/4.9.1\libgcc.a(lesf2.o)
 .comment       0x0000000000000000       0x24 e:/altera/15.0/nios2eds/bin/gnu/h-x86_64-mingw32/bin/../lib/gcc/nios2-elf/4.9.1\libgcc.a(mulsf3.o)
 .comment       0x0000000000000000       0x24 e:/altera/15.0/nios2eds/bin/gnu/h-x86_64-mingw32/bin/../lib/gcc/nios2-elf/4.9.1\libgcc.a(fixsfsi.o)
 .comment       0x0000000000000000       0x24 e:/altera/15.0/nios2eds/bin/gnu/h-x86_64-mingw32/bin/../lib/gcc/nios2-elf/4.9.1\libgcc.a(floatsisf.o)
 .comment       0x0000000000000000       0x24 e:/altera/15.0/nios2eds/bin/gnu/h-x86_64-mingw32/bin/../lib/gcc/nios2-elf/4.9.1\libgcc.a(divdf3.o)
 .comment       0x0000000000000000       0x24 e:/altera/15.0/nios2eds/bin/gnu/h-x86_64-mingw32/bin/../lib/gcc/nios2-elf/4.9.1\libgcc.a(muldf3.o)
 .comment       0x0000000000000000       0x24 e:/altera/15.0/nios2eds/bin/gnu/h-x86_64-mingw32/bin/../lib/gcc/nios2-elf/4.9.1\libgcc.a(fixdfsi.o)
 .comment       0x0000000000000000       0x24 e:/altera/15.0/nios2eds/bin/gnu/h-x86_64-mingw32/bin/../lib/gcc/nios2-elf/4.9.1\libgcc.a(floatsidf.o)
 .comment       0x0000000000000000       0x24 e:/altera/15.0/nios2eds/bin/gnu/h-x86_64-mingw32/bin/../lib/gcc/nios2-elf/4.9.1\libgcc.a(truncdfsf2.o)
 .comment       0x0000000000000000       0x24 e:/altera/15.0/nios2eds/bin/gnu/h-x86_64-mingw32/bin/../lib/gcc/nios2-elf/4.9.1\libgcc.a(_clzsi2.o)
 .comment       0x0000000000000000       0x24 e:/altera/15.0/nios2eds/bin/gnu/h-x86_64-mingw32/bin/../lib/gcc/nios2-elf/4.9.1\libgcc.a(_clz.o)
 .comment       0x0000000000000000       0x24 e:/altera/15.0/nios2eds/bin/gnu/h-x86_64-mingw32/bin/../lib/gcc/nios2-elf/4.9.1/../../../../../H-x86_64-mingw32/nios2-elf/lib\libc.a(lib_a-malloc.o)
 .comment       0x0000000000000000       0x24 e:/altera/15.0/nios2eds/bin/gnu/h-x86_64-mingw32/bin/../lib/gcc/nios2-elf/4.9.1/../../../../../H-x86_64-mingw32/nios2-elf/lib\libc.a(lib_a-mallocr.o)
 .comment       0x0000000000000000       0x24 e:/altera/15.0/nios2eds/bin/gnu/h-x86_64-mingw32/bin/../lib/gcc/nios2-elf/4.9.1/../../../../../H-x86_64-mingw32/nios2-elf/lib\libc.a(lib_a-memcpy.o)
 .comment       0x0000000000000000       0x24 e:/altera/15.0/nios2eds/bin/gnu/h-x86_64-mingw32/bin/../lib/gcc/nios2-elf/4.9.1/../../../../../H-x86_64-mingw32/nios2-elf/lib\libc.a(lib_a-printf.o)
 .comment       0x0000000000000000       0x24 e:/altera/15.0/nios2eds/bin/gnu/h-x86_64-mingw32/bin/../lib/gcc/nios2-elf/4.9.1/../../../../../H-x86_64-mingw32/nios2-elf/lib\libc.a(lib_a-puts.o)
 .comment       0x0000000000000000       0x24 e:/altera/15.0/nios2eds/bin/gnu/h-x86_64-mingw32/bin/../lib/gcc/nios2-elf/4.9.1/../../../../../H-x86_64-mingw32/nios2-elf/lib\libc.a(lib_a-sbrkr.o)
 .comment       0x0000000000000000       0x24 e:/altera/15.0/nios2eds/bin/gnu/h-x86_64-mingw32/bin/../lib/gcc/nios2-elf/4.9.1/../../../../../H-x86_64-mingw32/nios2-elf/lib\libc.a(lib_a-sprintf.o)
 .comment       0x0000000000000000       0x24 e:/altera/15.0/nios2eds/bin/gnu/h-x86_64-mingw32/bin/../lib/gcc/nios2-elf/4.9.1/../../../../../H-x86_64-mingw32/nios2-elf/lib\libc.a(lib_a-strcpy.o)
 .comment       0x0000000000000000       0x24 e:/altera/15.0/nios2eds/bin/gnu/h-x86_64-mingw32/bin/../lib/gcc/nios2-elf/4.9.1/../../../../../H-x86_64-mingw32/nios2-elf/lib\libc.a(lib_a-strlen.o)
 .comment       0x0000000000000000       0x24 e:/altera/15.0/nios2eds/bin/gnu/h-x86_64-mingw32/bin/../lib/gcc/nios2-elf/4.9.1/../../../../../H-x86_64-mingw32/nios2-elf/lib\libc.a(lib_a-svfprintf.o)
 .comment       0x0000000000000000       0x24 e:/altera/15.0/nios2eds/bin/gnu/h-x86_64-mingw32/bin/../lib/gcc/nios2-elf/4.9.1/../../../../../H-x86_64-mingw32/nios2-elf/lib\libc.a(lib_a-vfprintf.o)
 .comment       0x0000000000000000       0x24 e:/altera/15.0/nios2eds/bin/gnu/h-x86_64-mingw32/bin/../lib/gcc/nios2-elf/4.9.1/../../../../../H-x86_64-mingw32/nios2-elf/lib\libc.a(lib_a-wsetup.o)
 .comment       0x0000000000000000       0x24 e:/altera/15.0/nios2eds/bin/gnu/h-x86_64-mingw32/bin/../lib/gcc/nios2-elf/4.9.1/../../../../../H-x86_64-mingw32/nios2-elf/lib\libc.a(lib_a-dtoa.o)
 .comment       0x0000000000000000       0x24 e:/altera/15.0/nios2eds/bin/gnu/h-x86_64-mingw32/bin/../lib/gcc/nios2-elf/4.9.1/../../../../../H-x86_64-mingw32/nios2-elf/lib\libc.a(lib_a-fflush.o)
 .comment       0x0000000000000000       0x24 e:/altera/15.0/nios2eds/bin/gnu/h-x86_64-mingw32/bin/../lib/gcc/nios2-elf/4.9.1/../../../../../H-x86_64-mingw32/nios2-elf/lib\libc.a(lib_a-findfp.o)
 .comment       0x0000000000000000       0x24 e:/altera/15.0/nios2eds/bin/gnu/h-x86_64-mingw32/bin/../lib/gcc/nios2-elf/4.9.1/../../../../../H-x86_64-mingw32/nios2-elf/lib\libc.a(lib_a-freer.o)
 .comment       0x0000000000000000       0x24 e:/altera/15.0/nios2eds/bin/gnu/h-x86_64-mingw32/bin/../lib/gcc/nios2-elf/4.9.1/../../../../../H-x86_64-mingw32/nios2-elf/lib\libc.a(lib_a-fvwrite.o)
 .comment       0x0000000000000000       0x24 e:/altera/15.0/nios2eds/bin/gnu/h-x86_64-mingw32/bin/../lib/gcc/nios2-elf/4.9.1/../../../../../H-x86_64-mingw32/nios2-elf/lib\libc.a(lib_a-fwalk.o)
 .comment       0x0000000000000000       0x24 e:/altera/15.0/nios2eds/bin/gnu/h-x86_64-mingw32/bin/../lib/gcc/nios2-elf/4.9.1/../../../../../H-x86_64-mingw32/nios2-elf/lib\libc.a(lib_a-impure.o)
 .comment       0x0000000000000000       0x24 e:/altera/15.0/nios2eds/bin/gnu/h-x86_64-mingw32/bin/../lib/gcc/nios2-elf/4.9.1/../../../../../H-x86_64-mingw32/nios2-elf/lib\libc.a(lib_a-int_errno.o)
 .comment       0x0000000000000000       0x24 e:/altera/15.0/nios2eds/bin/gnu/h-x86_64-mingw32/bin/../lib/gcc/nios2-elf/4.9.1/../../../../../H-x86_64-mingw32/nios2-elf/lib\libc.a(lib_a-locale.o)
 .comment       0x0000000000000000       0x24 e:/altera/15.0/nios2eds/bin/gnu/h-x86_64-mingw32/bin/../lib/gcc/nios2-elf/4.9.1/../../../../../H-x86_64-mingw32/nios2-elf/lib\libc.a(lib_a-makebuf.o)
 .comment       0x0000000000000000       0x24 e:/altera/15.0/nios2eds/bin/gnu/h-x86_64-mingw32/bin/../lib/gcc/nios2-elf/4.9.1/../../../../../H-x86_64-mingw32/nios2-elf/lib\libc.a(lib_a-memchr.o)
 .comment       0x0000000000000000       0x24 e:/altera/15.0/nios2eds/bin/gnu/h-x86_64-mingw32/bin/../lib/gcc/nios2-elf/4.9.1/../../../../../H-x86_64-mingw32/nios2-elf/lib\libc.a(lib_a-memmove.o)
 .comment       0x0000000000000000       0x24 e:/altera/15.0/nios2eds/bin/gnu/h-x86_64-mingw32/bin/../lib/gcc/nios2-elf/4.9.1/../../../../../H-x86_64-mingw32/nios2-elf/lib\libc.a(lib_a-memset.o)
 .comment       0x0000000000000000       0x24 e:/altera/15.0/nios2eds/bin/gnu/h-x86_64-mingw32/bin/../lib/gcc/nios2-elf/4.9.1/../../../../../H-x86_64-mingw32/nios2-elf/lib\libc.a(lib_a-mprec.o)
 .comment       0x0000000000000000       0x24 e:/altera/15.0/nios2eds/bin/gnu/h-x86_64-mingw32/bin/../lib/gcc/nios2-elf/4.9.1/../../../../../H-x86_64-mingw32/nios2-elf/lib\libc.a(lib_a-reallocr.o)
 .comment       0x0000000000000000       0x24 e:/altera/15.0/nios2eds/bin/gnu/h-x86_64-mingw32/bin/../lib/gcc/nios2-elf/4.9.1/../../../../../H-x86_64-mingw32/nios2-elf/lib\libc.a(lib_a-s_fpclassify.o)
 .comment       0x0000000000000000       0x24 e:/altera/15.0/nios2eds/bin/gnu/h-x86_64-mingw32/bin/../lib/gcc/nios2-elf/4.9.1/../../../../../H-x86_64-mingw32/nios2-elf/lib\libc.a(lib_a-stdio.o)
 .comment       0x0000000000000000       0x24 e:/altera/15.0/nios2eds/bin/gnu/h-x86_64-mingw32/bin/../lib/gcc/nios2-elf/4.9.1/../../../../../H-x86_64-mingw32/nios2-elf/lib\libc.a(lib_a-strcmp.o)
 .comment       0x0000000000000000       0x24 e:/altera/15.0/nios2eds/bin/gnu/h-x86_64-mingw32/bin/../lib/gcc/nios2-elf/4.9.1/../../../../../H-x86_64-mingw32/nios2-elf/lib\libc.a(lib_a-svfiprintf.o)