Archive member included to satisfy reference by file (symbol)

e:/altera/15.0/nios2eds/bin/gnu/h-x86_64-mingw32/bin/../lib/gcc/nios2-elf/4.9.1\libgcc.a(lib2-divmod.o)
                              obj/default/sdread.o (__divsi3)
e:/altera/15.0/nios2eds/bin/gnu/h-x86_64-mingw32/bin/../lib/gcc/nios2-elf/4.9.1\libgcc.a(extendsfdf2.o)
                              obj/default/test_value.o (__extendsfdf2)
e:/altera/15.0/nios2eds/bin/gnu/h-x86_64-mingw32/bin/../lib/gcc/nios2-elf/4.9.1\libgcc.a(_clzsi2.o)
                              e:/altera/15.0/nios2eds/bin/gnu/h-x86_64-mingw32/bin/../lib/gcc/nios2-elf/4.9.1\libgcc.a(extendsfdf2.o) (__clzsi2)
e:/altera/15.0/nios2eds/bin/gnu/h-x86_64-mingw32/bin/../lib/gcc/nios2-elf/4.9.1\libgcc.a(_clz.o)
                              e:/altera/15.0/nios2eds/bin/gnu/h-x86_64-mingw32/bin/../lib/gcc/nios2-elf/4.9.1\libgcc.a(_clzsi2.o) (__clz_tab)
e:/altera/15.0/nios2eds/bin/gnu/h-x86_64-mingw32/bin/../lib/gcc/nios2-elf/4.9.1/../../../../../H-x86_64-mingw32/nios2-elf/lib\libc.a(lib_a-malloc.o)
                              obj/default/screen.o (malloc)
e:/altera/15.0/nios2eds/bin/gnu/h-x86_64-mingw32/bin/../lib/gcc/nios2-elf/4.9.1/../../../../../H-x86_64-mingw32/nios2-elf/lib\libc.a(lib_a-mallocr.o)
                              e:/altera/15.0/nios2eds/bin/gnu/h-x86_64-mingw32/bin/../lib/gcc/nios2-elf/4.9.1/../../../../../H-x86_64-mingw32/nios2-elf/lib\libc.a(lib_a-malloc.o) (_malloc_r)
e:/altera/15.0/nios2eds/bin/gnu/h-x86_64-mingw32/bin/../lib/gcc/nios2-elf/4.9.1/../../../../../H-x86_64-mingw32/nios2-elf/lib\libc.a(lib_a-memcpy.o)
                              obj/default/test_value.o (memcpy)
e:/altera/15.0/nios2eds/bin/gnu/h-x86_64-mingw32/bin/../lib/gcc/nios2-elf/4.9.1/../../../../../H-x86_64-mingw32/nios2-elf/lib\libc.a(lib_a-memset.o)
                              obj/default/sdTest.o (memset)
e:/altera/15.0/nios2eds/bin/gnu/h-x86_64-mingw32/bin/../lib/gcc/nios2-elf/4.9.1/../../../../../H-x86_64-mingw32/nios2-elf/lib\libc.a(lib_a-printf.o)
                              obj/default/sdTest.o (printf)
e:/altera/15.0/nios2eds/bin/gnu/h-x86_64-mingw32/bin/../lib/gcc/nios2-elf/4.9.1/../../../../../H-x86_64-mingw32/nios2-elf/lib\libc.a(lib_a-putchar.o)
                              obj/default/sdTest.o (putchar)
e:/altera/15.0/nios2eds/bin/gnu/h-x86_64-mingw32/bin/../lib/gcc/nios2-elf/4.9.1/../../../../../H-x86_64-mingw32/nios2-elf/lib\libc.a(lib_a-puts.o)
                              obj/default/test_value.o (puts)
e:/altera/15.0/nios2eds/bin/gnu/h-x86_64-mingw32/bin/../lib/gcc/nios2-elf/4.9.1/../../../../../H-x86_64-mingw32/nios2-elf/lib\libc.a(lib_a-sbrkr.o)
                              e:/altera/15.0/nios2eds/bin/gnu/h-x86_64-mingw32/bin/../lib/gcc/nios2-elf/4.9.1/../../../../../H-x86_64-mingw32/nios2-elf/lib\libc.a(lib_a-mallocr.o) (_sbrk_r)
e:/altera/15.0/nios2eds/bin/gnu/h-x86_64-mingw32/bin/../lib/gcc/nios2-elf/4.9.1/../../../../../H-x86_64-mingw32/nios2-elf/lib\libc.a(lib_a-strcpy.o)
                              obj/default/txt_read.o (strcpy)
e:/altera/15.0/nios2eds/bin/gnu/h-x86_64-mingw32/bin/../lib/gcc/nios2-elf/4.9.1/../../../../../H-x86_64-mingw32/nios2-elf/lib\libc.a(lib_a-strlen.o)
                              obj/default/txt_read.o (strlen)
e:/altera/15.0/nios2eds/bin/gnu/h-x86_64-mingw32/bin/../lib/gcc/nios2-elf/4.9.1/../../../../../H-x86_64-mingw32/nios2-elf/lib\libc.a(lib_a-vfprintf.o)
                              e:/altera/15.0/nios2eds/bin/gnu/h-x86_64-mingw32/bin/../lib/gcc/nios2-elf/4.9.1/../../../../../H-x86_64-mingw32/nios2-elf/lib\libc.a(lib_a-printf.o) (___vfprintf_internal_r)
e:/altera/15.0/nios2eds/bin/gnu/h-x86_64-mingw32/bin/../lib/gcc/nios2-elf/4.9.1/../../../../../H-x86_64-mingw32/nios2-elf/lib\libc.a(lib_a-wsetup.o)
                              e:/altera/15.0/nios2eds/bin/gnu/h-x86_64-mingw32/bin/../lib/gcc/nios2-elf/4.9.1/../../../../../H-x86_64-mingw32/nios2-elf/lib\libc.a(lib_a-vfprintf.o) (__swsetup_r)
e:/altera/15.0/nios2eds/bin/gnu/h-x86_64-mingw32/bin/../lib/gcc/nios2-elf/4.9.1/../../../../../H-x86_64-mingw32/nios2-elf/lib\libc.a(lib_a-dtoa.o)
                              e:/altera/15.0/nios2eds/bin/gnu/h-x86_64-mingw32/bin/../lib/gcc/nios2-elf/4.9.1/../../../../../H-x86_64-mingw32/nios2-elf/lib\libc.a(lib_a-vfprintf.o) (_dtoa_r)
e:/altera/15.0/nios2eds/bin/gnu/h-x86_64-mingw32/bin/../lib/gcc/nios2-elf/4.9.1/../../../../../H-x86_64-mingw32/nios2-elf/lib\libc.a(lib_a-fflush.o)
                              e:/altera/15.0/nios2eds/bin/gnu/h-x86_64-mingw32/bin/../lib/gcc/nios2-elf/4.9.1/../../../../../H-x86_64-mingw32/nios2-elf/lib\libc.a(lib_a-vfprintf.o) (_fflush_r)
e:/altera/15.0/nios2eds/bin/gnu/h-x86_64-mingw32/bin/../lib/gcc/nios2-elf/4.9.1/../../../../../H-x86_64-mingw32/nios2-elf/lib\libc.a(lib_a-findfp.o)
                              e:/altera/15.0/nios2eds/bin/gnu/h-x86_64-mingw32/bin/../lib/gcc/nios2-elf/4.9.1/../../../../../H-x86_64-mingw32/nios2-elf/lib\libc.a(lib_a-vfprintf.o) (__sinit)
[...]
Memory Configuration

Name             Origin             Length             Attributes
reset            0x0000000000000000 0x0000000000000020
sdram            0x0000000000000020 0x0000000007ffffe0
*default*        0x0000000000000000 0xffffffffffffffff

Linker script and memory map

LOAD ../sdRead_bsp//obj/HAL/src/crt0.o
LOAD obj/default/screen.o
LOAD obj/default/sdTest.o
LOAD obj/default/sdread.o
LOAD obj/default/test_value.o
LOAD obj/default/txt_read.o
LOAD e:/altera/15.0/nios2eds/bin/gnu/h-x86_64-mingw32/bin/../lib/gcc/nios2-elf/4.9.1/../../../../../H-x86_64-mingw32/nios2-elf/lib\libstdc++.a
LOAD e:/altera/15.0/nios2eds/bin/gnu/h-x86_64-mingw32/bin/../lib/gcc/nios2-elf/4.9.1/../../../../../H-x86_64-mingw32/nios2-elf/lib\libm.a
LOAD e:/altera/15.0/nios2eds/bin/gnu/h-x86_64-mingw32/bin/../lib/gcc/nios2-elf/4.9.1\libgcc.a
START GROUP
LOAD e:/altera/15.0/nios2eds/bin/gnu/h-x86_64-mingw32/bin/../lib/gcc/nios2-elf/4.9.1/../../../../../H-x86_64-mingw32/nios2-elf/lib\libc.a
LOAD e:/altera/15.0/nios2eds/bin/gnu/h-x86_64-mingw32/bin/../lib/gcc/nios2-elf/4.9.1\libgcc.a
LOAD ../sdRead_bsp/\libhal_bsp.a
LOAD e:/altera/15.0/nios2eds/bin/gnu/h-x86_64-mingw32/bin/../lib/gcc/nios2-elf/4.9.1/../../../../../H-x86_64-mingw32/nios2-elf/lib\libm.a
END GROUP
LOAD e:/altera/15.0/nios2eds/bin/gnu/h-x86_64-mingw32/bin/../lib/gcc/nios2-elf/4.9.1\libgcc.a
                0x0000000000000000                __alt_mem_sdram = 0x0

.entry          0x0000000000000000       0x20
 *(.entry)
 .entry         0x0000000000000000       0x20 ../sdRead_bsp//obj/HAL/src/crt0.o
                0x0000000000000000                __reset

.exceptions     0x0000000000000020      0x220
                0x0000000000000020                PROVIDE (__ram_exceptions_start, ABSOLUTE (.))
                0x0000000000000020                . = ALIGN (0x20)
 *(.irq)
 *(.exceptions.entry.label)
 .exceptions.entry.label
                0x0000000000000020        0x0 ../sdRead_bsp/\libhal_bsp.a(alt_irq_entry.o)
                0x0000000000000020                alt_irq_entry
 .exceptions.entry.label
                0x0000000000000020        0x0 ../sdRead_bsp/\libhal_bsp.a(alt_exception_entry.o)
                0x0000000000000020                alt_exception
 *(.exceptions.entry.user)
 *(.exceptions.entry.ecc_fatal)
 *(.exceptions.entry)
 .exceptions.entry
                0x0000000000000020       0x54 ../sdRead_bsp/\libhal_bsp.a(alt_exception_entry.o)
 *(.exceptions.irqtest.user)
 *(.exceptions.irqtest)
 .exceptions.irqtest
                0x0000000000000074       0x10 ../sdRead_bsp/\libhal_bsp.a(alt_irq_entry.o)
 *(.exceptions.irqhandler.user)
 *(.exceptions.irqhandler)
 .exceptions.irqhandler
                0x0000000000000084        0x4 ../sdRead_bsp/\libhal_bsp.a(alt_irq_entry.o)
 *(.exceptions.irqreturn.user)
 *(.exceptions.irqreturn)
 .exceptions.irqreturn
                0x0000000000000088        0x4 ../sdRead_bsp/\libhal_bsp.a(alt_irq_entry.o)
 *(.exceptions.notirq.label)
 .exceptions.notirq.label
                0x000000000000008c        0x0 ../sdRead_bsp/\libhal_bsp.a(alt_irq_entry.o)
 *(.exceptions.notirq.user)
 *(.exceptions.notirq)
 .exceptions.notirq
                0x000000000000008c        0x8 ../sdRead_bsp/\libhal_bsp.a(alt_exception_entry.o)
 *(.exceptions.soft.user)
 *(.exceptions.soft)
 *(.exceptions.unknown.user)
 *(.exceptions.unknown)
 .exceptions.unknown
                0x0000000000000094       0x14 ../sdRead_bsp/\libhal_bsp.a(alt_exception_entry.o)
 *(.exceptions.exit.label)
 .exceptions.exit.label
                0x00000000000000a8        0x0 ../sdRead_bsp/\libhal_bsp.a(alt_irq_entry.o)
 .exceptions.exit.label
                0x00000000000000a8        0x0 ../sdRead_bsp/\libhal_bsp.a(alt_exception_entry.o)
 *(.exceptions.exit.user)
 *(.exceptions.exit)
 .exceptions.exit
                0x00000000000000a8       0x54 ../sdRead_bsp/\libhal_bsp.a(alt_exception_entry.o)
 *(.exceptions)
 .exceptions    0x00000000000000fc       0xd0 ../sdRead_bsp/\libhal_bsp.a(alt_irq_handler.o)
                0x00000000000000fc                alt_irq_handler
 .exceptions    0x00000000000001cc       0x74 ../sdRead_bsp/\libhal_bsp.a(alt_instruction_exception_entry.o)
                0x00000000000001cc                alt_instruction_exception_entry
                0x0000000000000240                PROVIDE (__ram_exceptions_end, ABSOLUTE (.))
                0x0000000000000020                PROVIDE (__flash_exceptions_start, LOADADDR (.exceptions))

.text           0x0000000000000240    0x177dc
                0x0000000000000240                PROVIDE (stext, ABSOLUTE (.))
 *(.interp)
 *(.hash)
 *(.dynsym)
 *(.dynstr)
 *(.gnu.version)
 *(.gnu.version_d)
 *(.gnu.version_r)
 *(.rel.init)
 *(.rela.init)
 *(.rel.text .rel.text.* .rel.gnu.linkonce.t.*)
 *(.rela.text .rela.text.* .rela.gnu.linkonce.t.*)
 *(.rel.fini)
 *(.rela.fini)
 *(.rel.rodata .rel.rodata.* .rel.gnu.linkonce.r.*)
 *(.rela.rodata .rela.rodata.* .rela.gnu.linkonce.r.*)
 *(.rel.data .rel.data.* .rel.gnu.linkonce.d.*)
 *(.rela.data .rela.data.* .rela.gnu.linkonce.d.*)
 *(.rel.tdata .rel.tdata.* .rel.gnu.linkonce.td.*)
 *(.rela.tdata .rela.tdata.* .rela.gnu.linkonce.td.*)
 *(.rel.tbss .rel.tbss.* .rel.gnu.linkonce.tb.*)
 *(.rela.tbss .rela.tbss.* .rela.gnu.linkonce.tb.*)
 *(.rel.ctors)
 *(.rela.ctors)
 *(.rel.dtors)
 *(.rela.dtors)
 *(.rel.got)
 *(.rela.got)
 *(.rel.sdata .rel.sdata.* .rel.gnu.linkonce.s.*)
 *(.rela.sdata .rela.sdata.* .rela.gnu.linkonce.s.*)
 *(.rel.sbss .rel.sbss.* .rel.gnu.linkonce.sb.*)
 *(.rela.sbss .rela.sbss.* .rela.gnu.linkonce.sb.*)
 *(.rel.sdata2 .rel.sdata2.* .rel.gnu.linkonce.s2.*)
 *(.rela.sdata2 .rela.sdata2.* .rela.gnu.linkonce.s2.*)
 *(.rel.sbss2 .rel.sbss2.* .rel.gnu.linkonce.sb2.*)
 *(.rela.sbss2 .rela.sbss2.* .rela.gnu.linkonce.sb2.*)
 *(.rel.bss .rel.bss.* .rel.gnu.linkonce.b.*)
 *(.rela.bss .rela.bss.* .rela.gnu.linkonce.b.*)
 *(.rel.plt)
 *(.rela.plt)
 *(.rel.dyn)
 *(.init)
 *(.plt)
 *(.text .stub .text.* .gnu.linkonce.t.*)
 .text          0x0000000000000240       0x4c ../sdRead_bsp//obj/HAL/src/crt0.o
                0x0000000000000240                _start
 .text          0x000000000000028c      0x2bc obj/default/screen.o
                0x000000000000028c                getWordLetterArrange
                0x00000000000003b4                getWidthOfText
 .text          0x0000000000000548      0x2d4 obj/default/sdTest.o
                0x0000000000000548                main
 .text          0x000000000000081c      0x694 obj/default/sdread.o
                0x000000000000081c                fread_txt
                0x0000000000000b38                fseek_txt
                0x0000000000000da0                ftell_txt
                0x0000000000000e24                fopen_txt
                0x0000000000000e60                fclose_txt
 .text          0x0000000000000eb0     0x3254 obj/default/test_value.o
                0x0000000000000eb0                displayStatus
                0x0000000000000f00                displayTxtFilesInfo
                0x00000000000010c0                displayTxtFile
                0x0000000000001294                displayTextType
                0x0000000000001368                getMallocStr
                0x00000000000013f8                displayScreenContainer
                0x00000000000014ac                displayAreaRange
                0x0000000000001670                displayScreenHeaderTime
                0x0000000000001798                displayScreenFooterBtn
                0x00000000000019b0                displayScreenHome
                0x0000000000001e50                displayScreenBook
                0x00000000000020e8                displayScreenSetting
                0x00000000000025f4                displayScreenColorPicker
                0x000000000000271c                displayScrMainAreaInfo
                0x0000000000002874                displayTagBlock
                0x0000000000002aa0                displayIconBlock
                0x0000000000002cb0                displayColorInfo
                0x0000000000002e70                displayColorBoard
                0x0000000000003008                displayTagIconGroup
                0x0000000000003334                displayTagGroup
                0x00000000000034d4                displayTagList
                0x0000000000003738                displayProgressBarX
                0x000000000000397c                displayScrollBarY
                0x0000000000003cb0                displayScreenPageInfo
                0x0000000000003f04                displayColorRGB
                0x0000000000003f7c                displayObjPic
 .text          0x0000000000004104      0x554 obj/default/txt_read.o
                0x0000000000004104                readAlltxtFilesOfSDcard
                0x0000000000004534                readBookOfTxtFile
                0x00000000000045bc                openTxtFile
                0x0000000000004628                closeTxtFile
 .text          0x0000000000004658      0x12c e:/altera/15.0/nios2eds/bin/gnu/h-x86_64-mingw32/bin/../lib/gcc/nios2-elf/4.9.1\libgcc.a(lib2-divmod.o)
                0x00000000000046c4                __divsi3
                0x0000000000004718                __modsi3
                0x0000000000004774                __udivsi3
                0x000000000000477c                __umodsi3
 .text          0x0000000000004784      0x110 e:/altera/15.0/nios2eds/bin/gnu/h-x86_64-mingw32/bin/../lib/gcc/nios2-elf/4.9.1\libgcc.a(extendsfdf2.o)
                0x0000000000004784                __extendsfdf2
 .text          0x0000000000004894       0x64 e:/altera/15.0/nios2eds/bin/gnu/h-x86_64-mingw32/bin/../lib/gcc/nios2-elf/4.9.1\libgcc.a(_clzsi2.o)
                0x0000000000004894                __clzsi2
 .text          0x00000000000048f8        0x0 e:/altera/15.0/nios2eds/bin/gnu/h-x86_64-mingw32/bin/../lib/gcc/nios2-elf/4.9.1\libgcc.a(_clz.o)
 .text          0x00000000000048f8       0x28 e:/altera/15.0/nios2eds/bin/gnu/h-x86_64-mingw32/bin/../lib/gcc/nios2-elf/4.9.1/../../../../../H-x86_64-mingw32/nios2-elf/lib\libc.a(lib_a-malloc.o)
                0x00000000000048f8                malloc
                0x000000000000490c                free
 .text          0x0000000000004920      0x7a8 e:/altera/15.0/nios2eds/bin/gnu/h-x86_64-mingw32/bin/../lib/gcc/nios2-elf/4.9.1/../../../../../H-x86_64-mingw32/nios2-elf/lib\libc.a(lib_a-mallocr.o)
                0x0000000000004920                _malloc_r
 .text          0x00000000000050c8      0x138 e:/altera/15.0/nios2eds/bin/gnu/h-x86_64-mingw32/bin/../lib/gcc/nios2-elf/4.9.1/../../../../../H-x86_64-mingw32/nios2-elf/lib\libc.a(lib_a-memcpy.o)
                0x00000000000050c8                memcpy
 .text          0x0000000000005200      0x124 e:/altera/15.0/nios2eds/bin/gnu/h-x86_64-mingw32/bin/../lib/gcc/nios2-elf/4.9.1/../../../../../H-x86_64-mingw32/nios2-elf/lib\libc.a(lib_a-memset.o)
                0x0000000000005200                memset
 .text          0x0000000000005324       0x68 e:/altera/15.0/nios2eds/bin/gnu/h-x86_64-mingw32/bin/../lib/gcc/nios2-elf/4.9.1/../../../../../H-x86_64-mingw32/nios2-elf/lib\libc.a(lib_a-printf.o)
                0x0000000000005324                _printf_r
                0x0000000000005350                printf
 .text          0x000000000000538c       0x20 e:/altera/15.0/nios2eds/bin/gnu/h-x86_64-mingw32/bin/../lib/gcc/nios2-elf/4.9.1/../../../../../H-x86_64-mingw32/nios2-elf/lib\libc.a(lib_a-putchar.o)
                0x000000000000538c                _putchar_r
                0x0000000000005394                putchar
 .text          0x00000000000053ac       0xcc e:/altera/15.0/nios2eds/bin/gnu/h-x86_64-mingw32/bin/../lib/gcc/nios2-elf/4.9.1/../../../../../H-x86_64-mingw32/nios2-elf/lib\libc.a(lib_a-puts.o)
                0x00000000000053ac                _puts_r
                0x0000000000005464                puts
 .text          0x0000000000005478       0x54 e:/altera/15.0/nios2eds/bin/gnu/h-x86_64-mingw32/bin/../lib/gcc/nios2-elf/4.9.1/../../../../../H-x86_64-mingw32/nios2-elf/lib\libc.a(lib_a-sbrkr.o)
                0x0000000000005478                _sbrk_r
 .text          0x00000000000054cc       0x90 e:/altera/15.0/nios2eds/bin/gnu/h-x86_64-mingw32/bin/../lib/gcc/nios2-elf/4.9.1/../../../../../H-x86_64-mingw32/nios2-elf/lib\libc.a(lib_a-strcpy.o)
                0x00000000000054cc                strcpy
 .text          0x000000000000555c       0x98 e:/altera/15.0/nios2eds/bin/gnu/h-x86_64-mingw32/bin/../lib/gcc/nios2-elf/4.9.1/../../../../../H-x86_64-mingw32/nios2-elf/lib\libc.a(lib_a-strlen.o)
                0x000000000000555c                strlen
 .text          0x00000000000055f4     0x2020 e:/altera/15.0/nios2eds/bin/gnu/h-x86_64-mingw32/bin/../lib/gcc/nios2-elf/4.9.1/../../../../../H-x86_64-mingw32/nios2-elf/lib\libc.a(lib_a-vfprintf.o)
                0x00000000000055f4                ___vfprintf_internal_r
                0x00000000000075f0                __vfprintf_internal
 .text          0x0000000000007614      0x130 e:/altera/15.0/nios2eds/bin/gnu/h-x86_64-mingw32/bin/../lib/gcc/nios2-elf/4.9.1/../../../../../H-x86_64-mingw32/nios2-elf/lib\libc.a(lib_a-wsetup.o)
                0x0000000000007614                __swsetup_r
 .text          0x0000000000007744     0x1928 e:/altera/15.0/nios2eds/bin/gnu/h-x86_64-mingw32/bin/../lib/gcc/nios2-elf/4.9.1/../../../../../H-x86_64-mingw32/nios2-elf/lib\libc.a(lib_a-dtoa.o)
                0x0000000000007944                _dtoa_r
 .text          0x000000000000906c      0x258 e:/altera/15.0/nios2eds/bin/gnu/h-x86_64-mingw32/bin/../lib/gcc/nios2-elf/4.9.1/../../../../../H-x86_64-mingw32/nios2-elf/lib\libc.a(lib_a-fflush.o)
                0x000000000000906c                _fflush_r
                0x0000000000009294                fflush
 .text          0x00000000000092c4      0x3a0 e:/altera/15.0/nios2eds/bin/gnu/h-x86_64-mingw32/bin/../lib/gcc/nios2-elf/4.9.1/../../../../../H-x86_64-mingw32/nios2-elf/lib\libc.a(lib_a-findfp.o)
                0x00000000000092d4                _cleanup_r
                0x0000000000009480                __sfmoreglue
                0x00000000000094e4                __sfp
                0x00000000000095fc                _cleanup
                0x0000000000009614                __sinit
                0x0000000000009624                __sfp_lock_acquire
                0x0000000000009628                __sfp_lock_release
                0x000000000000962c                __sinit_lock_acquire
                0x0000000000009630                __sinit_lock_release
                0x0000000000009634                __fp_lock_all
                0x000000000000964c                __fp_unlock_all
 .text          0x0000000000009664      0x414 e:/altera/15.0/nios2eds/bin/gnu/h-x86_64-mingw32/bin/../lib/gcc/nios2-elf/4.9.1/../../../../../H-x86_64-mingw32/nios2-elf/lib\libc.a(lib_a-freer.o)
                0x0000000000009664                _malloc_trim_r
                0x0000000000009788                _free_r
 .text          0x0000000000009a78      0x4a4 e:/altera/15.0/nios2eds/bin/gnu/h-x86_64-mingw32/bin/../lib/gcc/nios2-elf/4.9.1/../../../../../H-x86_64-mingw32/nios2-elf/lib\libc.a(lib_a-fvwrite.o)
                0x0000000000009a78                __sfvwrite_r
 .text          0x0000000000009f1c      0x170 e:/altera/15.0/nios2eds/bin/gnu/h-x86_64-mingw32/bin/../lib/gcc/nios2-elf/4.9.1/../../../../../H-x86_64-mingw32/nios2-elf/lib\libc.a(lib_a-fwalk.o)
                0x0000000000009f1c                _fwalk
                0x0000000000009fd4                _fwalk_reent
 .text          0x000000000000a08c        0x0 e:/altera/15.0/nios2eds/bin/gnu/h-x86_64-mingw32/bin/../lib/gcc/nios2-elf/4.9.1/../../../../../H-x86_64-mingw32/nios2-elf/lib\libc.a(lib_a-impure.o)
 .text          0x000000000000a08c        0x0 e:/altera/15.0/nios2eds/bin/gnu/h-x86_64-mingw32/bin/../lib/gcc/nios2-elf/4.9.1/../../../../../H-x86_64-mingw32/nios2-elf/lib\libc.a(lib_a-int_errno.o)
 .text          0x000000000000a08c       0xe0 e:/altera/15.0/nios2eds/bin/gnu/h-x86_64-mingw32/bin/../lib/gcc/nios2-elf/4.9.1/../../../../../H-x86_64-mingw32/nios2-elf/lib\libc.a(lib_a-locale.o)
                0x000000000000a08c                _setlocale_r
                0x000000000000a108                __locale_charset
                0x000000000000a114                __locale_mb_cur_max
                0x000000000000a124                __locale_msgcharset
                0x000000000000a130                __locale_cjk_lang
                0x000000000000a138                _localeconv_r
                0x000000000000a144                setlocale
                0x000000000000a160                localeconv
 .text          0x000000000000a16c      0x1b8 e:/altera/15.0/nios2eds/bin/gnu/h-x86_64-mingw32/bin/../lib/gcc/nios2-elf/4.9.1/../../../../../H-x86_64-mingw32/nios2-elf/lib\libc.a(lib_a-makebuf.o)
                0x000000000000a16c                __smakebuf_r
 .text          0x000000000000a324       0xe8 e:/altera/15.0/nios2eds/bin/gnu/h-x86_64-mingw32/bin/../lib/gcc/nios2-elf/4.9.1/../../../../../H-x86_64-mingw32/nios2-elf/lib\libc.a(lib_a-memchr.o)
                0x000000000000a324                memchr
 .text          0x000000000000a40c      0x15c e:/altera/15.0/nios2eds/bin/gnu/h-x86_64-mingw32/bin/../lib/gcc/nios2-elf/4.9.1/../../../../../H-x86_64-mingw32/nios2-elf/lib\libc.a(lib_a-memmove.o)
                0x000000000000a40c                memmove
 .text          0x000000000000a568      0xf8c e:/altera/15.0/nios2eds/bin/gnu/h-x86_64-mingw32/bin/../lib/gcc/nios2-elf/4.9.1/../../../../../H-x86_64-mingw32/nios2-elf/lib\libc.a(lib_a-mprec.o)
                0x000000000000a568                _Balloc
                0x000000000000a610                _Bfree
                0x000000000000a638                __multadd
                0x000000000000a74c                __s2b
                0x000000000000a850                __hi0bits
                0x000000000000a8b8                __lo0bits
                0x000000000000a968                __i2b
                0x000000000000a9a4                __multiply
                0x000000000000aba0                __pow5mult
                0x000000000000ace0                __lshift
                0x000000000000ae28                __mcmp
                0x000000000000ae88                __mdiff
                0x000000000000b020                __ulp
                0x000000000000b080                __b2d
                0x000000000000b19c                __d2b
                0x000000000000b2d8                __ratio
                0x000000000000b37c                _mprec_log10
                0x000000000000b3f0                __copybits
                0x000000000000b468                __any_on
 .text          0x000000000000b4f4      0x168 e:/altera/15.0/nios2eds/bin/gnu/h-x86_64-mingw32/bin/../lib/gcc/nios2-elf/4.9.1/../../../../../H-x86_64-mingw32/nios2-elf/lib\libc.a(lib_a-putc.o)
                0x000000000000b4f4                _putc_r
                0x000000000000b594                putc
 .text          0x000000000000b65c      0x5a0 e:/altera/15.0/nios2eds/bin/gnu/h-x86_64-mingw32/bin/../lib/gcc/nios2-elf/4.9.1/../../../../../H-x86_64-mingw32/nios2-elf/lib\libc.a(lib_a-reallocr.o)
                0x000000000000b65c                _realloc_r
 .text          0x000000000000bbfc       0x74 e:/altera/15.0/nios2eds/bin/gnu/h-x86_64-mingw32/bin/../lib/gcc/nios2-elf/4.9.1/../../../../../H-x86_64-mingw32/nios2-elf/lib\libc.a(lib_a-s_fpclassify.o)
                0x000000000000bbfc                __fpclassifyd
 .text          0x000000000000bc70      0x13c e:/altera/15.0/nios2eds/bin/gnu/h-x86_64-mingw32/bin/../lib/gcc/nios2-elf/4.9.1/../../../../../H-x86_64-mingw32/nios2-elf/lib\libc.a(lib_a-stdio.o)
                0x000000000000bc70                __sread
                0x000000000000bcc4                __seofread
                0x000000000000bccc                __swrite
                0x000000000000bd48                __sseek
                0x000000000000bda4                __sclose
 .text          0x000000000000bdac       0xa4 e:/altera/15.0/nios2eds/bin/gnu/h-x86_64-mingw32/bin/../lib/gcc/nios2-elf/4.9.1/../../../../../H-x86_64-mingw32/nios2-elf/lib\libc.a(lib_a-strcmp.o)
                0x000000000000bdac                strcmp
 .text          0x000000000000be50     0x1494 e:/altera/15.0/nios2eds/bin/gnu/h-x86_64-mingw32/bin/../lib/gcc/nios2-elf/4.9.1/../../../../../H-x86_64-mingw32/nios2-elf/lib\libc.a(lib_a-vfiprintf.o)
                0x000000000000bf4c                __sprint_r
                0x000000000000bf64                ___vfiprintf_internal_r
                0x000000000000d2c0                __vfiprintf_internal
 .text          0x000000000000d2e4      0x170 e:/altera/15.0/nios2eds/bin/gnu/h-x86_64-mingw32/bin/../lib/gcc/nios2-elf/4.9.1/../../../../../H-x86_64-mingw32/nios2-elf/lib\libc.a(lib_a-wbuf.o)
                0x000000000000d2e4                __swbuf_r
                0x000000000000d438                __swbuf
 .text          0x000000000000d454       0x5c e:/altera/15.0/nios2eds/bin/gnu/h-x86_64-mingw32/bin/../lib/gcc/nios2-elf/4.9.1/../../../../../H-x86_64-mingw32/nios2-elf/lib\libc.a(lib_a-writer.o)
                0x000000000000d454                _write_r
 .text          0x000000000000d4b0       0x54 e:/altera/15.0/nios2eds/bin/gnu/h-x86_64-mingw32/bin/../lib/gcc/nios2-elf/4.9.1/../../../../../H-x86_64-mingw32/nios2-elf/lib\libc.a(closer.o)
                0x000000000000d4b0                _close_r
 .text          0x000000000000d504       0xc4 e:/altera/15.0/nios2eds/bin/gnu/h-x86_64-mingw32/bin/../lib/gcc/nios2-elf/4.9.1/../../../../../H-x86_64-mingw32/nios2-elf/lib\libc.a(lib_a-callocr.o)
                0x000000000000d504                _calloc_r
 .text          0x000000000000d5c8      0x114 e:/altera/15.0/nios2eds/bin/gnu/h-x86_64-mingw32/bin/../lib/gcc/nios2-elf/4.9.1/../../../../../H-x86_64-mingw32/nios2-elf/lib\libc.a(lib_a-fclose.o)
                0x000000000000d5c8                _fclose_r
                0x000000000000d6c8                fclose
 .text          0x000000000000d6dc      0x1dc e:/altera/15.0/nios2eds/bin/gnu/h-x86_64-mingw32/bin/../lib/gcc/nios2-elf/4.9.1/../../../../../H-x86_64-mingw32/nios2-elf/lib\libc.a(lib_a-fputwc.o)
                0x000000000000d6dc                _fputwc_r
                0x000000000000d860                fputwc
 .text          0x000000000000d8b8       0x58 e:/altera/15.0/nios2eds/bin/gnu/h-x86_64-mingw32/bin/../lib/gcc/nios2-elf/4.9.1/../../../../../H-x86_64-mingw32/nios2-elf/lib\libc.a(lib_a-fstatr.o)
                0x000000000000d8b8                _fstat_r
 .text          0x000000000000d910       0x54 e:/altera/15.0/nios2eds/bin/gnu/h-x86_64-mingw32/bin/../lib/gcc/nios2-elf/4.9.1/../../../../../H-x86_64-mingw32/nios2-elf/lib\libc.a(lib_a-isattyr.o)
                0x000000000000d910                _isatty_r
 .text          0x000000000000d964       0x5c e:/altera/15.0/nios2eds/bin/gnu/h-x86_64-mingw32/bin/../lib/gcc/nios2-elf/4.9.1/../../../../../H-x86_64-mingw32/nios2-elf/lib\libc.a(lib_a-lseekr.o)
                0x000000000000d964                _lseek_r
 .text          0x000000000000d9c0       0x5c e:/altera/15.0/nios2eds/bin/gnu/h-x86_64-mingw32/bin/../lib/gcc/nios2-elf/4.9.1/../../../../../H-x86_64-mingw32/nios2-elf/lib\libc.a(lib_a-readr.o)
                0x000000000000d9c0                _read_r
 .text          0x000000000000da1c      0x174 e:/altera/15.0/nios2eds/bin/gnu/h-x86_64-mingw32/bin/../lib/gcc/nios2-elf/4.9.1/../../../../../H-x86_64-mingw32/nios2-elf/lib\libc.a(lib_a-wcrtomb.o)
                0x000000000000da1c                _wcrtomb_r
                0x000000000000dab8                wcrtomb
 .text          0x000000000000db90       0x8c e:/altera/15.0/nios2eds/bin/gnu/h-x86_64-mingw32/bin/../lib/gcc/nios2-elf/4.9.1/../../../../../H-x86_64-mingw32/nios2-elf/lib\libc.a(lib_a-wctomb_r.o)
                0x000000000000db90                __ascii_wctomb
                0x000000000000dbc0                _wctomb_r
 .text          0x000000000000dc1c      0x5c0 e:/altera/15.0/nios2eds/bin/gnu/h-x86_64-mingw32/bin/../lib/gcc/nios2-elf/4.9.1\libgcc.a(_udivdi3.o)
                0x000000000000dc1c                __udivdi3
 .text          0x000000000000e1dc      0x590 e:/altera/15.0/nios2eds/bin/gnu/h-x86_64-mingw32/bin/../lib/gcc/nios2-elf/4.9.1\libgcc.a(_umoddi3.o)
                0x000000000000e1dc                __umoddi3
 .text          0x000000000000e76c      0x89c e:/altera/15.0/nios2eds/bin/gnu/h-x86_64-mingw32/bin/../lib/gcc/nios2-elf/4.9.1\libgcc.a(adddf3.o)
                0x000000000000e76c                __adddf3
 .text          0x000000000000f008      0x8cc e:/altera/15.0/nios2eds/bin/gnu/h-x86_64-mingw32/bin/../lib/gcc/nios2-elf/4.9.1\libgcc.a(divdf3.o)
                0x000000000000f008                __divdf3
 .text          0x000000000000f8d4       0x84 e:/altera/15.0/nios2eds/bin/gnu/h-x86_64-mingw32/bin/../lib/gcc/nios2-elf/4.9.1\libgcc.a(eqdf2.o)
                0x000000000000f8d4                __nedf2
                0x000000000000f8d4                __eqdf2
 .text          0x000000000000f958       0xe0 e:/altera/15.0/nios2eds/bin/gnu/h-x86_64-mingw32/bin/../lib/gcc/nios2-elf/4.9.1\libgcc.a(gedf2.o)
                0x000000000000f958                __gedf2
                0x000000000000f958                __gtdf2
 .text          0x000000000000fa38       0xe0 e:/altera/15.0/nios2eds/bin/gnu/h-x86_64-mingw32/bin/../lib/gcc/nios2-elf/4.9.1\libgcc.a(ledf2.o)
                0x000000000000fa38                __ledf2
                0x000000000000fa38                __ltdf2
 .text          0x000000000000fb18      0x724 e:/altera/15.0/nios2eds/bin/gnu/h-x86_64-mingw32/bin/../lib/gcc/nios2-elf/4.9.1\libgcc.a(muldf3.o)
                0x000000000000fb18                __muldf3
 .text          0x000000000001023c      0x8d0 e:/altera/15.0/nios2eds/bin/gnu/h-x86_64-mingw32/bin/../lib/gcc/nios2-elf/4.9.1\libgcc.a(subdf3.o)
                0x000000000001023c                __subdf3
 .text          0x0000000000010b0c       0x88 e:/altera/15.0/nios2eds/bin/gnu/h-x86_64-mingw32/bin/../lib/gcc/nios2-elf/4.9.1\libgcc.a(fixdfsi.o)
                0x0000000000010b0c                __fixdfsi
 .text          0x0000000000010b94       0xd0 e:/altera/15.0/nios2eds/bin/gnu/h-x86_64-mingw32/bin/../lib/gcc/nios2-elf/4.9.1\libgcc.a(floatsidf.o)
                0x0000000000010b94                __floatsidf
 .text          0x0000000000010c64       0xa4 e:/altera/15.0/nios2eds/bin/gnu/h-x86_64-mingw32/bin/../lib/gcc/nios2-elf/4.9.1\libgcc.a(floatunsidf.o)
                0x0000000000010c64                __floatunsidf
 .text          0x0000000000010d08      0x120 ../sdRead_bsp/\libhal_bsp.a(alt_close.o)
                0x0000000000010d58                close
 .text          0x0000000000010e28       0x2c ../sdRead_bsp/\libhal_bsp.a(alt_dev.o)
 .text          0x0000000000010e54        0x0 ../sdRead_bsp/\libhal_bsp.a(alt_errno.o)
 .text          0x0000000000010e54      0x100 ../sdRead_bsp/\libhal_bsp.a(alt_fstat.o)
                0x0000000000010ea4                fstat
 .text          0x0000000000010f54       0xf4 ../sdRead_bsp/\libhal_bsp.a(alt_isatty.o)
                0x0000000000010fa4                isatty
 .text          0x0000000000011048       0xe4 ../sdRead_bsp/\libhal_bsp.a(alt_load.o)
                0x00000000000110ac                alt_load
 .text          0x000000000001112c      0x124 ../sdRead_bsp/\libhal_bsp.a(alt_lseek.o)
                0x000000000001117c                lseek
 .text          0x0000000000011250       0x78 ../sdRead_bsp/\libhal_bsp.a(alt_main.o)
                0x0000000000011250                alt_main
 .text          0x00000000000112c8       0x40 ../sdRead_bsp/\libhal_bsp.a(alt_malloc_lock.o)
                0x00000000000112c8                __malloc_lock
                0x00000000000112e8                __malloc_unlock
 .text          0x0000000000011308      0x14c ../sdRead_bsp/\libhal_bsp.a(alt_read.o)
                0x0000000000011358                read
 .text          0x0000000000011454       0x60 ../sdRead_bsp/\libhal_bsp.a(alt_release_fd.o)
                0x0000000000011454                alt_release_fd
 .text          0x00000000000114b4       0xb0 ../sdRead_bsp/\libhal_bsp.a(alt_sbrk.o)
                0x00000000000114b4                sbrk
 .text          0x0000000000011564       0x30 ../sdRead_bsp/\libhal_bsp.a(alt_usleep.o)
                0x0000000000011564                usleep
 .text          0x0000000000011594      0x148 ../sdRead_bsp/\libhal_bsp.a(alt_write.o)
                0x00000000000115e4                write
 .text          0x00000000000116dc       0xd8 ../sdRead_bsp/\libhal_bsp.a(alt_sys_init.o)
                0x0000000000011714                alt_irq_init
                0x0000000000011748                alt_sys_init
 .text          0x00000000000117b4     0x430c ../sdRead_bsp/\libhal_bsp.a(Altera_UP_SD_Card_Avalon_Interface.o)
                0x00000000000117b4                Write_Sector_Data
                0x0000000000011868                Save_Modified_Sector
                0x00000000000118b4                Read_Sector_Data
                0x000000000001198c                get_cluster_flag
                0x0000000000011a40                mark_cluster
                0x0000000000011b20                Check_for_Master_Boot_Record
                0x0000000000011ccc                Read_File_Record_At_Offset
                0x0000000000011f48                Write_File_Record_At_Offset
                0x00000000000121d4                Check_for_DOS_FAT
                0x000000000001287c                Look_for_FAT16
                0x0000000000012968                filename_to_upper_case
                0x0000000000012a28                check_file_name_for_FAT16_compliance
                0x0000000000012c94                get_dir_divider_location
                0x0000000000012d4c                match_file_record_to_name_ext
                0x0000000000012fe8                get_home_directory_cluster_for_file
                0x000000000001351c                find_file_in_directory
                0x000000000001398c                find_first_empty_cluster
                0x0000000000013b40                find_first_empty_record_in_a_subdirectory
                0x0000000000013d8c                find_first_empty_record_in_root_directory
                0x0000000000013ec0                convert_filename_to_name_extension
                0x0000000000014048                create_file
                0x000000000001430c                copy_file_record_name_to_string
                0x0000000000014450                alt_up_sd_card_open_dev
                0x0000000000014510                alt_up_sd_card_is_Present
                0x00000000000145d4                alt_up_sd_card_is_FAT16
                0x0000000000014640                alt_up_sd_card_find_first
                0x0000000000014710                alt_up_sd_card_find_next
                0x0000000000014ac4                alt_up_sd_card_fopen
                0x0000000000014e48                alt_up_sd_card_set_attributes
                0x0000000000014ecc                alt_up_sd_card_get_attributes
                0x0000000000014f54                alt_up_sd_card_read
                0x00000000000152cc                alt_up_sd_card_write
                0x0000000000015904                alt_up_sd_card_fclose
 .text          0x0000000000015ac0      0x164 ../sdRead_bsp/\libhal_bsp.a(altera_avalon_jtag_uart_fd.o)
                0x0000000000015ac0                altera_avalon_jtag_uart_read_fd
                0x0000000000015b20                altera_avalon_jtag_uart_write_fd
                0x0000000000015b80                altera_avalon_jtag_uart_close_fd
                0x0000000000015bd0                altera_avalon_jtag_uart_ioctl_fd
 .text          0x0000000000015c24      0x3d8 ../sdRead_bsp/\libhal_bsp.a(altera_avalon_jtag_uart_init.o)
                0x0000000000015c24                altera_avalon_jtag_uart_init
                0x0000000000015f94                altera_avalon_jtag_uart_close
 .text          0x0000000000015ffc       0xec ../sdRead_bsp/\libhal_bsp.a(altera_avalon_jtag_uart_ioctl.o)
                0x0000000000015ffc                altera_avalon_jtag_uart_ioctl
 .text          0x00000000000160e8      0x20c ../sdRead_bsp/\libhal_bsp.a(altera_avalon_jtag_uart_read.o)
                0x00000000000160e8                altera_avalon_jtag_uart_read
 .text          0x00000000000162f4      0x218 ../sdRead_bsp/\libhal_bsp.a(altera_avalon_jtag_uart_write.o)
                0x00000000000162f4                altera_avalon_jtag_uart_write
 .text          0x000000000001650c       0xfc ../sdRead_bsp/\libhal_bsp.a(altera_avalon_timer_sc.o)
                0x0000000000016580                alt_avalon_timer_sc_init
 .text          0x0000000000016608      0x140 ../sdRead_bsp/\libhal_bsp.a(alt_alarm_start.o)
                0x0000000000016608                alt_alarm_start
 .text          0x0000000000016748      0x158 ../sdRead_bsp/\libhal_bsp.a(alt_busy_sleep.o)
                0x0000000000016748                alt_busy_sleep
 .text          0x00000000000168a0       0x44 ../sdRead_bsp/\libhal_bsp.a(alt_dcache_flush_all.o)
                0x00000000000168a0                alt_dcache_flush_all
 .text          0x00000000000168e4       0xf4 ../sdRead_bsp/\libhal_bsp.a(alt_dev_llist_insert.o)
                0x0000000000016934                alt_dev_llist_insert
 .text          0x00000000000169d8       0x5c ../sdRead_bsp/\libhal_bsp.a(alt_do_ctors.o)
                0x00000000000169d8                _do_ctors
 .text          0x0000000000016a34       0x5c ../sdRead_bsp/\libhal_bsp.a(alt_do_dtors.o)
                0x0000000000016a34                _do_dtors
 .text          0x0000000000016a90       0x90 ../sdRead_bsp/\libhal_bsp.a(alt_find_dev.o)
                0x0000000000016a90                alt_find_dev
 .text          0x0000000000016b20       0x30 ../sdRead_bsp/\libhal_bsp.a(alt_icache_flush_all.o)
                0x0000000000016b20                alt_icache_flush_all
 .text          0x0000000000016b50      0x1e0 ../sdRead_bsp/\libhal_bsp.a(alt_iic.o)
                0x0000000000016b50                alt_ic_isr_register
                0x0000000000016ba0                alt_ic_irq_enable
                0x0000000000016c40                alt_ic_irq_disable
                0x0000000000016ce4                alt_ic_irq_enabled
 .text          0x0000000000016d30       0xf0 ../sdRead_bsp/\libhal_bsp.a(alt_iic_isr_register.o)
                0x0000000000016d30                alt_iic_isr_register
 .text          0x0000000000016e20      0x138 ../sdRead_bsp/\libhal_bsp.a(alt_io_redirect.o)
                0x0000000000016ee0                alt_io_redirect
 .text          0x0000000000016f58        0x0 ../sdRead_bsp/\libhal_bsp.a(alt_irq_entry.o)
 .text          0x0000000000016f58        0x0 ../sdRead_bsp/\libhal_bsp.a(alt_irq_handler.o)
 .text          0x0000000000016f58        0x0 ../sdRead_bsp/\libhal_bsp.a(alt_irq_vars.o)
 .text          0x0000000000016f58      0x274 ../sdRead_bsp/\libhal_bsp.a(alt_open.o)
                0x0000000000017074                open
 .text          0x00000000000171cc      0x19c ../sdRead_bsp/\libhal_bsp.a(alt_tick.o)
                0x00000000000171cc                alt_alarm_stop
                0x0000000000017264                alt_tick
 .text          0x0000000000017368       0x20 ../sdRead_bsp/\libhal_bsp.a(altera_nios2_gen2_irq.o)
                0x0000000000017368                altera_nios2_gen2_irq_init
 .text          0x0000000000017388        0x0 ../sdRead_bsp/\libhal_bsp.a(alt_exception_entry.o)
 .text          0x0000000000017388      0x114 ../sdRead_bsp/\libhal_bsp.a(alt_find_file.o)
                0x0000000000017388                alt_find_file
 .text          0x000000000001749c       0xb4 ../sdRead_bsp/\libhal_bsp.a(alt_get_fd.o)
                0x000000000001749c                alt_get_fd
 .text          0x0000000000017550       0x8c ../sdRead_bsp/\libhal_bsp.a(alt_icache_flush.o)
                0x0000000000017550                alt_icache_flush
 .text          0x00000000000175dc       0x9c ../sdRead_bsp/\libhal_bsp.a(alt_instruction_exception_entry.o)
                0x00000000000175dc                alt_exception_cause_generated_bad_addr
 .text          0x0000000000017678       0x14 e:/altera/15.0/nios2eds/bin/gnu/h-x86_64-mingw32/bin/../lib/gcc/nios2-elf/4.9.1/../../../../../H-x86_64-mingw32/nios2-elf/lib\libc.a(lib_a-atexit.o)
                0x0000000000017678                atexit
 .text          0x000000000001768c       0x38 e:/altera/15.0/nios2eds/bin/gnu/h-x86_64-mingw32/bin/../lib/gcc/nios2-elf/4.9.1/../../../../../H-x86_64-mingw32/nios2-elf/lib\libc.a(lib_a-exit.o)
                0x000000000001768c                exit
 .text          0x00000000000176c4       0x7c e:/altera/15.0/nios2eds/bin/gnu/h-x86_64-mingw32/bin/../lib/gcc/nios2-elf/4.9.1/../../../../../H-x86_64-mingw32/nios2-elf/lib\libc.a(lib_a-memcmp.o)
                0x00000000000176c4                memcmp
 .text          0x0000000000017740      0x114 e:/altera/15.0/nios2eds/bin/gnu/h-x86_64-mingw32/bin/../lib/gcc/nios2-elf/4.9.1/../../../../../H-x86_64-mingw32/nios2-elf/lib\libc.a(lib_a-__atexit.o)
                0x0000000000017740                __register_exitproc
 .text          0x0000000000017854      0x194 e:/altera/15.0/nios2eds/bin/gnu/h-x86_64-mingw32/bin/../lib/gcc/nios2-elf/4.9.1/../../../../../H-x86_64-mingw32/nios2-elf/lib\libc.a(lib_a-__call_atexit.o)
                0x0000000000017854                __call_exitprocs
 .text          0x00000000000179e8       0x34 ../sdRead_bsp/\libhal_bsp.a(alt_exit.o)
                0x00000000000179e8                _exit
 *(.gnu.warning.*)
 *(.fini)
                0x0000000000017a1c                PROVIDE (__etext, ABSOLUTE (.))
                0x0000000000017a1c                PROVIDE (_etext, ABSOLUTE (.))
                0x0000000000017a1c                PROVIDE (etext, ABSOLUTE (.))
 *(.eh_frame_hdr)
                0x0000000000017a1c                . = ALIGN (0x4)
                0x0000000000017a1c                PROVIDE (__preinit_array_start, ABSOLUTE (.))
 *(.preinit_array)
                0x0000000000017a1c                PROVIDE (__preinit_array_end, ABSOLUTE (.))
                0x0000000000017a1c                PROVIDE (__init_array_start, ABSOLUTE (.))
 *(.init_array)
                0x0000000000017a1c                PROVIDE (__init_array_end, ABSOLUTE (.))
                0x0000000000017a1c                PROVIDE (__fini_array_start, ABSOLUTE (.))
 *(.fini_array)
                0x0000000000017a1c                PROVIDE (__fini_array_end, ABSOLUTE (.))
 *(.eh_frame)
 *(.gcc_except_table .gcc_except_table.*)
 *(.dynamic)
                0x0000000000017a1c                PROVIDE (__CTOR_LIST__, ABSOLUTE (.))
 *(.ctors)
 *(SORT(.ctors.*))
                0x0000000000017a1c                PROVIDE (__CTOR_END__, ABSOLUTE (.))
                0x0000000000017a1c                PROVIDE (__DTOR_LIST__, ABSOLUTE (.))
 *(.dtors)
 *(SORT(.dtors.*))
                0x0000000000017a1c                PROVIDE (__DTOR_END__, ABSOLUTE (.))
 *(.jcr)
                0x0000000000017a1c                . = ALIGN (0x4)

.rodata         0x0000000000017a1c     0x16a8
                0x0000000000017a1c                PROVIDE (__ram_rodata_start, ABSOLUTE (.))
                0x0000000000017a1c                . = ALIGN (0x4)
 *(.rodata .rodata.* .gnu.linkonce.r.*)
 .rodata        0x0000000000017a1c        0x8 obj/default/screen.o
 .rodata        0x0000000000017a24       0x60 obj/default/sdTest.o
 .rodata        0x0000000000017a84     0x1248 obj/default/test_value.o
 .rodata        0x0000000000018ccc       0xd4 obj/default/txt_read.o
 .rodata        0x0000000000018da0      0x100 e:/altera/15.0/nios2eds/bin/gnu/h-x86_64-mingw32/bin/../lib/gcc/nios2-elf/4.9.1\libgcc.a(_clz.o)
                0x0000000000018da0                __clz_tab
 .rodata.str1.4
                0x0000000000018ea0        0x2 e:/altera/15.0/nios2eds/bin/gnu/h-x86_64-mingw32/bin/../lib/gcc/nios2-elf/4.9.1/../../../../../H-x86_64-mingw32/nios2-elf/lib\libc.a(lib_a-puts.o)
                                          0x4 (size before relaxing)
 *fill*         0x0000000000018ea2        0x2 
 .rodata.str1.4
                0x0000000000018ea4       0x42 e:/altera/15.0/nios2eds/bin/gnu/h-x86_64-mingw32/bin/../lib/gcc/nios2-elf/4.9.1/../../../../../H-x86_64-mingw32/nios2-elf/lib\libc.a(lib_a-vfprintf.o)
                                         0x44 (size before relaxing)
 .rodata        0x0000000000018ee6       0x20 e:/altera/15.0/nios2eds/bin/gnu/h-x86_64-mingw32/bin/../lib/gcc/nios2-elf/4.9.1/../../../../../H-x86_64-mingw32/nios2-elf/lib\libc.a(lib_a-vfprintf.o)
 *fill*         0x0000000000018f06        0x2 
 .rodata.str1.4
                0x0000000000018f08       0x10 e:/altera/15.0/nios2eds/bin/gnu/h-x86_64-mingw32/bin/../lib/gcc/nios2-elf/4.9.1/../../../../../H-x86_64-mingw32/nios2-elf/lib\libc.a(lib_a-dtoa.o)
                                         0x14 (size before relaxing)
 .rodata.str1.4
                0x0000000000018f18        0x2 e:/altera/15.0/nios2eds/bin/gnu/h-x86_64-mingw32/bin/../lib/gcc/nios2-elf/4.9.1/../../../../../H-x86_64-mingw32/nios2-elf/lib\libc.a(lib_a-impure.o)
                                          0x4 (size before relaxing)
 *fill*         0x0000000000018f1a        0x2 
 .rodata.str1.4
                0x0000000000018f1c        0xc e:/altera/15.0/nios2eds/bin/gnu/h-x86_64-mingw32/bin/../lib/gcc/nios2-elf/4.9.1/../../../../../H-x86_64-mingw32/nios2-elf/lib\libc.a(lib_a-locale.o)
                                         0x14 (size before relaxing)
 .rodata        0x0000000000018f28      0x124 e:/altera/15.0/nios2eds/bin/gnu/h-x86_64-mingw32/bin/../lib/gcc/nios2-elf/4.9.1/../../../../../H-x86_64-mingw32/nios2-elf/lib\libc.a(lib_a-mprec.o)
                0x0000000000018f34                __mprec_tinytens
                0x0000000000018f5c                __mprec_bigtens
                0x0000000000018f84                __mprec_tens
 .rodata.str1.4
                0x0000000000000000       0x30 e:/altera/15.0/nios2eds/bin/gnu/h-x86_64-mingw32/bin/../lib/gcc/nios2-elf/4.9.1/../../../../../H-x86_64-mingw32/nios2-elf/lib\libc.a(lib_a-vfiprintf.o)
 .rodata        0x000000000001904c       0x20 e:/altera/15.0/nios2eds/bin/gnu/h-x86_64-mingw32/bin/../lib/gcc/nios2-elf/4.9.1/../../../../../H-x86_64-mingw32/nios2-elf/lib\libc.a(lib_a-vfiprintf.o)
 .rodata        0x000000000001906c        0xc ../sdRead_bsp/\libhal_bsp.a(alt_dev.o)
 .rodata        0x0000000000019078       0x10 ../sdRead_bsp/\libhal_bsp.a(alt_main.o)
 .rodata        0x0000000000019088       0x3c ../sdRead_bsp/\libhal_bsp.a(alt_sys_init.o)
 *(.rodata1)
                0x00000000000190c4                . = ALIGN (0x4)
                0x00000000000190c4                PROVIDE (__ram_rodata_end, ABSOLUTE (.))
                0x0000000000017a1c                PROVIDE (__flash_rodata_start, LOADADDR (.rodata))

.rwdata         0x00000000000190c4     0x20d0 load address 0x000000000001b194
                0x00000000000190c4                PROVIDE (__ram_rwdata_start, ABSOLUTE (.))
                0x00000000000190c4                . = ALIGN (0x4)
 *(.got.plt)
 *(.got)
 *(.data1)
 *(.data .data.* .gnu.linkonce.d.*)
 .data          0x00000000000190c4        0x0 ../sdRead_bsp//obj/HAL/src/crt0.o
 .data          0x00000000000190c4        0x0 obj/default/screen.o
 .data          0x00000000000190c4        0x0 obj/default/sdTest.o
 .data          0x00000000000190c4        0x0 obj/default/sdread.o
 .data          0x00000000000190c4        0x0 obj/default/test_value.o
 .data          0x00000000000190c4      0x5a9 obj/default/txt_read.o
                0x00000000000190c4                txtBookSpace
 .data          0x000000000001966d        0x0 e:/altera/15.0/nios2eds/bin/gnu/h-x86_64-mingw32/bin/../lib/gcc/nios2-elf/4.9.1\libgcc.a(lib2-divmod.o)
 .data          0x000000000001966d        0x0 e:/altera/15.0/nios2eds/bin/gnu/h-x86_64-mingw32/bin/../lib/gcc/nios2-elf/4.9.1\libgcc.a(extendsfdf2.o)
 .data          0x000000000001966d        0x0 e:/altera/15.0/nios2eds/bin/gnu/h-x86_64-mingw32/bin/../lib/gcc/nios2-elf/4.9.1\libgcc.a(_clzsi2.o)
 .data          0x000000000001966d        0x0 e:/altera/15.0/nios2eds/bin/gnu/h-x86_64-mingw32/bin/../lib/gcc/nios2-elf/4.9.1\libgcc.a(_clz.o)
 .data          0x000000000001966d        0x0 e:/altera/15.0/nios2eds/bin/gnu/h-x86_64-mingw32/bin/../lib/gcc/nios2-elf/4.9.1/../../../../../H-x86_64-mingw32/nios2-elf/lib\libc.a(lib_a-malloc.o)
 *fill*         0x000000000001966d        0x3 
 .data          0x0000000000019670      0x408 e:/altera/15.0/nios2eds/bin/gnu/h-x86_64-mingw32/bin/../lib/gcc/nios2-elf/4.9.1/../../../../../H-x86_64-mingw32/nios2-elf/lib\libc.a(lib_a-mallocr.o)
                0x0000000000019670                __malloc_av_
 .data          0x0000000000019a78        0x0 e:/altera/15.0/nios2eds/bin/gnu/h-x86_64-mingw32/bin/../lib/gcc/nios2-elf/4.9.1/../../../../../H-x86_64-mingw32/nios2-elf/lib\libc.a(lib_a-memcpy.o)
 .data          0x0000000000019a78        0x0 e:/altera/15.0/nios2eds/bin/gnu/h-x86_64-mingw32/bin/../lib/gcc/nios2-elf/4.9.1/../../../../../H-x86_64-mingw32/nios2-elf/lib\libc.a(lib_a-memset.o)
 .data          0x0000000000019a78        0x0 e:/altera/15.0/nios2eds/bin/gnu/h-x86_64-mingw32/bin/../lib/gcc/nios2-elf/4.9.1/../../../../../H-x86_64-mingw32/nios2-elf/lib\libc.a(lib_a-printf.o)
 .data          0x0000000000019a78        0x0 e:/altera/15.0/nios2eds/bin/gnu/h-x86_64-mingw32/bin/../lib/gcc/nios2-elf/4.9.1/../../../../../H-x86_64-mingw32/nios2-elf/lib\libc.a(lib_a-putchar.o)
 .data          0x0000000000019a78        0x0 e:/altera/15.0/nios2eds/bin/gnu/h-x86_64-mingw32/bin/../lib/gcc/nios2-elf/4.9.1/../../../../../H-x86_64-mingw32/nios2-elf/lib\libc.a(lib_a-puts.o)
 .data          0x0000000000019a78        0x0 e:/altera/15.0/nios2eds/bin/gnu/h-x86_64-mingw32/bin/../lib/gcc/nios2-elf/4.9.1/../../../../../H-x86_64-mingw32/nios2-elf/lib\libc.a(lib_a-sbrkr.o)
 .data          0x0000000000019a78        0x0 e:/altera/15.0/nios2eds/bin/gnu/h-x86_64-mingw32/bin/../lib/gcc/nios2-elf/4.9.1/../../../../../H-x86_64-mingw32/nios2-elf/lib\libc.a(lib_a-strcpy.o)
 .data          0x0000000000019a78        0x0 e:/altera/15.0/nios2eds/bin/gnu/h-x86_64-mingw32/bin/../lib/gcc/nios2-elf/4.9.1/../../../../../H-x86_64-mingw32/nios2-elf/lib\libc.a(lib_a-strlen.o)
 .data          0x0000000000019a78        0x0 e:/altera/15.0/nios2eds/bin/gnu/h-x86_64-mingw32/bin/../lib/gcc/nios2-elf/4.9.1/../../../../../H-x86_64-mingw32/nios2-elf/lib\libc.a(lib_a-vfprintf.o)
 .data          0x0000000000019a78        0x0 e:/altera/15.0/nios2eds/bin/gnu/h-x86_64-mingw32/bin/../lib/gcc/nios2-elf/4.9.1/../../../../../H-x86_64-mingw32/nios2-elf/lib\libc.a(lib_a-wsetup.o)
 .data          0x0000000000019a78        0x0 e:/altera/15.0/nios2eds/bin/gnu/h-x86_64-mingw32/bin/../lib/gcc/nios2-elf/4.9.1/../../../../../H-x86_64-mingw32/nios2-elf/lib\libc.a(lib_a-dtoa.o)
 .data          0x0000000000019a78        0x0 e:/altera/15.0/nios2eds/bin/gnu/h-x86_64-mingw32/bin/../lib/gcc/nios2-elf/4.9.1/../../../../../H-x86_64-mingw32/nios2-elf/lib\libc.a(lib_a-fflush.o)
 .data          0x0000000000019a78        0x0 e:/altera/15.0/nios2eds/bin/gnu/h-x86_64-mingw32/bin/../lib/gcc/nios2-elf/4.9.1/../../../../../H-x86_64-mingw32/nios2-elf/lib\libc.a(lib_a-findfp.o)
 .data          0x0000000000019a78        0x0 e:/altera/15.0/nios2eds/bin/gnu/h-x86_64-mingw32/bin/../lib/gcc/nios2-elf/4.9.1/../../../../../H-x86_64-mingw32/nios2-elf/lib\libc.a(lib_a-freer.o)
 .data          0x0000000000019a78        0x0 e:/altera/15.0/nios2eds/bin/gnu/h-x86_64-mingw32/bin/../lib/gcc/nios2-elf/4.9.1/../../../../../H-x86_64-mingw32/nios2-elf/lib\libc.a(lib_a-fvwrite.o)
 .data          0x0000000000019a78        0x0 e:/altera/15.0/nios2eds/bin/gnu/h-x86_64-mingw32/bin/../lib/gcc/nios2-elf/4.9.1/../../../../../H-x86_64-mingw32/nios2-elf/lib\libc.a(lib_a-fwalk.o)
 .data          0x0000000000019a78      0x424 e:/altera/15.0/nios2eds/bin/gnu/h-x86_64-mingw32/bin/../lib/gcc/nios2-elf/4.9.1/../../../../../H-x86_64-mingw32/nios2-elf/lib\libc.a(lib_a-impure.o)
 .data          0x0000000000019e9c        0x0 e:/altera/15.0/nios2eds/bin/gnu/h-x86_64-mingw32/bin/../lib/gcc/nios2-elf/4.9.1/../../../../../H-x86_64-mingw32/nios2-elf/lib\libc.a(lib_a-int_errno.o)
 .data          0x0000000000019e9c       0x78 e:/altera/15.0/nios2eds/bin/gnu/h-x86_64-mingw32/bin/../lib/gcc/nios2-elf/4.9.1/../../../../../H-x86_64-mingw32/nios2-elf/lib\libc.a(lib_a-locale.o)
 .data          0x0000000000019f14        0x0 e:/altera/15.0/nios2eds/bin/gnu/h-x86_64-mingw32/bin/../lib/gcc/nios2-elf/4.9.1/../../../../../H-x86_64-mingw32/nios2-elf/lib\libc.a(lib_a-makebuf.o)
 .data          0x0000000000019f14        0x0 e:/altera/15.0/nios2eds/bin/gnu/h-x86_64-mingw32/bin/../lib/gcc/nios2-elf/4.9.1/../../../../../H-x86_64-mingw32/nios2-elf/lib\libc.a(lib_a-memchr.o)
 .data          0x0000000000019f14        0x0 e:/altera/15.0/nios2eds/bin/gnu/h-x86_64-mingw32/bin/../lib/gcc/nios2-elf/4.9.1/../../../../../H-x86_64-mingw32/nios2-elf/lib\libc.a(lib_a-memmove.o)
 .data          0x0000000000019f14        0x0 e:/altera/15.0/nios2eds/bin/gnu/h-x86_64-mingw32/bin/../lib/gcc/nios2-elf/4.9.1/../../../../../H-x86_64-mingw32/nios2-elf/lib\libc.a(lib_a-mprec.o)
 .data          0x0000000000019f14        0x0 e:/altera/15.0/nios2eds/bin/gnu/h-x86_64-mingw32/bin/../lib/gcc/nios2-elf/4.9.1/../../../../../H-x86_64-mingw32/nios2-elf/lib\libc.a(lib_a-putc.o)
 .data          0x0000000000019f14        0x0 e:/altera/15.0/nios2eds/bin/gnu/h-x86_64-mingw32/bin/../lib/gcc/nios2-elf/4.9.1/../../../../../H-x86_64-mingw32/nios2-elf/lib\libc.a(lib_a-reallocr.o)
 .data          0x0000000000019f14        0x0 e:/altera/15.0/nios2eds/bin/gnu/h-x86_64-mingw32/bin/../lib/gcc/nios2-elf/4.9.1/../../../../../H-x86_64-mingw32/nios2-elf/lib\libc.a(lib_a-s_fpclassify.o)
 .data          0x0000000000019f14        0x0 e:/altera/15.0/nios2eds/bin/gnu/h-x86_64-mingw32/bin/../lib/gcc/nios2-elf/4.9.1/../../../../../H-x86_64-mingw32/nios2-elf/lib\libc.a(lib_a-stdio.o)
 .data          0x0000000000019f14        0x0 e:/altera/15.0/nios2eds/bin/gnu/h-x86_64-mingw32/bin/../lib/gcc/nios2-elf/4.9.1/../../../../../H-x86_64-mingw32/nios2-elf/lib\libc.a(lib_a-strcmp.o)
 .data          0x0000000000019f14        0x0 e:/altera/15.0/nios2eds/bin/gnu/h-x86_64-mingw32/bin/../lib/gcc/nios2-elf/4.9.1/../../../../../H-x86_64-mingw32/nios2-elf/lib\libc.a(lib_a-vfiprintf.o)
 .data          0x0000000000019f14        0x0 e:/altera/15.0/nios2eds/bin/gnu/h-x86_64-mingw32/bin/../lib/gcc/nios2-elf/4.9.1/../../../../../H-x86_64-mingw32/nios2-elf/lib\libc.a(lib_a-wbuf.o)
 .data          0x0000000000019f14        0x0 e:/altera/15.0/nios2eds/bin/gnu/h-x86_64-mingw32/bin/../lib/gcc/nios2-elf/4.9.1/../../../../../H-x86_64-mingw32/nios2-elf/lib\libc.a(lib_a-writer.o)
 .data          0x0000000000019f14        0x0 e:/altera/15.0/nios2eds/bin/gnu/h-x86_64-mingw32/bin/../lib/gcc/nios2-elf/4.9.1/../../../../../H-x86_64-mingw32/nios2-elf/lib\libc.a(closer.o)
 .data          0x0000000000019f14        0x0 e:/altera/15.0/nios2eds/bin/gnu/h-x86_64-mingw32/bin/../lib/gcc/nios2-elf/4.9.1/../../../../../H-x86_64-mingw32/nios2-elf/lib\libc.a(lib_a-callocr.o)
 .data          0x0000000000019f14        0x0 e:/altera/15.0/nios2eds/bin/gnu/h-x86_64-mingw32/bin/../lib/gcc/nios2-elf/4.9.1/../../../../../H-x86_64-mingw32/nios2-elf/lib\libc.a(lib_a-fclose.o)
 .data          0x0000000000019f14        0x0 e:/altera/15.0/nios2eds/bin/gnu/h-x86_64-mingw32/bin/../lib/gcc/nios2-elf/4.9.1/../../../../../H-x86_64-mingw32/nios2-elf/lib\libc.a(lib_a-fputwc.o)
 .data          0x0000000000019f14        0x0 e:/altera/15.0/nios2eds/bin/gnu/h-x86_64-mingw32/bin/../lib/gcc/nios2-elf/4.9.1/../../../../../H-x86_64-mingw32/nios2-elf/lib\libc.a(lib_a-fstatr.o)
 .data          0x0000000000019f14        0x0 e:/altera/15.0/nios2eds/bin/gnu/h-x86_64-mingw32/bin/../lib/gcc/nios2-elf/4.9.1/../../../../../H-x86_64-mingw32/nios2-elf/lib\libc.a(lib_a-isattyr.o)
 .data          0x0000000000019f14        0x0 e:/altera/15.0/nios2eds/bin/gnu/h-x86_64-mingw32/bin/../lib/gcc/nios2-elf/4.9.1/../../../../../H-x86_64-mingw32/nios2-elf/lib\libc.a(lib_a-lseekr.o)
 .data          0x0000000000019f14        0x0 e:/altera/15.0/nios2eds/bin/gnu/h-x86_64-mingw32/bin/../lib/gcc/nios2-elf/4.9.1/../../../../../H-x86_64-mingw32/nios2-elf/lib\libc.a(lib_a-readr.o)
 .data          0x0000000000019f14        0x0 e:/altera/15.0/nios2eds/bin/gnu/h-x86_64-mingw32/bin/../lib/gcc/nios2-elf/4.9.1/../../../../../H-x86_64-mingw32/nios2-elf/lib\libc.a(lib_a-wcrtomb.o)
 .data          0x0000000000019f14        0x0 e:/altera/15.0/nios2eds/bin/gnu/h-x86_64-mingw32/bin/../lib/gcc/nios2-elf/4.9.1/../../../../../H-x86_64-mingw32/nios2-elf/lib\libc.a(lib_a-wctomb_r.o)
 .data          0x0000000000019f14        0x0 e:/altera/15.0/nios2eds/bin/gnu/h-x86_64-mingw32/bin/../lib/gcc/nios2-elf/4.9.1\libgcc.a(_udivdi3.o)
 .data          0x0000000000019f14        0x0 e:/altera/15.0/nios2eds/bin/gnu/h-x86_64-mingw32/bin/../lib/gcc/nios2-elf/4.9.1\libgcc.a(_umoddi3.o)
 .data          0x0000000000019f14        0x0 e:/altera/15.0/nios2eds/bin/gnu/h-x86_64-mingw32/bin/../lib/gcc/nios2-elf/4.9.1\libgcc.a(adddf3.o)
 .data          0x0000000000019f14        0x0 e:/altera/15.0/nios2eds/bin/gnu/h-x86_64-mingw32/bin/../lib/gcc/nios2-elf/4.9.1\libgcc.a(divdf3.o)
 .data          0x0000000000019f14        0x0 e:/altera/15.0/nios2eds/bin/gnu/h-x86_64-mingw32/bin/../lib/gcc/nios2-elf/4.9.1\libgcc.a(eqdf2.o)
 .data          0x0000000000019f14        0x0 e:/altera/15.0/nios2eds/bin/gnu/h-x86_64-mingw32/bin/../lib/gcc/nios2-elf/4.9.1\libgcc.a(gedf2.o)
 .data          0x0000000000019f14        0x0 e:/altera/15.0/nios2eds/bin/gnu/h-x86_64-mingw32/bin/../lib/gcc/nios2-elf/4.9.1\libgcc.a(ledf2.o)
 .data          0x0000000000019f14        0x0 e:/altera/15.0/nios2eds/bin/gnu/h-x86_64-mingw32/bin/../lib/gcc/nios2-elf/4.9.1\libgcc.a(muldf3.o)
 .data          0x0000000000019f14        0x0 e:/altera/15.0/nios2eds/bin/gnu/h-x86_64-mingw32/bin/../lib/gcc/nios2-elf/4.9.1\libgcc.a(subdf3.o)
 .data          0x0000000000019f14        0x0 e:/altera/15.0/nios2eds/bin/gnu/h-x86_64-mingw32/bin/../lib/gcc/nios2-elf/4.9.1\libgcc.a(fixdfsi.o)
 .data          0x0000000000019f14        0x0 e:/altera/15.0/nios2eds/bin/gnu/h-x86_64-mingw32/bin/../lib/gcc/nios2-elf/4.9.1\libgcc.a(floatsidf.o)
 .data          0x0000000000019f14        0x0 e:/altera/15.0/nios2eds/bin/gnu/h-x86_64-mingw32/bin/../lib/gcc/nios2-elf/4.9.1\libgcc.a(floatunsidf.o)
 .data          0x0000000000019f14        0x0 ../sdRead_bsp/\libhal_bsp.a(alt_close.o)
 .data          0x0000000000019f14      0x1a8 ../sdRead_bsp/\libhal_bsp.a(alt_dev.o)
                0x0000000000019f14                alt_dev_null
                0x0000000000019f3c                alt_fd_list
 .data          0x000000000001a0bc        0x0 ../sdRead_bsp/\libhal_bsp.a(alt_errno.o)
 .data          0x000000000001a0bc        0x0 ../sdRead_bsp/\libhal_bsp.a(alt_fstat.o)
 .data          0x000000000001a0bc        0x0 ../sdRead_bsp/\libhal_bsp.a(alt_isatty.o)
 .data          0x000000000001a0bc        0x0 ../sdRead_bsp/\libhal_bsp.a(alt_load.o)
 .data          0x000000000001a0bc        0x0 ../sdRead_bsp/\libhal_bsp.a(alt_lseek.o)
 .data          0x000000000001a0bc        0x0 ../sdRead_bsp/\libhal_bsp.a(alt_main.o)
 .data          0x000000000001a0bc        0x0 ../sdRead_bsp/\libhal_bsp.a(alt_malloc_lock.o)
 .data          0x000000000001a0bc        0x0 ../sdRead_bsp/\libhal_bsp.a(alt_read.o)
 .data          0x000000000001a0bc        0x0 ../sdRead_bsp/\libhal_bsp.a(alt_release_fd.o)
 .data          0x000000000001a0bc        0x0 ../sdRead_bsp/\libhal_bsp.a(alt_sbrk.o)
 .data          0x000000000001a0bc        0x0 ../sdRead_bsp/\libhal_bsp.a(alt_usleep.o)
 .data          0x000000000001a0bc        0x0 ../sdRead_bsp/\libhal_bsp.a(alt_write.o)
 .data          0x000000000001a0bc     0x108c ../sdRead_bsp/\libhal_bsp.a(alt_sys_init.o)
 .data          0x000000000001b148        0x0 ../sdRead_bsp/\libhal_bsp.a(Altera_UP_SD_Card_Avalon_Interface.o)
 .data          0x000000000001b148        0x0 ../sdRead_bsp/\libhal_bsp.a(altera_avalon_jtag_uart_fd.o)
 .data          0x000000000001b148        0x0 ../sdRead_bsp/\libhal_bsp.a(altera_avalon_jtag_uart_init.o)
 .data          0x000000000001b148        0x0 ../sdRead_bsp/\libhal_bsp.a(altera_avalon_jtag_uart_ioctl.o)
 .data          0x000000000001b148        0x0 ../sdRead_bsp/\libhal_bsp.a(altera_avalon_jtag_uart_read.o)
 .data          0x000000000001b148        0x0 ../sdRead_bsp/\libhal_bsp.a(altera_avalon_jtag_uart_write.o)
 .data          0x000000000001b148        0x0 ../sdRead_bsp/\libhal_bsp.a(altera_avalon_timer_sc.o)
 .data          0x000000000001b148        0x0 ../sdRead_bsp/\libhal_bsp.a(alt_alarm_start.o)
 .data          0x000000000001b148        0x0 ../sdRead_bsp/\libhal_bsp.a(alt_busy_sleep.o)
 .data          0x000000000001b148        0x0 ../sdRead_bsp/\libhal_bsp.a(alt_dcache_flush_all.o)
 .data          0x000000000001b148        0x0 ../sdRead_bsp/\libhal_bsp.a(alt_dev_llist_insert.o)
 .data          0x000000000001b148        0x0 ../sdRead_bsp/\libhal_bsp.a(alt_do_ctors.o)
 .data          0x000000000001b148        0x0 ../sdRead_bsp/\libhal_bsp.a(alt_do_dtors.o)
 .data          0x000000000001b148        0x0 ../sdRead_bsp/\libhal_bsp.a(alt_find_dev.o)
 .data          0x000000000001b148        0x0 ../sdRead_bsp/\libhal_bsp.a(alt_icache_flush_all.o)
 .data          0x000000000001b148        0x0 ../sdRead_bsp/\libhal_bsp.a(alt_iic.o)
 .data          0x000000000001b148        0x0 ../sdRead_bsp/\libhal_bsp.a(alt_iic_isr_register.o)
 .data          0x000000000001b148        0x0 ../sdRead_bsp/\libhal_bsp.a(alt_io_redirect.o)
 .data          0x000000000001b148        0x0 ../sdRead_bsp/\libhal_bsp.a(alt_irq_entry.o)
 .data          0x000000000001b148        0x0 ../sdRead_bsp/\libhal_bsp.a(alt_irq_handler.o)
 .data          0x000000000001b148        0x0 ../sdRead_bsp/\libhal_bsp.a(alt_irq_vars.o)
 .data          0x000000000001b148        0x0 ../sdRead_bsp/\libhal_bsp.a(alt_open.o)
 .data          0x000000000001b148        0x0 ../sdRead_bsp/\libhal_bsp.a(alt_tick.o)
 .data          0x000000000001b148        0x0 ../sdRead_bsp/\libhal_bsp.a(altera_nios2_gen2_irq.o)
 .data          0x000000000001b148        0x0 ../sdRead_bsp/\libhal_bsp.a(alt_exception_entry.o)
 .data          0x000000000001b148        0x0 ../sdRead_bsp/\libhal_bsp.a(alt_find_file.o)
 .data          0x000000000001b148        0x0 ../sdRead_bsp/\libhal_bsp.a(alt_get_fd.o)
 .data          0x000000000001b148        0x0 ../sdRead_bsp/\libhal_bsp.a(alt_icache_flush.o)
 .data          0x000000000001b148        0x0 ../sdRead_bsp/\libhal_bsp.a(alt_instruction_exception_entry.o)
 .data          0x000000000001b148        0x0 e:/altera/15.0/nios2eds/bin/gnu/h-x86_64-mingw32/bin/../lib/gcc/nios2-elf/4.9.1/../../../../../H-x86_64-mingw32/nios2-elf/lib\libc.a(lib_a-atexit.o)
 .data          0x000000000001b148        0x0 e:/altera/15.0/nios2eds/bin/gnu/h-x86_64-mingw32/bin/../lib/gcc/nios2-elf/4.9.1/../../../../../H-x86_64-mingw32/nios2-elf/lib\libc.a(lib_a-exit.o)
 .data          0x000000000001b148        0x0 e:/altera/15.0/nios2eds/bin/gnu/h-x86_64-mingw32/bin/../lib/gcc/nios2-elf/4.9.1/../../../../../H-x86_64-mingw32/nios2-elf/lib\libc.a(lib_a-memcmp.o)
 .data          0x000000000001b148        0x0 e:/altera/15.0/nios2eds/bin/gnu/h-x86_64-mingw32/bin/../lib/gcc/nios2-elf/4.9.1/../../../../../H-x86_64-mingw32/nios2-elf/lib\libc.a(lib_a-__atexit.o)
 .data          0x000000000001b148        0x0 e:/altera/15.0/nios2eds/bin/gnu/h-x86_64-mingw32/bin/../lib/gcc/nios2-elf/4.9.1/../../../../../H-x86_64-mingw32/nios2-elf/lib\libc.a(lib_a-__call_atexit.o)
 .data          0x000000000001b148        0x0 ../sdRead_bsp/\libhal_bsp.a(alt_exit.o)
                0x0000000000023148                _gp = ABSOLUTE ((. + 0x8000))
                0x0000000000023148                PROVIDE (gp, _gp)
 *(.rwdata .rwdata.*)
 *(.sdata .sdata.* .gnu.linkonce.s.*)
 .sdata         0x000000000001b148        0xc obj/default/screen.o
                0x000000000001b148                defaultColorInfo
                0x000000000001b150                str1
 .sdata         0x000000000001b154        0x8 e:/altera/15.0/nios2eds/bin/gnu/h-x86_64-mingw32/bin/../lib/gcc/nios2-elf/4.9.1/../../../../../H-x86_64-mingw32/nios2-elf/lib\libc.a(lib_a-mallocr.o)
                0x000000000001b154                __malloc_sbrk_base
                0x000000000001b158                __malloc_trim_threshold
 .sdata         0x000000000001b15c        0x8 e:/altera/15.0/nios2eds/bin/gnu/h-x86_64-mingw32/bin/../lib/gcc/nios2-elf/4.9.1/../../../../../H-x86_64-mingw32/nios2-elf/lib\libc.a(lib_a-impure.o)
                0x000000000001b15c                _global_impure_ptr
                0x000000000001b160                _impure_ptr
 .sdata         0x000000000001b164        0x4 e:/altera/15.0/nios2eds/bin/gnu/h-x86_64-mingw32/bin/../lib/gcc/nios2-elf/4.9.1/../../../../../H-x86_64-mingw32/nios2-elf/lib\libc.a(lib_a-locale.o)
                0x000000000001b164                __mb_cur_max
 .sdata         0x000000000001b168        0x4 e:/altera/15.0/nios2eds/bin/gnu/h-x86_64-mingw32/bin/../lib/gcc/nios2-elf/4.9.1/../../../../../H-x86_64-mingw32/nios2-elf/lib\libc.a(lib_a-wctomb_r.o)
                0x000000000001b168                __wctomb
 .sdata         0x000000000001b16c       0x14 ../sdRead_bsp/\libhal_bsp.a(alt_dev.o)
                0x000000000001b16c                alt_fs_list
                0x000000000001b174                alt_dev_list
                0x000000000001b17c                alt_max_fd
 .sdata         0x000000000001b180        0x4 ../sdRead_bsp/\libhal_bsp.a(alt_errno.o)
                0x000000000001b180                alt_errno
 .sdata         0x000000000001b184        0x4 ../sdRead_bsp/\libhal_bsp.a(alt_sbrk.o)
 .sdata         0x000000000001b188        0x4 ../sdRead_bsp/\libhal_bsp.a(alt_irq_vars.o)
                0x000000000001b188                alt_priority_mask
 .sdata         0x000000000001b18c        0x8 ../sdRead_bsp/\libhal_bsp.a(alt_tick.o)
                0x000000000001b18c                alt_alarm_list
 *(.sdata2 .sdata2.* .gnu.linkonce.s2.*)
                0x000000000001b194                . = ALIGN (0x4)
                0x000000000001b194                _edata = ABSOLUTE (.)
                0x000000000001b194                PROVIDE (edata, ABSOLUTE (.))
                0x000000000001b194                PROVIDE (__ram_rwdata_end, ABSOLUTE (.))
                0x000000000001b194                PROVIDE (__flash_rwdata_start, LOADADDR (.rwdata))

.bss            0x000000000001d264     0x1be8
                0x000000000001d264                __bss_start = ABSOLUTE (.)
                0x000000000001d264                PROVIDE (__sbss_start, ABSOLUTE (.))
                0x000000000001d264                PROVIDE (___sbss_start, ABSOLUTE (.))
 *(.dynsbss)
 *(.sbss .sbss.* .gnu.linkonce.sb.*)
 .sbss          0x000000000001d264        0xc e:/altera/15.0/nios2eds/bin/gnu/h-x86_64-mingw32/bin/../lib/gcc/nios2-elf/4.9.1/../../../../../H-x86_64-mingw32/nios2-elf/lib\libc.a(lib_a-mallocr.o)
                0x000000000001d264                __malloc_max_total_mem
                0x000000000001d268                __malloc_max_sbrked_mem
                0x000000000001d26c                __malloc_top_pad
 .sbss          0x000000000001d270        0x4 e:/altera/15.0/nios2eds/bin/gnu/h-x86_64-mingw32/bin/../lib/gcc/nios2-elf/4.9.1/../../../../../H-x86_64-mingw32/nios2-elf/lib\libc.a(lib_a-int_errno.o)
                0x000000000001d270                errno
 .sbss          0x000000000001d274        0xc e:/altera/15.0/nios2eds/bin/gnu/h-x86_64-mingw32/bin/../lib/gcc/nios2-elf/4.9.1/../../../../../H-x86_64-mingw32/nios2-elf/lib\libc.a(lib_a-locale.o)
                0x000000000001d274                _PathLocale
                0x000000000001d278                __mlocale_changed
                0x000000000001d27c                __nlocale_changed
 .sbss          0x000000000001d280        0xc ../sdRead_bsp/\libhal_bsp.a(alt_main.o)
                0x000000000001d280                alt_argc
                0x000000000001d284                alt_argv
                0x000000000001d288                alt_envp
 .sbss          0x000000000001d28c       0x34 ../sdRead_bsp/\libhal_bsp.a(Altera_UP_SD_Card_Avalon_Interface.o)
                0x000000000001d28c                initialized
                0x000000000001d290                is_sd_card_formated_as_FAT16
                0x000000000001d294                aux_status_register
                0x000000000001d298                status_register
                0x000000000001d29c                CSD_register_w0
                0x000000000001d2a0                command_register
                0x000000000001d2a4                command_argument_register
                0x000000000001d2a8                buffer_memory
                0x000000000001d2ac                fat_partition_offset_in_512_byte_sectors
                0x000000000001d2b0                fat_partition_size_in_512_byte_sectors
                0x000000000001d2b4                device_pointer
                0x000000000001d2b8                current_sector_modified
                0x000000000001d2bc                current_sector_index
 .sbss          0x000000000001d2c0        0x4 ../sdRead_bsp/\libhal_bsp.a(alt_irq_vars.o)
                0x000000000001d2c0                alt_irq_active
 .sbss          0x000000000001d2c4        0x8 ../sdRead_bsp/\libhal_bsp.a(alt_tick.o)
                0x000000000001d2c4                _alt_tick_rate
                0x000000000001d2c8                _alt_nticks
 .sbss          0x000000000001d2cc        0x4 ../sdRead_bsp/\libhal_bsp.a(alt_instruction_exception_entry.o)
                0x000000000001d2cc                alt_instruction_exception_handler
 *(.sbss2 .sbss2.* .gnu.linkonce.sb2.*)
 *(.scommon)
                0x000000000001d2d0                PROVIDE (__sbss_end, ABSOLUTE (.))
                0x000000000001d2d0                PROVIDE (___sbss_end, ABSOLUTE (.))
 *(.dynbss)
 *(.bss .bss.* .gnu.linkonce.b.*)
 .bss           0x000000000001d2d0        0x0 ../sdRead_bsp//obj/HAL/src/crt0.o
 .bss           0x000000000001d2d0        0x0 obj/default/screen.o
 .bss           0x000000000001d2d0        0x0 obj/default/sdTest.o
 .bss           0x000000000001d2d0        0x0 obj/default/sdread.o
 .bss           0x000000000001d2d0        0x0 obj/default/test_value.o
 .bss           0x000000000001d2d0        0x0 obj/default/txt_read.o
 .bss           0x000000000001d2d0        0x0 e:/altera/15.0/nios2eds/bin/gnu/h-x86_64-mingw32/bin/../lib/gcc/nios2-elf/4.9.1\libgcc.a(lib2-divmod.o)
 .bss           0x000000000001d2d0        0x0 e:/altera/15.0/nios2eds/bin/gnu/h-x86_64-mingw32/bin/../lib/gcc/nios2-elf/4.9.1\libgcc.a(extendsfdf2.o)
 .bss           0x000000000001d2d0        0x0 e:/altera/15.0/nios2eds/bin/gnu/h-x86_64-mingw32/bin/../lib/gcc/nios2-elf/4.9.1\libgcc.a(_clzsi2.o)
 .bss           0x000000000001d2d0        0x0 e:/altera/15.0/nios2eds/bin/gnu/h-x86_64-mingw32/bin/../lib/gcc/nios2-elf/4.9.1\libgcc.a(_clz.o)
 .bss           0x000000000001d2d0        0x0 e:/altera/15.0/nios2eds/bin/gnu/h-x86_64-mingw32/bin/../lib/gcc/nios2-elf/4.9.1/../../../../../H-x86_64-mingw32/nios2-elf/lib\libc.a(lib_a-malloc.o)
 .bss           0x000000000001d2d0       0x28 e:/altera/15.0/nios2eds/bin/gnu/h-x86_64-mingw32/bin/../lib/gcc/nios2-elf/4.9.1/../../../../../H-x86_64-mingw32/nios2-elf/lib\libc.a(lib_a-mallocr.o)
                0x000000000001d2d0                __malloc_current_mallinfo
 .bss           0x000000000001d2f8        0x0 e:/altera/15.0/nios2eds/bin/gnu/h-x86_64-mingw32/bin/../lib/gcc/nios2-elf/4.9.1/../../../../../H-x86_64-mingw32/nios2-elf/lib\libc.a(lib_a-memcpy.o)
 .bss           0x000000000001d2f8        0x0 e:/altera/15.0/nios2eds/bin/gnu/h-x86_64-mingw32/bin/../lib/gcc/nios2-elf/4.9.1/../../../../../H-x86_64-mingw32/nios2-elf/lib\libc.a(lib_a-memset.o)
 .bss           0x000000000001d2f8        0x0 e:/altera/15.0/nios2eds/bin/gnu/h-x86_64-mingw32/bin/../lib/gcc/nios2-elf/4.9.1/../../../../../H-x86_64-mingw32/nios2-elf/lib\libc.a(lib_a-printf.o)
 .bss           0x000000000001d2f8        0x0 e:/altera/15.0/nios2eds/bin/gnu/h-x86_64-mingw32/bin/../lib/gcc/nios2-elf/4.9.1/../../../../../H-x86_64-mingw32/nios2-elf/lib\libc.a(lib_a-putchar.o)
 .bss           0x000000000001d2f8        0x0 e:/altera/15.0/nios2eds/bin/gnu/h-x86_64-mingw32/bin/../lib/gcc/nios2-elf/4.9.1/../../../../../H-x86_64-mingw32/nios2-elf/lib\libc.a(lib_a-puts.o)
 .bss           0x000000000001d2f8        0x0 e:/altera/15.0/nios2eds/bin/gnu/h-x86_64-mingw32/bin/../lib/gcc/nios2-elf/4.9.1/../../../../../H-x86_64-mingw32/nios2-elf/lib\libc.a(lib_a-sbrkr.o)
 .bss           0x000000000001d2f8        0x0 e:/altera/15.0/nios2eds/bin/gnu/h-x86_64-mingw32/bin/../lib/gcc/nios2-elf/4.9.1/../../../../../H-x86_64-mingw32/nios2-elf/lib\libc.a(lib_a-strcpy.o)
 .bss           0x000000000001d2f8        0x0 e:/altera/15.0/nios2eds/bin/gnu/h-x86_64-mingw32/bin/../lib/gcc/nios2-elf/4.9.1/../../../../../H-x86_64-mingw32/nios2-elf/lib\libc.a(lib_a-strlen.o)
 .bss           0x000000000001d2f8        0x0 e:/altera/15.0/nios2eds/bin/gnu/h-x86_64-mingw32/bin/../lib/gcc/nios2-elf/4.9.1/../../../../../H-x86_64-mingw32/nios2-elf/lib\libc.a(lib_a-vfprintf.o)
 .bss           0x000000000001d2f8        0x0 e:/altera/15.0/nios2eds/bin/gnu/h-x86_64-mingw32/bin/../lib/gcc/nios2-elf/4.9.1/../../../../../H-x86_64-mingw32/nios2-elf/lib\libc.a(lib_a-wsetup.o)
 .bss           0x000000000001d2f8        0x0 e:/altera/15.0/nios2eds/bin/gnu/h-x86_64-mingw32/bin/../lib/gcc/nios2-elf/4.9.1/../../../../../H-x86_64-mingw32/nios2-elf/lib\libc.a(lib_a-dtoa.o)
 .bss           0x000000000001d2f8        0x0 e:/altera/15.0/nios2eds/bin/gnu/h-x86_64-mingw32/bin/../lib/gcc/nios2-elf/4.9.1/../../../../../H-x86_64-mingw32/nios2-elf/lib\libc.a(lib_a-fflush.o)
 .bss           0x000000000001d2f8        0x0 e:/altera/15.0/nios2eds/bin/gnu/h-x86_64-mingw32/bin/../lib/gcc/nios2-elf/4.9.1/../../../../../H-x86_64-mingw32/nios2-elf/lib\libc.a(lib_a-findfp.o)
 .bss           0x000000000001d2f8        0x0 e:/altera/15.0/nios2eds/bin/gnu/h-x86_64-mingw32/bin/../lib/gcc/nios2-elf/4.9.1/../../../../../H-x86_64-mingw32/nios2-elf/lib\libc.a(lib_a-freer.o)
 .bss           0x000000000001d2f8        0x0 e:/altera/15.0/nios2eds/bin/gnu/h-x86_64-mingw32/bin/../lib/gcc/nios2-elf/4.9.1/../../../../../H-x86_64-mingw32/nios2-elf/lib\libc.a(lib_a-fvwrite.o)
 .bss           0x000000000001d2f8        0x0 e:/altera/15.0/nios2eds/bin/gnu/h-x86_64-mingw32/bin/../lib/gcc/nios2-elf/4.9.1/../../../../../H-x86_64-mingw32/nios2-elf/lib\libc.a(lib_a-fwalk.o)
 .bss           0x000000000001d2f8        0x0 e:/altera/15.0/nios2eds/bin/gnu/h-x86_64-mingw32/bin/../lib/gcc/nios2-elf/4.9.1/../../../../../H-x86_64-mingw32/nios2-elf/lib\libc.a(lib_a-impure.o)
 .bss           0x000000000001d2f8        0x0 e:/altera/15.0/nios2eds/bin/gnu/h-x86_64-mingw32/bin/../lib/gcc/nios2-elf/4.9.1/../../../../../H-x86_64-mingw32/nios2-elf/lib\libc.a(lib_a-int_errno.o)
 .bss           0x000000000001d2f8        0x0 e:/altera/15.0/nios2eds/bin/gnu/h-x86_64-mingw32/bin/../lib/gcc/nios2-elf/4.9.1/../../../../../H-x86_64-mingw32/nios2-elf/lib\libc.a(lib_a-locale.o)
 .bss           0x000000000001d2f8        0x0 e:/altera/15.0/nios2eds/bin/gnu/h-x86_64-mingw32/bin/../lib/gcc/nios2-elf/4.9.1/../../../../../H-x86_64-mingw32/nios2-elf/lib\libc.a(lib_a-makebuf.o)
 .bss           0x000000000001d2f8        0x0 e:/altera/15.0/nios2eds/bin/gnu/h-x86_64-mingw32/bin/../lib/gcc/nios2-elf/4.9.1/../../../../../H-x86_64-mingw32/nios2-elf/lib\libc.a(lib_a-memchr.o)
 .bss           0x000000000001d2f8        0x0 e:/altera/15.0/nios2eds/bin/gnu/h-x86_64-mingw32/bin/../lib/gcc/nios2-elf/4.9.1/../../../../../H-x86_64-mingw32/nios2-elf/lib\libc.a(lib_a-memmove.o)
 .bss           0x000000000001d2f8        0x0 e:/altera/15.0/nios2eds/bin/gnu/h-x86_64-mingw32/bin/../lib/gcc/nios2-elf/4.9.1/../../../../../H-x86_64-mingw32/nios2-elf/lib\libc.a(lib_a-mprec.o)
 .bss           0x000000000001d2f8        0x0 e:/altera/15.0/nios2eds/bin/gnu/h-x86_64-mingw32/bin/../lib/gcc/nios2-elf/4.9.1/../../../../../H-x86_64-mingw32/nios2-elf/lib\libc.a(lib_a-putc.o)
 .bss           0x000000000001d2f8        0x0 e:/altera/15.0/nios2eds/bin/gnu/h-x86_64-mingw32/bin/../lib/gcc/nios2-elf/4.9.1/../../../../../H-x86_64-mingw32/nios2-elf/lib\libc.a(lib_a-reallocr.o)
 .bss           0x000000000001d2f8        0x0 e:/altera/15.0/nios2eds/bin/gnu/h-x86_64-mingw32/bin/../lib/gcc/nios2-elf/4.9.1/../../../../../H-x86_64-mingw32/nios2-elf/lib\libc.a(lib_a-s_fpclassify.o)
 .bss           0x000000000001d2f8        0x0 e:/altera/15.0/nios2eds/bin/gnu/h-x86_64-mingw32/bin/../lib/gcc/nios2-elf/4.9.1/../../../../../H-x86_64-mingw32/nios2-elf/lib\libc.a(lib_a-stdio.o)
 .bss           0x000000000001d2f8        0x0 e:/altera/15.0/nios2eds/bin/gnu/h-x86_64-mingw32/bin/../lib/gcc/nios2-elf/4.9.1/../../../../../H-x86_64-mingw32/nios2-elf/lib\libc.a(lib_a-strcmp.o)
 .bss           0x000000000001d2f8        0x0 e:/altera/15.0/nios2eds/bin/gnu/h-x86_64-mingw32/bin/../lib/gcc/nios2-elf/4.9.1/../../../../../H-x86_64-mingw32/nios2-elf/lib\libc.a(lib_a-vfiprintf.o)
 .bss           0x000000000001d2f8        0x0 e:/altera/15.0/nios2eds/bin/gnu/h-x86_64-mingw32/bin/../lib/gcc/nios2-elf/4.9.1/../../../../../H-x86_64-mingw32/nios2-elf/lib\libc.a(lib_a-wbuf.o)
 .bss           0x000000000001d2f8        0x0 e:/altera/15.0/nios2eds/bin/gnu/h-x86_64-mingw32/bin/../lib/gcc/nios2-elf/4.9.1/../../../../../H-x86_64-mingw32/nios2-elf/lib\libc.a(lib_a-writer.o)
 .bss           0x000000000001d2f8        0x0 e:/altera/15.0/nios2eds/bin/gnu/h-x86_64-mingw32/bin/../lib/gcc/nios2-elf/4.9.1/../../../../../H-x86_64-mingw32/nios2-elf/lib\libc.a(closer.o)
 .bss           0x000000000001d2f8        0x0 e:/altera/15.0/nios2eds/bin/gnu/h-x86_64-mingw32/bin/../lib/gcc/nios2-elf/4.9.1/../../../../../H-x86_64-mingw32/nios2-elf/lib\libc.a(lib_a-callocr.o)
 .bss           0x000000000001d2f8        0x0 e:/altera/15.0/nios2eds/bin/gnu/h-x86_64-mingw32/bin/../lib/gcc/nios2-elf/4.9.1/../../../../../H-x86_64-mingw32/nios2-elf/lib\libc.a(lib_a-fclose.o)
 .bss           0x000000000001d2f8        0x0 e:/altera/15.0/nios2eds/bin/gnu/h-x86_64-mingw32/bin/../lib/gcc/nios2-elf/4.9.1/../../../../../H-x86_64-mingw32/nios2-elf/lib\libc.a(lib_a-fputwc.o)
 .bss           0x000000000001d2f8        0x0 e:/altera/15.0/nios2eds/bin/gnu/h-x86_64-mingw32/bin/../lib/gcc/nios2-elf/4.9.1/../../../../../H-x86_64-mingw32/nios2-elf/lib\libc.a(lib_a-fstatr.o)
 .bss           0x000000000001d2f8        0x0 e:/altera/15.0/nios2eds/bin/gnu/h-x86_64-mingw32/bin/../lib/gcc/nios2-elf/4.9.1/../../../../../H-x86_64-mingw32/nios2-elf/lib\libc.a(lib_a-isattyr.o)
 .bss           0x000000000001d2f8        0x0 e:/altera/15.0/nios2eds/bin/gnu/h-x86_64-mingw32/bin/../lib/gcc/nios2-elf/4.9.1/../../../../../H-x86_64-mingw32/nios2-elf/lib\libc.a(lib_a-lseekr.o)
 .bss           0x000000000001d2f8        0x0 e:/altera/15.0/nios2eds/bin/gnu/h-x86_64-mingw32/bin/../lib/gcc/nios2-elf/4.9.1/../../../../../H-x86_64-mingw32/nios2-elf/lib\libc.a(lib_a-readr.o)
 .bss           0x000000000001d2f8        0x0 e:/altera/15.0/nios2eds/bin/gnu/h-x86_64-mingw32/bin/../lib/gcc/nios2-elf/4.9.1/../../../../../H-x86_64-mingw32/nios2-elf/lib\libc.a(lib_a-wcrtomb.o)
 .bss           0x000000000001d2f8        0x0 e:/altera/15.0/nios2eds/bin/gnu/h-x86_64-mingw32/bin/../lib/gcc/nios2-elf/4.9.1/../../../../../H-x86_64-mingw32/nios2-elf/lib\libc.a(lib_a-wctomb_r.o)
 .bss           0x000000000001d2f8        0x0 e:/altera/15.0/nios2eds/bin/gnu/h-x86_64-mingw32/bin/../lib/gcc/nios2-elf/4.9.1\libgcc.a(_udivdi3.o)
 .bss           0x000000000001d2f8        0x0 e:/altera/15.0/nios2eds/bin/gnu/h-x86_64-mingw32/bin/../lib/gcc/nios2-elf/4.9.1\libgcc.a(_umoddi3.o)
 .bss           0x000000000001d2f8        0x0 e:/altera/15.0/nios2eds/bin/gnu/h-x86_64-mingw32/bin/../lib/gcc/nios2-elf/4.9.1\libgcc.a(adddf3.o)
 .bss           0x000000000001d2f8        0x0 e:/altera/15.0/nios2eds/bin/gnu/h-x86_64-mingw32/bin/../lib/gcc/nios2-elf/4.9.1\libgcc.a(divdf3.o)
 .bss           0x000000000001d2f8        0x0 e:/altera/15.0/nios2eds/bin/gnu/h-x86_64-mingw32/bin/../lib/gcc/nios2-elf/4.9.1\libgcc.a(eqdf2.o)
 .bss           0x000000000001d2f8        0x0 e:/altera/15.0/nios2eds/bin/gnu/h-x86_64-mingw32/bin/../lib/gcc/nios2-elf/4.9.1\libgcc.a(gedf2.o)
 .bss           0x000000000001d2f8        0x0 e:/altera/15.0/nios2eds/bin/gnu/h-x86_64-mingw32/bin/../lib/gcc/nios2-elf/4.9.1\libgcc.a(ledf2.o)
 .bss           0x000000000001d2f8        0x0 e:/altera/15.0/nios2eds/bin/gnu/h-x86_64-mingw32/bin/../lib/gcc/nios2-elf/4.9.1\libgcc.a(muldf3.o)
 .bss           0x000000000001d2f8        0x0 e:/altera/15.0/nios2eds/bin/gnu/h-x86_64-mingw32/bin/../lib/gcc/nios2-elf/4.9.1\libgcc.a(subdf3.o)
 .bss           0x000000000001d2f8        0x0 e:/altera/15.0/nios2eds/bin/gnu/h-x86_64-mingw32/bin/../lib/gcc/nios2-elf/4.9.1\libgcc.a(fixdfsi.o)
 .bss           0x000000000001d2f8        0x0 e:/altera/15.0/nios2eds/bin/gnu/h-x86_64-mingw32/bin/../lib/gcc/nios2-elf/4.9.1\libgcc.a(floatsidf.o)
 .bss           0x000000000001d2f8        0x0 e:/altera/15.0/nios2eds/bin/gnu/h-x86_64-mingw32/bin/../lib/gcc/nios2-elf/4.9.1\libgcc.a(floatunsidf.o)
 .bss           0x000000000001d2f8        0x0 ../sdRead_bsp/\libhal_bsp.a(alt_close.o)
 .bss           0x000000000001d2f8        0x0 ../sdRead_bsp/\libhal_bsp.a(alt_dev.o)
 .bss           0x000000000001d2f8        0x0 ../sdRead_bsp/\libhal_bsp.a(alt_errno.o)
 .bss           0x000000000001d2f8        0x0 ../sdRead_bsp/\libhal_bsp.a(alt_fstat.o)
 .bss           0x000000000001d2f8        0x0 ../sdRead_bsp/\libhal_bsp.a(alt_isatty.o)
 .bss           0x000000000001d2f8        0x0 ../sdRead_bsp/\libhal_bsp.a(alt_load.o)
 .bss           0x000000000001d2f8        0x0 ../sdRead_bsp/\libhal_bsp.a(alt_lseek.o)
 .bss           0x000000000001d2f8        0x0 ../sdRead_bsp/\libhal_bsp.a(alt_main.o)
 .bss           0x000000000001d2f8        0x0 ../sdRead_bsp/\libhal_bsp.a(alt_malloc_lock.o)
 .bss           0x000000000001d2f8        0x0 ../sdRead_bsp/\libhal_bsp.a(alt_read.o)
 .bss           0x000000000001d2f8        0x0 ../sdRead_bsp/\libhal_bsp.a(alt_release_fd.o)
 .bss           0x000000000001d2f8        0x0 ../sdRead_bsp/\libhal_bsp.a(alt_sbrk.o)
 .bss           0x000000000001d2f8        0x0 ../sdRead_bsp/\libhal_bsp.a(alt_usleep.o)
 .bss           0x000000000001d2f8        0x0 ../sdRead_bsp/\libhal_bsp.a(alt_write.o)
 .bss           0x000000000001d2f8        0x0 ../sdRead_bsp/\libhal_bsp.a(alt_sys_init.o)
 .bss           0x000000000001d2f8        0x0 ../sdRead_bsp/\libhal_bsp.a(Altera_UP_SD_Card_Avalon_Interface.o)
 .bss           0x000000000001d2f8        0x0 ../sdRead_bsp/\libhal_bsp.a(altera_avalon_jtag_uart_fd.o)
 .bss           0x000000000001d2f8        0x0 ../sdRead_bsp/\libhal_bsp.a(altera_avalon_jtag_uart_init.o)
 .bss           0x000000000001d2f8        0x0 ../sdRead_bsp/\libhal_bsp.a(altera_avalon_jtag_uart_ioctl.o)
 .bss           0x000000000001d2f8        0x0 ../sdRead_bsp/\libhal_bsp.a(altera_avalon_jtag_uart_read.o)
 .bss           0x000000000001d2f8        0x0 ../sdRead_bsp/\libhal_bsp.a(altera_avalon_jtag_uart_write.o)
 .bss           0x000000000001d2f8        0x0 ../sdRead_bsp/\libhal_bsp.a(altera_avalon_timer_sc.o)
 .bss           0x000000000001d2f8        0x0 ../sdRead_bsp/\libhal_bsp.a(alt_alarm_start.o)
 .bss           0x000000000001d2f8        0x0 ../sdRead_bsp/\libhal_bsp.a(alt_busy_sleep.o)
 .bss           0x000000000001d2f8        0x0 ../sdRead_bsp/\libhal_bsp.a(alt_dcache_flush_all.o)
 .bss           0x000000000001d2f8        0x0 ../sdRead_bsp/\libhal_bsp.a(alt_dev_llist_insert.o)
 .bss           0x000000000001d2f8        0x0 ../sdRead_bsp/\libhal_bsp.a(alt_do_ctors.o)
 .bss           0x000000000001d2f8        0x0 ../sdRead_bsp/\libhal_bsp.a(alt_do_dtors.o)
 .bss           0x000000000001d2f8        0x0 ../sdRead_bsp/\libhal_bsp.a(alt_find_dev.o)
 .bss           0x000000000001d2f8        0x0 ../sdRead_bsp/\libhal_bsp.a(alt_icache_flush_all.o)
 .bss           0x000000000001d2f8        0x0 ../sdRead_bsp/\libhal_bsp.a(alt_iic.o)
 .bss           0x000000000001d2f8        0x0 ../sdRead_bsp/\libhal_bsp.a(alt_iic_isr_register.o)
 .bss           0x000000000001d2f8        0x0 ../sdRead_bsp/\libhal_bsp.a(alt_io_redirect.o)
 .bss           0x000000000001d2f8        0x0 ../sdRead_bsp/\libhal_bsp.a(alt_irq_entry.o)
 .bss           0x000000000001d2f8        0x0 ../sdRead_bsp/\libhal_bsp.a(alt_irq_handler.o)
 .bss           0x000000000001d2f8        0x0 ../sdRead_bsp/\libhal_bsp.a(alt_irq_vars.o)
 .bss           0x000000000001d2f8        0x0 ../sdRead_bsp/\libhal_bsp.a(alt_open.o)
 .bss           0x000000000001d2f8        0x0 ../sdRead_bsp/\libhal_bsp.a(alt_tick.o)
 .bss           0x000000000001d2f8        0x0 ../sdRead_bsp/\libhal_bsp.a(altera_nios2_gen2_irq.o)
 .bss           0x000000000001d2f8        0x0 ../sdRead_bsp/\libhal_bsp.a(alt_exception_entry.o)
 .bss           0x000000000001d2f8        0x0 ../sdRead_bsp/\libhal_bsp.a(alt_find_file.o)
 .bss           0x000000000001d2f8        0x0 ../sdRead_bsp/\libhal_bsp.a(alt_get_fd.o)
 .bss           0x000000000001d2f8        0x0 ../sdRead_bsp/\libhal_bsp.a(alt_icache_flush.o)
 .bss           0x000000000001d2f8        0x0 ../sdRead_bsp/\libhal_bsp.a(alt_instruction_exception_entry.o)
 .bss           0x000000000001d2f8        0x0 e:/altera/15.0/nios2eds/bin/gnu/h-x86_64-mingw32/bin/../lib/gcc/nios2-elf/4.9.1/../../../../../H-x86_64-mingw32/nios2-elf/lib\libc.a(lib_a-atexit.o)
 .bss           0x000000000001d2f8        0x0 e:/altera/15.0/nios2eds/bin/gnu/h-x86_64-mingw32/bin/../lib/gcc/nios2-elf/4.9.1/../../../../../H-x86_64-mingw32/nios2-elf/lib\libc.a(lib_a-exit.o)
 .bss           0x000000000001d2f8        0x0 e:/altera/15.0/nios2eds/bin/gnu/h-x86_64-mingw32/bin/../lib/gcc/nios2-elf/4.9.1/../../../../../H-x86_64-mingw32/nios2-elf/lib\libc.a(lib_a-memcmp.o)
 .bss           0x000000000001d2f8        0x0 e:/altera/15.0/nios2eds/bin/gnu/h-x86_64-mingw32/bin/../lib/gcc/nios2-elf/4.9.1/../../../../../H-x86_64-mingw32/nios2-elf/lib\libc.a(lib_a-__atexit.o)
 .bss           0x000000000001d2f8        0x0 e:/altera/15.0/nios2eds/bin/gnu/h-x86_64-mingw32/bin/../lib/gcc/nios2-elf/4.9.1/../../../../../H-x86_64-mingw32/nios2-elf/lib\libc.a(lib_a-__call_atexit.o)
 .bss           0x000000000001d2f8        0x0 ../sdRead_bsp/\libhal_bsp.a(alt_exit.o)
 *(COMMON)
 COMMON         0x000000000001d2f8      0x6c0 obj/default/screen.o
                0x000000000001d2f8                tftlcdScreenInst
 COMMON         0x000000000001d9b8      0xe2b obj/default/txt_read.o
                0x000000000001d9b8                txtFilesInfoSpace
                0x000000000001e7b0                sdCardFileName
 *fill*         0x000000000001e7e3        0x1 
 COMMON         0x000000000001e7e4      0x568 ../sdRead_bsp/\libhal_bsp.a(Altera_UP_SD_Card_Avalon_Interface.o)
                0x000000000001e7e4                search_data
                0x000000000001e7f8                boot_sector_data
                0x000000000001e84c                active_files
 COMMON         0x000000000001ed4c      0x100 ../sdRead_bsp/\libhal_bsp.a(alt_irq_handler.o)
                0x000000000001ed4c                alt_irq
                0x000000000001ee4c                . = ALIGN (0x4)
                0x000000000001ee4c                __bss_end = ABSOLUTE (.)

.sdram          0x000000000001ee4c        0x0
                0x000000000001ee4c                PROVIDE (_alt_partition_sdram_start, ABSOLUTE (.))
 *(.sdram .sdram. sdram.*)
                0x000000000001ee4c                . = ALIGN (0x4)
                0x000000000001ee4c                PROVIDE (_alt_partition_sdram_end, ABSOLUTE (.))
                0x000000000001ee4c                _end = ABSOLUTE (.)
                0x000000000001ee4c                end = ABSOLUTE (.)
                0x000000000001ee4c                __alt_stack_base = ABSOLUTE (.)
                0x000000000001ee4c                PROVIDE (_alt_partition_sdram_load_addr, LOADADDR (.sdram))

.stab
 *(.stab)

.stabstr
 *(.stabstr)

.stab.excl
 *(.stab.excl)

.stab.exclstr
 *(.stab.exclstr)

.stab.index
 *(.stab.index)

.stab.indexstr
 *(.stab.indexstr)

.comment        0x0000000000000000       0x23
 *(.comment)
 .comment       0x0000000000000000       0x23 obj/default/screen.o
                                         0x24 (size before relaxing)
 .comment       0x0000000000000000       0x24 obj/default/sdTest.o
 .comment       0x0000000000000000       0x24 obj/default/sdread.o
 .comment       0x0000000000000000       0x24 obj/default/test_value.o
 .comment       0x0000000000000000       0x24 obj/default/txt_read.o
 .comment       0x0000000000000000       0x24 e:/altera/15.0/nios2eds/bin/gnu/h-x86_64-mingw32/bin/../lib/gcc/nios2-elf/4.9.1\libgcc.a(lib2-divmod.o)
 .comment       0x0000000000000000       0x24 e:/altera/15.0/nios2eds/bin/gnu/h-x86_64-mingw32/bin/../lib/gcc/nios2-elf/4.9.1\libgcc.a(extendsfdf2.o)
 .comment       0x0000000000000000       0x24 e:/altera/15.0/nios2eds/bin/gnu/h-x86_64-mingw32/bin/../lib/gcc/nios2-elf/4.9.1\libgcc.a(_clzsi2.o)
 .comment       0x0000000000000000       0x24 e:/altera/15.0/nios2eds/bin/gnu/h-x86_64-mingw32/bin/../lib/gcc/nios2-elf/4.9.1\libgcc.a(_clz.o)
 .comment       0x0000000000000000       0x24 e:/altera/15.0/nios2eds/bin/gnu/h-x86_64-mingw32/bin/../lib/gcc/nios2-elf/4.9.1/../../../../../H-x86_64-mingw32/nios2-elf/lib\libc.a(lib_a-malloc.o)
 .comment       0x0000000000000000       0x24 e:/altera/15.0/nios2eds/bin/gnu/h-x86_64-mingw32/bin/../lib/gcc/nios2-elf/4.9.1/../../../../../H-x86_64-mingw32/nios2-elf/lib\libc.a(lib_a-mallocr.o)
 .comment       0x0000000000000000       0x24 e:/altera/15.0/nios2eds/bin/gnu/h-x86_64-mingw32/bin/../lib/gcc/nios2-elf/4.9.1/../../../../../H-x86_64-mingw32/nios2-elf/lib\libc.a(lib_a-memcpy.o)
 .comment       0x0000000000000000       0x24 e:/altera/15.0/nios2eds/bin/gnu/h-x86_64-mingw32/bin/../lib/gcc/nios2-elf/4.9.1/../../../../../H-x86_64-mingw32/nios2-elf/lib\libc.a(lib_a-memset.o)
 .comment       0x0000000000000000       0x24 e:/altera/15.0/nios2eds/bin/gnu/h-x86_64-mingw32/bin/../lib/gcc/nios2-elf/4.9.1/../../../../../H-x86_64-mingw32/nios2-elf/lib\libc.a(lib_a-printf.o)
 .comment       0x0000000000000000       0x24 e:/altera/15.0/nios2eds/bin/gnu/h-x86_64-mingw32/bin/../lib/gcc/nios2-elf/4.9.1/../../../../../H-x86_64-mingw32/nios2-elf/lib\libc.a(lib_a-putchar.o)
 .comment       0x0000000000000000       0x24 e:/altera/15.0/nios2eds/bin/gnu/h-x86_64-mingw32/bin/../lib/gcc/nios2-elf/4.9.1/../../../../../H-x86_64-mingw32/nios2-elf/lib\libc.a(lib_a-puts.o)
 .comment       0x0000000000000000       0x24 e:/altera/15.0/nios2eds/bin/gnu/h-x86_64-mingw32/bin/../lib/gcc/nios2-elf/4.9.1/../../../../../H-x86_64-mingw32/nios2-elf/lib\libc.a(lib_a-sbrkr.o)
 .comment       0x0000000000000000       0x24 e:/altera/15.0/nios2eds/bin/gnu/h-x86_64-mingw32/bin/../lib/gcc/nios2-elf/4.9.1/../../../../../H-x86_64-mingw32/nios2-elf/lib\libc.a(lib_a-strcpy.o)
 .comment       0x0000000000000000       0x24 e:/altera/15.0/nios2eds/bin/gnu/h-x86_64-mingw32/bin/../lib/gcc/nios2-elf/4.9.1/../../../../../H-x86_64-mingw32/nios2-elf/lib\libc.a(lib_a-strlen.o)
 .comment       0x0000000000000000       0x24 e:/altera/15.0/nios2eds/bin/gnu/h-x86_64-mingw32/bin/../lib/gcc/nios2-elf/4.9.1/../../../../../H-x86_64-mingw32/nios2-elf/lib\libc.a(lib_a-vfprintf.o)
 .comment       0x0000000000000000       0x24 e:/altera/15.0/nios2eds/bin/gnu/h-x86_64-mingw32/bin/../lib/gcc/nios2-elf/4.9.1/../../../../../H-x86_64-mingw32/nios2-elf/lib\libc.a(lib_a-wsetup.o)
 .comment       0x0000000000000000       0x24 e:/altera/15.0/nios2eds/bin/gnu/h-x86_64-mingw32/bin/../lib/gcc/nios2-elf/4.9.1/../../../../../H-x86_64-mingw32/nios2-elf/lib\libc.a(lib_a-dtoa.o)
 .comment       0x0000000000000000       0x24 e:/altera/15.0/nios2eds/bin/gnu/h-x86_64-mingw32/bin/../lib/gcc/nios2-elf/4.9.1/../../../../../H-x86_64-mingw32/nios2-elf/lib\libc.a(lib_a-fflush.o)
 .comment       0x0000000000000000       0x24 e:/altera/15.0/nios2eds/bin/gnu/h-x86_64-mingw32/bin/../lib/gcc/nios2-elf/4.9.1/../../../../../H-x86_64-mingw32/nios2-elf/lib\libc.a(lib_a-findfp.o)
 .comment       0x0000000000000000       0x24 e:/altera/15.0/nios2eds/bin/gnu/h-x86_64-mingw32/bin/../lib/gcc/nios2-elf/4.9.1/../../../../../H-x86_64-mingw32/nios2-elf/lib\libc.a(lib_a-freer.o)
 .comment       0x0000000000000000       0x24 e:/altera/15.0/nios2eds/bin/gnu/h-x86_64-mingw32/bin/../lib/gcc/nios2-elf/4.9.1/../../../../../H-x86_64-mingw32/nios2-elf/lib\libc.a(lib_a-fvwrite.o)
 .comment       0x0000000000000000       0x24 e:/altera/15.0/nios2eds/bin/gnu/h-x86_64-mingw32/bin/../lib/gcc/nios2-elf/4.9.1/../../../../../H-x86_64-mingw32/nios2-elf/lib\libc.a(lib_a-fwalk.o)
 .comment       0x0000000000000000       0x24 e:/altera/15.0/nios2eds/bin/gnu/h-x86_64-mingw32/bin/../lib/gcc/nios2-elf/4.9.1/../../../../../H-x86_64-mingw32/nios2-elf/lib\libc.a(lib_a-impure.o)
 .comment       0x0000000000000000       0x24 e:/altera/15.0/nios2eds/bin/gnu/h-x86_64-mingw32/bin/../lib/gcc/nios2-elf/4.9.1/../../../../../H-x86_64-mingw32/nios2-elf/lib\libc.a(lib_a-int_errno.o)
 .comment       0x0000000000000000       0x24 e:/altera/15.0/nios2eds/bin/gnu/h-x86_64-mingw32/bin/../lib/gcc/nios2-elf/4.9.1/../../../../../H-x86_64-mingw32/nios2-elf/lib\libc.a(lib_a-locale.o)
 .comment       0x0000000000000000       0x24 e:/altera/15.0/nios2eds/bin/gnu/h-x86_64-mingw32/bin/../lib/gcc/nios2-elf/4.9.1/../../../../../H-x86_64-mingw32/nios2-elf/lib\libc.a(lib_a-makebuf.o)
 .comment       0x0000000000000000       0x24 e:/altera/15.0/nios2eds/bin/gnu/h-x86_64-mingw32/bin/../lib/gcc/nios2-elf/4.9.1/../../../../../H-x86_64-mingw32/nios2-elf/lib\libc.a(lib_a-memchr.o)
 .comment       0x0000000000000000       0x24 e:/altera/15.0/nios2eds/bin/gnu/h-x86_64-mingw32/bin/../lib/gcc/nios2-elf/4.9.1/../../../../../H-x86_64-mingw32/nios2-elf/lib\libc.a(lib_a-memmove.o)
 .comment       0x0000000000000000       0x24 e:/altera/15.0/nios2eds/bin/gnu/h-x86_64-mingw32/bin/../lib/gcc/nios2-elf/4.9.1/../../../../../H-x86_64-mingw32/nios2-elf/lib\libc.a(lib_a-mprec.o)
 .comment       0x0000000000000000       0x24 e:/altera/15.0/nios2eds/bin/gnu/h-x86_64-mingw32/bin/../lib/gcc/nios2-elf/4.9.1/../../../../../H-x86_64-mingw32/nios2-elf/lib\libc.a(lib_a-putc.o)
 .comment       0x0000000000000000       0x24 e:/altera/15.0/nios2eds/bin/gnu/h-x86_64-mingw32/bin/../lib/gcc/nios2-elf/4.9.1/../../../../../H-x86_64-mingw32/nios2-elf/lib\libc.a(lib_a-reallocr.o)
 .comment       0x0000000000000000       0x24 e:/altera/15.0/nios2eds/bin/gnu/h-x86_64-mingw32/bin/../lib/gcc/nios2-elf/4.9.1/../../../../../H-x86_64-mingw32/nios2-elf/lib\libc.a(lib_a-s_fpclassify.o)
 .comment       0x0000000000000000       0x24 e:/altera/15.0/nios2eds/bin/gnu/h-x86_64-mingw32/bin/../lib/gcc/nios2-elf/4.9.1/../../../../../H-x86_64-mingw32/nios2-elf/lib\libc.a(lib_a-stdio.o)
 .comment       0x0000000000000000       0x24 e:/altera/15.0/nios2eds/bin/gnu/h-x86_64-mingw32/bin/../lib/gcc/nios2-elf/4.9.1/../../../../../H-x86_64-mingw32/nios2-elf/lib\libc.a(lib_a-strcmp.o)
 .comment       0x0000000000000000       0x24 e:/altera/15.0/nios2eds/bin/gnu/h-x86_64-mingw32/bin/../lib/gcc/nios2-elf/4.9.1/../../../../../H-x86_64-mingw32/nios2-elf/lib\libc.a(lib_a-vfiprintf.o)
 .comment       0x0000000000000000       0x24 e:/altera/15.0/nios2eds/bin/gnu/h-x86_64-mingw32/bin/../lib/gcc/nios2-elf/4.9.1/../../../../../H-x86_64-mingw32/nios2-elf/lib\libc.a(lib_a-wbuf.o)
 .comment       0x0000000000000000       0x24 e:/altera/15.0/nios2eds/bin/gnu/h-x86_64-mingw32/bin/../lib/gcc/nios2-elf/4.9.1/../../../../../H-x86_64-mingw32/nios2-elf/lib\libc.a(lib_a-writer.o)
 .comment       0x0000000000000000       0x24 e:/altera/15.0/nios2eds/bin/gnu/h-x86_64-mingw32/bin/../lib/gcc/nios2-elf/4.9.1/../../../../../H-x86_64-mingw32/nios2-elf/lib\libc.a(closer.o)
 .comment       0x0000000000000000       0x24 e:/altera/15.0/nios2eds/bin/gnu/h-x86_64-mingw32/bin/../lib/gcc/nios2-elf/4.9.1/../../../../../H-x86_64-mingw32/nios2-elf/lib\libc.a(lib_a-callocr.o)
 .comment       0x0000000000000000       0x24 e:/altera/15.0/nios2eds/bin/gnu/h-x86_64-mingw32/bin/../lib/gcc/nios2-elf/4.9.1/../../../../../H-x86_64-mingw32/nios2-elf/lib\libc.a(lib_a-fclose.o)
 .comment       0x0000000000000000       0x24 e:/altera/15.0/nios2eds/bin/gnu/h-x86_64-mingw32/bin/../lib/gcc/nios2-elf/4.9.1/../../../../../H-x86_64-mingw32/nios2-elf/lib\libc.a(lib_a-fputwc.o)
 .comment       0x0000000000000000       0x24 e:/altera/15.0/nios2eds/bin/gnu/h-x86_64-mingw32/bin/../lib/gcc/nios2-elf/4.9.1/../../../../../H-x86_64-mingw32/nios2-elf/lib\libc.a(lib_a-fstatr.o)
 .comment       0x0000000000000000       0x24 e:/altera/15.0/nios2eds/bin/gnu/h-x86_64-mingw32/bin/../lib/gcc/nios2-elf/4.9.1/../../../../../H-x86_64-mingw32/nios2-elf/lib\libc.a(lib_a-isattyr.o)
 .comment       0x0000000000000000       0x24 e:/altera/15.0/nios2eds/bin/gnu/h-x86_64-mingw32/bin/../lib/gcc/nios2-elf/4.9.1/../../../../../H-x86_64-mingw32/nios2-elf/lib\libc.a(lib_a-lseekr.o)
 .comment       0x0000000000000000       0x24 e:/altera/15.0/nios2eds/bin/gnu/h-x86_64-mingw32/bin/../lib/gcc/nios2-elf/4.9.1/../../../../../H-x86_64-mingw32/nios2-elf/lib\libc.a(lib_a-readr.o)
 .comment       0x0000000000000000       0x24 e:/altera/15.0/nios2eds/bin/gnu/h-x86_64-mingw32/bin/../lib/gcc/nios2-elf/4.9.1/../../../../../H-x86_64-mingw32/nios2-elf/lib\libc.a(lib_a-wcrtomb.o)
 .comment       0x0000000000000000       0x24 e:/altera/15.0/nios2eds/bin/gnu/h-x86_64-mingw32/bin/../lib/gcc/nios2-elf/4.9.1/../../../../../H-x86_64-mingw32/nios2-elf/lib\libc.a(lib_a-wctomb_r.o)
 .comment       0x0000000000000000       0x24 e:/altera/15.0/nios2eds/bin/gnu/h-x86_64-mingw32/bin/../lib/gcc/nios2-elf/4.9.1\libgcc.a(_udivdi3.o)
 .comment       0x0000000000000000       0x24 e:/altera/15.0/nios2eds/bin/gnu/h-x86_64-mingw32/bin/../lib/gcc/nios2-elf/4.9.1\libgcc.a(_umoddi3.o)
 .comment       0x0000000000000000       0x24 e:/altera/15.0/nios2eds/bin/gnu/h-x86_64-mingw32/bin/../lib/gcc/nios2-elf/4.9.1\libgcc.a(adddf3.o)
 .comment       0x0000000000000000       0x24 e:/altera/15.0/nios2eds/bin/gnu/h-x86_64-mingw32/bin/../lib/gcc/nios2-elf/4.9.1\libgcc.a(divdf3.o)