Archive member included to satisfy reference by file (symbol)

e:/altera/15.0/nios2eds/bin/gnu/h-x86_64-mingw32/bin/../lib/gcc/nios2-elf/4.9.1/../../../../../H-x86_64-mingw32/nios2-elf/lib\libc.a(lib_a-strlen.o)
                              obj/default/screen.o (strlen)
../ebook_1_bsp/\libhal_bsp.a(alt_load.o)
                              ../ebook_1_bsp//obj/HAL/src/crt0.o (alt_load)
../ebook_1_bsp/\libhal_bsp.a(alt_main.o)
                              ../ebook_1_bsp//obj/HAL/src/crt0.o (alt_main)
../ebook_1_bsp/\libhal_bsp.a(alt_sys_init.o)
                              ../ebook_1_bsp/\libhal_bsp.a(alt_main.o) (alt_irq_init)
../ebook_1_bsp/\libhal_bsp.a(altera_avalon_jtag_uart_fd.o)
                              ../ebook_1_bsp/\libhal_bsp.a(alt_sys_init.o) (altera_avalon_jtag_uart_read_fd)
../ebook_1_bsp/\libhal_bsp.a(altera_avalon_jtag_uart_init.o)
                              ../ebook_1_bsp/\libhal_bsp.a(alt_sys_init.o) (altera_avalon_jtag_uart_init)
../ebook_1_bsp/\libhal_bsp.a(altera_avalon_jtag_uart_ioctl.o)
                              ../ebook_1_bsp/\libhal_bsp.a(altera_avalon_jtag_uart_fd.o) (altera_avalon_jtag_uart_ioctl)
../ebook_1_bsp/\libhal_bsp.a(altera_avalon_jtag_uart_read.o)
                              ../ebook_1_bsp/\libhal_bsp.a(altera_avalon_jtag_uart_fd.o) (altera_avalon_jtag_uart_read)
../ebook_1_bsp/\libhal_bsp.a(altera_avalon_jtag_uart_write.o)
                              ../ebook_1_bsp/\libhal_bsp.a(altera_avalon_jtag_uart_fd.o) (altera_avalon_jtag_uart_write)
../ebook_1_bsp/\libhal_bsp.a(alt_alarm_start.o)
                              ../ebook_1_bsp/\libhal_bsp.a(altera_avalon_jtag_uart_init.o) (alt_alarm_start)
../ebook_1_bsp/\libhal_bsp.a(alt_close.o)
                              ../ebook_1_bsp/\libhal_bsp.a(alt_main.o) (close)
../ebook_1_bsp/\libhal_bsp.a(alt_dcache_flush_all.o)
                              ../ebook_1_bsp/\libhal_bsp.a(alt_load.o) (alt_dcache_flush_all)
../ebook_1_bsp/\libhal_bsp.a(alt_dev.o)
                              ../ebook_1_bsp/\libhal_bsp.a(alt_sys_init.o) (alt_dev_list)
../ebook_1_bsp/\libhal_bsp.a(alt_dev_llist_insert.o)
                              ../ebook_1_bsp/\libhal_bsp.a(alt_sys_init.o) (alt_dev_llist_insert)
../ebook_1_bsp/\libhal_bsp.a(alt_do_ctors.o)
                              ../ebook_1_bsp/\libhal_bsp.a(alt_main.o) (_do_ctors)
../ebook_1_bsp/\libhal_bsp.a(alt_do_dtors.o)
                              ../ebook_1_bsp/\libhal_bsp.a(alt_main.o) (_do_dtors)
../ebook_1_bsp/\libhal_bsp.a(alt_errno.o)
                              ../ebook_1_bsp/\libhal_bsp.a(alt_close.o) (alt_errno)
../ebook_1_bsp/\libhal_bsp.a(alt_icache_flush_all.o)
                              ../ebook_1_bsp/\libhal_bsp.a(alt_load.o) (alt_icache_flush_all)
../ebook_1_bsp/\libhal_bsp.a(alt_io_redirect.o)
                              ../ebook_1_bsp/\libhal_bsp.a(alt_main.o) (alt_io_redirect)
../ebook_1_bsp/\libhal_bsp.a(alt_irq_register.o)
                              ../ebook_1_bsp/\libhal_bsp.a(altera_avalon_jtag_uart_init.o) (alt_irq_register)
../ebook_1_bsp/\libhal_bsp.a(alt_irq_vars.o)
                              ../ebook_1_bsp/\libhal_bsp.a(alt_irq_register.o) (alt_irq_active)
../ebook_1_bsp/\libhal_bsp.a(alt_open.o)
                              ../ebook_1_bsp/\libhal_bsp.a(alt_io_redirect.o) (open)
../ebook_1_bsp/\libhal_bsp.a(alt_release_fd.o)
                              ../ebook_1_bsp/\libhal_bsp.a(alt_close.o) (alt_release_fd)
../ebook_1_bsp/\libhal_bsp.a(alt_tick.o)
                              ../ebook_1_bsp/\libhal_bsp.a(altera_avalon_jtag_uart_init.o) (_alt_tick_rate)
../ebook_1_bsp/\libhal_bsp.a(altera_nios2_gen2_irq.o)
                              ../ebook_1_bsp/\libhal_bsp.a(alt_sys_init.o) (altera_nios2_gen2_irq_init)
../ebook_1_bsp/\libhal_bsp.a(alt_find_dev.o)
                              ../ebook_1_bsp/\libhal_bsp.a(alt_open.o) (alt_find_dev)
../ebook_1_bsp/\libhal_bsp.a(alt_find_file.o)
                              ../ebook_1_bsp/\libhal_bsp.a(alt_open.o) (alt_find_file)
../ebook_1_bsp/\libhal_bsp.a(alt_get_fd.o)
                              ../ebook_1_bsp/\libhal_bsp.a(alt_open.o) (alt_get_fd)
../ebook_1_bsp/\libhal_bsp.a(alt_icache_flush.o)
                              ../ebook_1_bsp/\libhal_bsp.a(alt_icache_flush_all.o) (alt_icache_flush)
../ebook_1_bsp/\libhal_bsp.a(alt_irq_entry.o)
                              ../ebook_1_bsp/\libhal_bsp.a(alt_irq_register.o) (alt_irq_entry)
../ebook_1_bsp/\libhal_bsp.a(alt_irq_handler.o)
                              ../ebook_1_bsp/\libhal_bsp.a(alt_irq_register.o) (alt_irq)
../ebook_1_bsp/\libhal_bsp.a(alt_exception_entry.o)
                              ../ebook_1_bsp/\libhal_bsp.a(alt_irq_entry.o) (alt_exception)
../ebook_1_bsp/\libhal_bsp.a(alt_instruction_exception_entry.o)
                              ../ebook_1_bsp/\libhal_bsp.a(alt_exception_entry.o) (alt_instruction_exception_entry)
e:/altera/15.0/nios2eds/bin/gnu/h-x86_64-mingw32/bin/../lib/gcc/nios2-elf/4.9.1/../../../../../H-x86_64-mingw32/nios2-elf/lib\libc.a(lib_a-atexit.o)
                              ../ebook_1_bsp/\libhal_bsp.a(alt_main.o) (atexit)
e:/altera/15.0/nios2eds/bin/gnu/h-x86_64-mingw32/bin/../lib/gcc/nios2-elf/4.9.1/../../../../../H-x86_64-mingw32/nios2-elf/lib\libc.a(lib_a-exit.o)
                              ../ebook_1_bsp/\libhal_bsp.a(alt_main.o) (exit)
e:/altera/15.0/nios2eds/bin/gnu/h-x86_64-mingw32/bin/../lib/gcc/nios2-elf/4.9.1/../../../../../H-x86_64-mingw32/nios2-elf/lib\libc.a(lib_a-impure.o)
                              e:/altera/15.0/nios2eds/bin/gnu/h-x86_64-mingw32/bin/../lib/gcc/nios2-elf/4.9.1/../../../../../H-x86_64-mingw32/nios2-elf/lib\libc.a(lib_a-exit.o) (_global_impure_ptr)
e:/altera/15.0/nios2eds/bin/gnu/h-x86_64-mingw32/bin/../lib/gcc/nios2-elf/4.9.1/../../../../../H-x86_64-mingw32/nios2-elf/lib\libc.a(lib_a-int_errno.o)
                              ../ebook_1_bsp/\libhal_bsp.a(alt_close.o) (errno)
e:/altera/15.0/nios2eds/bin/gnu/h-x86_64-mingw32/bin/../lib/gcc/nios2-elf/4.9.1/../../../../../H-x86_64-mingw32/nios2-elf/lib\libc.a(lib_a-memcmp.o)
                              ../ebook_1_bsp/\libhal_bsp.a(alt_find_dev.o) (memcmp)
e:/altera/15.0/nios2eds/bin/gnu/h-x86_64-mingw32/bin/../lib/gcc/nios2-elf/4.9.1/../../../../../H-x86_64-mingw32/nios2-elf/lib\libc.a(lib_a-memcpy.o)
                              ../ebook_1_bsp/\libhal_bsp.a(altera_avalon_jtag_uart_read.o) (memcpy)
e:/altera/15.0/nios2eds/bin/gnu/h-x86_64-mingw32/bin/../lib/gcc/nios2-elf/4.9.1/../../../../../H-x86_64-mingw32/nios2-elf/lib\libc.a(lib_a-__atexit.o)
                              e:/altera/15.0/nios2eds/bin/gnu/h-x86_64-mingw32/bin/../lib/gcc/nios2-elf/4.9.1/../../../../../H-x86_64-mingw32/nios2-elf/lib\libc.a(lib_a-atexit.o) (__register_exitproc)
e:/altera/15.0/nios2eds/bin/gnu/h-x86_64-mingw32/bin/../lib/gcc/nios2-elf/4.9.1/../../../../../H-x86_64-mingw32/nios2-elf/lib\libc.a(lib_a-__call_atexit.o)
                              e:/altera/15.0/nios2eds/bin/gnu/h-x86_64-mingw32/bin/../lib/gcc/nios2-elf/4.9.1/../../../../../H-x86_64-mingw32/nios2-elf/lib\libc.a(lib_a-exit.o) (__call_exitprocs)
../ebook_1_bsp/\libhal_bsp.a(alt_exit.o)
                              e:/altera/15.0/nios2eds/bin/gnu/h-x86_64-mingw32/bin/../lib/gcc/nios2-elf/4.9.1/../../../../../H-x86_64-mingw32/nios2-elf/lib\libc.a(lib_a-exit.o) (_exit)

Allocating common symbols
Common symbol       size              file

alt_irq             0x100             ../ebook_1_bsp/\libhal_bsp.a(alt_irq_handler.o)
errno               0x4               e:/altera/15.0/nios2eds/bin/gnu/h-x86_64-mingw32/bin/../lib/gcc/nios2-elf/4.9.1/../../../../../H-x86_64-mingw32/nios2-elf/lib\libc.a(lib_a-int_errno.o)
txtFilesInfoInst    0xc               obj/default/txt_read.o
tftlcdScreenInst    0x7a4             obj/default/screen.o
txtBookSpace        0x154             obj/default/txt_read.o
sdCardFileName      0x33              obj/default/txt_read.o

Memory Configuration

Name             Origin             Length             Attributes
reset            0x0000000000000000 0x0000000000000020
sdram            0x0000000000000020 0x0000000007ffffe0
sram             0x0000000008000000 0x0000000000200000
*default*        0x0000000000000000 0xffffffffffffffff

Linker script and memory map

LOAD ../ebook_1_bsp//obj/HAL/src/crt0.o
LOAD obj/default/main.o
LOAD obj/default/screen.o
LOAD obj/default/time_count.o
LOAD obj/default/touch_resp.o
LOAD obj/default/txt_read.o
LOAD e:/altera/15.0/nios2eds/bin/gnu/h-x86_64-mingw32/bin/../lib/gcc/nios2-elf/4.9.1/../../../../../H-x86_64-mingw32/nios2-elf/lib\libstdc++.a
LOAD e:/altera/15.0/nios2eds/bin/gnu/h-x86_64-mingw32/bin/../lib/gcc/nios2-elf/4.9.1/../../../../../H-x86_64-mingw32/nios2-elf/lib\libm.a
LOAD e:/altera/15.0/nios2eds/bin/gnu/h-x86_64-mingw32/bin/../lib/gcc/nios2-elf/4.9.1\libgcc.a
START GROUP
LOAD e:/altera/15.0/nios2eds/bin/gnu/h-x86_64-mingw32/bin/../lib/gcc/nios2-elf/4.9.1/../../../../../H-x86_64-mingw32/nios2-elf/lib\libc.a
LOAD e:/altera/15.0/nios2eds/bin/gnu/h-x86_64-mingw32/bin/../lib/gcc/nios2-elf/4.9.1\libgcc.a
LOAD ../ebook_1_bsp/\libhal_bsp.a
LOAD e:/altera/15.0/nios2eds/bin/gnu/h-x86_64-mingw32/bin/../lib/gcc/nios2-elf/4.9.1/../../../../../H-x86_64-mingw32/nios2-elf/lib\libm.a
END GROUP
LOAD e:/altera/15.0/nios2eds/bin/gnu/h-x86_64-mingw32/bin/../lib/gcc/nios2-elf/4.9.1\libgcc.a
                0x0000000000000000                __alt_mem_sdram = 0x0
                0x0000000008000000                __alt_mem_sram = 0x8000000

.entry          0x0000000000000000       0x20
 *(.entry)
 .entry         0x0000000000000000       0x20 ../ebook_1_bsp//obj/HAL/src/crt0.o
                0x0000000000000000                __reset

.exceptions     0x0000000000000020      0x224
                0x0000000000000020                PROVIDE (__ram_exceptions_start, ABSOLUTE (.))
                0x0000000000000020                . = ALIGN (0x20)
 *(.irq)
 *(.exceptions.entry.label)
 .exceptions.entry.label
                0x0000000000000020        0x0 ../ebook_1_bsp/\libhal_bsp.a(alt_irq_entry.o)
                0x0000000000000020                alt_irq_entry
 .exceptions.entry.label
                0x0000000000000020        0x0 ../ebook_1_bsp/\libhal_bsp.a(alt_exception_entry.o)
                0x0000000000000020                alt_exception
 *(.exceptions.entry.user)
 *(.exceptions.entry.ecc_fatal)
 *(.exceptions.entry)
 .exceptions.entry
                0x0000000000000020       0x54 ../ebook_1_bsp/\libhal_bsp.a(alt_exception_entry.o)
 *(.exceptions.irqtest.user)
 *(.exceptions.irqtest)
 .exceptions.irqtest
                0x0000000000000074       0x10 ../ebook_1_bsp/\libhal_bsp.a(alt_irq_entry.o)
 *(.exceptions.irqhandler.user)
 *(.exceptions.irqhandler)
 .exceptions.irqhandler
                0x0000000000000084        0x4 ../ebook_1_bsp/\libhal_bsp.a(alt_irq_entry.o)
 *(.exceptions.irqreturn.user)
 *(.exceptions.irqreturn)
 .exceptions.irqreturn
                0x0000000000000088        0x4 ../ebook_1_bsp/\libhal_bsp.a(alt_irq_entry.o)
 *(.exceptions.notirq.label)
 .exceptions.notirq.label
                0x000000000000008c        0x0 ../ebook_1_bsp/\libhal_bsp.a(alt_irq_entry.o)
 *(.exceptions.notirq.user)
 *(.exceptions.notirq)
 .exceptions.notirq
                0x000000000000008c        0x8 ../ebook_1_bsp/\libhal_bsp.a(alt_exception_entry.o)
 *(.exceptions.soft.user)
 *(.exceptions.soft)
 *(.exceptions.unknown.user)
 *(.exceptions.unknown)
 .exceptions.unknown
                0x0000000000000094       0x14 ../ebook_1_bsp/\libhal_bsp.a(alt_exception_entry.o)
 *(.exceptions.exit.label)
 .exceptions.exit.label
                0x00000000000000a8        0x0 ../ebook_1_bsp/\libhal_bsp.a(alt_irq_entry.o)
 .exceptions.exit.label
                0x00000000000000a8        0x0 ../ebook_1_bsp/\libhal_bsp.a(alt_exception_entry.o)
 *(.exceptions.exit.user)
 *(.exceptions.exit)
 .exceptions.exit
                0x00000000000000a8       0x54 ../ebook_1_bsp/\libhal_bsp.a(alt_exception_entry.o)
 *(.exceptions)
 .exceptions    0x00000000000000fc       0xd4 ../ebook_1_bsp/\libhal_bsp.a(alt_irq_handler.o)
                0x00000000000000fc                alt_irq_handler
 .exceptions    0x00000000000001d0       0x74 ../ebook_1_bsp/\libhal_bsp.a(alt_instruction_exception_entry.o)
                0x00000000000001d0                alt_instruction_exception_entry
                0x0000000000000244                PROVIDE (__ram_exceptions_end, ABSOLUTE (.))
                0x0000000000000020                PROVIDE (__flash_exceptions_start, LOADADDR (.exceptions))

.text           0x0000000000000244     0x2910
                0x0000000000000244                PROVIDE (stext, ABSOLUTE (.))
 *(.interp)
 *(.hash)
 *(.dynsym)
 *(.dynstr)
 *(.gnu.version)
 *(.gnu.version_d)
 *(.gnu.version_r)
 *(.rel.init)
 *(.rela.init)
 *(.rel.text .rel.text.* .rel.gnu.linkonce.t.*)
 *(.rela.text .rela.text.* .rela.gnu.linkonce.t.*)
 *(.rel.fini)
 *(.rela.fini)
 *(.rel.rodata .rel.rodata.* .rel.gnu.linkonce.r.*)
 *(.rela.rodata .rela.rodata.* .rela.gnu.linkonce.r.*)
 *(.rel.data .rel.data.* .rel.gnu.linkonce.d.*)
 *(.rela.data .rela.data.* .rela.gnu.linkonce.d.*)
 *(.rel.tdata .rel.tdata.* .rel.gnu.linkonce.td.*)
 *(.rela.tdata .rela.tdata.* .rela.gnu.linkonce.td.*)
 *(.rel.tbss .rel.tbss.* .rel.gnu.linkonce.tb.*)
 *(.rela.tbss .rela.tbss.* .rela.gnu.linkonce.tb.*)
 *(.rel.ctors)
 *(.rela.ctors)
 *(.rel.dtors)
 *(.rela.dtors)
 *(.rel.got)
 *(.rela.got)
 *(.rel.sdata .rel.sdata.* .rel.gnu.linkonce.s.*)
 *(.rela.sdata .rela.sdata.* .rela.gnu.linkonce.s.*)
 *(.rel.sbss .rel.sbss.* .rel.gnu.linkonce.sb.*)
 *(.rela.sbss .rela.sbss.* .rela.gnu.linkonce.sb.*)
 *(.rel.sdata2 .rel.sdata2.* .rel.gnu.linkonce.s2.*)
 *(.rela.sdata2 .rela.sdata2.* .rela.gnu.linkonce.s2.*)
 *(.rel.sbss2 .rel.sbss2.* .rel.gnu.linkonce.sb2.*)
 *(.rela.sbss2 .rela.sbss2.* .rela.gnu.linkonce.sb2.*)
 *(.rel.bss .rel.bss.* .rel.gnu.linkonce.b.*)
 *(.rela.bss .rela.bss.* .rela.gnu.linkonce.b.*)
 *(.rel.plt)
 *(.rela.plt)
 *(.rel.dyn)
 *(.init)
 *(.plt)
 *(.text .stub .text.* .gnu.linkonce.t.*)
 .text          0x0000000000000244       0x4c ../ebook_1_bsp//obj/HAL/src/crt0.o
                0x0000000000000244                _start
 .text          0x0000000000000290       0x38 obj/default/main.o
                0x0000000000000290                main
 .text          0x00000000000002c8      0x6cc obj/default/screen.o
                0x00000000000002c8                setAreaRange
                0x0000000000000334                setDefaultTagBlock
                0x00000000000004b4                screenInit
                0x00000000000006b4                screenHeaderInit
                0x00000000000007fc                screenFooterInit
                0x0000000000000838                screenMainHomeInit
                0x0000000000000874                screenMainBookInit
                0x00000000000008b0                screenMainSettingInit
                0x00000000000008ec                screenMainColorPickerInit
                0x0000000000000928                screenMainAreaInfo
 .text          0x0000000000000994        0x0 obj/default/time_count.o
 .text          0x0000000000000994        0x0 obj/default/touch_resp.o
 .text          0x0000000000000994        0x0 obj/default/txt_read.o
 .text          0x0000000000000994       0x98 e:/altera/15.0/nios2eds/bin/gnu/h-x86_64-mingw32/bin/../lib/gcc/nios2-elf/4.9.1/../../../../../H-x86_64-mingw32/nios2-elf/lib\libc.a(lib_a-strlen.o)
                0x0000000000000994                strlen
 .text          0x0000000000000a2c       0xe4 ../ebook_1_bsp/\libhal_bsp.a(alt_load.o)
                0x0000000000000a90                alt_load
 .text          0x0000000000000b10       0x78 ../ebook_1_bsp/\libhal_bsp.a(alt_main.o)
                0x0000000000000b10                alt_main
 .text          0x0000000000000b88      0x108 ../ebook_1_bsp/\libhal_bsp.a(alt_sys_init.o)
                0x0000000000000bc0                alt_irq_init
                0x0000000000000bf4                alt_sys_init
 .text          0x0000000000000c90      0x164 ../ebook_1_bsp/\libhal_bsp.a(altera_avalon_jtag_uart_fd.o)
                0x0000000000000c90                altera_avalon_jtag_uart_read_fd
                0x0000000000000cf0                altera_avalon_jtag_uart_write_fd
                0x0000000000000d50                altera_avalon_jtag_uart_close_fd
                0x0000000000000da0                altera_avalon_jtag_uart_ioctl_fd
 .text          0x0000000000000df4      0x3d0 ../ebook_1_bsp/\libhal_bsp.a(altera_avalon_jtag_uart_init.o)
                0x0000000000000df4                altera_avalon_jtag_uart_init
                0x000000000000115c                altera_avalon_jtag_uart_close
 .text          0x00000000000011c4       0xec ../ebook_1_bsp/\libhal_bsp.a(altera_avalon_jtag_uart_ioctl.o)
                0x00000000000011c4                altera_avalon_jtag_uart_ioctl
 .text          0x00000000000012b0      0x20c ../ebook_1_bsp/\libhal_bsp.a(altera_avalon_jtag_uart_read.o)
                0x00000000000012b0                altera_avalon_jtag_uart_read
 .text          0x00000000000014bc      0x218 ../ebook_1_bsp/\libhal_bsp.a(altera_avalon_jtag_uart_write.o)
                0x00000000000014bc                altera_avalon_jtag_uart_write
 .text          0x00000000000016d4      0x140 ../ebook_1_bsp/\libhal_bsp.a(alt_alarm_start.o)
                0x00000000000016d4                alt_alarm_start
 .text          0x0000000000001814      0x120 ../ebook_1_bsp/\libhal_bsp.a(alt_close.o)
                0x0000000000001864                close
 .text          0x0000000000001934       0x44 ../ebook_1_bsp/\libhal_bsp.a(alt_dcache_flush_all.o)
                0x0000000000001934                alt_dcache_flush_all
 .text          0x0000000000001978       0x2c ../ebook_1_bsp/\libhal_bsp.a(alt_dev.o)
 .text          0x00000000000019a4       0xf4 ../ebook_1_bsp/\libhal_bsp.a(alt_dev_llist_insert.o)
                0x00000000000019f4                alt_dev_llist_insert
 .text          0x0000000000001a98       0x5c ../ebook_1_bsp/\libhal_bsp.a(alt_do_ctors.o)
                0x0000000000001a98                _do_ctors
 .text          0x0000000000001af4       0x5c ../ebook_1_bsp/\libhal_bsp.a(alt_do_dtors.o)
                0x0000000000001af4                _do_dtors
 .text          0x0000000000001b50        0x0 ../ebook_1_bsp/\libhal_bsp.a(alt_errno.o)
 .text          0x0000000000001b50       0x30 ../ebook_1_bsp/\libhal_bsp.a(alt_icache_flush_all.o)
                0x0000000000001b50                alt_icache_flush_all
 .text          0x0000000000001b80      0x138 ../ebook_1_bsp/\libhal_bsp.a(alt_io_redirect.o)
                0x0000000000001c40                alt_io_redirect
 .text          0x0000000000001cb8      0x1b0 ../ebook_1_bsp/\libhal_bsp.a(alt_irq_register.o)
                0x0000000000001cb8                alt_irq_register
 .text          0x0000000000001e68        0x0 ../ebook_1_bsp/\libhal_bsp.a(alt_irq_vars.o)
 .text          0x0000000000001e68      0x274 ../ebook_1_bsp/\libhal_bsp.a(alt_open.o)
                0x0000000000001f84                open
 .text          0x00000000000020dc       0x60 ../ebook_1_bsp/\libhal_bsp.a(alt_release_fd.o)
                0x00000000000020dc                alt_release_fd
 .text          0x000000000000213c      0x19c ../ebook_1_bsp/\libhal_bsp.a(alt_tick.o)
                0x000000000000213c                alt_alarm_stop
                0x00000000000021d4                alt_tick
 .text          0x00000000000022d8       0x20 ../ebook_1_bsp/\libhal_bsp.a(altera_nios2_gen2_irq.o)
                0x00000000000022d8                altera_nios2_gen2_irq_init
 .text          0x00000000000022f8       0x90 ../ebook_1_bsp/\libhal_bsp.a(alt_find_dev.o)
                0x00000000000022f8                alt_find_dev
 .text          0x0000000000002388      0x114 ../ebook_1_bsp/\libhal_bsp.a(alt_find_file.o)
                0x0000000000002388                alt_find_file
 .text          0x000000000000249c       0xb4 ../ebook_1_bsp/\libhal_bsp.a(alt_get_fd.o)
                0x000000000000249c                alt_get_fd
 .text          0x0000000000002550       0x8c ../ebook_1_bsp/\libhal_bsp.a(alt_icache_flush.o)
                0x0000000000002550                alt_icache_flush
 .text          0x00000000000025dc        0x0 ../ebook_1_bsp/\libhal_bsp.a(alt_irq_entry.o)
 .text          0x00000000000025dc        0x0 ../ebook_1_bsp/\libhal_bsp.a(alt_irq_handler.o)
 .text          0x00000000000025dc        0x0 ../ebook_1_bsp/\libhal_bsp.a(alt_exception_entry.o)
 .text          0x00000000000025dc       0x9c ../ebook_1_bsp/\libhal_bsp.a(alt_instruction_exception_entry.o)
                0x00000000000025dc                alt_exception_cause_generated_bad_addr
 .text          0x0000000000002678       0x14 e:/altera/15.0/nios2eds/bin/gnu/h-x86_64-mingw32/bin/../lib/gcc/nios2-elf/4.9.1/../../../../../H-x86_64-mingw32/nios2-elf/lib\libc.a(lib_a-atexit.o)
                0x0000000000002678                atexit
 .text          0x000000000000268c       0x38 e:/altera/15.0/nios2eds/bin/gnu/h-x86_64-mingw32/bin/../lib/gcc/nios2-elf/4.9.1/../../../../../H-x86_64-mingw32/nios2-elf/lib\libc.a(lib_a-exit.o)
                0x000000000000268c                exit
 .text          0x00000000000026c4        0x0 e:/altera/15.0/nios2eds/bin/gnu/h-x86_64-mingw32/bin/../lib/gcc/nios2-elf/4.9.1/../../../../../H-x86_64-mingw32/nios2-elf/lib\libc.a(lib_a-impure.o)
 .text          0x00000000000026c4        0x0 e:/altera/15.0/nios2eds/bin/gnu/h-x86_64-mingw32/bin/../lib/gcc/nios2-elf/4.9.1/../../../../../H-x86_64-mingw32/nios2-elf/lib\libc.a(lib_a-int_errno.o)
 .text          0x00000000000026c4       0x7c e:/altera/15.0/nios2eds/bin/gnu/h-x86_64-mingw32/bin/../lib/gcc/nios2-elf/4.9.1/../../../../../H-x86_64-mingw32/nios2-elf/lib\libc.a(lib_a-memcmp.o)
                0x00000000000026c4                memcmp
 .text          0x0000000000002740      0x138 e:/altera/15.0/nios2eds/bin/gnu/h-x86_64-mingw32/bin/../lib/gcc/nios2-elf/4.9.1/../../../../../H-x86_64-mingw32/nios2-elf/lib\libc.a(lib_a-memcpy.o)
                0x0000000000002740                memcpy
 .text          0x0000000000002878      0x114 e:/altera/15.0/nios2eds/bin/gnu/h-x86_64-mingw32/bin/../lib/gcc/nios2-elf/4.9.1/../../../../../H-x86_64-mingw32/nios2-elf/lib\libc.a(lib_a-__atexit.o)
                0x0000000000002878                __register_exitproc
 .text          0x000000000000298c      0x194 e:/altera/15.0/nios2eds/bin/gnu/h-x86_64-mingw32/bin/../lib/gcc/nios2-elf/4.9.1/../../../../../H-x86_64-mingw32/nios2-elf/lib\libc.a(lib_a-__call_atexit.o)
                0x000000000000298c                __call_exitprocs
 .text          0x0000000000002b20       0x34 ../ebook_1_bsp/\libhal_bsp.a(alt_exit.o)
                0x0000000000002b20                _exit
 *(.gnu.warning.*)
 *(.fini)
                0x0000000000002b54                PROVIDE (__etext, ABSOLUTE (.))
                0x0000000000002b54                PROVIDE (_etext, ABSOLUTE (.))
                0x0000000000002b54                PROVIDE (etext, ABSOLUTE (.))
 *(.eh_frame_hdr)
                0x0000000000002b54                . = ALIGN (0x4)
                0x0000000000002b54                PROVIDE (__preinit_array_start, ABSOLUTE (.))
 *(.preinit_array)
                0x0000000000002b54                PROVIDE (__preinit_array_end, ABSOLUTE (.))
                0x0000000000002b54                PROVIDE (__init_array_start, ABSOLUTE (.))
 *(.init_array)
                0x0000000000002b54                PROVIDE (__init_array_end, ABSOLUTE (.))
                0x0000000000002b54                PROVIDE (__fini_array_start, ABSOLUTE (.))
 *(.fini_array)
                0x0000000000002b54                PROVIDE (__fini_array_end, ABSOLUTE (.))
 *(.eh_frame)
 *(.gcc_except_table .gcc_except_table.*)
 *(.dynamic)
                0x0000000000002b54                PROVIDE (__CTOR_LIST__, ABSOLUTE (.))
 *(.ctors)
 *(SORT(.ctors.*))
                0x0000000000002b54                PROVIDE (__CTOR_END__, ABSOLUTE (.))
                0x0000000000002b54                PROVIDE (__DTOR_LIST__, ABSOLUTE (.))
 *(.dtors)
 *(SORT(.dtors.*))
                0x0000000000002b54                PROVIDE (__DTOR_END__, ABSOLUTE (.))
 *(.jcr)
                0x0000000000002b54                . = ALIGN (0x4)

.rodata         0x0000000000002b54       0xd4
                0x0000000000002b54                PROVIDE (__ram_rodata_start, ABSOLUTE (.))
                0x0000000000002b54                . = ALIGN (0x4)
 *(.rodata .rodata.* .gnu.linkonce.r.*)
 .rodata        0x0000000000002b54       0x10 obj/default/screen.o
 .rodata        0x0000000000002b64       0x10 ../ebook_1_bsp/\libhal_bsp.a(alt_main.o)
 .rodata        0x0000000000002b74       0xa4 ../ebook_1_bsp/\libhal_bsp.a(alt_sys_init.o)
 .rodata        0x0000000000002c18        0xc ../ebook_1_bsp/\libhal_bsp.a(alt_dev.o)
 .rodata.str1.4
                0x0000000000002c24        0x4 e:/altera/15.0/nios2eds/bin/gnu/h-x86_64-mingw32/bin/../lib/gcc/nios2-elf/4.9.1/../../../../../H-x86_64-mingw32/nios2-elf/lib\libc.a(lib_a-impure.o)
 *(.rodata1)
                0x0000000000002c28                . = ALIGN (0x4)
                0x0000000000002c28                PROVIDE (__ram_rodata_end, ABSOLUTE (.))
                0x0000000000002b54                PROVIDE (__flash_rodata_start, LOADADDR (.rodata))

.rwdata         0x0000000000002c28     0x1798 load address 0x00000000000043c0
                0x0000000000002c28                PROVIDE (__ram_rwdata_start, ABSOLUTE (.))
                0x0000000000002c28                . = ALIGN (0x4)
 *(.got.plt)
 *(.got)
 *(.data1)
 *(.data .data.* .gnu.linkonce.d.*)
 .data          0x0000000000002c28        0x0 ../ebook_1_bsp//obj/HAL/src/crt0.o
 .data          0x0000000000002c28        0x0 obj/default/main.o
 .data          0x0000000000002c28        0x0 obj/default/screen.o
 .data          0x0000000000002c28        0x0 obj/default/time_count.o
 .data          0x0000000000002c28        0x0 obj/default/touch_resp.o
 .data          0x0000000000002c28        0x0 obj/default/txt_read.o
 .data          0x0000000000002c28        0x0 e:/altera/15.0/nios2eds/bin/gnu/h-x86_64-mingw32/bin/../lib/gcc/nios2-elf/4.9.1/../../../../../H-x86_64-mingw32/nios2-elf/lib\libc.a(lib_a-strlen.o)
 .data          0x0000000000002c28        0x0 ../ebook_1_bsp/\libhal_bsp.a(alt_load.o)
 .data          0x0000000000002c28        0x0 ../ebook_1_bsp/\libhal_bsp.a(alt_main.o)
 .data          0x0000000000002c28     0x1194 ../ebook_1_bsp/\libhal_bsp.a(alt_sys_init.o)
 .data          0x0000000000003dbc        0x0 ../ebook_1_bsp/\libhal_bsp.a(altera_avalon_jtag_uart_fd.o)
 .data          0x0000000000003dbc        0x0 ../ebook_1_bsp/\libhal_bsp.a(altera_avalon_jtag_uart_init.o)
 .data          0x0000000000003dbc        0x0 ../ebook_1_bsp/\libhal_bsp.a(altera_avalon_jtag_uart_ioctl.o)
 .data          0x0000000000003dbc        0x0 ../ebook_1_bsp/\libhal_bsp.a(altera_avalon_jtag_uart_read.o)
 .data          0x0000000000003dbc        0x0 ../ebook_1_bsp/\libhal_bsp.a(altera_avalon_jtag_uart_write.o)
 .data          0x0000000000003dbc        0x0 ../ebook_1_bsp/\libhal_bsp.a(alt_alarm_start.o)
 .data          0x0000000000003dbc        0x0 ../ebook_1_bsp/\libhal_bsp.a(alt_close.o)
 .data          0x0000000000003dbc        0x0 ../ebook_1_bsp/\libhal_bsp.a(alt_dcache_flush_all.o)
 .data          0x0000000000003dbc      0x1a8 ../ebook_1_bsp/\libhal_bsp.a(alt_dev.o)
                0x0000000000003dbc                alt_dev_null
                0x0000000000003de4                alt_fd_list
 .data          0x0000000000003f64        0x0 ../ebook_1_bsp/\libhal_bsp.a(alt_dev_llist_insert.o)
 .data          0x0000000000003f64        0x0 ../ebook_1_bsp/\libhal_bsp.a(alt_do_ctors.o)
 .data          0x0000000000003f64        0x0 ../ebook_1_bsp/\libhal_bsp.a(alt_do_dtors.o)
 .data          0x0000000000003f64        0x0 ../ebook_1_bsp/\libhal_bsp.a(alt_errno.o)
 .data          0x0000000000003f64        0x0 ../ebook_1_bsp/\libhal_bsp.a(alt_icache_flush_all.o)
 .data          0x0000000000003f64        0x0 ../ebook_1_bsp/\libhal_bsp.a(alt_io_redirect.o)
 .data          0x0000000000003f64        0x0 ../ebook_1_bsp/\libhal_bsp.a(alt_irq_register.o)
 .data          0x0000000000003f64        0x0 ../ebook_1_bsp/\libhal_bsp.a(alt_irq_vars.o)
 .data          0x0000000000003f64        0x0 ../ebook_1_bsp/\libhal_bsp.a(alt_open.o)
 .data          0x0000000000003f64        0x0 ../ebook_1_bsp/\libhal_bsp.a(alt_release_fd.o)
 .data          0x0000000000003f64        0x0 ../ebook_1_bsp/\libhal_bsp.a(alt_tick.o)
 .data          0x0000000000003f64        0x0 ../ebook_1_bsp/\libhal_bsp.a(altera_nios2_gen2_irq.o)
 .data          0x0000000000003f64        0x0 ../ebook_1_bsp/\libhal_bsp.a(alt_find_dev.o)
 .data          0x0000000000003f64        0x0 ../ebook_1_bsp/\libhal_bsp.a(alt_find_file.o)
 .data          0x0000000000003f64        0x0 ../ebook_1_bsp/\libhal_bsp.a(alt_get_fd.o)
 .data          0x0000000000003f64        0x0 ../ebook_1_bsp/\libhal_bsp.a(alt_icache_flush.o)
 .data          0x0000000000003f64        0x0 ../ebook_1_bsp/\libhal_bsp.a(alt_irq_entry.o)
 .data          0x0000000000003f64        0x0 ../ebook_1_bsp/\libhal_bsp.a(alt_irq_handler.o)
 .data          0x0000000000003f64        0x0 ../ebook_1_bsp/\libhal_bsp.a(alt_exception_entry.o)
 .data          0x0000000000003f64        0x0 ../ebook_1_bsp/\libhal_bsp.a(alt_instruction_exception_entry.o)
 .data          0x0000000000003f64        0x0 e:/altera/15.0/nios2eds/bin/gnu/h-x86_64-mingw32/bin/../lib/gcc/nios2-elf/4.9.1/../../../../../H-x86_64-mingw32/nios2-elf/lib\libc.a(lib_a-atexit.o)
 .data          0x0000000000003f64        0x0 e:/altera/15.0/nios2eds/bin/gnu/h-x86_64-mingw32/bin/../lib/gcc/nios2-elf/4.9.1/../../../../../H-x86_64-mingw32/nios2-elf/lib\libc.a(lib_a-exit.o)
 .data          0x0000000000003f64      0x424 e:/altera/15.0/nios2eds/bin/gnu/h-x86_64-mingw32/bin/../lib/gcc/nios2-elf/4.9.1/../../../../../H-x86_64-mingw32/nios2-elf/lib\libc.a(lib_a-impure.o)
 .data          0x0000000000004388        0x0 e:/altera/15.0/nios2eds/bin/gnu/h-x86_64-mingw32/bin/../lib/gcc/nios2-elf/4.9.1/../../../../../H-x86_64-mingw32/nios2-elf/lib\libc.a(lib_a-int_errno.o)
 .data          0x0000000000004388        0x0 e:/altera/15.0/nios2eds/bin/gnu/h-x86_64-mingw32/bin/../lib/gcc/nios2-elf/4.9.1/../../../../../H-x86_64-mingw32/nios2-elf/lib\libc.a(lib_a-memcmp.o)
 .data          0x0000000000004388        0x0 e:/altera/15.0/nios2eds/bin/gnu/h-x86_64-mingw32/bin/../lib/gcc/nios2-elf/4.9.1/../../../../../H-x86_64-mingw32/nios2-elf/lib\libc.a(lib_a-memcpy.o)
 .data          0x0000000000004388        0x0 e:/altera/15.0/nios2eds/bin/gnu/h-x86_64-mingw32/bin/../lib/gcc/nios2-elf/4.9.1/../../../../../H-x86_64-mingw32/nios2-elf/lib\libc.a(lib_a-__atexit.o)
 .data          0x0000000000004388        0x0 e:/altera/15.0/nios2eds/bin/gnu/h-x86_64-mingw32/bin/../lib/gcc/nios2-elf/4.9.1/../../../../../H-x86_64-mingw32/nios2-elf/lib\libc.a(lib_a-__call_atexit.o)
 .data          0x0000000000004388        0x0 ../ebook_1_bsp/\libhal_bsp.a(alt_exit.o)
                0x000000000000c388                _gp = ABSOLUTE ((. + 0x8000))
                0x000000000000c388                PROVIDE (gp, _gp)
 *(.rwdata .rwdata.*)
 *(.sdata .sdata.* .gnu.linkonce.s.*)
 .sdata         0x0000000000004388        0xc obj/default/screen.o
                0x0000000000004388                defaultColorInfo
                0x0000000000004390                str1
 .sdata         0x0000000000004394       0x14 ../ebook_1_bsp/\libhal_bsp.a(alt_dev.o)
                0x0000000000004394                alt_fs_list
                0x000000000000439c                alt_dev_list
                0x00000000000043a4                alt_max_fd
 .sdata         0x00000000000043a8        0x4 ../ebook_1_bsp/\libhal_bsp.a(alt_errno.o)
                0x00000000000043a8                alt_errno
 .sdata         0x00000000000043ac        0x4 ../ebook_1_bsp/\libhal_bsp.a(alt_irq_vars.o)
                0x00000000000043ac                alt_priority_mask
 .sdata         0x00000000000043b0        0x8 ../ebook_1_bsp/\libhal_bsp.a(alt_tick.o)
                0x00000000000043b0                alt_alarm_list
 .sdata         0x00000000000043b8        0x8 e:/altera/15.0/nios2eds/bin/gnu/h-x86_64-mingw32/bin/../lib/gcc/nios2-elf/4.9.1/../../../../../H-x86_64-mingw32/nios2-elf/lib\libc.a(lib_a-impure.o)
                0x00000000000043b8                _global_impure_ptr
                0x00000000000043bc                _impure_ptr
 *(.sdata2 .sdata2.* .gnu.linkonce.s2.*)
                0x00000000000043c0                . = ALIGN (0x4)
                0x00000000000043c0                _edata = ABSOLUTE (.)
                0x00000000000043c0                PROVIDE (edata, ABSOLUTE (.))
                0x00000000000043c0                PROVIDE (__ram_rwdata_end, ABSOLUTE (.))
                0x00000000000043c0                PROVIDE (__flash_rwdata_start, LOADADDR (.rwdata))

.bss            0x0000000000005b58      0xa58
                0x0000000000005b58                __bss_start = ABSOLUTE (.)
                0x0000000000005b58                PROVIDE (__sbss_start, ABSOLUTE (.))
                0x0000000000005b58                PROVIDE (___sbss_start, ABSOLUTE (.))
 *(.dynsbss)
 *(.sbss .sbss.* .gnu.linkonce.sb.*)
 .sbss          0x0000000000005b58        0xc ../ebook_1_bsp/\libhal_bsp.a(alt_main.o)
                0x0000000000005b58                alt_argc
                0x0000000000005b5c                alt_argv
                0x0000000000005b60                alt_envp
 .sbss          0x0000000000005b64        0x4 ../ebook_1_bsp/\libhal_bsp.a(alt_irq_vars.o)
                0x0000000000005b64                alt_irq_active
 .sbss          0x0000000000005b68        0x8 ../ebook_1_bsp/\libhal_bsp.a(alt_tick.o)
                0x0000000000005b68                _alt_tick_rate
                0x0000000000005b6c                _alt_nticks
 .sbss          0x0000000000005b70        0x4 ../ebook_1_bsp/\libhal_bsp.a(alt_instruction_exception_entry.o)
                0x0000000000005b70                alt_instruction_exception_handler
 .sbss          0x0000000000005b74        0x4 e:/altera/15.0/nios2eds/bin/gnu/h-x86_64-mingw32/bin/../lib/gcc/nios2-elf/4.9.1/../../../../../H-x86_64-mingw32/nios2-elf/lib\libc.a(lib_a-int_errno.o)
                0x0000000000005b74                errno
 *(.sbss2 .sbss2.* .gnu.linkonce.sb2.*)
 *(.scommon)
                0x0000000000005b78                PROVIDE (__sbss_end, ABSOLUTE (.))
                0x0000000000005b78                PROVIDE (___sbss_end, ABSOLUTE (.))
 *(.dynbss)
 *(.bss .bss.* .gnu.linkonce.b.*)
 .bss           0x0000000000005b78        0x0 ../ebook_1_bsp//obj/HAL/src/crt0.o
 .bss           0x0000000000005b78        0x0 obj/default/main.o
 .bss           0x0000000000005b78        0x0 obj/default/screen.o
 .bss           0x0000000000005b78        0x0 obj/default/time_count.o
 .bss           0x0000000000005b78        0x0 obj/default/touch_resp.o
 .bss           0x0000000000005b78        0x0 obj/default/txt_read.o
 .bss           0x0000000000005b78        0x0 e:/altera/15.0/nios2eds/bin/gnu/h-x86_64-mingw32/bin/../lib/gcc/nios2-elf/4.9.1/../../../../../H-x86_64-mingw32/nios2-elf/lib\libc.a(lib_a-strlen.o)
 .bss           0x0000000000005b78        0x0 ../ebook_1_bsp/\libhal_bsp.a(alt_load.o)
 .bss           0x0000000000005b78        0x0 ../ebook_1_bsp/\libhal_bsp.a(alt_main.o)
 .bss           0x0000000000005b78        0x0 ../ebook_1_bsp/\libhal_bsp.a(alt_sys_init.o)
 .bss           0x0000000000005b78        0x0 ../ebook_1_bsp/\libhal_bsp.a(altera_avalon_jtag_uart_fd.o)
 .bss           0x0000000000005b78        0x0 ../ebook_1_bsp/\libhal_bsp.a(altera_avalon_jtag_uart_init.o)
 .bss           0x0000000000005b78        0x0 ../ebook_1_bsp/\libhal_bsp.a(altera_avalon_jtag_uart_ioctl.o)
 .bss           0x0000000000005b78        0x0 ../ebook_1_bsp/\libhal_bsp.a(altera_avalon_jtag_uart_read.o)
 .bss           0x0000000000005b78        0x0 ../ebook_1_bsp/\libhal_bsp.a(altera_avalon_jtag_uart_write.o)
 .bss           0x0000000000005b78        0x0 ../ebook_1_bsp/\libhal_bsp.a(alt_alarm_start.o)
 .bss           0x0000000000005b78        0x0 ../ebook_1_bsp/\libhal_bsp.a(alt_close.o)
 .bss           0x0000000000005b78        0x0 ../ebook_1_bsp/\libhal_bsp.a(alt_dcache_flush_all.o)
 .bss           0x0000000000005b78        0x0 ../ebook_1_bsp/\libhal_bsp.a(alt_dev.o)
 .bss           0x0000000000005b78        0x0 ../ebook_1_bsp/\libhal_bsp.a(alt_dev_llist_insert.o)
 .bss           0x0000000000005b78        0x0 ../ebook_1_bsp/\libhal_bsp.a(alt_do_ctors.o)
 .bss           0x0000000000005b78        0x0 ../ebook_1_bsp/\libhal_bsp.a(alt_do_dtors.o)
 .bss           0x0000000000005b78        0x0 ../ebook_1_bsp/\libhal_bsp.a(alt_errno.o)
 .bss           0x0000000000005b78        0x0 ../ebook_1_bsp/\libhal_bsp.a(alt_icache_flush_all.o)
 .bss           0x0000000000005b78        0x0 ../ebook_1_bsp/\libhal_bsp.a(alt_io_redirect.o)
 .bss           0x0000000000005b78        0x0 ../ebook_1_bsp/\libhal_bsp.a(alt_irq_register.o)
 .bss           0x0000000000005b78        0x0 ../ebook_1_bsp/\libhal_bsp.a(alt_irq_vars.o)
 .bss           0x0000000000005b78        0x0 ../ebook_1_bsp/\libhal_bsp.a(alt_open.o)
 .bss           0x0000000000005b78        0x0 ../ebook_1_bsp/\libhal_bsp.a(alt_release_fd.o)
 .bss           0x0000000000005b78        0x0 ../ebook_1_bsp/\libhal_bsp.a(alt_tick.o)
 .bss           0x0000000000005b78        0x0 ../ebook_1_bsp/\libhal_bsp.a(altera_nios2_gen2_irq.o)
 .bss           0x0000000000005b78        0x0 ../ebook_1_bsp/\libhal_bsp.a(alt_find_dev.o)
 .bss           0x0000000000005b78        0x0 ../ebook_1_bsp/\libhal_bsp.a(alt_find_file.o)
 .bss           0x0000000000005b78        0x0 ../ebook_1_bsp/\libhal_bsp.a(alt_get_fd.o)
 .bss           0x0000000000005b78        0x0 ../ebook_1_bsp/\libhal_bsp.a(alt_icache_flush.o)
 .bss           0x0000000000005b78        0x0 ../ebook_1_bsp/\libhal_bsp.a(alt_irq_entry.o)
 .bss           0x0000000000005b78        0x0 ../ebook_1_bsp/\libhal_bsp.a(alt_irq_handler.o)
 .bss           0x0000000000005b78        0x0 ../ebook_1_bsp/\libhal_bsp.a(alt_exception_entry.o)
 .bss           0x0000000000005b78        0x0 ../ebook_1_bsp/\libhal_bsp.a(alt_instruction_exception_entry.o)
 .bss           0x0000000000005b78        0x0 e:/altera/15.0/nios2eds/bin/gnu/h-x86_64-mingw32/bin/../lib/gcc/nios2-elf/4.9.1/../../../../../H-x86_64-mingw32/nios2-elf/lib\libc.a(lib_a-atexit.o)
 .bss           0x0000000000005b78        0x0 e:/altera/15.0/nios2eds/bin/gnu/h-x86_64-mingw32/bin/../lib/gcc/nios2-elf/4.9.1/../../../../../H-x86_64-mingw32/nios2-elf/lib\libc.a(lib_a-exit.o)
 .bss           0x0000000000005b78        0x0 e:/altera/15.0/nios2eds/bin/gnu/h-x86_64-mingw32/bin/../lib/gcc/nios2-elf/4.9.1/../../../../../H-x86_64-mingw32/nios2-elf/lib\libc.a(lib_a-impure.o)
 .bss           0x0000000000005b78        0x0 e:/altera/15.0/nios2eds/bin/gnu/h-x86_64-mingw32/bin/../lib/gcc/nios2-elf/4.9.1/../../../../../H-x86_64-mingw32/nios2-elf/lib\libc.a(lib_a-int_errno.o)
 .bss           0x0000000000005b78        0x0 e:/altera/15.0/nios2eds/bin/gnu/h-x86_64-mingw32/bin/../lib/gcc/nios2-elf/4.9.1/../../../../../H-x86_64-mingw32/nios2-elf/lib\libc.a(lib_a-memcmp.o)
 .bss           0x0000000000005b78        0x0 e:/altera/15.0/nios2eds/bin/gnu/h-x86_64-mingw32/bin/../lib/gcc/nios2-elf/4.9.1/../../../../../H-x86_64-mingw32/nios2-elf/lib\libc.a(lib_a-memcpy.o)
 .bss           0x0000000000005b78        0x0 e:/altera/15.0/nios2eds/bin/gnu/h-x86_64-mingw32/bin/../lib/gcc/nios2-elf/4.9.1/../../../../../H-x86_64-mingw32/nios2-elf/lib\libc.a(lib_a-__atexit.o)
 .bss           0x0000000000005b78        0x0 e:/altera/15.0/nios2eds/bin/gnu/h-x86_64-mingw32/bin/../lib/gcc/nios2-elf/4.9.1/../../../../../H-x86_64-mingw32/nios2-elf/lib\libc.a(lib_a-__call_atexit.o)
 .bss           0x0000000000005b78        0x0 ../ebook_1_bsp/\libhal_bsp.a(alt_exit.o)
 *(COMMON)
 COMMON         0x0000000000005b78      0x7a4 obj/default/screen.o
                0x0000000000005b78                tftlcdScreenInst
 COMMON         0x000000000000631c      0x193 obj/default/txt_read.o
                0x000000000000631c                txtFilesInfoInst
                0x0000000000006328                txtBookSpace
                0x000000000000647c                sdCardFileName
 *fill*         0x00000000000064af        0x1 
 COMMON         0x00000000000064b0      0x100 ../ebook_1_bsp/\libhal_bsp.a(alt_irq_handler.o)
                0x00000000000064b0                alt_irq
                0x00000000000065b0                . = ALIGN (0x4)
                0x00000000000065b0                __bss_end = ABSOLUTE (.)

.sdram          0x00000000000065b0        0x0
                0x00000000000065b0                PROVIDE (_alt_partition_sdram_start, ABSOLUTE (.))
 *(.sdram .sdram. sdram.*)
                0x00000000000065b0                . = ALIGN (0x4)
                0x00000000000065b0                PROVIDE (_alt_partition_sdram_end, ABSOLUTE (.))
                0x00000000000065b0                _end = ABSOLUTE (.)
                0x00000000000065b0                end = ABSOLUTE (.)
                0x00000000000065b0                __alt_stack_base = ABSOLUTE (.)
                0x00000000000065b0                PROVIDE (_alt_partition_sdram_load_addr, LOADADDR (.sdram))

.sram           0x0000000008000000        0x0 load address 0x00000000000065b0
                0x0000000008000000                PROVIDE (_alt_partition_sram_start, ABSOLUTE (.))
 *(.sram .sram. sram.*)
                0x0000000008000000                . = ALIGN (0x4)
                0x0000000008000000                PROVIDE (_alt_partition_sram_end, ABSOLUTE (.))
                0x00000000000065b0                PROVIDE (_alt_partition_sram_load_addr, LOADADDR (.sram))

.stab
 *(.stab)

.stabstr
 *(.stabstr)

.stab.excl
 *(.stab.excl)

.stab.exclstr
 *(.stab.exclstr)

.stab.index
 *(.stab.index)

.stab.indexstr
 *(.stab.indexstr)

.comment        0x0000000000000000       0x23
 *(.comment)
 .comment       0x0000000000000000       0x23 obj/default/main.o
                                         0x24 (size before relaxing)
 .comment       0x0000000000000000       0x24 obj/default/screen.o
 .comment       0x0000000000000000       0x24 obj/default/time_count.o
 .comment       0x0000000000000000       0x24 obj/default/touch_resp.o
 .comment       0x0000000000000000       0x24 obj/default/txt_read.o
 .comment       0x0000000000000000       0x24 e:/altera/15.0/nios2eds/bin/gnu/h-x86_64-mingw32/bin/../lib/gcc/nios2-elf/4.9.1/../../../../../H-x86_64-mingw32/nios2-elf/lib\libc.a(lib_a-strlen.o)
 .comment       0x0000000000000000       0x24 ../ebook_1_bsp/\libhal_bsp.a(alt_load.o)
 .comment       0x0000000000000000       0x24 ../ebook_1_bsp/\libhal_bsp.a(alt_main.o)
 .comment       0x0000000000000000       0x24 ../ebook_1_bsp/\libhal_bsp.a(alt_sys_init.o)
 .comment       0x0000000000000000       0x24 ../ebook_1_bsp/\libhal_bsp.a(altera_avalon_jtag_uart_fd.o)
 .comment       0x0000000000000000       0x24 ../ebook_1_bsp/\libhal_bsp.a(altera_avalon_jtag_uart_init.o)
 .comment       0x0000000000000000       0x24 ../ebook_1_bsp/\libhal_bsp.a(altera_avalon_jtag_uart_ioctl.o)
 .comment       0x0000000000000000       0x24 ../ebook_1_bsp/\libhal_bsp.a(altera_avalon_jtag_uart_read.o)
 .comment       0x0000000000000000       0x24 ../ebook_1_bsp/\libhal_bsp.a(altera_avalon_jtag_uart_write.o)
 .comment       0x0000000000000000       0x24 ../ebook_1_bsp/\libhal_bsp.a(alt_alarm_start.o)
 .comment       0x0000000000000000       0x24 ../ebook_1_bsp/\libhal_bsp.a(alt_close.o)
 .comment       0x0000000000000000       0x24 ../ebook_1_bsp/\libhal_bsp.a(alt_dcache_flush_all.o)
 .comment       0x0000000000000000       0x24 ../ebook_1_bsp/\libhal_bsp.a(alt_dev.o)
 .comment       0x0000000000000000       0x24 ../ebook_1_bsp/\libhal_bsp.a(alt_dev_llist_insert.o)
 .comment       0x0000000000000000       0x24 ../ebook_1_bsp/\libhal_bsp.a(alt_do_ctors.o)
 .comment       0x0000000000000000       0x24 ../ebook_1_bsp/\libhal_bsp.a(alt_do_dtors.o)
 .comment       0x0000000000000000       0x24 ../ebook_1_bsp/\libhal_bsp.a(alt_errno.o)
 .comment       0x0000000000000000       0x24 ../ebook_1_bsp/\libhal_bsp.a(alt_icache_flush_all.o)
 .comment       0x0000000000000000       0x24 ../ebook_1_bsp/\libhal_bsp.a(alt_io_redirect.o)
 .comment       0x0000000000000000       0x24 ../ebook_1_bsp/\libhal_bsp.a(alt_irq_register.o)
 .comment       0x0000000000000000       0x24 ../ebook_1_bsp/\libhal_bsp.a(alt_irq_vars.o)
 .comment       0x0000000000000000       0x24 ../ebook_1_bsp/\libhal_bsp.a(alt_open.o)
 .comment       0x0000000000000000       0x24 ../ebook_1_bsp/\libhal_bsp.a(alt_release_fd.o)
 .comment       0x0000000000000000       0x24 ../ebook_1_bsp/\libhal_bsp.a(alt_tick.o)
 .comment       0x0000000000000000       0x24 ../ebook_1_bsp/\libhal_bsp.a(altera_nios2_gen2_irq.o)
 .comment       0x0000000000000000       0x24 ../ebook_1_bsp/\libhal_bsp.a(alt_find_dev.o)
 .comment       0x0000000000000000       0x24 ../ebook_1_bsp/\libhal_bsp.a(alt_find_file.o)
 .comment       0x0000000000000000       0x24 ../ebook_1_bsp/\libhal_bsp.a(alt_get_fd.o)
 .comment       0x0000000000000000       0x24 ../ebook_1_bsp/\libhal_bsp.a(alt_icache_flush.o)
 .comment       0x0000000000000000       0x24 ../ebook_1_bsp/\libhal_bsp.a(alt_irq_handler.o)
 .comment       0x0000000000000000       0x24 ../ebook_1_bsp/\libhal_bsp.a(alt_instruction_exception_entry.o)
 .comment       0x0000000000000000       0x24 e:/altera/15.0/nios2eds/bin/gnu/h-x86_64-mingw32/bin/../lib/gcc/nios2-elf/4.9.1/../../../../../H-x86_64-mingw32/nios2-elf/lib\libc.a(lib_a-atexit.o)
 .comment       0x0000000000000000       0x24 e:/altera/15.0/nios2eds/bin/gnu/h-x86_64-mingw32/bin/../lib/gcc/nios2-elf/4.9.1/../../../../../H-x86_64-mingw32/nios2-elf/lib\libc.a(lib_a-exit.o)
 .comment       0x0000000000000000       0x24 e:/altera/15.0/nios2eds/bin/gnu/h-x86_64-mingw32/bin/../lib/gcc/nios2-elf/4.9.1/../../../../../H-x86_64-mingw32/nios2-elf/lib\libc.a(lib_a-impure.o)
 .comment       0x0000000000000000       0x24 e:/altera/15.0/nios2eds/bin/gnu/h-x86_64-mingw32/bin/../lib/gcc/nios2-elf/4.9.1/../../../../../H-x86_64-mingw32/nios2-elf/lib\libc.a(lib_a-int_errno.o)
 .comment       0x0000000000000000       0x24 e:/altera/15.0/nios2eds/bin/gnu/h-x86_64-mingw32/bin/../lib/gcc/nios2-elf/4.9.1/../../../../../H-x86_64-mingw32/nios2-elf/lib\libc.a(lib_a-memcmp.o)
 .comment       0x0000000000000000       0x24 e:/altera/15.0/nios2eds/bin/gnu/h-x86_64-mingw32/bin/../lib/gcc/nios2-elf/4.9.1/../../../../../H-x86_64-mingw32/nios2-elf/lib\libc.a(lib_a-memcpy.o)
 .comment       0x0000000000000000       0x24 e:/altera/15.0/nios2eds/bin/gnu/h-x86_64-mingw32/bin/../lib/gcc/nios2-elf/4.9.1/../../../../../H-x86_64-mingw32/nios2-elf/lib\libc.a(lib_a-__atexit.o)
 .comment       0x0000000000000000       0x24 e:/altera/15.0/nios2eds/bin/gnu/h-x86_64-mingw32/bin/../lib/gcc/nios2-elf/4.9.1/../../../../../H-x86_64-mingw32/nios2-elf/lib\libc.a(lib_a-__call_atexit.o)
 .comment       0x0000000000000000       0x24 ../ebook_1_bsp/\libhal_bsp.a(alt_exit.o)

.debug
 *(.debug)

.line
 *(.line)

.debug_srcinfo
 *(.debug_srcinfo)

.debug_sfnames
 *(.debug_sfnames)

.debug_aranges  0x0000000000000000      0x5d0
 *(.debug_aranges)
 .debug_aranges
                0x0000000000000000       0x28 ../ebook_1_bsp//obj/HAL/src/crt0.o
 .debug_aranges
                0x0000000000000028       0x20 obj/default/main.o
 .debug_aranges
                0x0000000000000048       0x20 obj/default/screen.o
 .debug_aranges
                0x0000000000000068       0x18 obj/default/txt_read.o
 .debug_aranges
                0x0000000000000080       0x20 e:/altera/15.0/nios2eds/bin/gnu/h-x86_64-mingw32/bin/../lib/gcc/nios2-elf/4.9.1/../../../../../H-x86_64-mingw32/nios2-elf/lib\libc.a(lib_a-strlen.o)
 .debug_aranges
                0x00000000000000a0       0x20 ../ebook_1_bsp/\libhal_bsp.a(alt_load.o)
 .debug_aranges
                0x00000000000000c0       0x20 ../ebook_1_bsp/\libhal_bsp.a(alt_main.o)
 .debug_aranges
                0x00000000000000e0       0x20 ../ebook_1_bsp/\libhal_bsp.a(alt_sys_init.o)
 .debug_aranges
                0x0000000000000100       0x20 ../ebook_1_bsp/\libhal_bsp.a(altera_avalon_jtag_uart_fd.o)
 .debug_aranges
                0x0000000000000120       0x20 ../ebook_1_bsp/\libhal_bsp.a(altera_avalon_jtag_uart_init.o)
 .debug_aranges
                0x0000000000000140       0x20 ../ebook_1_bsp/\libhal_bsp.a(altera_avalon_jtag_uart_ioctl.o)
 .debug_aranges
                0x0000000000000160       0x20 ../ebook_1_bsp/\libhal_bsp.a(altera_avalon_jtag_uart_read.o)
 .debug_aranges
                0x0000000000000180       0x20 ../ebook_1_bsp/\libhal_bsp.a(altera_avalon_jtag_uart_write.o)
 .debug_aranges
                0x00000000000001a0       0x20 ../ebook_1_bsp/\libhal_bsp.a(alt_alarm_start.o)
 .debug_aranges
                0x00000000000001c0       0x20 ../ebook_1_bsp/\libhal_bsp.a(alt_close.o)
 .debug_aranges
                0x00000000000001e0       0x20 ../ebook_1_bsp/\libhal_bsp.a(alt_dcache_flush_all.o)
 .debug_aranges
                0x0000000000000200       0x20 ../ebook_1_bsp/\libhal_bsp.a(alt_dev.o)
 .debug_aranges
                0x0000000000000220       0x20 ../ebook_1_bsp/\libhal_bsp.a(alt_dev_llist_insert.o)
 .debug_aranges
                0x0000000000000240       0x20 ../ebook_1_bsp/\libhal_bsp.a(alt_do_ctors.o)
 .debug_aranges
                0x0000000000000260       0x20 ../ebook_1_bsp/\libhal_bsp.a(alt_do_dtors.o)
 .debug_aranges
                0x0000000000000280       0x18 ../ebook_1_bsp/\libhal_bsp.a(alt_errno.o)
 .debug_aranges
                0x0000000000000298       0x20 ../ebook_1_bsp/\libhal_bsp.a(alt_icache_flush_all.o)
 .debug_aranges
                0x00000000000002b8       0x20 ../ebook_1_bsp/\libhal_bsp.a(alt_io_redirect.o)
 .debug_aranges
                0x00000000000002d8       0x20 ../ebook_1_bsp/\libhal_bsp.a(alt_irq_register.o)
 .debug_aranges
                0x00000000000002f8       0x18 ../ebook_1_bsp/\libhal_bsp.a(alt_irq_vars.o)
 .debug_aranges
                0x0000000000000310       0x20 ../ebook_1_bsp/\libhal_bsp.a(alt_open.o)
 .debug_aranges
                0x0000000000000330       0x20 ../ebook_1_bsp/\libhal_bsp.a(alt_release_fd.o)
 .debug_aranges
                0x0000000000000350       0x20 ../ebook_1_bsp/\libhal_bsp.a(alt_tick.o)
 .debug_aranges
                0x0000000000000370       0x20 ../ebook_1_bsp/\libhal_bsp.a(altera_nios2_gen2_irq.o)
 .debug_aranges
                0x0000000000000390       0x20 ../ebook_1_bsp/\libhal_bsp.a(alt_find_dev.o)
 .debug_aranges
                0x00000000000003b0       0x20 ../ebook_1_bsp/\libhal_bsp.a(alt_find_file.o)
 .debug_aranges
                0x00000000000003d0       0x20 ../ebook_1_bsp/\libhal_bsp.a(alt_get_fd.o)
 .debug_aranges
                0x00000000000003f0       0x20 ../ebook_1_bsp/\libhal_bsp.a(alt_icache_flush.o)
 .debug_aranges
                0x0000000000000410       0x30 ../ebook_1_bsp/\libhal_bsp.a(alt_irq_entry.o)
 .debug_aranges
                0x0000000000000440       0x20 ../ebook_1_bsp/\libhal_bsp.a(alt_irq_handler.o)
 .debug_aranges
                0x0000000000000460       0x38 ../ebook_1_bsp/\libhal_bsp.a(alt_exception_entry.o)
 .debug_aranges
                0x0000000000000498       0x28 ../ebook_1_bsp/\libhal_bsp.a(alt_instruction_exception_entry.o)
 .debug_aranges
                0x00000000000004c0       0x20 e:/altera/15.0/nios2eds/bin/gnu/h-x86_64-mingw32/bin/../lib/gcc/nios2-elf/4.9.1/../../../../../H-x86_64-mingw32/nios2-elf/lib\libc.a(lib_a-atexit.o)
 .debug_aranges
                0x00000000000004e0       0x20 e:/altera/15.0/nios2eds/bin/gnu/h-x86_64-mingw32/bin/../lib/gcc/nios2-elf/4.9.1/../../../../../H-x86_64-mingw32/nios2-elf/lib\libc.a(lib_a-exit.o)
 .debug_aranges
                0x0000000000000500       0x18 e:/altera/15.0/nios2eds/bin/gnu/h-x86_64-mingw32/bin/../lib/gcc/nios2-elf/4.9.1/../../../../../H-x86_64-mingw32/nios2-elf/lib\libc.a(lib_a-impure.o)
 .debug_aranges
                0x0000000000000518       0x18 e:/altera/15.0/nios2eds/bin/gnu/h-x86_64-mingw32/bin/../lib/gcc/nios2-elf/4.9.1/../../../../../H-x86_64-mingw32/nios2-elf/lib\libc.a(lib_a-int_errno.o)
 .debug_aranges
                0x0000000000000530       0x20 e:/altera/15.0/nios2eds/bin/gnu/h-x86_64-mingw32/bin/../lib/gcc/nios2-elf/4.9.1/../../../../../H-x86_64-mingw32/nios2-elf/lib\libc.a(lib_a-memcmp.o)
 .debug_aranges
                0x0000000000000550       0x20 e:/altera/15.0/nios2eds/bin/gnu/h-x86_64-mingw32/bin/../lib/gcc/nios2-elf/4.9.1/../../../../../H-x86_64-mingw32/nios2-elf/lib\libc.a(lib_a-memcpy.o)
 .debug_aranges
                0x0000000000000570       0x20 e:/altera/15.0/nios2eds/bin/gnu/h-x86_64-mingw32/bin/../lib/gcc/nios2-elf/4.9.1/../../../../../H-x86_64-mingw32/nios2-elf/lib\libc.a(lib_a-__atexit.o)
 .debug_aranges
                0x0000000000000590       0x20 e:/altera/15.0/nios2eds/bin/gnu/h-x86_64-mingw32/bin/../lib/gcc/nios2-elf/4.9.1/../../../../../H-x86_64-mingw32/nios2-elf/lib\libc.a(lib_a-__call_atexit.o)
 .debug_aranges
                0x00000000000005b0       0x20 ../ebook_1_bsp/\libhal_bsp.a(alt_exit.o)

.debug_pubnames
 *(.debug_pubnames)

.debug_info     0x0000000000000000     0x84a9
 *(.debug_info .gnu.linkonce.wi.*)
 .debug_info    0x0000000000000000       0x79 ../ebook_1_bsp//obj/HAL/src/crt0.o
 .debug_info    0x0000000000000079       0xcd obj/default/main.o
 .debug_info    0x0000000000000146      0xed1 obj/default/screen.o
 .debug_info    0x0000000000001017      0x182 obj/default/txt_read.o
 .debug_info    0x0000000000001199       0xdb e:/altera/15.0/nios2eds/bin/gnu/h-x86_64-mingw32/bin/../lib/gcc/nios2-elf/4.9.1/../../../../../H-x86_64-mingw32/nios2-elf/lib\libc.a(lib_a-strlen.o)
 .debug_info    0x0000000000001274      0x13e ../ebook_1_bsp/\libhal_bsp.a(alt_load.o)
 .debug_info    0x00000000000013b2      0x150 ../ebook_1_bsp/\libhal_bsp.a(alt_main.o)
 .debug_info    0x0000000000001502      0x5a9 ../ebook_1_bsp/\libhal_bsp.a(alt_sys_init.o)
 .debug_info    0x0000000000001aab      0x527 ../ebook_1_bsp/\libhal_bsp.a(altera_avalon_jtag_uart_fd.o)
 .debug_info    0x0000000000001fd2      0x3c4 ../ebook_1_bsp/\libhal_bsp.a(altera_avalon_jtag_uart_init.o)
 .debug_info    0x0000000000002396      0x279 ../ebook_1_bsp/\libhal_bsp.a(altera_avalon_jtag_uart_ioctl.o)
 .debug_info    0x000000000000260f      0x358 ../ebook_1_bsp/\libhal_bsp.a(altera_avalon_jtag_uart_read.o)
 .debug_info    0x0000000000002967      0x34f ../ebook_1_bsp/\libhal_bsp.a(altera_avalon_jtag_uart_write.o)
 .debug_info    0x0000000000002cb6      0x2db ../ebook_1_bsp/\libhal_bsp.a(alt_alarm_start.o)
 .debug_info    0x0000000000002f91      0x31a ../ebook_1_bsp/\libhal_bsp.a(alt_close.o)
 .debug_info    0x00000000000032ab       0x9e ../ebook_1_bsp/\libhal_bsp.a(alt_dcache_flush_all.o)
 .debug_info    0x0000000000003349      0x495 ../ebook_1_bsp/\libhal_bsp.a(alt_dev.o)
 .debug_info    0x00000000000037de      0x1a2 ../ebook_1_bsp/\libhal_bsp.a(alt_dev_llist_insert.o)
 .debug_info    0x0000000000003980       0x83 ../ebook_1_bsp/\libhal_bsp.a(alt_do_ctors.o)
 .debug_info    0x0000000000003a03       0x83 ../ebook_1_bsp/\libhal_bsp.a(alt_do_dtors.o)
 .debug_info    0x0000000000003a86       0x9f ../ebook_1_bsp/\libhal_bsp.a(alt_errno.o)
 .debug_info    0x0000000000003b25       0x8b ../ebook_1_bsp/\libhal_bsp.a(alt_icache_flush_all.o)
 .debug_info    0x0000000000003bb0      0x49e ../ebook_1_bsp/\libhal_bsp.a(alt_io_redirect.o)
 .debug_info    0x000000000000404e      0x322 ../ebook_1_bsp/\libhal_bsp.a(alt_irq_register.o)
 .debug_info    0x0000000000004370       0x88 ../ebook_1_bsp/\libhal_bsp.a(alt_irq_vars.o)
 .debug_info    0x00000000000043f8      0x3b4 ../ebook_1_bsp/\libhal_bsp.a(alt_open.o)
 .debug_info    0x00000000000047ac      0x2b0 ../ebook_1_bsp/\libhal_bsp.a(alt_release_fd.o)
 .debug_info    0x0000000000004a5c      0x2a8 ../ebook_1_bsp/\libhal_bsp.a(alt_tick.o)
 .debug_info    0x0000000000004d04       0xb1 ../ebook_1_bsp/\libhal_bsp.a(altera_nios2_gen2_irq.o)
 .debug_info    0x0000000000004db5      0x2e2 ../ebook_1_bsp/\libhal_bsp.a(alt_find_dev.o)
 .debug_info    0x0000000000005097      0x2df ../ebook_1_bsp/\libhal_bsp.a(alt_find_file.o)
 .debug_info    0x0000000000005376      0x309 ../ebook_1_bsp/\libhal_bsp.a(alt_get_fd.o)
 .debug_info    0x000000000000567f       0xd5 ../ebook_1_bsp/\libhal_bsp.a(alt_icache_flush.o)
 .debug_info    0x0000000000005754       0x82 ../ebook_1_bsp/\libhal_bsp.a(alt_irq_entry.o)
 .debug_info    0x00000000000057d6      0x1a0 ../ebook_1_bsp/\libhal_bsp.a(alt_irq_handler.o)
 .debug_info    0x0000000000005976       0x88 ../ebook_1_bsp/\libhal_bsp.a(alt_exception_entry.o)
 .debug_info    0x00000000000059fe      0x1d8 ../ebook_1_bsp/\libhal_bsp.a(alt_instruction_exception_entry.o)
 .debug_info    0x0000000000005bd6      0x10a e:/altera/15.0/nios2eds/bin/gnu/h-x86_64-mingw32/bin/../lib/gcc/nios2-elf/4.9.1/../../../../../H-x86_64-mingw32/nios2-elf/lib\libc.a(lib_a-atexit.o)
 .debug_info    0x0000000000005ce0      0x8df e:/altera/15.0/nios2eds/bin/gnu/h-x86_64-mingw32/bin/../lib/gcc/nios2-elf/4.9.1/../../../../../H-x86_64-mingw32/nios2-elf/lib\libc.a(lib_a-exit.o)
 .debug_info    0x00000000000065bf      0x88f e:/altera/15.0/nios2eds/bin/gnu/h-x86_64-mingw32/bin/../lib/gcc/nios2-elf/4.9.1/../../../../../H-x86_64-mingw32/nios2-elf/lib\libc.a(lib_a-impure.o)
 .debug_info    0x0000000000006e4e       0x83 e:/altera/15.0/nios2eds/bin/gnu/h-x86_64-mingw32/bin/../lib/gcc/nios2-elf/4.9.1/../../../../../H-x86_64-mingw32/nios2-elf/lib\libc.a(lib_a-int_errno.o)
 .debug_info    0x0000000000006ed1      0x113 e:/altera/15.0/nios2eds/bin/gnu/h-x86_64-mingw32/bin/../lib/gcc/nios2-elf/4.9.1/../../../../../H-x86_64-mingw32/nios2-elf/lib\libc.a(lib_a-memcmp.o)
 .debug_info    0x0000000000006fe4      0x133 e:/altera/15.0/nios2eds/bin/gnu/h-x86_64-mingw32/bin/../lib/gcc/nios2-elf/4.9.1/../../../../../H-x86_64-mingw32/nios2-elf/lib\libc.a(lib_a-memcpy.o)
 .debug_info    0x0000000000007117      0x93b e:/altera/15.0/nios2eds/bin/gnu/h-x86_64-mingw32/bin/../lib/gcc/nios2-elf/4.9.1/../../../../../H-x86_64-mingw32/nios2-elf/lib\libc.a(lib_a-__atexit.o)
 .debug_info    0x0000000000007a52      0x948 e:/altera/15.0/nios2eds/bin/gnu/h-x86_64-mingw32/bin/../lib/gcc/nios2-elf/4.9.1/../../../../../H-x86_64-mingw32/nios2-elf/lib\libc.a(lib_a-__call_atexit.o)
 .debug_info    0x000000000000839a      0x10f ../ebook_1_bsp/\libhal_bsp.a(alt_exit.o)

.debug_abbrev   0x0000000000000000     0x2a6f
 *(.debug_abbrev)
 .debug_abbrev  0x0000000000000000       0x12 ../ebook_1_bsp//obj/HAL/src/crt0.o
 .debug_abbrev  0x0000000000000012       0x7a obj/default/main.o
 .debug_abbrev  0x000000000000008c      0x193 obj/default/screen.o
 .debug_abbrev  0x000000000000021f       0x7b obj/default/txt_read.o
 .debug_abbrev  0x000000000000029a       0x90 e:/altera/15.0/nios2eds/bin/gnu/h-x86_64-mingw32/bin/../lib/gcc/nios2-elf/4.9.1/../../../../../H-x86_64-mingw32/nios2-elf/lib\libc.a(lib_a-strlen.o)
 .debug_abbrev  0x000000000000032a       0x9f ../ebook_1_bsp/\libhal_bsp.a(alt_load.o)
 .debug_abbrev  0x00000000000003c9       0xc1 ../ebook_1_bsp/\libhal_bsp.a(alt_main.o)
 .debug_abbrev  0x000000000000048a      0x187 ../ebook_1_bsp/\libhal_bsp.a(alt_sys_init.o)
 .debug_abbrev  0x0000000000000611      0x127 ../ebook_1_bsp/\libhal_bsp.a(altera_avalon_jtag_uart_fd.o)
 .debug_abbrev  0x0000000000000738      0x197 ../ebook_1_bsp/\libhal_bsp.a(altera_avalon_jtag_uart_init.o)
 .debug_abbrev  0x00000000000008cf      0x111 ../ebook_1_bsp/\libhal_bsp.a(altera_avalon_jtag_uart_ioctl.o)
 .debug_abbrev  0x00000000000009e0      0x1ac ../ebook_1_bsp/\libhal_bsp.a(altera_avalon_jtag_uart_read.o)
 .debug_abbrev  0x0000000000000b8c      0x1a8 ../ebook_1_bsp/\libhal_bsp.a(altera_avalon_jtag_uart_write.o)
 .debug_abbrev  0x0000000000000d34      0x162 ../ebook_1_bsp/\libhal_bsp.a(alt_alarm_start.o)
 .debug_abbrev  0x0000000000000e96      0x11f ../ebook_1_bsp/\libhal_bsp.a(alt_close.o)
 .debug_abbrev  0x0000000000000fb5       0x5a ../ebook_1_bsp/\libhal_bsp.a(alt_dcache_flush_all.o)
 .debug_abbrev  0x000000000000100f       0xd9 ../ebook_1_bsp/\libhal_bsp.a(alt_dev.o)
 .debug_abbrev  0x00000000000010e8      0x114 ../ebook_1_bsp/\libhal_bsp.a(alt_dev_llist_insert.o)
 .debug_abbrev  0x00000000000011fc       0x79 ../ebook_1_bsp/\libhal_bsp.a(alt_do_ctors.o)
 .debug_abbrev  0x0000000000001275       0x79 ../ebook_1_bsp/\libhal_bsp.a(alt_do_dtors.o)
 .debug_abbrev  0x00000000000012ee       0x5a ../ebook_1_bsp/\libhal_bsp.a(alt_errno.o)
 .debug_abbrev  0x0000000000001348       0x42 ../ebook_1_bsp/\libhal_bsp.a(alt_icache_flush_all.o)
 .debug_abbrev  0x000000000000138a      0x114 ../ebook_1_bsp/\libhal_bsp.a(alt_io_redirect.o)
 .debug_abbrev  0x000000000000149e      0x186 ../ebook_1_bsp/\libhal_bsp.a(alt_irq_register.o)
 .debug_abbrev  0x0000000000001624       0x40 ../ebook_1_bsp/\libhal_bsp.a(alt_irq_vars.o)
 .debug_abbrev  0x0000000000001664      0x148 ../ebook_1_bsp/\libhal_bsp.a(alt_open.o)
 .debug_abbrev  0x00000000000017ac       0xde ../ebook_1_bsp/\libhal_bsp.a(alt_release_fd.o)
 .debug_abbrev  0x000000000000188a      0x16b ../ebook_1_bsp/\libhal_bsp.a(alt_tick.o)
 .debug_abbrev  0x00000000000019f5       0x67 ../ebook_1_bsp/\libhal_bsp.a(altera_nios2_gen2_irq.o)
 .debug_abbrev  0x0000000000001a5c       0xf0 ../ebook_1_bsp/\libhal_bsp.a(alt_find_dev.o)
 .debug_abbrev  0x0000000000001b4c       0xf0 ../ebook_1_bsp/\libhal_bsp.a(alt_find_file.o)
 .debug_abbrev  0x0000000000001c3c      0x10d ../ebook_1_bsp/\libhal_bsp.a(alt_get_fd.o)
 .debug_abbrev  0x0000000000001d49       0x8c ../ebook_1_bsp/\libhal_bsp.a(alt_icache_flush.o)
 .debug_abbrev  0x0000000000001dd5       0x12 ../ebook_1_bsp/\libhal_bsp.a(alt_irq_entry.o)
 .debug_abbrev  0x0000000000001de7      0x13a ../ebook_1_bsp/\libhal_bsp.a(alt_irq_handler.o)
 .debug_abbrev  0x0000000000001f21       0x12 ../ebook_1_bsp/\libhal_bsp.a(alt_exception_entry.o)
 .debug_abbrev  0x0000000000001f33       0xd1 ../ebook_1_bsp/\libhal_bsp.a(alt_instruction_exception_entry.o)
 .debug_abbrev  0x0000000000002004       0xb8 e:/altera/15.0/nios2eds/bin/gnu/h-x86_64-mingw32/bin/../lib/gcc/nios2-elf/4.9.1/../../../../../H-x86_64-mingw32/nios2-elf/lib\libc.a(lib_a-atexit.o)
 .debug_abbrev  0x00000000000020bc      0x1e6 e:/altera/15.0/nios2eds/bin/gnu/h-x86_64-mingw32/bin/../lib/gcc/nios2-elf/4.9.1/../../../../../H-x86_64-mingw32/nios2-elf/lib\libc.a(lib_a-exit.o)
 .debug_abbrev  0x00000000000022a2      0x180 e:/altera/15.0/nios2eds/bin/gnu/h-x86_64-mingw32/bin/../lib/gcc/nios2-elf/4.9.1/../../../../../H-x86_64-mingw32/nios2-elf/lib\libc.a(lib_a-impure.o)
 .debug_abbrev  0x0000000000002422       0x37 e:/altera/15.0/nios2eds/bin/gnu/h-x86_64-mingw32/bin/../lib/gcc/nios2-elf/4.9.1/../../../../../H-x86_64-mingw32/nios2-elf/lib\libc.a(lib_a-int_errno.o)
 .debug_abbrev  0x0000000000002459       0x7f e:/altera/15.0/nios2eds/bin/gnu/h-x86_64-mingw32/bin/../lib/gcc/nios2-elf/4.9.1/../../../../../H-x86_64-mingw32/nios2-elf/lib\libc.a(lib_a-memcmp.o)
 .debug_abbrev  0x00000000000024d8       0x9c e:/altera/15.0/nios2eds/bin/gnu/h-x86_64-mingw32/bin/../lib/gcc/nios2-elf/4.9.1/../../../../../H-x86_64-mingw32/nios2-elf/lib\libc.a(lib_a-memcpy.o)
 .debug_abbrev  0x0000000000002574      0x21e e:/altera/15.0/nios2eds/bin/gnu/h-x86_64-mingw32/bin/../lib/gcc/nios2-elf/4.9.1/../../../../../H-x86_64-mingw32/nios2-elf/lib\libc.a(lib_a-__atexit.o)
 .debug_abbrev  0x0000000000002792      0x210 e:/altera/15.0/nios2eds/bin/gnu/h-x86_64-mingw32/bin/../lib/gcc/nios2-elf/4.9.1/../../../../../H-x86_64-mingw32/nios2-elf/lib\libc.a(lib_a-__call_atexit.o)
 .debug_abbrev  0x00000000000029a2       0xcd ../ebook_1_bsp/\libhal_bsp.a(alt_exit.o)

.debug_line     0x0000000000000000     0x2bf9
 *(.debug_line)
 .debug_line    0x0000000000000000       0x72 ../ebook_1_bsp//obj/HAL/src/crt0.o
 .debug_line    0x0000000000000072       0x92 obj/default/main.o
 .debug_line    0x0000000000000104      0x101 obj/default/screen.o
 .debug_line    0x0000000000000205        0x0 obj/default/time_count.o
 .debug_line    0x0000000000000205        0x0 obj/default/touch_resp.o
 .debug_line    0x0000000000000205       0x4a obj/default/txt_read.o
 .debug_line    0x000000000000024f      0x16e e:/altera/15.0/nios2eds/bin/gnu/h-x86_64-mingw32/bin/../lib/gcc/nios2-elf/4.9.1/../../../../../H-x86_64-mingw32/nios2-elf/lib\libc.a(lib_a-strlen.o)
 .debug_line    0x00000000000003bd       0x8d ../ebook_1_bsp/\libhal_bsp.a(alt_load.o)
 .debug_line    0x000000000000044a       0xd1 ../ebook_1_bsp/\libhal_bsp.a(alt_main.o)
 .debug_line    0x000000000000051b      0x19e ../ebook_1_bsp/\libhal_bsp.a(alt_sys_init.o)
 .debug_line    0x00000000000006b9      0x12f ../ebook_1_bsp/\libhal_bsp.a(altera_avalon_jtag_uart_fd.o)
 .debug_line    0x00000000000007e8      0x194 ../ebook_1_bsp/\libhal_bsp.a(altera_avalon_jtag_uart_init.o)
 .debug_line    0x000000000000097c      0x12e ../ebook_1_bsp/\libhal_bsp.a(altera_avalon_jtag_uart_ioctl.o)
 .debug_line    0x0000000000000aaa      0x17e ../ebook_1_bsp/\libhal_bsp.a(altera_avalon_jtag_uart_read.o)
 .debug_line    0x0000000000000c28      0x17e ../ebook_1_bsp/\libhal_bsp.a(altera_avalon_jtag_uart_write.o)
 .debug_line    0x0000000000000da6      0x10e ../ebook_1_bsp/\libhal_bsp.a(alt_alarm_start.o)
 .debug_line    0x0000000000000eb4      0x15e ../ebook_1_bsp/\libhal_bsp.a(alt_close.o)
 .debug_line    0x0000000000001012       0x61 ../ebook_1_bsp/\libhal_bsp.a(alt_dcache_flush_all.o)
 .debug_line    0x0000000000001073       0xf0 ../ebook_1_bsp/\libhal_bsp.a(alt_dev.o)
 .debug_line    0x0000000000001163       0xd0 ../ebook_1_bsp/\libhal_bsp.a(alt_dev_llist_insert.o)
 .debug_line    0x0000000000001233       0x59 ../ebook_1_bsp/\libhal_bsp.a(alt_do_ctors.o)
 .debug_line    0x000000000000128c       0x59 ../ebook_1_bsp/\libhal_bsp.a(alt_do_dtors.o)
 .debug_line    0x00000000000012e5       0x51 ../ebook_1_bsp/\libhal_bsp.a(alt_errno.o)
 .debug_line    0x0000000000001336       0x50 ../ebook_1_bsp/\libhal_bsp.a(alt_icache_flush_all.o)
 .debug_line    0x0000000000001386      0x12b ../ebook_1_bsp/\libhal_bsp.a(alt_io_redirect.o)
 .debug_line    0x00000000000014b1      0x159 ../ebook_1_bsp/\libhal_bsp.a(alt_irq_register.o)
 .debug_line    0x000000000000160a       0x50 ../ebook_1_bsp/\libhal_bsp.a(alt_irq_vars.o)
 .debug_line    0x000000000000165a      0x12a ../ebook_1_bsp/\libhal_bsp.a(alt_open.o)
 .debug_line    0x0000000000001784       0xae ../ebook_1_bsp/\libhal_bsp.a(alt_release_fd.o)
 .debug_line    0x0000000000001832      0x112 ../ebook_1_bsp/\libhal_bsp.a(alt_tick.o)
 .debug_line    0x0000000000001944       0x8d ../ebook_1_bsp/\libhal_bsp.a(altera_nios2_gen2_irq.o)
 .debug_line    0x00000000000019d1       0xb5 ../ebook_1_bsp/\libhal_bsp.a(alt_find_dev.o)
 .debug_line    0x0000000000001a86       0xd1 ../ebook_1_bsp/\libhal_bsp.a(alt_find_file.o)
 .debug_line    0x0000000000001b57       0xd5 ../ebook_1_bsp/\libhal_bsp.a(alt_get_fd.o)
 .debug_line    0x0000000000001c2c       0x81 ../ebook_1_bsp/\libhal_bsp.a(alt_icache_flush.o)
 .debug_line    0x0000000000001cad       0x6b ../ebook_1_bsp/\libhal_bsp.a(alt_irq_entry.o)
 .debug_line    0x0000000000001d18       0xcd ../ebook_1_bsp/\libhal_bsp.a(alt_irq_handler.o)
 .debug_line    0x0000000000001de5       0xb3 ../ebook_1_bsp/\libhal_bsp.a(alt_exception_entry.o)
 .debug_line    0x0000000000001e98       0xba ../ebook_1_bsp/\libhal_bsp.a(alt_instruction_exception_entry.o)
 .debug_line    0x0000000000001f52       0xe6 e:/altera/15.0/nios2eds/bin/gnu/h-x86_64-mingw32/bin/../lib/gcc/nios2-elf/4.9.1/../../../../../H-x86_64-mingw32/nios2-elf/lib\libc.a(lib_a-atexit.o)
 .debug_line    0x0000000000002038      0x1fa e:/altera/15.0/nios2eds/bin/gnu/h-x86_64-mingw32/bin/../lib/gcc/nios2-elf/4.9.1/../../../../../H-x86_64-mingw32/nios2-elf/lib\libc.a(lib_a-exit.o)
 .debug_line    0x0000000000002232      0x15f e:/altera/15.0/nios2eds/bin/gnu/h-x86_64-mingw32/bin/../lib/gcc/nios2-elf/4.9.1/../../../../../H-x86_64-mingw32/nios2-elf/lib\libc.a(lib_a-impure.o)
 .debug_line    0x0000000000002391       0x5d e:/altera/15.0/nios2eds/bin/gnu/h-x86_64-mingw32/bin/../lib/gcc/nios2-elf/4.9.1/../../../../../H-x86_64-mingw32/nios2-elf/lib\libc.a(lib_a-int_errno.o)
 .debug_line    0x00000000000023ee      0x175 e:/altera/15.0/nios2eds/bin/gnu/h-x86_64-mingw32/bin/../lib/gcc/nios2-elf/4.9.1/../../../../../H-x86_64-mingw32/nios2-elf/lib\libc.a(lib_a-memcmp.o)
 .debug_line    0x0000000000002563      0x184 e:/altera/15.0/nios2eds/bin/gnu/h-x86_64-mingw32/bin/../lib/gcc/nios2-elf/4.9.1/../../../../../H-x86_64-mingw32/nios2-elf/lib\libc.a(lib_a-memcpy.o)
 .debug_line    0x00000000000026e7      0x224 e:/altera/15.0/nios2eds/bin/gnu/h-x86_64-mingw32/bin/../lib/gcc/nios2-elf/4.9.1/../../../../../H-x86_64-mingw32/nios2-elf/lib\libc.a(lib_a-__atexit.o)
 .debug_line    0x000000000000290b      0x241 e:/altera/15.0/nios2eds/bin/gnu/h-x86_64-mingw32/bin/../lib/gcc/nios2-elf/4.9.1/../../../../../H-x86_64-mingw32/nios2-elf/lib\libc.a(lib_a-__call_atexit.o)
 .debug_line    0x0000000000002b4c       0xad ../ebook_1_bsp/\libhal_bsp.a(alt_exit.o)

.debug_frame    0x0000000000000000      0xb7c
 *(.debug_frame)
 .debug_frame   0x0000000000000000       0x34 obj/default/main.o
 .debug_frame   0x0000000000000034      0x184 obj/default/screen.o
 .debug_frame   0x00000000000001b8       0x20 e:/altera/15.0/nios2eds/bin/gnu/h-x86_64-mingw32/bin/../lib/gcc/nios2-elf/4.9.1/../../../../../H-x86_64-mingw32/nios2-elf/lib\libc.a(lib_a-strlen.o)
 .debug_frame   0x00000000000001d8       0x5c ../ebook_1_bsp/\libhal_bsp.a(alt_load.o)
 .debug_frame   0x0000000000000234       0x2c ../ebook_1_bsp/\libhal_bsp.a(alt_main.o)
 .debug_frame   0x0000000000000260       0x88 ../ebook_1_bsp/\libhal_bsp.a(alt_sys_init.o)
 .debug_frame   0x00000000000002e8       0xb0 ../ebook_1_bsp/\libhal_bsp.a(altera_avalon_jtag_uart_fd.o)
 .debug_frame   0x0000000000000398       0xa4 ../ebook_1_bsp/\libhal_bsp.a(altera_avalon_jtag_uart_init.o)
 .debug_frame   0x000000000000043c       0x34 ../ebook_1_bsp/\libhal_bsp.a(altera_avalon_jtag_uart_ioctl.o)
 .debug_frame   0x0000000000000470       0x38 ../ebook_1_bsp/\libhal_bsp.a(altera_avalon_jtag_uart_read.o)
 .debug_frame   0x00000000000004a8       0x38 ../ebook_1_bsp/\libhal_bsp.a(altera_avalon_jtag_uart_write.o)
 .debug_frame   0x00000000000004e0       0x34 ../ebook_1_bsp/\libhal_bsp.a(alt_alarm_start.o)
 .debug_frame   0x0000000000000514       0x60 ../ebook_1_bsp/\libhal_bsp.a(alt_close.o)
 .debug_frame   0x0000000000000574       0x34 ../ebook_1_bsp/\libhal_bsp.a(alt_dcache_flush_all.o)
 .debug_frame   0x00000000000005a8       0x34 ../ebook_1_bsp/\libhal_bsp.a(alt_dev.o)
 .debug_frame   0x00000000000005dc       0x60 ../ebook_1_bsp/\libhal_bsp.a(alt_dev_llist_insert.o)
 .debug_frame   0x000000000000063c       0x38 ../ebook_1_bsp/\libhal_bsp.a(alt_do_ctors.o)
 .debug_frame   0x0000000000000674       0x38 ../ebook_1_bsp/\libhal_bsp.a(alt_do_dtors.o)
 .debug_frame   0x00000000000006ac       0x38 ../ebook_1_bsp/\libhal_bsp.a(alt_icache_flush_all.o)
 .debug_frame   0x00000000000006e4       0x60 ../ebook_1_bsp/\libhal_bsp.a(alt_io_redirect.o)
 .debug_frame   0x0000000000000744       0x34 ../ebook_1_bsp/\libhal_bsp.a(alt_irq_register.o)
 .debug_frame   0x0000000000000778       0x84 ../ebook_1_bsp/\libhal_bsp.a(alt_open.o)
 .debug_frame   0x00000000000007fc       0x34 ../ebook_1_bsp/\libhal_bsp.a(alt_release_fd.o)
 .debug_frame   0x0000000000000830       0x5c ../ebook_1_bsp/\libhal_bsp.a(alt_tick.o)
 .debug_frame   0x000000000000088c       0x34 ../ebook_1_bsp/\libhal_bsp.a(altera_nios2_gen2_irq.o)
 .debug_frame   0x00000000000008c0       0x38 ../ebook_1_bsp/\libhal_bsp.a(alt_find_dev.o)
 .debug_frame   0x00000000000008f8       0x38 ../ebook_1_bsp/\libhal_bsp.a(alt_find_file.o)
 .debug_frame   0x0000000000000930       0x34 ../ebook_1_bsp/\libhal_bsp.a(alt_get_fd.o)
 .debug_frame   0x0000000000000964       0x34 ../ebook_1_bsp/\libhal_bsp.a(alt_icache_flush.o)
 .debug_frame   0x0000000000000998       0x38 ../ebook_1_bsp/\libhal_bsp.a(alt_irq_handler.o)
 .debug_frame   0x00000000000009d0       0x5c ../ebook_1_bsp/\libhal_bsp.a(alt_instruction_exception_entry.o)
 .debug_frame   0x0000000000000a2c       0x20 e:/altera/15.0/nios2eds/bin/gnu/h-x86_64-mingw32/bin/../lib/gcc/nios2-elf/4.9.1/../../../../../H-x86_64-mingw32/nios2-elf/lib\libc.a(lib_a-atexit.o)
 .debug_frame   0x0000000000000a4c       0x28 e:/altera/15.0/nios2eds/bin/gnu/h-x86_64-mingw32/bin/../lib/gcc/nios2-elf/4.9.1/../../../../../H-x86_64-mingw32/nios2-elf/lib\libc.a(lib_a-exit.o)
 .debug_frame   0x0000000000000a74       0x20 e:/altera/15.0/nios2eds/bin/gnu/h-x86_64-mingw32/bin/../lib/gcc/nios2-elf/4.9.1/../../../../../H-x86_64-mingw32/nios2-elf/lib\libc.a(lib_a-memcmp.o)
 .debug_frame   0x0000000000000a94       0x30 e:/altera/15.0/nios2eds/bin/gnu/h-x86_64-mingw32/bin/../lib/gcc/nios2-elf/4.9.1/../../../../../H-x86_64-mingw32/nios2-elf/lib\libc.a(lib_a-memcpy.o)
 .debug_frame   0x0000000000000ac4       0x38 e:/altera/15.0/nios2eds/bin/gnu/h-x86_64-mingw32/bin/../lib/gcc/nios2-elf/4.9.1/../../../../../H-x86_64-mingw32/nios2-elf/lib\libc.a(lib_a-__atexit.o)
 .debug_frame   0x0000000000000afc       0x54 e:/altera/15.0/nios2eds/bin/gnu/h-x86_64-mingw32/bin/../lib/gcc/nios2-elf/4.9.1/../../../../../H-x86_64-mingw32/nios2-elf/lib\libc.a(lib_a-__call_atexit.o)
 .debug_frame   0x0000000000000b50       0x2c ../ebook_1_bsp/\libhal_bsp.a(alt_exit.o)

.debug_str      0x0000000000000000     0x239f
 *(.debug_str)
 .debug_str     0x0000000000000000       0xfe obj/default/main.o
                                        0x143 (size before relaxing)
 .debug_str     0x00000000000000fe      0x91e obj/default/screen.o
                                        0xa54 (size before relaxing)
 .debug_str     0x0000000000000a1c        0xd obj/default/time_count.o
                                         0x83 (size before relaxing)
 .debug_str     0x0000000000000a29        0xd obj/default/touch_resp.o
                                         0x83 (size before relaxing)
 .debug_str     0x0000000000000a36       0x9d obj/default/txt_read.o
                                        0x1a3 (size before relaxing)
 .debug_str     0x0000000000000ad3      0x109 e:/altera/15.0/nios2eds/bin/gnu/h-x86_64-mingw32/bin/../lib/gcc/nios2-elf/4.9.1/../../../../../H-x86_64-mingw32/nios2-elf/lib\libc.a(lib_a-strlen.o)
                                        0x1a1 (size before relaxing)
 .debug_str     0x0000000000000bdc      0x12e ../ebook_1_bsp/\libhal_bsp.a(alt_load.o)
                                        0x1fd (size before relaxing)
 .debug_str     0x0000000000000d0a       0x70 ../ebook_1_bsp/\libhal_bsp.a(alt_main.o)
                                        0x1b1 (size before relaxing)
 .debug_str     0x0000000000000d7a      0x232 ../ebook_1_bsp/\libhal_bsp.a(alt_sys_init.o)
                                        0x3f4 (size before relaxing)
 .debug_str     0x0000000000000fac       0xb9 ../ebook_1_bsp/\libhal_bsp.a(altera_avalon_jtag_uart_fd.o)
                                        0x38f (size before relaxing)
 .debug_str     0x0000000000001065       0xd1 ../ebook_1_bsp/\libhal_bsp.a(altera_avalon_jtag_uart_init.o)
                                        0x344 (size before relaxing)
 .debug_str     0x0000000000001136       0x4a ../ebook_1_bsp/\libhal_bsp.a(altera_avalon_jtag_uart_ioctl.o)
                                        0x27e (size before relaxing)
 .debug_str     0x0000000000001180       0x7f ../ebook_1_bsp/\libhal_bsp.a(altera_avalon_jtag_uart_read.o)
                                        0x2f4 (size before relaxing)
 .debug_str     0x00000000000011ff       0x4a ../ebook_1_bsp/\libhal_bsp.a(altera_avalon_jtag_uart_write.o)
                                        0x2f5 (size before relaxing)
 .debug_str     0x0000000000001249       0x59 ../ebook_1_bsp/\libhal_bsp.a(alt_alarm_start.o)
                                        0x28a (size before relaxing)
 .debug_str     0x00000000000012a2       0x44 ../ebook_1_bsp/\libhal_bsp.a(alt_close.o)
                                        0x1f6 (size before relaxing)
 .debug_str     0x00000000000012e6       0x34 ../ebook_1_bsp/\libhal_bsp.a(alt_dcache_flush_all.o)
                                        0x140 (size before relaxing)
 .debug_str     0x000000000000131a      0x120 ../ebook_1_bsp/\libhal_bsp.a(alt_dev.o)
                                        0x2f0 (size before relaxing)
 .debug_str     0x000000000000143a       0x34 ../ebook_1_bsp/\libhal_bsp.a(alt_dev_llist_insert.o)
                                        0x1b7 (size before relaxing)
 .debug_str     0x000000000000146e       0x48 ../ebook_1_bsp/\libhal_bsp.a(alt_do_ctors.o)
                                         0xc7 (size before relaxing)
 .debug_str     0x00000000000014b6       0x4c ../ebook_1_bsp/\libhal_bsp.a(alt_do_dtors.o)
                                         0xc6 (size before relaxing)
 .debug_str     0x0000000000001502       0x14 ../ebook_1_bsp/\libhal_bsp.a(alt_errno.o)
                                        0x130 (size before relaxing)
 .debug_str     0x0000000000001516       0x34 ../ebook_1_bsp/\libhal_bsp.a(alt_icache_flush_all.o)
                                        0x140 (size before relaxing)
 .debug_str     0x000000000000154a       0x56 ../ebook_1_bsp/\libhal_bsp.a(alt_io_redirect.o)
                                        0x301 (size before relaxing)
 .debug_str     0x00000000000015a0       0x70 ../ebook_1_bsp/\libhal_bsp.a(alt_irq_register.o)
                                        0x1f3 (size before relaxing)
 .debug_str     0x0000000000001610       0x17 ../ebook_1_bsp/\libhal_bsp.a(alt_irq_vars.o)
                                        0x131 (size before relaxing)
 .debug_str     0x0000000000001627       0x2f ../ebook_1_bsp/\libhal_bsp.a(alt_open.o)
                                        0x236 (size before relaxing)
 .debug_str     0x0000000000001656       0x28 ../ebook_1_bsp/\libhal_bsp.a(alt_release_fd.o)
                                        0x1ca (size before relaxing)
 .debug_str     0x000000000000167e       0x4a ../ebook_1_bsp/\libhal_bsp.a(alt_tick.o)
                                        0x25e (size before relaxing)
 .debug_str     0x00000000000016c8       0x3b ../ebook_1_bsp/\libhal_bsp.a(altera_nios2_gen2_irq.o)
                                        0x170 (size before relaxing)
 .debug_str     0x0000000000001703       0x24 ../ebook_1_bsp/\libhal_bsp.a(alt_find_dev.o)
                                        0x1d7 (size before relaxing)
 .debug_str     0x0000000000001727       0x26 ../ebook_1_bsp/\libhal_bsp.a(alt_find_file.o)
                                        0x1e5 (size before relaxing)
 .debug_str     0x000000000000174d       0x30 ../ebook_1_bsp/\libhal_bsp.a(alt_get_fd.o)
                                        0x207 (size before relaxing)
 .debug_str     0x000000000000177d       0x2c ../ebook_1_bsp/\libhal_bsp.a(alt_icache_flush.o)
                                        0x146 (size before relaxing)
 .debug_str     0x00000000000017a9       0x3a ../ebook_1_bsp/\libhal_bsp.a(alt_irq_handler.o)
                                        0x1a3 (size before relaxing)
 .debug_str     0x00000000000017e3      0x48b ../ebook_1_bsp/\libhal_bsp.a(alt_instruction_exception_entry.o)
                                        0x58a (size before relaxing)
 .debug_str     0x0000000000001c6e      0x103 e:/altera/15.0/nios2eds/bin/gnu/h-x86_64-mingw32/bin/../lib/gcc/nios2-elf/4.9.1/../../../../../H-x86_64-mingw32/nios2-elf/lib\libc.a(lib_a-atexit.o)
                                        0x1cb (size before relaxing)
 .debug_str     0x0000000000001d71      0x3b3 e:/altera/15.0/nios2eds/bin/gnu/h-x86_64-mingw32/bin/../lib/gcc/nios2-elf/4.9.1/../../../../../H-x86_64-mingw32/nios2-elf/lib\libc.a(lib_a-exit.o)
                                        0x561 (size before relaxing)
 .debug_str     0x0000000000002124       0xc9 e:/altera/15.0/nios2eds/bin/gnu/h-x86_64-mingw32/bin/../lib/gcc/nios2-elf/4.9.1/../../../../../H-x86_64-mingw32/nios2-elf/lib\libc.a(lib_a-impure.o)
                                        0x558 (size before relaxing)
 .debug_str     0x00000000000021ed       0x3d e:/altera/15.0/nios2eds/bin/gnu/h-x86_64-mingw32/bin/../lib/gcc/nios2-elf/4.9.1/../../../../../H-x86_64-mingw32/nios2-elf/lib\libc.a(lib_a-int_errno.o)
                                        0x187 (size before relaxing)
 .debug_str     0x000000000000222a       0x42 e:/altera/15.0/nios2eds/bin/gnu/h-x86_64-mingw32/bin/../lib/gcc/nios2-elf/4.9.1/../../../../../H-x86_64-mingw32/nios2-elf/lib\libc.a(lib_a-memcmp.o)
                                        0x18e (size before relaxing)
 .debug_str     0x000000000000226c       0x69 e:/altera/15.0/nios2eds/bin/gnu/h-x86_64-mingw32/bin/../lib/gcc/nios2-elf/4.9.1/../../../../../H-x86_64-mingw32/nios2-elf/lib\libc.a(lib_a-memcpy.o)
                                        0x1b5 (size before relaxing)
 .debug_str     0x00000000000022d5       0x4b e:/altera/15.0/nios2eds/bin/gnu/h-x86_64-mingw32/bin/../lib/gcc/nios2-elf/4.9.1/../../../../../H-x86_64-mingw32/nios2-elf/lib\libc.a(lib_a-__atexit.o)
                                        0x5ae (size before relaxing)
 .debug_str     0x0000000000002320       0x55 e:/altera/15.0/nios2eds/bin/gnu/h-x86_64-mingw32/bin/../lib/gcc/nios2-elf/4.9.1/../../../../../H-x86_64-mingw32/nios2-elf/lib\libc.a(lib_a-__call_atexit.o)
                                        0x577 (size before relaxing)
 .debug_str     0x0000000000002375       0x2a ../ebook_1_bsp/\libhal_bsp.a(alt_exit.o)
                                        0x165 (size before relaxing)

.debug_loc      0x0000000000000000      0x784
 *(.debug_loc)
 .debug_loc     0x0000000000000000       0x47 e:/altera/15.0/nios2eds/bin/gnu/h-x86_64-mingw32/bin/../lib/gcc/nios2-elf/4.9.1/../../../../../H-x86_64-mingw32/nios2-elf/lib\libc.a(lib_a-strlen.o)
 .debug_loc     0x0000000000000047       0x2c e:/altera/15.0/nios2eds/bin/gnu/h-x86_64-mingw32/bin/../lib/gcc/nios2-elf/4.9.1/../../../../../H-x86_64-mingw32/nios2-elf/lib\libc.a(lib_a-atexit.o)
 .debug_loc     0x0000000000000073       0x1e e:/altera/15.0/nios2eds/bin/gnu/h-x86_64-mingw32/bin/../lib/gcc/nios2-elf/4.9.1/../../../../../H-x86_64-mingw32/nios2-elf/lib\libc.a(lib_a-exit.o)
 .debug_loc     0x0000000000000091      0x126 e:/altera/15.0/nios2eds/bin/gnu/h-x86_64-mingw32/bin/../lib/gcc/nios2-elf/4.9.1/../../../../../H-x86_64-mingw32/nios2-elf/lib\libc.a(lib_a-memcmp.o)
 .debug_loc     0x00000000000001b7      0x2a2 e:/altera/15.0/nios2eds/bin/gnu/h-x86_64-mingw32/bin/../lib/gcc/nios2-elf/4.9.1/../../../../../H-x86_64-mingw32/nios2-elf/lib\libc.a(lib_a-memcpy.o)
 .debug_loc     0x0000000000000459      0x185 e:/altera/15.0/nios2eds/bin/gnu/h-x86_64-mingw32/bin/../lib/gcc/nios2-elf/4.9.1/../../../../../H-x86_64-mingw32/nios2-elf/lib\libc.a(lib_a-__atexit.o)
 .debug_loc     0x00000000000005de      0x1a6 e:/altera/15.0/nios2eds/bin/gnu/h-x86_64-mingw32/bin/../lib/gcc/nios2-elf/4.9.1/../../../../../H-x86_64-mingw32/nios2-elf/lib\libc.a(lib_a-__call_atexit.o)

.debug_macinfo
 *(.debug_macinfo)

.debug_weaknames
 *(.debug_weaknames)

.debug_funcnames
 *(.debug_funcnames)

.debug_typenames
 *(.debug_typenames)

.debug_varnames
 *(.debug_varnames)

.debug_alt_sim_info
                0x0000000000000000       0x30
 *(.debug_alt_sim_info)
 .debug_alt_sim_info
                0x0000000000000000       0x30 ../ebook_1_bsp//obj/HAL/src/crt0.o
                0x0000000008000000                __alt_data_end = 0x8000000
                0x0000000008000000                PROVIDE (__alt_stack_pointer, __alt_data_end)
                0x00000000000065b0                PROVIDE (__alt_stack_limit, __alt_stack_base)
                0x00000000000065b0                PROVIDE (__alt_heap_start, end)
                0x0000000008000000                PROVIDE (__alt_heap_limit, 0x8000000)
OUTPUT(ebook_1.elf elf32-littlenios2)

.debug_ranges   0x0000000000000000       0xb8
 .debug_ranges  0x0000000000000000       0x20 ../ebook_1_bsp//obj/HAL/src/crt0.o
 .debug_ranges  0x0000000000000020       0x28 ../ebook_1_bsp/\libhal_bsp.a(alt_irq_entry.o)
 .debug_ranges  0x0000000000000048       0x10 ../ebook_1_bsp/\libhal_bsp.a(alt_irq_handler.o)
 .debug_ranges  0x0000000000000058       0x30 ../ebook_1_bsp/\libhal_bsp.a(alt_exception_entry.o)
 .debug_ranges  0x0000000000000088       0x18 ../ebook_1_bsp/\libhal_bsp.a(alt_instruction_exception_entry.o)
 .debug_ranges  0x00000000000000a0       0x18 e:/altera/15.0/nios2eds/bin/gnu/h-x86_64-mingw32/bin/../lib/gcc/nios2-elf/4.9.1/../../../../../H-x86_64-mingw32/nios2-elf/lib\libc.a(lib_a-__call_atexit.o)
