Archive member included to satisfy reference by file (symbol)

e:/altera/15.0/nios2eds/bin/gnu/h-x86_64-mingw32/bin/../lib/gcc/nios2-elf/4.9.1\libgcc.a(_fixunssfsi.o)
                              obj/default/touch.o (__fixunssfsi)
e:/altera/15.0/nios2eds/bin/gnu/h-x86_64-mingw32/bin/../lib/gcc/nios2-elf/4.9.1\libgcc.a(_fixunsdfsi.o)
                              obj/default/touch.o (__fixunsdfsi)
e:/altera/15.0/nios2eds/bin/gnu/h-x86_64-mingw32/bin/../lib/gcc/nios2-elf/4.9.1\libgcc.a(lib2-divmod.o)
                              obj/default/screen.o (__divsi3)
e:/altera/15.0/nios2eds/bin/gnu/h-x86_64-mingw32/bin/../lib/gcc/nios2-elf/4.9.1\libgcc.a(addsf3.o)
                              obj/default/touch.o (__addsf3)
e:/altera/15.0/nios2eds/bin/gnu/h-x86_64-mingw32/bin/../lib/gcc/nios2-elf/4.9.1\libgcc.a(gesf2.o)
                              e:/altera/15.0/nios2eds/bin/gnu/h-x86_64-mingw32/bin/../lib/gcc/nios2-elf/4.9.1\libgcc.a(_fixunssfsi.o) (__gesf2)
e:/altera/15.0/nios2eds/bin/gnu/h-x86_64-mingw32/bin/../lib/gcc/nios2-elf/4.9.1\libgcc.a(lesf2.o)
                              obj/default/screen.o (__lesf2)
e:/altera/15.0/nios2eds/bin/gnu/h-x86_64-mingw32/bin/../lib/gcc/nios2-elf/4.9.1\libgcc.a(mulsf3.o)
                              obj/default/screen.o (__mulsf3)
e:/altera/15.0/nios2eds/bin/gnu/h-x86_64-mingw32/bin/../lib/gcc/nios2-elf/4.9.1\libgcc.a(subsf3.o)
                              e:/altera/15.0/nios2eds/bin/gnu/h-x86_64-mingw32/bin/../lib/gcc/nios2-elf/4.9.1\libgcc.a(_fixunssfsi.o) (__subsf3)
e:/altera/15.0/nios2eds/bin/gnu/h-x86_64-mingw32/bin/../lib/gcc/nios2-elf/4.9.1\libgcc.a(fixsfsi.o)
                              obj/default/screen.o (__fixsfsi)
e:/altera/15.0/nios2eds/bin/gnu/h-x86_64-mingw32/bin/../lib/gcc/nios2-elf/4.9.1\libgcc.a(floatsisf.o)
                              obj/default/screen.o (__floatsisf)
e:/altera/15.0/nios2eds/bin/gnu/h-x86_64-mingw32/bin/../lib/gcc/nios2-elf/4.9.1\libgcc.a(adddf3.o)
                              obj/default/touch.o (__adddf3)
e:/altera/15.0/nios2eds/bin/gnu/h-x86_64-mingw32/bin/../lib/gcc/nios2-elf/4.9.1\libgcc.a(divdf3.o)
                              obj/default/screen.o (__divdf3)
e:/altera/15.0/nios2eds/bin/gnu/h-x86_64-mingw32/bin/../lib/gcc/nios2-elf/4.9.1\libgcc.a(gedf2.o)
                              e:/altera/15.0/nios2eds/bin/gnu/h-x86_64-mingw32/bin/../lib/gcc/nios2-elf/4.9.1\libgcc.a(_fixunsdfsi.o) (__gedf2)
e:/altera/15.0/nios2eds/bin/gnu/h-x86_64-mingw32/bin/../lib/gcc/nios2-elf/4.9.1\libgcc.a(muldf3.o)
                              obj/default/screen.o (__muldf3)
e:/altera/15.0/nios2eds/bin/gnu/h-x86_64-mingw32/bin/../lib/gcc/nios2-elf/4.9.1\libgcc.a(subdf3.o)
                              obj/default/touch.o (__subdf3)
e:/altera/15.0/nios2eds/bin/gnu/h-x86_64-mingw32/bin/../lib/gcc/nios2-elf/4.9.1\libgcc.a(fixdfsi.o)
                              obj/default/screen.o (__fixdfsi)
e:/altera/15.0/nios2eds/bin/gnu/h-x86_64-mingw32/bin/../lib/gcc/nios2-elf/4.9.1\libgcc.a(floatsidf.o)
                              obj/default/screen.o (__floatsidf)
e:/altera/15.0/nios2eds/bin/gnu/h-x86_64-mingw32/bin/../lib/gcc/nios2-elf/4.9.1\libgcc.a(extendsfdf2.o)
                              obj/default/test_value.o (__extendsfdf2)
e:/altera/15.0/nios2eds/bin/gnu/h-x86_64-mingw32/bin/../lib/gcc/nios2-elf/4.9.1\libgcc.a(truncdfsf2.o)
                              obj/default/screen.o (__truncdfsf2)
e:/altera/15.0/nios2eds/bin/gnu/h-x86_64-mingw32/bin/../lib/gcc/nios2-elf/4.9.1\libgcc.a(_clzsi2.o)
                              e:/altera/15.0/nios2eds/bin/gnu/h-x86_64-mingw32/bin/../lib/gcc/nios2-elf/4.9.1\libgcc.a(addsf3.o) (__clzsi2)
e:/altera/15.0/nios2eds/bin/gnu/h-x86_64-mingw32/bin/../lib/gcc/nios2-elf/4.9.1\libgcc.a(_clz.o)
                              e:/altera/15.0/nios2eds/bin/gnu/h-x86_64-mingw32/bin/../lib/gcc/nios2-elf/4.9.1\libgcc.a(_clzsi2.o) (__clz_tab)
e:/altera/15.0/nios2eds/bin/gnu/h-x86_64-mingw32/bin/../lib/gcc/nios2-elf/4.9.1/../../../../../H-x86_64-mingw32/nios2-elf/lib\libc.a(lib_a-fclose.o)
                              obj/default/test_value.o (fclose)
e:/altera/15.0/nios2eds/bin/gnu/h-x86_64-mingw32/bin/../lib/gcc/nios2-elf/4.9.1/../../../../../H-x86_64-mingw32/nios2-elf/lib\libc.a(lib_a-fflush.o)
                              e:/altera/15.0/nios2eds/bin/gnu/h-x86_64-mingw32/bin/../lib/gcc/nios2-elf/4.9.1/../../../../../H-x86_64-mingw32/nios2-elf/lib\libc.a(lib_a-fclose.o) (_fflush_r)
e:/altera/15.0/nios2eds/bin/gnu/h-x86_64-mingw32/bin/../lib/gcc/nios2-elf/4.9.1/../../../../../H-x86_64-mingw32/nios2-elf/lib\libc.a(lib_a-findfp.o)
                              e:/altera/15.0/nios2eds/bin/gnu/h-x86_64-mingw32/bin/../lib/gcc/nios2-elf/4.9.1/../../../../../H-x86_64-mingw32/nios2-elf/lib\libc.a(lib_a-fclose.o) (__sinit)
e:/altera/15.0/nios2eds/bin/gnu/h-x86_64-mingw32/bin/../lib/gcc/nios2-elf/4.9.1/../../../../../H-x86_64-mingw32/nios2-elf/lib\libc.a(lib_a-fopen.o)
[...]
Memory Configuration

Name             Origin             Length             Attributes
reset            0x0000000000000000 0x0000000000000020
sdram            0x0000000000000020 0x0000000007ffffe0
*default*        0x0000000000000000 0xffffffffffffffff

Linker script and memory map

LOAD ../ebook1_bsp//obj/HAL/src/crt0.o
LOAD obj/default/ascii_font.o
LOAD obj/default/color.o
LOAD obj/default/font_manage.o
LOAD obj/default/gbk_font.o
LOAD obj/default/icon_pic.o
LOAD obj/default/main.o
LOAD obj/default/screen.o
LOAD obj/default/screen_display.o
LOAD obj/default/test_value.o
LOAD obj/default/tftlcd.o
LOAD obj/default/time_count.o
LOAD obj/default/touch.o
LOAD obj/default/touch_resp.o
LOAD obj/default/txt_read.o
LOAD e:/altera/15.0/nios2eds/bin/gnu/h-x86_64-mingw32/bin/../lib/gcc/nios2-elf/4.9.1/../../../../../H-x86_64-mingw32/nios2-elf/lib\libstdc++.a
LOAD e:/altera/15.0/nios2eds/bin/gnu/h-x86_64-mingw32/bin/../lib/gcc/nios2-elf/4.9.1/../../../../../H-x86_64-mingw32/nios2-elf/lib\libm.a
LOAD e:/altera/15.0/nios2eds/bin/gnu/h-x86_64-mingw32/bin/../lib/gcc/nios2-elf/4.9.1\libgcc.a
START GROUP
LOAD e:/altera/15.0/nios2eds/bin/gnu/h-x86_64-mingw32/bin/../lib/gcc/nios2-elf/4.9.1/../../../../../H-x86_64-mingw32/nios2-elf/lib\libc.a
LOAD e:/altera/15.0/nios2eds/bin/gnu/h-x86_64-mingw32/bin/../lib/gcc/nios2-elf/4.9.1\libgcc.a
LOAD ../ebook1_bsp/\libhal_bsp.a
LOAD e:/altera/15.0/nios2eds/bin/gnu/h-x86_64-mingw32/bin/../lib/gcc/nios2-elf/4.9.1/../../../../../H-x86_64-mingw32/nios2-elf/lib\libm.a
END GROUP
LOAD e:/altera/15.0/nios2eds/bin/gnu/h-x86_64-mingw32/bin/../lib/gcc/nios2-elf/4.9.1\libgcc.a
                0x0000000000000000                __alt_mem_sdram = 0x0

.entry          0x0000000000000000       0x20
 *(.entry)
 .entry         0x0000000000000000       0x20 ../ebook1_bsp//obj/HAL/src/crt0.o
                0x0000000000000000                __reset

.exceptions     0x0000000000000020      0x220
                0x0000000000000020                PROVIDE (__ram_exceptions_start, ABSOLUTE (.))
                0x0000000000000020                . = ALIGN (0x20)
 *(.irq)
 *(.exceptions.entry.label)
 .exceptions.entry.label
                0x0000000000000020        0x0 ../ebook1_bsp/\libhal_bsp.a(alt_irq_entry.o)
                0x0000000000000020                alt_irq_entry
 .exceptions.entry.label
                0x0000000000000020        0x0 ../ebook1_bsp/\libhal_bsp.a(alt_exception_entry.o)
                0x0000000000000020                alt_exception
 *(.exceptions.entry.user)
 *(.exceptions.entry.ecc_fatal)
 *(.exceptions.entry)
 .exceptions.entry
                0x0000000000000020       0x54 ../ebook1_bsp/\libhal_bsp.a(alt_exception_entry.o)
 *(.exceptions.irqtest.user)
 *(.exceptions.irqtest)
 .exceptions.irqtest
                0x0000000000000074       0x10 ../ebook1_bsp/\libhal_bsp.a(alt_irq_entry.o)
 *(.exceptions.irqhandler.user)
 *(.exceptions.irqhandler)
 .exceptions.irqhandler
                0x0000000000000084        0x4 ../ebook1_bsp/\libhal_bsp.a(alt_irq_entry.o)
 *(.exceptions.irqreturn.user)
 *(.exceptions.irqreturn)
 .exceptions.irqreturn
                0x0000000000000088        0x4 ../ebook1_bsp/\libhal_bsp.a(alt_irq_entry.o)
 *(.exceptions.notirq.label)
 .exceptions.notirq.label
                0x000000000000008c        0x0 ../ebook1_bsp/\libhal_bsp.a(alt_irq_entry.o)
 *(.exceptions.notirq.user)
 *(.exceptions.notirq)
 .exceptions.notirq
                0x000000000000008c        0x8 ../ebook1_bsp/\libhal_bsp.a(alt_exception_entry.o)
 *(.exceptions.soft.user)
 *(.exceptions.soft)
 *(.exceptions.unknown.user)
 *(.exceptions.unknown)
 .exceptions.unknown
                0x0000000000000094       0x14 ../ebook1_bsp/\libhal_bsp.a(alt_exception_entry.o)
 *(.exceptions.exit.label)
 .exceptions.exit.label
                0x00000000000000a8        0x0 ../ebook1_bsp/\libhal_bsp.a(alt_irq_entry.o)
 .exceptions.exit.label
                0x00000000000000a8        0x0 ../ebook1_bsp/\libhal_bsp.a(alt_exception_entry.o)
 *(.exceptions.exit.user)
 *(.exceptions.exit)
 .exceptions.exit
                0x00000000000000a8       0x54 ../ebook1_bsp/\libhal_bsp.a(alt_exception_entry.o)
 *(.exceptions)
 .exceptions    0x00000000000000fc       0xd0 ../ebook1_bsp/\libhal_bsp.a(alt_irq_handler.o)
                0x00000000000000fc                alt_irq_handler
 .exceptions    0x00000000000001cc       0x74 ../ebook1_bsp/\libhal_bsp.a(alt_instruction_exception_entry.o)
                0x00000000000001cc                alt_instruction_exception_entry
                0x0000000000000240                PROVIDE (__ram_exceptions_end, ABSOLUTE (.))
                0x0000000000000020                PROVIDE (__flash_exceptions_start, LOADADDR (.exceptions))

.text           0x0000000000000240    0x27c10
                0x0000000000000240                PROVIDE (stext, ABSOLUTE (.))
 *(.interp)
 *(.hash)
 *(.dynsym)
 *(.dynstr)
 *(.gnu.version)
 *(.gnu.version_d)
 *(.gnu.version_r)
 *(.rel.init)
 *(.rela.init)
 *(.rel.text .rel.text.* .rel.gnu.linkonce.t.*)
 *(.rela.text .rela.text.* .rela.gnu.linkonce.t.*)
 *(.rel.fini)
 *(.rela.fini)
 *(.rel.rodata .rel.rodata.* .rel.gnu.linkonce.r.*)
 *(.rela.rodata .rela.rodata.* .rela.gnu.linkonce.r.*)
 *(.rel.data .rel.data.* .rel.gnu.linkonce.d.*)
 *(.rela.data .rela.data.* .rela.gnu.linkonce.d.*)
 *(.rel.tdata .rel.tdata.* .rel.gnu.linkonce.td.*)
 *(.rela.tdata .rela.tdata.* .rela.gnu.linkonce.td.*)
 *(.rel.tbss .rel.tbss.* .rel.gnu.linkonce.tb.*)
 *(.rela.tbss .rela.tbss.* .rela.gnu.linkonce.tb.*)
 *(.rel.ctors)
 *(.rela.ctors)
 *(.rel.dtors)
 *(.rela.dtors)
 *(.rel.got)
 *(.rela.got)
 *(.rel.sdata .rel.sdata.* .rel.gnu.linkonce.s.*)
 *(.rela.sdata .rela.sdata.* .rela.gnu.linkonce.s.*)
 *(.rel.sbss .rel.sbss.* .rel.gnu.linkonce.sb.*)
 *(.rela.sbss .rela.sbss.* .rela.gnu.linkonce.sb.*)
 *(.rel.sdata2 .rel.sdata2.* .rel.gnu.linkonce.s2.*)
 *(.rela.sdata2 .rela.sdata2.* .rela.gnu.linkonce.s2.*)
 *(.rel.sbss2 .rel.sbss2.* .rel.gnu.linkonce.sb2.*)
 *(.rela.sbss2 .rela.sbss2.* .rela.gnu.linkonce.sb2.*)
 *(.rel.bss .rel.bss.* .rel.gnu.linkonce.b.*)
 *(.rela.bss .rela.bss.* .rela.gnu.linkonce.b.*)
 *(.rel.plt)
 *(.rela.plt)
 *(.rel.dyn)
 *(.init)
 *(.plt)
 *(.text .stub .text.* .gnu.linkonce.t.*)
 .text          0x0000000000000240       0x4c ../ebook1_bsp//obj/HAL/src/crt0.o
                0x0000000000000240                _start
 .text          0x000000000000028c        0x0 obj/default/ascii_font.o
 .text          0x000000000000028c       0x64 obj/default/color.o
                0x000000000000028c                getColor16BitByRGB
 .text          0x00000000000002f0      0x164 obj/default/font_manage.o
                0x00000000000002f0                getAsciiFont
                0x0000000000000354                getGbkFont
 .text          0x0000000000000454        0x0 obj/default/gbk_font.o
 .text          0x0000000000000454        0x0 obj/default/icon_pic.o
 .text          0x0000000000000454      0x1c8 obj/default/main.o
                0x0000000000000454                main
 .text          0x000000000000061c     0x4f44 obj/default/screen.o
                0x000000000000061c                checkAreaRange
                0x00000000000006f0                setAreaRange
                0x0000000000000774                setAreaRangeByAreaFmt
                0x000000000000096c                setAreaFmt
                0x0000000000000a78                setAreaRangeCentered
                0x0000000000000bf4                setDefaultTagBlock
                0x0000000000000d20                setDefaultProgressBarX
                0x0000000000001068                setDefaultScrollBarY
                0x00000000000015c4                setDefaultIconBlock
                0x00000000000016a0                setDefaultColorBoard
                0x0000000000001740                getWordLetterArrange
                0x0000000000001868                getWidthOfText
                0x00000000000019fc                openTxtScrollX
                0x0000000000001b30                setDefaultTagGroup
                0x0000000000001d8c                setDefaultNumEditGroup
                0x00000000000022f0                screenInit
                0x0000000000002668                screenHeaderInit
                0x0000000000002804                screenFooterInit
                0x0000000000002b68                screenMainHomeInit
                0x000000000000336c                setDefaultTagList
                0x000000000000369c                screenMainBookInit
                0x0000000000003b98                ScreenMainPageInfoInit
                0x0000000000004048                screenMainSettingInit
                0x0000000000004c1c                screenMainColorPickerInit
                0x0000000000004d60                screenMainAreaInfoInst
                0x0000000000004dd0                screenSetCustomInfo
 .text          0x0000000000005560     0x5340 obj/default/screen_display.o
                0x0000000000005560                getAbsPos
                0x0000000000005800                getXVaildRange
                0x0000000000005a50                showBorder
                0x0000000000005e40                showBkgAndBorder
                0x0000000000006384                showTextOrIcon
                0x00000000000065b0                showTagBlock
                0x0000000000006d84                showTagWithYOffset
                0x0000000000007734                showIconBlock
                0x00000000000078f0                showTagGroup
                0x0000000000007ae4                showTagIconGroup
                0x0000000000007e48                showTagList
                0x0000000000008450                showScrollBarY
                0x00000000000087fc                showScreenPageInfo
                0x0000000000008aa8                showProgressBarX
                0x0000000000008cb4                showColorBoard
                0x0000000000008ef0                showColorSelBorder
                0x00000000000091f8                clearColorSelBorder
                0x0000000000009558                showScreenHeader
                0x0000000000009674                showScreenFooter
                0x0000000000009920                showScreenMain
                0x0000000000009a6c                showScreenMainHome
                0x0000000000009d40                showScreenMainBook
                0x000000000000a034                showScreenMainSetting
                0x000000000000a678                showScreenMainColorPicker
                0x000000000000a794                showScreen
 .text          0x000000000000a8a0     0x33b4 obj/default/test_value.o
                0x000000000000a8a0                displayStatus
                0x000000000000a8f0                displayTxtFilesInfo
                0x000000000000aa84                displayTxtFile
                0x000000000000ac3c                displayTextType
                0x000000000000ad10                getMallocStr
                0x000000000000ada0                displayScreenContainer
                0x000000000000ae54                displayAreaRange
                0x000000000000b018                displayScreenHeaderTime
                0x000000000000b140                displayScreenFooterBtn
                0x000000000000b358                displayScreenHome
                0x000000000000b7f8                displayScreenBook
                0x000000000000ba90                displayScreenSetting
                0x000000000000bf9c                displayScreenColorPicker
                0x000000000000c0c4                displayScrMainAreaInfo
                0x000000000000c21c                displayTagBlock
                0x000000000000c448                displayIconBlock
                0x000000000000c658                displayColorInfo
                0x000000000000c818                displayColorBoard
                0x000000000000c9b0                displayTagIconGroup
                0x000000000000ccdc                displayTagGroup
                0x000000000000ce7c                displayTagList
                0x000000000000d0e0                displayProgressBarX
                0x000000000000d324                displayScrollBarY
                0x000000000000d658                displayScreenPageInfo
                0x000000000000d8ac                displayColorRGB
                0x000000000000d924                displayObjPic
                0x000000000000daac                storeScreenArrayToFile
                0x000000000000db18                WriteArray2File
                0x000000000000dbd4                clearScreenArray
 .text          0x000000000000dc54     0x23e4 obj/default/tftlcd.o
                0x000000000000dc54                LCD_ReadReg
                0x000000000000dc98                LCD_init
                0x000000000000de38                LCD_RD_DATA
                0x000000000000de98                LCD_WR_REG
                0x000000000000defc                LCD_WR_DATA
                0x000000000000df60                LCD_WriteReg
                0x000000000000dfac                LCD5310_init
                0x000000000000f3bc                LCD_SetCursor
                0x000000000000f468                LCD_DrawPoint
                0x000000000000f4c4                LCD_Fast_DrawPoint
                0x000000000000f584                LCD_WriteRAM_Prepare
                0x000000000000f5c0                LCD_WriteRAM
                0x000000000000f5f8                LCD_DrawLine
                0x000000000000f7c4                LCD_Display_Dir
                0x000000000000f8d8                LCD_Fill
                0x000000000000f9a0                LCD_Color_Fill
                0x000000000000faa0                delay
                0x000000000000fae0                LCD_Scan_Dir
                0x000000000000fe58                LCD_Clear
                0x000000000000fef4                LCD_Set_Window
 .text          0x0000000000010038      0x288 obj/default/time_count.o
                0x0000000000010038                scrHeaderTimeResp
                0x00000000000100c8                timeCount1s_handler
                0x000000000001023c                getTimeInSeconds
 .text          0x00000000000102c0      0xea8 obj/default/touch.o
                0x00000000000102c0                delay_us
                0x000000000001030c                TP_Write_Byte
                0x0000000000010428                TP_Read_AD
                0x0000000000010698                TP_Read_XOY
                0x0000000000010868                TP_Read_XY
                0x00000000000108d8                TP_Read_XY2
                0x0000000000010a68                TP_Scan
                0x0000000000010d00                TP_Init
                0x0000000000010e3c                physical2logical
                0x000000000001109c                intr_scan_headler
 .text          0x0000000000011168     0x2a50 obj/default/touch_resp.o
                0x0000000000011168                posValidInAbsPos
                0x0000000000011238                screenRespTask
                0x000000000001156c                scrFooterResp
                0x00000000000117f0                scrMainHomeResp
                0x0000000000011b04                scrMainBookResp
                0x000000000001203c                scrMainSettingResp
                0x0000000000012d08                scrMainColorPickerResp
                0x0000000000012dfc                colorBoardResp
                0x0000000000012fa0                scrPageInfoResp
                0x0000000000013410                prgBarXResp
                0x00000000000134e0                scrollBarYResp
 .text          0x0000000000013bb8      0x2b0 obj/default/txt_read.o
                0x0000000000013bb8                readAlltxtFilesOfSDcard
                0x0000000000013d40                readBookOfTxtFile
                0x0000000000013dc8                openTxtFile
                0x0000000000013e38                closeTxtFile
 .text          0x0000000000013e68       0x60 e:/altera/15.0/nios2eds/bin/gnu/h-x86_64-mingw32/bin/../lib/gcc/nios2-elf/4.9.1\libgcc.a(_fixunssfsi.o)
                0x0000000000013e68                __fixunssfsi
 .text          0x0000000000013ec8       0x74 e:/altera/15.0/nios2eds/bin/gnu/h-x86_64-mingw32/bin/../lib/gcc/nios2-elf/4.9.1\libgcc.a(_fixunsdfsi.o)
                0x0000000000013ec8                __fixunsdfsi
 .text          0x0000000000013f3c      0x12c e:/altera/15.0/nios2eds/bin/gnu/h-x86_64-mingw32/bin/../lib/gcc/nios2-elf/4.9.1\libgcc.a(lib2-divmod.o)
                0x0000000000013fa8                __divsi3
                0x0000000000013ffc                __modsi3
                0x0000000000014058                __udivsi3
                0x0000000000014060                __umodsi3
 .text          0x0000000000014068      0x4e0 e:/altera/15.0/nios2eds/bin/gnu/h-x86_64-mingw32/bin/../lib/gcc/nios2-elf/4.9.1\libgcc.a(addsf3.o)
                0x0000000000014068                __addsf3
 .text          0x0000000000014548       0xb8 e:/altera/15.0/nios2eds/bin/gnu/h-x86_64-mingw32/bin/../lib/gcc/nios2-elf/4.9.1\libgcc.a(gesf2.o)
                0x0000000000014548                __gesf2
                0x0000000000014548                __gtsf2
 .text          0x0000000000014600       0xb8 e:/altera/15.0/nios2eds/bin/gnu/h-x86_64-mingw32/bin/../lib/gcc/nios2-elf/4.9.1\libgcc.a(lesf2.o)
                0x0000000000014600                __ltsf2
                0x0000000000014600                __lesf2
 .text          0x00000000000146b8      0x424 e:/altera/15.0/nios2eds/bin/gnu/h-x86_64-mingw32/bin/../lib/gcc/nios2-elf/4.9.1\libgcc.a(mulsf3.o)
                0x00000000000146b8                __mulsf3
 .text          0x0000000000014adc      0x4fc e:/altera/15.0/nios2eds/bin/gnu/h-x86_64-mingw32/bin/../lib/gcc/nios2-elf/4.9.1\libgcc.a(subsf3.o)
                0x0000000000014adc                __subsf3
 .text          0x0000000000014fd8       0x78 e:/altera/15.0/nios2eds/bin/gnu/h-x86_64-mingw32/bin/../lib/gcc/nios2-elf/4.9.1\libgcc.a(fixsfsi.o)
                0x0000000000014fd8                __fixsfsi
 .text          0x0000000000015050      0x134 e:/altera/15.0/nios2eds/bin/gnu/h-x86_64-mingw32/bin/../lib/gcc/nios2-elf/4.9.1\libgcc.a(floatsisf.o)
                0x0000000000015050                __floatsisf
 .text          0x0000000000015184      0x89c e:/altera/15.0/nios2eds/bin/gnu/h-x86_64-mingw32/bin/../lib/gcc/nios2-elf/4.9.1\libgcc.a(adddf3.o)
                0x0000000000015184                __adddf3
 .text          0x0000000000015a20      0x8cc e:/altera/15.0/nios2eds/bin/gnu/h-x86_64-mingw32/bin/../lib/gcc/nios2-elf/4.9.1\libgcc.a(divdf3.o)
                0x0000000000015a20                __divdf3
 .text          0x00000000000162ec       0xe0 e:/altera/15.0/nios2eds/bin/gnu/h-x86_64-mingw32/bin/../lib/gcc/nios2-elf/4.9.1\libgcc.a(gedf2.o)
                0x00000000000162ec                __gedf2
                0x00000000000162ec                __gtdf2
 .text          0x00000000000163cc      0x724 e:/altera/15.0/nios2eds/bin/gnu/h-x86_64-mingw32/bin/../lib/gcc/nios2-elf/4.9.1\libgcc.a(muldf3.o)
                0x00000000000163cc                __muldf3
 .text          0x0000000000016af0      0x8d0 e:/altera/15.0/nios2eds/bin/gnu/h-x86_64-mingw32/bin/../lib/gcc/nios2-elf/4.9.1\libgcc.a(subdf3.o)
                0x0000000000016af0                __subdf3
 .text          0x00000000000173c0       0x88 e:/altera/15.0/nios2eds/bin/gnu/h-x86_64-mingw32/bin/../lib/gcc/nios2-elf/4.9.1\libgcc.a(fixdfsi.o)
                0x00000000000173c0                __fixdfsi
 .text          0x0000000000017448       0xd0 e:/altera/15.0/nios2eds/bin/gnu/h-x86_64-mingw32/bin/../lib/gcc/nios2-elf/4.9.1\libgcc.a(floatsidf.o)
                0x0000000000017448                __floatsidf
 .text          0x0000000000017518      0x110 e:/altera/15.0/nios2eds/bin/gnu/h-x86_64-mingw32/bin/../lib/gcc/nios2-elf/4.9.1\libgcc.a(extendsfdf2.o)
                0x0000000000017518                __extendsfdf2
 .text          0x0000000000017628      0x198 e:/altera/15.0/nios2eds/bin/gnu/h-x86_64-mingw32/bin/../lib/gcc/nios2-elf/4.9.1\libgcc.a(truncdfsf2.o)
                0x0000000000017628                __truncdfsf2
 .text          0x00000000000177c0       0x64 e:/altera/15.0/nios2eds/bin/gnu/h-x86_64-mingw32/bin/../lib/gcc/nios2-elf/4.9.1\libgcc.a(_clzsi2.o)
                0x00000000000177c0                __clzsi2
 .text          0x0000000000017824        0x0 e:/altera/15.0/nios2eds/bin/gnu/h-x86_64-mingw32/bin/../lib/gcc/nios2-elf/4.9.1\libgcc.a(_clz.o)
 .text          0x0000000000017824      0x114 e:/altera/15.0/nios2eds/bin/gnu/h-x86_64-mingw32/bin/../lib/gcc/nios2-elf/4.9.1/../../../../../H-x86_64-mingw32/nios2-elf/lib\libc.a(lib_a-fclose.o)
                0x0000000000017824                _fclose_r
                0x0000000000017924                fclose
 .text          0x0000000000017938      0x258 e:/altera/15.0/nios2eds/bin/gnu/h-x86_64-mingw32/bin/../lib/gcc/nios2-elf/4.9.1/../../../../../H-x86_64-mingw32/nios2-elf/lib\libc.a(lib_a-fflush.o)
                0x0000000000017938                _fflush_r
                0x0000000000017b60                fflush
 .text          0x0000000000017b90      0x3a0 e:/altera/15.0/nios2eds/bin/gnu/h-x86_64-mingw32/bin/../lib/gcc/nios2-elf/4.9.1/../../../../../H-x86_64-mingw32/nios2-elf/lib\libc.a(lib_a-findfp.o)
                0x0000000000017ba0                _cleanup_r
                0x0000000000017d4c                __sfmoreglue
                0x0000000000017db0                __sfp
                0x0000000000017ec8                _cleanup
                0x0000000000017ee0                __sinit
                0x0000000000017ef0                __sfp_lock_acquire
                0x0000000000017ef4                __sfp_lock_release
                0x0000000000017ef8                __sinit_lock_acquire
                0x0000000000017efc                __sinit_lock_release
                0x0000000000017f00                __fp_lock_all
                0x0000000000017f18                __fp_unlock_all
 .text          0x0000000000017f30      0x10c e:/altera/15.0/nios2eds/bin/gnu/h-x86_64-mingw32/bin/../lib/gcc/nios2-elf/4.9.1/../../../../../H-x86_64-mingw32/nios2-elf/lib\libc.a(lib_a-fopen.o)
                0x0000000000017f30                _fopen_r
                0x0000000000018020                fopen
 .text          0x000000000001803c       0x4c e:/altera/15.0/nios2eds/bin/gnu/h-x86_64-mingw32/bin/../lib/gcc/nios2-elf/4.9.1/../../../../../H-x86_64-mingw32/nios2-elf/lib\libc.a(lib_a-fprintf.o)
                0x000000000001803c                _fprintf_r
                0x0000000000018064                fprintf
 .text          0x0000000000018088       0x9c e:/altera/15.0/nios2eds/bin/gnu/h-x86_64-mingw32/bin/../lib/gcc/nios2-elf/4.9.1/../../../../../H-x86_64-mingw32/nios2-elf/lib\libc.a(lib_a-fputc.o)
                0x0000000000018088                _fputc_r
                0x00000000000180cc                fputc
 .text          0x0000000000018124      0x414 e:/altera/15.0/nios2eds/bin/gnu/h-x86_64-mingw32/bin/../lib/gcc/nios2-elf/4.9.1/../../../../../H-x86_64-mingw32/nios2-elf/lib\libc.a(lib_a-freer.o)
                0x0000000000018124                _malloc_trim_r
                0x0000000000018248                _free_r
 .text          0x0000000000018538      0x478 e:/altera/15.0/nios2eds/bin/gnu/h-x86_64-mingw32/bin/../lib/gcc/nios2-elf/4.9.1/../../../../../H-x86_64-mingw32/nios2-elf/lib\libc.a(lib_a-fseek.o)
                0x0000000000018538                _fseek_r
                0x000000000001898c                fseek
 .text          0x00000000000189b0       0x58 e:/altera/15.0/nios2eds/bin/gnu/h-x86_64-mingw32/bin/../lib/gcc/nios2-elf/4.9.1/../../../../../H-x86_64-mingw32/nios2-elf/lib\libc.a(lib_a-fstatr.o)
                0x00000000000189b0                _fstat_r
 .text          0x0000000000018a08      0x170 e:/altera/15.0/nios2eds/bin/gnu/h-x86_64-mingw32/bin/../lib/gcc/nios2-elf/4.9.1/../../../../../H-x86_64-mingw32/nios2-elf/lib\libc.a(lib_a-fwalk.o)
                0x0000000000018a08                _fwalk
                0x0000000000018ac0                _fwalk_reent
 .text          0x0000000000018b78        0x0 e:/altera/15.0/nios2eds/bin/gnu/h-x86_64-mingw32/bin/../lib/gcc/nios2-elf/4.9.1/../../../../../H-x86_64-mingw32/nios2-elf/lib\libc.a(lib_a-impure.o)
 .text          0x0000000000018b78        0x0 e:/altera/15.0/nios2eds/bin/gnu/h-x86_64-mingw32/bin/../lib/gcc/nios2-elf/4.9.1/../../../../../H-x86_64-mingw32/nios2-elf/lib\libc.a(lib_a-int_errno.o)
 .text          0x0000000000018b78      0x1b8 e:/altera/15.0/nios2eds/bin/gnu/h-x86_64-mingw32/bin/../lib/gcc/nios2-elf/4.9.1/../../../../../H-x86_64-mingw32/nios2-elf/lib\libc.a(lib_a-makebuf.o)
                0x0000000000018b78                __smakebuf_r
 .text          0x0000000000018d30       0x28 e:/altera/15.0/nios2eds/bin/gnu/h-x86_64-mingw32/bin/../lib/gcc/nios2-elf/4.9.1/../../../../../H-x86_64-mingw32/nios2-elf/lib\libc.a(lib_a-malloc.o)
                0x0000000000018d30                malloc
                0x0000000000018d44                free
 .text          0x0000000000018d58      0x7a8 e:/altera/15.0/nios2eds/bin/gnu/h-x86_64-mingw32/bin/../lib/gcc/nios2-elf/4.9.1/../../../../../H-x86_64-mingw32/nios2-elf/lib\libc.a(lib_a-mallocr.o)
                0x0000000000018d58                _malloc_r
 .text          0x0000000000019500      0x138 e:/altera/15.0/nios2eds/bin/gnu/h-x86_64-mingw32/bin/../lib/gcc/nios2-elf/4.9.1/../../../../../H-x86_64-mingw32/nios2-elf/lib\libc.a(lib_a-memcpy.o)
                0x0000000000019500                memcpy
 .text          0x0000000000019638      0x124 e:/altera/15.0/nios2eds/bin/gnu/h-x86_64-mingw32/bin/../lib/gcc/nios2-elf/4.9.1/../../../../../H-x86_64-mingw32/nios2-elf/lib\libc.a(lib_a-memset.o)
                0x0000000000019638                memset
 .text          0x000000000001975c       0x5c e:/altera/15.0/nios2eds/bin/gnu/h-x86_64-mingw32/bin/../lib/gcc/nios2-elf/4.9.1/../../../../../H-x86_64-mingw32/nios2-elf/lib\libc.a(lib_a-openr.o)
                0x000000000001975c                _open_r
 .text          0x00000000000197b8       0x68 e:/altera/15.0/nios2eds/bin/gnu/h-x86_64-mingw32/bin/../lib/gcc/nios2-elf/4.9.1/../../../../../H-x86_64-mingw32/nios2-elf/lib\libc.a(lib_a-printf.o)
                0x00000000000197b8                _printf_r
                0x00000000000197e4                printf
 .text          0x0000000000019820      0x168 e:/altera/15.0/nios2eds/bin/gnu/h-x86_64-mingw32/bin/../lib/gcc/nios2-elf/4.9.1/../../../../../H-x86_64-mingw32/nios2-elf/lib\libc.a(lib_a-putc.o)
                0x0000000000019820                _putc_r
                0x00000000000198c0                putc
 .text          0x0000000000019988       0x20 e:/altera/15.0/nios2eds/bin/gnu/h-x86_64-mingw32/bin/../lib/gcc/nios2-elf/4.9.1/../../../../../H-x86_64-mingw32/nios2-elf/lib\libc.a(lib_a-putchar.o)
                0x0000000000019988                _putchar_r
                0x0000000000019990                putchar
 .text          0x00000000000199a8       0xcc e:/altera/15.0/nios2eds/bin/gnu/h-x86_64-mingw32/bin/../lib/gcc/nios2-elf/4.9.1/../../../../../H-x86_64-mingw32/nios2-elf/lib\libc.a(lib_a-puts.o)
                0x00000000000199a8                _puts_r
                0x0000000000019a60                puts
 .text          0x0000000000019a74      0x1c4 e:/altera/15.0/nios2eds/bin/gnu/h-x86_64-mingw32/bin/../lib/gcc/nios2-elf/4.9.1/../../../../../H-x86_64-mingw32/nios2-elf/lib\libc.a(lib_a-refill.o)
                0x0000000000019a90                __srefill_r
 .text          0x0000000000019c38       0x54 e:/altera/15.0/nios2eds/bin/gnu/h-x86_64-mingw32/bin/../lib/gcc/nios2-elf/4.9.1/../../../../../H-x86_64-mingw32/nios2-elf/lib\libc.a(lib_a-sbrkr.o)
                0x0000000000019c38                _sbrk_r
 .text          0x0000000000019c8c       0xc4 e:/altera/15.0/nios2eds/bin/gnu/h-x86_64-mingw32/bin/../lib/gcc/nios2-elf/4.9.1/../../../../../H-x86_64-mingw32/nios2-elf/lib\libc.a(lib_a-sprintf.o)
                0x0000000000019c8c                _sprintf_r
                0x0000000000019ce4                sprintf
 .text          0x0000000000019d50      0x13c e:/altera/15.0/nios2eds/bin/gnu/h-x86_64-mingw32/bin/../lib/gcc/nios2-elf/4.9.1/../../../../../H-x86_64-mingw32/nios2-elf/lib\libc.a(lib_a-stdio.o)
                0x0000000000019d50                __sread
                0x0000000000019da4                __seofread
                0x0000000000019dac                __swrite
                0x0000000000019e28                __sseek
                0x0000000000019e84                __sclose
 .text          0x0000000000019e8c       0x90 e:/altera/15.0/nios2eds/bin/gnu/h-x86_64-mingw32/bin/../lib/gcc/nios2-elf/4.9.1/../../../../../H-x86_64-mingw32/nios2-elf/lib\libc.a(lib_a-strcpy.o)
                0x0000000000019e8c                strcpy
 .text          0x0000000000019f1c       0x98 e:/altera/15.0/nios2eds/bin/gnu/h-x86_64-mingw32/bin/../lib/gcc/nios2-elf/4.9.1/../../../../../H-x86_64-mingw32/nios2-elf/lib\libc.a(lib_a-strlen.o)
                0x0000000000019f1c                strlen
 .text          0x0000000000019fb4     0x1f90 e:/altera/15.0/nios2eds/bin/gnu/h-x86_64-mingw32/bin/../lib/gcc/nios2-elf/4.9.1/../../../../../H-x86_64-mingw32/nios2-elf/lib\libc.a(lib_a-svfprintf.o)
                0x0000000000019fb4                ___svfprintf_internal_r
 .text          0x000000000001bf44     0x2020 e:/altera/15.0/nios2eds/bin/gnu/h-x86_64-mingw32/bin/../lib/gcc/nios2-elf/4.9.1/../../../../../H-x86_64-mingw32/nios2-elf/lib\libc.a(lib_a-vfprintf.o)
                0x000000000001bf44                ___vfprintf_internal_r
                0x000000000001df40                __vfprintf_internal
 .text          0x000000000001df64      0x170 e:/altera/15.0/nios2eds/bin/gnu/h-x86_64-mingw32/bin/../lib/gcc/nios2-elf/4.9.1/../../../../../H-x86_64-mingw32/nios2-elf/lib\libc.a(lib_a-wbuf.o)
                0x000000000001df64                __swbuf_r
                0x000000000001e0b8                __swbuf
 .text          0x000000000001e0d4       0x5c e:/altera/15.0/nios2eds/bin/gnu/h-x86_64-mingw32/bin/../lib/gcc/nios2-elf/4.9.1/../../../../../H-x86_64-mingw32/nios2-elf/lib\libc.a(lib_a-writer.o)
                0x000000000001e0d4                _write_r
 .text          0x000000000001e130      0x130 e:/altera/15.0/nios2eds/bin/gnu/h-x86_64-mingw32/bin/../lib/gcc/nios2-elf/4.9.1/../../../../../H-x86_64-mingw32/nios2-elf/lib\libc.a(lib_a-wsetup.o)
                0x000000000001e130                __swsetup_r
 .text          0x000000000001e260       0x54 e:/altera/15.0/nios2eds/bin/gnu/h-x86_64-mingw32/bin/../lib/gcc/nios2-elf/4.9.1/../../../../../H-x86_64-mingw32/nios2-elf/lib\libc.a(closer.o)
                0x000000000001e260                _close_r
 .text          0x000000000001e2b4     0x1928 e:/altera/15.0/nios2eds/bin/gnu/h-x86_64-mingw32/bin/../lib/gcc/nios2-elf/4.9.1/../../../../../H-x86_64-mingw32/nios2-elf/lib\libc.a(lib_a-dtoa.o)
                0x000000000001e4b4                _dtoa_r
 .text          0x000000000001fbdc       0x98 e:/altera/15.0/nios2eds/bin/gnu/h-x86_64-mingw32/bin/../lib/gcc/nios2-elf/4.9.1/../../../../../H-x86_64-mingw32/nios2-elf/lib\libc.a(lib_a-flags.o)
                0x000000000001fbdc                __sflags
 .text          0x000000000001fc74      0x4a4 e:/altera/15.0/nios2eds/bin/gnu/h-x86_64-mingw32/bin/../lib/gcc/nios2-elf/4.9.1/../../../../../H-x86_64-mingw32/nios2-elf/lib\libc.a(lib_a-fvwrite.o)
                0x000000000001fc74                __sfvwrite_r
 .text          0x0000000000020118       0x54 e:/altera/15.0/nios2eds/bin/gnu/h-x86_64-mingw32/bin/../lib/gcc/nios2-elf/4.9.1/../../../../../H-x86_64-mingw32/nios2-elf/lib\libc.a(lib_a-isattyr.o)
                0x0000000000020118                _isatty_r
 .text          0x000000000002016c       0xe0 e:/altera/15.0/nios2eds/bin/gnu/h-x86_64-mingw32/bin/../lib/gcc/nios2-elf/4.9.1/../../../../../H-x86_64-mingw32/nios2-elf/lib\libc.a(lib_a-locale.o)
                0x000000000002016c                _setlocale_r
                0x00000000000201e8                __locale_charset
                0x00000000000201f4                __locale_mb_cur_max
                0x0000000000020204                __locale_msgcharset
                0x0000000000020210                __locale_cjk_lang
                0x0000000000020218                _localeconv_r
                0x0000000000020224                setlocale
                0x0000000000020240                localeconv
 .text          0x000000000002024c       0x5c e:/altera/15.0/nios2eds/bin/gnu/h-x86_64-mingw32/bin/../lib/gcc/nios2-elf/4.9.1/../../../../../H-x86_64-mingw32/nios2-elf/lib\libc.a(lib_a-lseekr.o)
                0x000000000002024c                _lseek_r
 .text          0x00000000000202a8       0xe8 e:/altera/15.0/nios2eds/bin/gnu/h-x86_64-mingw32/bin/../lib/gcc/nios2-elf/4.9.1/../../../../../H-x86_64-mingw32/nios2-elf/lib\libc.a(lib_a-memchr.o)
                0x00000000000202a8                memchr
 .text          0x0000000000020390      0x15c e:/altera/15.0/nios2eds/bin/gnu/h-x86_64-mingw32/bin/../lib/gcc/nios2-elf/4.9.1/../../../../../H-x86_64-mingw32/nios2-elf/lib\libc.a(lib_a-memmove.o)
                0x0000000000020390                memmove
 .text          0x00000000000204ec      0xf8c e:/altera/15.0/nios2eds/bin/gnu/h-x86_64-mingw32/bin/../lib/gcc/nios2-elf/4.9.1/../../../../../H-x86_64-mingw32/nios2-elf/lib\libc.a(lib_a-mprec.o)
                0x00000000000204ec                _Balloc
                0x0000000000020594                _Bfree
                0x00000000000205bc                __multadd
                0x00000000000206d0                __s2b
                0x00000000000207d4                __hi0bits
                0x000000000002083c                __lo0bits
                0x00000000000208ec                __i2b
                0x0000000000020928                __multiply
                0x0000000000020b24                __pow5mult
                0x0000000000020c64                __lshift
                0x0000000000020dac                __mcmp
                0x0000000000020e0c                __mdiff
                0x0000000000020fa4                __ulp
                0x0000000000021004                __b2d
                0x0000000000021120                __d2b
                0x000000000002125c                __ratio
                0x0000000000021300                _mprec_log10
                0x0000000000021374                __copybits
                0x00000000000213ec                __any_on
 .text          0x0000000000021478       0x5c e:/altera/15.0/nios2eds/bin/gnu/h-x86_64-mingw32/bin/../lib/gcc/nios2-elf/4.9.1/../../../../../H-x86_64-mingw32/nios2-elf/lib\libc.a(lib_a-readr.o)
                0x0000000000021478                _read_r
 .text          0x00000000000214d4      0x5a0 e:/altera/15.0/nios2eds/bin/gnu/h-x86_64-mingw32/bin/../lib/gcc/nios2-elf/4.9.1/../../../../../H-x86_64-mingw32/nios2-elf/lib\libc.a(lib_a-reallocr.o)
                0x00000000000214d4                _realloc_r
 .text          0x0000000000021a74       0x74 e:/altera/15.0/nios2eds/bin/gnu/h-x86_64-mingw32/bin/../lib/gcc/nios2-elf/4.9.1/../../../../../H-x86_64-mingw32/nios2-elf/lib\libc.a(lib_a-s_fpclassify.o)
                0x0000000000021a74                __fpclassifyd
 .text          0x0000000000021ae8       0xa4 e:/altera/15.0/nios2eds/bin/gnu/h-x86_64-mingw32/bin/../lib/gcc/nios2-elf/4.9.1/../../../../../H-x86_64-mingw32/nios2-elf/lib\libc.a(lib_a-strcmp.o)
                0x0000000000021ae8                strcmp
 .text          0x0000000000021b8c     0x1230 e:/altera/15.0/nios2eds/bin/gnu/h-x86_64-mingw32/bin/../lib/gcc/nios2-elf/4.9.1/../../../../../H-x86_64-mingw32/nios2-elf/lib\libc.a(lib_a-svfiprintf.o)
                0x0000000000021b8c                __ssprint_r
                0x0000000000021d54                ___svfiprintf_internal_r
 .text          0x0000000000022dbc     0x1494 e:/altera/15.0/nios2eds/bin/gnu/h-x86_64-mingw32/bin/../lib/gcc/nios2-elf/4.9.1/../../../../../H-x86_64-mingw32/nios2-elf/lib\libc.a(lib_a-vfiprintf.o)
                0x0000000000022eb8                __sprint_r
                0x0000000000022ed0                ___vfiprintf_internal_r
                0x000000000002422c                __vfiprintf_internal
 .text          0x0000000000024250       0xc4 e:/altera/15.0/nios2eds/bin/gnu/h-x86_64-mingw32/bin/../lib/gcc/nios2-elf/4.9.1/../../../../../H-x86_64-mingw32/nios2-elf/lib\libc.a(lib_a-callocr.o)
                0x0000000000024250                _calloc_r
 .text          0x0000000000024314      0x1dc e:/altera/15.0/nios2eds/bin/gnu/h-x86_64-mingw32/bin/../lib/gcc/nios2-elf/4.9.1/../../../../../H-x86_64-mingw32/nios2-elf/lib\libc.a(lib_a-fputwc.o)
                0x0000000000024314                _fputwc_r
                0x0000000000024498                fputwc
 .text          0x00000000000244f0      0x174 e:/altera/15.0/nios2eds/bin/gnu/h-x86_64-mingw32/bin/../lib/gcc/nios2-elf/4.9.1/../../../../../H-x86_64-mingw32/nios2-elf/lib\libc.a(lib_a-wcrtomb.o)
                0x00000000000244f0                _wcrtomb_r
                0x000000000002458c                wcrtomb
 .text          0x0000000000024664       0x8c e:/altera/15.0/nios2eds/bin/gnu/h-x86_64-mingw32/bin/../lib/gcc/nios2-elf/4.9.1/../../../../../H-x86_64-mingw32/nios2-elf/lib\libc.a(lib_a-wctomb_r.o)
                0x0000000000024664                __ascii_wctomb
                0x0000000000024694                _wctomb_r
 .text          0x00000000000246f0      0x5c0 e:/altera/15.0/nios2eds/bin/gnu/h-x86_64-mingw32/bin/../lib/gcc/nios2-elf/4.9.1\libgcc.a(_udivdi3.o)
                0x00000000000246f0                __udivdi3
 .text          0x0000000000024cb0      0x590 e:/altera/15.0/nios2eds/bin/gnu/h-x86_64-mingw32/bin/../lib/gcc/nios2-elf/4.9.1\libgcc.a(_umoddi3.o)
                0x0000000000024cb0                __umoddi3
 .text          0x0000000000025240       0x84 e:/altera/15.0/nios2eds/bin/gnu/h-x86_64-mingw32/bin/../lib/gcc/nios2-elf/4.9.1\libgcc.a(eqdf2.o)
                0x0000000000025240                __nedf2
                0x0000000000025240                __eqdf2
 .text          0x00000000000252c4       0xe0 e:/altera/15.0/nios2eds/bin/gnu/h-x86_64-mingw32/bin/../lib/gcc/nios2-elf/4.9.1\libgcc.a(ledf2.o)
                0x00000000000252c4                __ledf2
                0x00000000000252c4                __ltdf2
 .text          0x00000000000253a4       0xa4 e:/altera/15.0/nios2eds/bin/gnu/h-x86_64-mingw32/bin/../lib/gcc/nios2-elf/4.9.1\libgcc.a(floatunsidf.o)
                0x00000000000253a4                __floatunsidf
 .text          0x0000000000025448      0x120 ../ebook1_bsp/\libhal_bsp.a(alt_close.o)
                0x0000000000025498                close
 .text          0x0000000000025568       0x2c ../ebook1_bsp/\libhal_bsp.a(alt_dev.o)
 .text          0x0000000000025594        0x0 ../ebook1_bsp/\libhal_bsp.a(alt_errno.o)
 .text          0x0000000000025594      0x100 ../ebook1_bsp/\libhal_bsp.a(alt_fstat.o)
                0x00000000000255e4                fstat
 .text          0x0000000000025694      0x1e0 ../ebook1_bsp/\libhal_bsp.a(alt_iic.o)
                0x0000000000025694                alt_ic_isr_register
                0x00000000000256e4                alt_ic_irq_enable
                0x0000000000025784                alt_ic_irq_disable
                0x0000000000025828                alt_ic_irq_enabled
 .text          0x0000000000025874       0xf0 ../ebook1_bsp/\libhal_bsp.a(alt_iic_isr_register.o)
                0x0000000000025874                alt_iic_isr_register
 .text          0x0000000000025964        0x0 ../ebook1_bsp/\libhal_bsp.a(alt_irq_entry.o)
 .text          0x0000000000025964        0x0 ../ebook1_bsp/\libhal_bsp.a(alt_irq_handler.o)
 .text          0x0000000000025964        0x0 ../ebook1_bsp/\libhal_bsp.a(alt_irq_vars.o)
 .text          0x0000000000025964       0xf4 ../ebook1_bsp/\libhal_bsp.a(alt_isatty.o)
                0x00000000000259b4                isatty
 .text          0x0000000000025a58       0xe4 ../ebook1_bsp/\libhal_bsp.a(alt_load.o)
                0x0000000000025abc                alt_load
 .text          0x0000000000025b3c      0x124 ../ebook1_bsp/\libhal_bsp.a(alt_lseek.o)
                0x0000000000025b8c                lseek
 .text          0x0000000000025c60       0x78 ../ebook1_bsp/\libhal_bsp.a(alt_main.o)
                0x0000000000025c60                alt_main
 .text          0x0000000000025cd8       0x40 ../ebook1_bsp/\libhal_bsp.a(alt_malloc_lock.o)
                0x0000000000025cd8                __malloc_lock
                0x0000000000025cf8                __malloc_unlock
 .text          0x0000000000025d18      0x274 ../ebook1_bsp/\libhal_bsp.a(alt_open.o)
                0x0000000000025e34                open
 .text          0x0000000000025f8c      0x14c ../ebook1_bsp/\libhal_bsp.a(alt_read.o)
                0x0000000000025fdc                read
 .text          0x00000000000260d8       0x60 ../ebook1_bsp/\libhal_bsp.a(alt_release_fd.o)
                0x00000000000260d8                alt_release_fd
 .text          0x0000000000026138       0xb0 ../ebook1_bsp/\libhal_bsp.a(alt_sbrk.o)
                0x0000000000026138                sbrk
 .text          0x00000000000261e8       0x30 ../ebook1_bsp/\libhal_bsp.a(alt_usleep.o)
                0x00000000000261e8                usleep
 .text          0x0000000000026218      0x148 ../ebook1_bsp/\libhal_bsp.a(alt_write.o)
                0x0000000000026268                write
 .text          0x0000000000026360       0xd8 ../ebook1_bsp/\libhal_bsp.a(alt_sys_init.o)
                0x0000000000026398                alt_irq_init
                0x00000000000263cc                alt_sys_init
 .text          0x0000000000026438      0x164 ../ebook1_bsp/\libhal_bsp.a(altera_avalon_jtag_uart_fd.o)
                0x0000000000026438                altera_avalon_jtag_uart_read_fd
                0x0000000000026498                altera_avalon_jtag_uart_write_fd
                0x00000000000264f8                altera_avalon_jtag_uart_close_fd
                0x0000000000026548                altera_avalon_jtag_uart_ioctl_fd
 .text          0x000000000002659c      0x3d8 ../ebook1_bsp/\libhal_bsp.a(altera_avalon_jtag_uart_init.o)
                0x000000000002659c                altera_avalon_jtag_uart_init
                0x000000000002690c                altera_avalon_jtag_uart_close
 .text          0x0000000000026974       0xec ../ebook1_bsp/\libhal_bsp.a(altera_avalon_jtag_uart_ioctl.o)
                0x0000000000026974                altera_avalon_jtag_uart_ioctl
 .text          0x0000000000026a60      0x20c ../ebook1_bsp/\libhal_bsp.a(altera_avalon_jtag_uart_read.o)
                0x0000000000026a60                altera_avalon_jtag_uart_read
 .text          0x0000000000026c6c      0x218 ../ebook1_bsp/\libhal_bsp.a(altera_avalon_jtag_uart_write.o)
                0x0000000000026c6c                altera_avalon_jtag_uart_write
 .text          0x0000000000026e84       0xfc ../ebook1_bsp/\libhal_bsp.a(altera_avalon_timer_sc.o)
                0x0000000000026ef8                alt_avalon_timer_sc_init
 .text          0x0000000000026f80      0x140 ../ebook1_bsp/\libhal_bsp.a(alt_alarm_start.o)
                0x0000000000026f80                alt_alarm_start
 .text          0x00000000000270c0      0x158 ../ebook1_bsp/\libhal_bsp.a(alt_busy_sleep.o)
                0x00000000000270c0                alt_busy_sleep
 .text          0x0000000000027218       0x44 ../ebook1_bsp/\libhal_bsp.a(alt_dcache_flush_all.o)
                0x0000000000027218                alt_dcache_flush_all
 .text          0x000000000002725c       0xf4 ../ebook1_bsp/\libhal_bsp.a(alt_dev_llist_insert.o)
                0x00000000000272ac                alt_dev_llist_insert
 .text          0x0000000000027350       0x5c ../ebook1_bsp/\libhal_bsp.a(alt_do_ctors.o)
                0x0000000000027350                _do_ctors
 .text          0x00000000000273ac       0x5c ../ebook1_bsp/\libhal_bsp.a(alt_do_dtors.o)
                0x00000000000273ac                _do_dtors
 .text          0x0000000000027408        0x0 ../ebook1_bsp/\libhal_bsp.a(alt_exception_entry.o)
 .text          0x0000000000027408       0x90 ../ebook1_bsp/\libhal_bsp.a(alt_find_dev.o)
                0x0000000000027408                alt_find_dev
 .text          0x0000000000027498      0x114 ../ebook1_bsp/\libhal_bsp.a(alt_find_file.o)
                0x0000000000027498                alt_find_file
 .text          0x00000000000275ac       0xb4 ../ebook1_bsp/\libhal_bsp.a(alt_get_fd.o)
                0x00000000000275ac                alt_get_fd
 .text          0x0000000000027660       0x30 ../ebook1_bsp/\libhal_bsp.a(alt_icache_flush_all.o)
                0x0000000000027660                alt_icache_flush_all
 .text          0x0000000000027690       0x9c ../ebook1_bsp/\libhal_bsp.a(alt_instruction_exception_entry.o)
                0x0000000000027690                alt_exception_cause_generated_bad_addr
 .text          0x000000000002772c      0x138 ../ebook1_bsp/\libhal_bsp.a(alt_io_redirect.o)
                0x00000000000277ec                alt_io_redirect
 .text          0x0000000000027864      0x19c ../ebook1_bsp/\libhal_bsp.a(alt_tick.o)
                0x0000000000027864                alt_alarm_stop
                0x00000000000278fc                alt_tick
 .text          0x0000000000027a00       0x20 ../ebook1_bsp/\libhal_bsp.a(altera_nios2_gen2_irq.o)
                0x0000000000027a00                altera_nios2_gen2_irq_init
 .text          0x0000000000027a20       0x8c ../ebook1_bsp/\libhal_bsp.a(alt_icache_flush.o)
                0x0000000000027a20                alt_icache_flush
 .text          0x0000000000027aac       0x14 e:/altera/15.0/nios2eds/bin/gnu/h-x86_64-mingw32/bin/../lib/gcc/nios2-elf/4.9.1/../../../../../H-x86_64-mingw32/nios2-elf/lib\libc.a(lib_a-atexit.o)
                0x0000000000027aac                atexit
 .text          0x0000000000027ac0       0x38 e:/altera/15.0/nios2eds/bin/gnu/h-x86_64-mingw32/bin/../lib/gcc/nios2-elf/4.9.1/../../../../../H-x86_64-mingw32/nios2-elf/lib\libc.a(lib_a-exit.o)
                0x0000000000027ac0                exit
 .text          0x0000000000027af8       0x7c e:/altera/15.0/nios2eds/bin/gnu/h-x86_64-mingw32/bin/../lib/gcc/nios2-elf/4.9.1/../../../../../H-x86_64-mingw32/nios2-elf/lib\libc.a(lib_a-memcmp.o)
                0x0000000000027af8                memcmp
 .text          0x0000000000027b74      0x114 e:/altera/15.0/nios2eds/bin/gnu/h-x86_64-mingw32/bin/../lib/gcc/nios2-elf/4.9.1/../../../../../H-x86_64-mingw32/nios2-elf/lib\libc.a(lib_a-__atexit.o)
                0x0000000000027b74                __register_exitproc
 .text          0x0000000000027c88      0x194 e:/altera/15.0/nios2eds/bin/gnu/h-x86_64-mingw32/bin/../lib/gcc/nios2-elf/4.9.1/../../../../../H-x86_64-mingw32/nios2-elf/lib\libc.a(lib_a-__call_atexit.o)
                0x0000000000027c88                __call_exitprocs
 .text          0x0000000000027e1c       0x34 ../ebook1_bsp/\libhal_bsp.a(alt_exit.o)
                0x0000000000027e1c                _exit
 *(.gnu.warning.*)
 *(.fini)
                0x0000000000027e50                PROVIDE (__etext, ABSOLUTE (.))
                0x0000000000027e50                PROVIDE (_etext, ABSOLUTE (.))
                0x0000000000027e50                PROVIDE (etext, ABSOLUTE (.))
 *(.eh_frame_hdr)
                0x0000000000027e50                . = ALIGN (0x4)
                0x0000000000027e50                PROVIDE (__preinit_array_start, ABSOLUTE (.))
 *(.preinit_array)
                0x0000000000027e50                PROVIDE (__preinit_array_end, ABSOLUTE (.))
                0x0000000000027e50                PROVIDE (__init_array_start, ABSOLUTE (.))
 *(.init_array)
                0x0000000000027e50                PROVIDE (__init_array_end, ABSOLUTE (.))
                0x0000000000027e50                PROVIDE (__fini_array_start, ABSOLUTE (.))
 *(.fini_array)
                0x0000000000027e50                PROVIDE (__fini_array_end, ABSOLUTE (.))
 *(.eh_frame)
 *(.gcc_except_table .gcc_except_table.*)
 *(.dynamic)
                0x0000000000027e50                PROVIDE (__CTOR_LIST__, ABSOLUTE (.))
 *(.ctors)
 *(SORT(.ctors.*))
                0x0000000000027e50                PROVIDE (__CTOR_END__, ABSOLUTE (.))
                0x0000000000027e50                PROVIDE (__DTOR_LIST__, ABSOLUTE (.))
 *(.dtors)
 *(SORT(.dtors.*))
                0x0000000000027e50                PROVIDE (__DTOR_END__, ABSOLUTE (.))
 *(.jcr)
                0x0000000000027e50                . = ALIGN (0x4)

.rodata         0x0000000000027e50    0xbe628
                0x0000000000027e50                PROVIDE (__ram_rodata_start, ABSOLUTE (.))
                0x0000000000027e50                . = ALIGN (0x4)
 *(.rodata .rodata.* .gnu.linkonce.r.*)
 .rodata        0x0000000000027e50      0x800 obj/default/ascii_font.o
                0x0000000000027e50                ascii_font_x8y16
 .rodata        0x0000000000028650      0x200 obj/default/color.o
                0x0000000000028650                color_form
 .rodata        0x0000000000028850    0xbc040 obj/default/gbk_font.o
                0x0000000000028850                gbk_font_x16y16
 .rodata        0x00000000000e4890       0x98 obj/default/icon_pic.o
                0x00000000000e4890                icon_setting
                0x00000000000e48b0                icon_home
                0x00000000000e48d0                icon_back
                0x00000000000e48f0                icon_dot
                0x00000000000e4908                icon_move_up
                0x00000000000e4918                icon_move_down
 .rodata        0x00000000000e4928       0x64 obj/default/main.o
 .rodata        0x00000000000e498c       0x64 obj/default/screen.o
 .rodata        0x00000000000e49f0     0x1238 obj/default/test_value.o
 .rodata        0x00000000000e5c28        0xc obj/default/tftlcd.o
 .rodata        0x00000000000e5c34        0xc obj/default/touch.o
                0x00000000000e5c34                TP_ADJDIS_TBL
 .rodata        0x00000000000e5c40       0xc0 obj/default/touch_resp.o
 .rodata        0x00000000000e5d00      0x414 obj/default/txt_read.o
 .rodata        0x00000000000e6114      0x100 e:/altera/15.0/nios2eds/bin/gnu/h-x86_64-mingw32/bin/../lib/gcc/nios2-elf/4.9.1\libgcc.a(_clz.o)
                0x00000000000e6114                __clz_tab
 .rodata.str1.4
                0x00000000000e6214        0x2 e:/altera/15.0/nios2eds/bin/gnu/h-x86_64-mingw32/bin/../lib/gcc/nios2-elf/4.9.1/../../../../../H-x86_64-mingw32/nios2-elf/lib\libc.a(lib_a-impure.o)
                                          0x4 (size before relaxing)
 *fill*         0x00000000000e6216        0x2 
 .rodata.str1.4
                0x00000000000e6218        0x2 e:/altera/15.0/nios2eds/bin/gnu/h-x86_64-mingw32/bin/../lib/gcc/nios2-elf/4.9.1/../../../../../H-x86_64-mingw32/nios2-elf/lib\libc.a(lib_a-puts.o)
                                          0x4 (size before relaxing)
 *fill*         0x00000000000e621a        0x2 
 .rodata.str1.4
                0x00000000000e621c       0x42 e:/altera/15.0/nios2eds/bin/gnu/h-x86_64-mingw32/bin/../lib/gcc/nios2-elf/4.9.1/../../../../../H-x86_64-mingw32/nios2-elf/lib\libc.a(lib_a-svfprintf.o)
                                         0x44 (size before relaxing)
 .rodata        0x00000000000e625e       0x20 e:/altera/15.0/nios2eds/bin/gnu/h-x86_64-mingw32/bin/../lib/gcc/nios2-elf/4.9.1/../../../../../H-x86_64-mingw32/nios2-elf/lib\libc.a(lib_a-svfprintf.o)
 .rodata.str1.4
                0x0000000000000000       0x44 e:/altera/15.0/nios2eds/bin/gnu/h-x86_64-mingw32/bin/../lib/gcc/nios2-elf/4.9.1/../../../../../H-x86_64-mingw32/nios2-elf/lib\libc.a(lib_a-vfprintf.o)
 .rodata        0x00000000000e627e       0x20 e:/altera/15.0/nios2eds/bin/gnu/h-x86_64-mingw32/bin/../lib/gcc/nios2-elf/4.9.1/../../../../../H-x86_64-mingw32/nios2-elf/lib\libc.a(lib_a-vfprintf.o)
 *fill*         0x00000000000e629e        0x2 
 .rodata.str1.4
                0x00000000000e62a0       0x10 e:/altera/15.0/nios2eds/bin/gnu/h-x86_64-mingw32/bin/../lib/gcc/nios2-elf/4.9.1/../../../../../H-x86_64-mingw32/nios2-elf/lib\libc.a(lib_a-dtoa.o)
                                         0x14 (size before relaxing)
 .rodata.str1.4
                0x00000000000e62b0        0xc e:/altera/15.0/nios2eds/bin/gnu/h-x86_64-mingw32/bin/../lib/gcc/nios2-elf/4.9.1/../../../../../H-x86_64-mingw32/nios2-elf/lib\libc.a(lib_a-locale.o)
                                         0x14 (size before relaxing)
 .rodata        0x00000000000e62bc      0x124 e:/altera/15.0/nios2eds/bin/gnu/h-x86_64-mingw32/bin/../lib/gcc/nios2-elf/4.9.1/../../../../../H-x86_64-mingw32/nios2-elf/lib\libc.a(lib_a-mprec.o)
                0x00000000000e62c8                __mprec_tinytens
                0x00000000000e62f0                __mprec_bigtens
                0x00000000000e6318                __mprec_tens
 .rodata.str1.4
                0x0000000000000000       0x30 e:/altera/15.0/nios2eds/bin/gnu/h-x86_64-mingw32/bin/../lib/gcc/nios2-elf/4.9.1/../../../../../H-x86_64-mingw32/nios2-elf/lib\libc.a(lib_a-svfiprintf.o)
 .rodata        0x00000000000e63e0       0x20 e:/altera/15.0/nios2eds/bin/gnu/h-x86_64-mingw32/bin/../lib/gcc/nios2-elf/4.9.1/../../../../../H-x86_64-mingw32/nios2-elf/lib\libc.a(lib_a-svfiprintf.o)
 .rodata.str1.4
                0x0000000000000000       0x30 e:/altera/15.0/nios2eds/bin/gnu/h-x86_64-mingw32/bin/../lib/gcc/nios2-elf/4.9.1/../../../../../H-x86_64-mingw32/nios2-elf/lib\libc.a(lib_a-vfiprintf.o)
 .rodata        0x00000000000e6400       0x20 e:/altera/15.0/nios2eds/bin/gnu/h-x86_64-mingw32/bin/../lib/gcc/nios2-elf/4.9.1/../../../../../H-x86_64-mingw32/nios2-elf/lib\libc.a(lib_a-vfiprintf.o)
 .rodata        0x00000000000e6420        0xc ../ebook1_bsp/\libhal_bsp.a(alt_dev.o)
 .rodata        0x00000000000e642c       0x10 ../ebook1_bsp/\libhal_bsp.a(alt_main.o)
 .rodata        0x00000000000e643c       0x3c ../ebook1_bsp/\libhal_bsp.a(alt_sys_init.o)
 *(.rodata1)
                0x00000000000e6478                . = ALIGN (0x4)
                0x00000000000e6478                PROVIDE (__ram_rodata_end, ABSOLUTE (.))
                0x0000000000027e50                PROVIDE (__flash_rodata_start, LOADADDR (.rodata))

.rwdata         0x00000000000e6478     0x1e48 load address 0x00000000000e82c0
                0x00000000000e6478                PROVIDE (__ram_rwdata_start, ABSOLUTE (.))
                0x00000000000e6478                . = ALIGN (0x4)
 *(.got.plt)
 *(.got)
 *(.data1)
 *(.data .data.* .gnu.linkonce.d.*)
 .data          0x00000000000e6478        0x0 ../ebook1_bsp//obj/HAL/src/crt0.o
 .data          0x00000000000e6478        0x0 obj/default/ascii_font.o
 .data          0x00000000000e6478        0x0 obj/default/color.o
 .data          0x00000000000e6478        0x0 obj/default/font_manage.o
 .data          0x00000000000e6478        0x0 obj/default/gbk_font.o
 .data          0x00000000000e6478        0x0 obj/default/icon_pic.o
 .data          0x00000000000e6478        0x0 obj/default/main.o
 .data          0x00000000000e6478        0x0 obj/default/screen.o
 .data          0x00000000000e6478        0x0 obj/default/screen_display.o
 .data          0x00000000000e6478        0x0 obj/default/test_value.o
 .data          0x00000000000e6478        0x0 obj/default/tftlcd.o
 .data          0x00000000000e6478        0x0 obj/default/time_count.o
 .data          0x00000000000e6478       0x30 obj/default/touch.o
                0x00000000000e6478                tp_dev
 .data          0x00000000000e64a8        0x0 obj/default/touch_resp.o
 .data          0x00000000000e64a8      0x2df obj/default/txt_read.o
                0x00000000000e64a8                txtBookSpace
 .data          0x00000000000e6787        0x0 e:/altera/15.0/nios2eds/bin/gnu/h-x86_64-mingw32/bin/../lib/gcc/nios2-elf/4.9.1\libgcc.a(_fixunssfsi.o)
 .data          0x00000000000e6787        0x0 e:/altera/15.0/nios2eds/bin/gnu/h-x86_64-mingw32/bin/../lib/gcc/nios2-elf/4.9.1\libgcc.a(_fixunsdfsi.o)
 .data          0x00000000000e6787        0x0 e:/altera/15.0/nios2eds/bin/gnu/h-x86_64-mingw32/bin/../lib/gcc/nios2-elf/4.9.1\libgcc.a(lib2-divmod.o)
 .data          0x00000000000e6787        0x0 e:/altera/15.0/nios2eds/bin/gnu/h-x86_64-mingw32/bin/../lib/gcc/nios2-elf/4.9.1\libgcc.a(addsf3.o)
 .data          0x00000000000e6787        0x0 e:/altera/15.0/nios2eds/bin/gnu/h-x86_64-mingw32/bin/../lib/gcc/nios2-elf/4.9.1\libgcc.a(gesf2.o)
 .data          0x00000000000e6787        0x0 e:/altera/15.0/nios2eds/bin/gnu/h-x86_64-mingw32/bin/../lib/gcc/nios2-elf/4.9.1\libgcc.a(lesf2.o)
 .data          0x00000000000e6787        0x0 e:/altera/15.0/nios2eds/bin/gnu/h-x86_64-mingw32/bin/../lib/gcc/nios2-elf/4.9.1\libgcc.a(mulsf3.o)
 .data          0x00000000000e6787        0x0 e:/altera/15.0/nios2eds/bin/gnu/h-x86_64-mingw32/bin/../lib/gcc/nios2-elf/4.9.1\libgcc.a(subsf3.o)
 .data          0x00000000000e6787        0x0 e:/altera/15.0/nios2eds/bin/gnu/h-x86_64-mingw32/bin/../lib/gcc/nios2-elf/4.9.1\libgcc.a(fixsfsi.o)
 .data          0x00000000000e6787        0x0 e:/altera/15.0/nios2eds/bin/gnu/h-x86_64-mingw32/bin/../lib/gcc/nios2-elf/4.9.1\libgcc.a(floatsisf.o)
 .data          0x00000000000e6787        0x0 e:/altera/15.0/nios2eds/bin/gnu/h-x86_64-mingw32/bin/../lib/gcc/nios2-elf/4.9.1\libgcc.a(adddf3.o)
 .data          0x00000000000e6787        0x0 e:/altera/15.0/nios2eds/bin/gnu/h-x86_64-mingw32/bin/../lib/gcc/nios2-elf/4.9.1\libgcc.a(divdf3.o)
 .data          0x00000000000e6787        0x0 e:/altera/15.0/nios2eds/bin/gnu/h-x86_64-mingw32/bin/../lib/gcc/nios2-elf/4.9.1\libgcc.a(gedf2.o)
 .data          0x00000000000e6787        0x0 e:/altera/15.0/nios2eds/bin/gnu/h-x86_64-mingw32/bin/../lib/gcc/nios2-elf/4.9.1\libgcc.a(muldf3.o)
 .data          0x00000000000e6787        0x0 e:/altera/15.0/nios2eds/bin/gnu/h-x86_64-mingw32/bin/../lib/gcc/nios2-elf/4.9.1\libgcc.a(subdf3.o)
 .data          0x00000000000e6787        0x0 e:/altera/15.0/nios2eds/bin/gnu/h-x86_64-mingw32/bin/../lib/gcc/nios2-elf/4.9.1\libgcc.a(fixdfsi.o)
 .data          0x00000000000e6787        0x0 e:/altera/15.0/nios2eds/bin/gnu/h-x86_64-mingw32/bin/../lib/gcc/nios2-elf/4.9.1\libgcc.a(floatsidf.o)
 .data          0x00000000000e6787        0x0 e:/altera/15.0/nios2eds/bin/gnu/h-x86_64-mingw32/bin/../lib/gcc/nios2-elf/4.9.1\libgcc.a(extendsfdf2.o)
 .data          0x00000000000e6787        0x0 e:/altera/15.0/nios2eds/bin/gnu/h-x86_64-mingw32/bin/../lib/gcc/nios2-elf/4.9.1\libgcc.a(truncdfsf2.o)
 .data          0x00000000000e6787        0x0 e:/altera/15.0/nios2eds/bin/gnu/h-x86_64-mingw32/bin/../lib/gcc/nios2-elf/4.9.1\libgcc.a(_clzsi2.o)
 .data          0x00000000000e6787        0x0 e:/altera/15.0/nios2eds/bin/gnu/h-x86_64-mingw32/bin/../lib/gcc/nios2-elf/4.9.1\libgcc.a(_clz.o)
 .data          0x00000000000e6787        0x0 e:/altera/15.0/nios2eds/bin/gnu/h-x86_64-mingw32/bin/../lib/gcc/nios2-elf/4.9.1/../../../../../H-x86_64-mingw32/nios2-elf/lib\libc.a(lib_a-fclose.o)
 .data          0x00000000000e6787        0x0 e:/altera/15.0/nios2eds/bin/gnu/h-x86_64-mingw32/bin/../lib/gcc/nios2-elf/4.9.1/../../../../../H-x86_64-mingw32/nios2-elf/lib\libc.a(lib_a-fflush.o)
 .data          0x00000000000e6787        0x0 e:/altera/15.0/nios2eds/bin/gnu/h-x86_64-mingw32/bin/../lib/gcc/nios2-elf/4.9.1/../../../../../H-x86_64-mingw32/nios2-elf/lib\libc.a(lib_a-findfp.o)
 .data          0x00000000000e6787        0x0 e:/altera/15.0/nios2eds/bin/gnu/h-x86_64-mingw32/bin/../lib/gcc/nios2-elf/4.9.1/../../../../../H-x86_64-mingw32/nios2-elf/lib\libc.a(lib_a-fopen.o)
 .data          0x00000000000e6787        0x0 e:/altera/15.0/nios2eds/bin/gnu/h-x86_64-mingw32/bin/../lib/gcc/nios2-elf/4.9.1/../../../../../H-x86_64-mingw32/nios2-elf/lib\libc.a(lib_a-fprintf.o)
 .data          0x00000000000e6787        0x0 e:/altera/15.0/nios2eds/bin/gnu/h-x86_64-mingw32/bin/../lib/gcc/nios2-elf/4.9.1/../../../../../H-x86_64-mingw32/nios2-elf/lib\libc.a(lib_a-fputc.o)
 .data          0x00000000000e6787        0x0 e:/altera/15.0/nios2eds/bin/gnu/h-x86_64-mingw32/bin/../lib/gcc/nios2-elf/4.9.1/../../../../../H-x86_64-mingw32/nios2-elf/lib\libc.a(lib_a-freer.o)
 .data          0x00000000000e6787        0x0 e:/altera/15.0/nios2eds/bin/gnu/h-x86_64-mingw32/bin/../lib/gcc/nios2-elf/4.9.1/../../../../../H-x86_64-mingw32/nios2-elf/lib\libc.a(lib_a-fseek.o)
 .data          0x00000000000e6787        0x0 e:/altera/15.0/nios2eds/bin/gnu/h-x86_64-mingw32/bin/../lib/gcc/nios2-elf/4.9.1/../../../../../H-x86_64-mingw32/nios2-elf/lib\libc.a(lib_a-fstatr.o)
 .data          0x00000000000e6787        0x0 e:/altera/15.0/nios2eds/bin/gnu/h-x86_64-mingw32/bin/../lib/gcc/nios2-elf/4.9.1/../../../../../H-x86_64-mingw32/nios2-elf/lib\libc.a(lib_a-fwalk.o)
 *fill*         0x00000000000e6787        0x1 
 .data          0x00000000000e6788      0x424 e:/altera/15.0/nios2eds/bin/gnu/h-x86_64-mingw32/bin/../lib/gcc/nios2-elf/4.9.1/../../../../../H-x86_64-mingw32/nios2-elf/lib\libc.a(lib_a-impure.o)
 .data          0x00000000000e6bac        0x0 e:/altera/15.0/nios2eds/bin/gnu/h-x86_64-mingw32/bin/../lib/gcc/nios2-elf/4.9.1/../../../../../H-x86_64-mingw32/nios2-elf/lib\libc.a(lib_a-int_errno.o)
 .data          0x00000000000e6bac        0x0 e:/altera/15.0/nios2eds/bin/gnu/h-x86_64-mingw32/bin/../lib/gcc/nios2-elf/4.9.1/../../../../../H-x86_64-mingw32/nios2-elf/lib\libc.a(lib_a-makebuf.o)
 .data          0x00000000000e6bac        0x0 e:/altera/15.0/nios2eds/bin/gnu/h-x86_64-mingw32/bin/../lib/gcc/nios2-elf/4.9.1/../../../../../H-x86_64-mingw32/nios2-elf/lib\libc.a(lib_a-malloc.o)
 .data          0x00000000000e6bac      0x408 e:/altera/15.0/nios2eds/bin/gnu/h-x86_64-mingw32/bin/../lib/gcc/nios2-elf/4.9.1/../../../../../H-x86_64-mingw32/nios2-elf/lib\libc.a(lib_a-mallocr.o)
                0x00000000000e6bac                __malloc_av_
 .data          0x00000000000e6fb4        0x0 e:/altera/15.0/nios2eds/bin/gnu/h-x86_64-mingw32/bin/../lib/gcc/nios2-elf/4.9.1/../../../../../H-x86_64-mingw32/nios2-elf/lib\libc.a(lib_a-memcpy.o)
 .data          0x00000000000e6fb4        0x0 e:/altera/15.0/nios2eds/bin/gnu/h-x86_64-mingw32/bin/../lib/gcc/nios2-elf/4.9.1/../../../../../H-x86_64-mingw32/nios2-elf/lib\libc.a(lib_a-memset.o)
 .data          0x00000000000e6fb4        0x0 e:/altera/15.0/nios2eds/bin/gnu/h-x86_64-mingw32/bin/../lib/gcc/nios2-elf/4.9.1/../../../../../H-x86_64-mingw32/nios2-elf/lib\libc.a(lib_a-openr.o)
 .data          0x00000000000e6fb4        0x0 e:/altera/15.0/nios2eds/bin/gnu/h-x86_64-mingw32/bin/../lib/gcc/nios2-elf/4.9.1/../../../../../H-x86_64-mingw32/nios2-elf/lib\libc.a(lib_a-printf.o)
 .data          0x00000000000e6fb4        0x0 e:/altera/15.0/nios2eds/bin/gnu/h-x86_64-mingw32/bin/../lib/gcc/nios2-elf/4.9.1/../../../../../H-x86_64-mingw32/nios2-elf/lib\libc.a(lib_a-putc.o)
 .data          0x00000000000e6fb4        0x0 e:/altera/15.0/nios2eds/bin/gnu/h-x86_64-mingw32/bin/../lib/gcc/nios2-elf/4.9.1/../../../../../H-x86_64-mingw32/nios2-elf/lib\libc.a(lib_a-putchar.o)
 .data          0x00000000000e6fb4        0x0 e:/altera/15.0/nios2eds/bin/gnu/h-x86_64-mingw32/bin/../lib/gcc/nios2-elf/4.9.1/../../../../../H-x86_64-mingw32/nios2-elf/lib\libc.a(lib_a-puts.o)
 .data          0x00000000000e6fb4        0x0 e:/altera/15.0/nios2eds/bin/gnu/h-x86_64-mingw32/bin/../lib/gcc/nios2-elf/4.9.1/../../../../../H-x86_64-mingw32/nios2-elf/lib\libc.a(lib_a-refill.o)
 .data          0x00000000000e6fb4        0x0 e:/altera/15.0/nios2eds/bin/gnu/h-x86_64-mingw32/bin/../lib/gcc/nios2-elf/4.9.1/../../../../../H-x86_64-mingw32/nios2-elf/lib\libc.a(lib_a-sbrkr.o)
 .data          0x00000000000e6fb4        0x0 e:/altera/15.0/nios2eds/bin/gnu/h-x86_64-mingw32/bin/../lib/gcc/nios2-elf/4.9.1/../../../../../H-x86_64-mingw32/nios2-elf/lib\libc.a(lib_a-sprintf.o)
 .data          0x00000000000e6fb4        0x0 e:/altera/15.0/nios2eds/bin/gnu/h-x86_64-mingw32/bin/../lib/gcc/nios2-elf/4.9.1/../../../../../H-x86_64-mingw32/nios2-elf/lib\libc.a(lib_a-stdio.o)
 .data          0x00000000000e6fb4        0x0 e:/altera/15.0/nios2eds/bin/gnu/h-x86_64-mingw32/bin/../lib/gcc/nios2-elf/4.9.1/../../../../../H-x86_64-mingw32/nios2-elf/lib\libc.a(lib_a-strcpy.o)
 .data          0x00000000000e6fb4        0x0 e:/altera/15.0/nios2eds/bin/gnu/h-x86_64-mingw32/bin/../lib/gcc/nios2-elf/4.9.1/../../../../../H-x86_64-mingw32/nios2-elf/lib\libc.a(lib_a-strlen.o)
 .data          0x00000000000e6fb4        0x0 e:/altera/15.0/nios2eds/bin/gnu/h-x86_64-mingw32/bin/../lib/gcc/nios2-elf/4.9.1/../../../../../H-x86_64-mingw32/nios2-elf/lib\libc.a(lib_a-svfprintf.o)
 .data          0x00000000000e6fb4        0x0 e:/altera/15.0/nios2eds/bin/gnu/h-x86_64-mingw32/bin/../lib/gcc/nios2-elf/4.9.1/../../../../../H-x86_64-mingw32/nios2-elf/lib\libc.a(lib_a-vfprintf.o)
 .data          0x00000000000e6fb4        0x0 e:/altera/15.0/nios2eds/bin/gnu/h-x86_64-mingw32/bin/../lib/gcc/nios2-elf/4.9.1/../../../../../H-x86_64-mingw32/nios2-elf/lib\libc.a(lib_a-wbuf.o)
 .data          0x00000000000e6fb4        0x0 e:/altera/15.0/nios2eds/bin/gnu/h-x86_64-mingw32/bin/../lib/gcc/nios2-elf/4.9.1/../../../../../H-x86_64-mingw32/nios2-elf/lib\libc.a(lib_a-writer.o)
 .data          0x00000000000e6fb4        0x0 e:/altera/15.0/nios2eds/bin/gnu/h-x86_64-mingw32/bin/../lib/gcc/nios2-elf/4.9.1/../../../../../H-x86_64-mingw32/nios2-elf/lib\libc.a(lib_a-wsetup.o)
 .data          0x00000000000e6fb4        0x0 e:/altera/15.0/nios2eds/bin/gnu/h-x86_64-mingw32/bin/../lib/gcc/nios2-elf/4.9.1/../../../../../H-x86_64-mingw32/nios2-elf/lib\libc.a(closer.o)
 .data          0x00000000000e6fb4        0x0 e:/altera/15.0/nios2eds/bin/gnu/h-x86_64-mingw32/bin/../lib/gcc/nios2-elf/4.9.1/../../../../../H-x86_64-mingw32/nios2-elf/lib\libc.a(lib_a-dtoa.o)
 .data          0x00000000000e6fb4        0x0 e:/altera/15.0/nios2eds/bin/gnu/h-x86_64-mingw32/bin/../lib/gcc/nios2-elf/4.9.1/../../../../../H-x86_64-mingw32/nios2-elf/lib\libc.a(lib_a-flags.o)
 .data          0x00000000000e6fb4        0x0 e:/altera/15.0/nios2eds/bin/gnu/h-x86_64-mingw32/bin/../lib/gcc/nios2-elf/4.9.1/../../../../../H-x86_64-mingw32/nios2-elf/lib\libc.a(lib_a-fvwrite.o)
 .data          0x00000000000e6fb4        0x0 e:/altera/15.0/nios2eds/bin/gnu/h-x86_64-mingw32/bin/../lib/gcc/nios2-elf/4.9.1/../../../../../H-x86_64-mingw32/nios2-elf/lib\libc.a(lib_a-isattyr.o)
 .data          0x00000000000e6fb4       0x78 e:/altera/15.0/nios2eds/bin/gnu/h-x86_64-mingw32/bin/../lib/gcc/nios2-elf/4.9.1/../../../../../H-x86_64-mingw32/nios2-elf/lib\libc.a(lib_a-locale.o)
 .data          0x00000000000e702c        0x0 e:/altera/15.0/nios2eds/bin/gnu/h-x86_64-mingw32/bin/../lib/gcc/nios2-elf/4.9.1/../../../../../H-x86_64-mingw32/nios2-elf/lib\libc.a(lib_a-lseekr.o)
 .data          0x00000000000e702c        0x0 e:/altera/15.0/nios2eds/bin/gnu/h-x86_64-mingw32/bin/../lib/gcc/nios2-elf/4.9.1/../../../../../H-x86_64-mingw32/nios2-elf/lib\libc.a(lib_a-memchr.o)
 .data          0x00000000000e702c        0x0 e:/altera/15.0/nios2eds/bin/gnu/h-x86_64-mingw32/bin/../lib/gcc/nios2-elf/4.9.1/../../../../../H-x86_64-mingw32/nios2-elf/lib\libc.a(lib_a-memmove.o)
 .data          0x00000000000e702c        0x0 e:/altera/15.0/nios2eds/bin/gnu/h-x86_64-mingw32/bin/../lib/gcc/nios2-elf/4.9.1/../../../../../H-x86_64-mingw32/nios2-elf/lib\libc.a(lib_a-mprec.o)
 .data          0x00000000000e702c        0x0 e:/altera/15.0/nios2eds/bin/gnu/h-x86_64-mingw32/bin/../lib/gcc/nios2-elf/4.9.1/../../../../../H-x86_64-mingw32/nios2-elf/lib\libc.a(lib_a-readr.o)
 .data          0x00000000000e702c        0x0 e:/altera/15.0/nios2eds/bin/gnu/h-x86_64-mingw32/bin/../lib/gcc/nios2-elf/4.9.1/../../../../../H-x86_64-mingw32/nios2-elf/lib\libc.a(lib_a-reallocr.o)
 .data          0x00000000000e702c        0x0 e:/altera/15.0/nios2eds/bin/gnu/h-x86_64-mingw32/bin/../lib/gcc/nios2-elf/4.9.1/../../../../../H-x86_64-mingw32/nios2-elf/lib\libc.a(lib_a-s_fpclassify.o)
 .data          0x00000000000e702c        0x0 e:/altera/15.0/nios2eds/bin/gnu/h-x86_64-mingw32/bin/../lib/gcc/nios2-elf/4.9.1/../../../../../H-x86_64-mingw32/nios2-elf/lib\libc.a(lib_a-strcmp.o)
 .data          0x00000000000e702c        0x0 e:/altera/15.0/nios2eds/bin/gnu/h-x86_64-mingw32/bin/../lib/gcc/nios2-elf/4.9.1/../../../../../H-x86_64-mingw32/nios2-elf/lib\libc.a(lib_a-svfiprintf.o)
 .data          0x00000000000e702c        0x0 e:/altera/15.0/nios2eds/bin/gnu/h-x86_64-mingw32/bin/../lib/gcc/nios2-elf/4.9.1/../../../../../H-x86_64-mingw32/nios2-elf/lib\libc.a(lib_a-vfiprintf.o)
 .data          0x00000000000e702c        0x0 e:/altera/15.0/nios2eds/bin/gnu/h-x86_64-mingw32/bin/../lib/gcc/nios2-elf/4.9.1/../../../../../H-x86_64-mingw32/nios2-elf/lib\libc.a(lib_a-callocr.o)
 .data          0x00000000000e702c        0x0 e:/altera/15.0/nios2eds/bin/gnu/h-x86_64-mingw32/bin/../lib/gcc/nios2-elf/4.9.1/../../../../../H-x86_64-mingw32/nios2-elf/lib\libc.a(lib_a-fputwc.o)
 .data          0x00000000000e702c        0x0 e:/altera/15.0/nios2eds/bin/gnu/h-x86_64-mingw32/bin/../lib/gcc/nios2-elf/4.9.1/../../../../../H-x86_64-mingw32/nios2-elf/lib\libc.a(lib_a-wcrtomb.o)
 .data          0x00000000000e702c        0x0 e:/altera/15.0/nios2eds/bin/gnu/h-x86_64-mingw32/bin/../lib/gcc/nios2-elf/4.9.1/../../../../../H-x86_64-mingw32/nios2-elf/lib\libc.a(lib_a-wctomb_r.o)
 .data          0x00000000000e702c        0x0 e:/altera/15.0/nios2eds/bin/gnu/h-x86_64-mingw32/bin/../lib/gcc/nios2-elf/4.9.1\libgcc.a(_udivdi3.o)
 .data          0x00000000000e702c        0x0 e:/altera/15.0/nios2eds/bin/gnu/h-x86_64-mingw32/bin/../lib/gcc/nios2-elf/4.9.1\libgcc.a(_umoddi3.o)
 .data          0x00000000000e702c        0x0 e:/altera/15.0/nios2eds/bin/gnu/h-x86_64-mingw32/bin/../lib/gcc/nios2-elf/4.9.1\libgcc.a(eqdf2.o)
 .data          0x00000000000e702c        0x0 e:/altera/15.0/nios2eds/bin/gnu/h-x86_64-mingw32/bin/../lib/gcc/nios2-elf/4.9.1\libgcc.a(ledf2.o)
 .data          0x00000000000e702c        0x0 e:/altera/15.0/nios2eds/bin/gnu/h-x86_64-mingw32/bin/../lib/gcc/nios2-elf/4.9.1\libgcc.a(floatunsidf.o)
 .data          0x00000000000e702c        0x0 ../ebook1_bsp/\libhal_bsp.a(alt_close.o)
 .data          0x00000000000e702c      0x1a8 ../ebook1_bsp/\libhal_bsp.a(alt_dev.o)
                0x00000000000e702c                alt_dev_null
                0x00000000000e7054                alt_fd_list
 .data          0x00000000000e71d4        0x0 ../ebook1_bsp/\libhal_bsp.a(alt_errno.o)
 .data          0x00000000000e71d4        0x0 ../ebook1_bsp/\libhal_bsp.a(alt_fstat.o)
 .data          0x00000000000e71d4        0x0 ../ebook1_bsp/\libhal_bsp.a(alt_iic.o)
 .data          0x00000000000e71d4        0x0 ../ebook1_bsp/\libhal_bsp.a(alt_iic_isr_register.o)
 .data          0x00000000000e71d4        0x0 ../ebook1_bsp/\libhal_bsp.a(alt_irq_entry.o)
 .data          0x00000000000e71d4        0x0 ../ebook1_bsp/\libhal_bsp.a(alt_irq_handler.o)
 .data          0x00000000000e71d4        0x0 ../ebook1_bsp/\libhal_bsp.a(alt_irq_vars.o)
 .data          0x00000000000e71d4        0x0 ../ebook1_bsp/\libhal_bsp.a(alt_isatty.o)
 .data          0x00000000000e71d4        0x0 ../ebook1_bsp/\libhal_bsp.a(alt_load.o)
 .data          0x00000000000e71d4        0x0 ../ebook1_bsp/\libhal_bsp.a(alt_lseek.o)
 .data          0x00000000000e71d4        0x0 ../ebook1_bsp/\libhal_bsp.a(alt_main.o)
 .data          0x00000000000e71d4        0x0 ../ebook1_bsp/\libhal_bsp.a(alt_malloc_lock.o)
 .data          0x00000000000e71d4        0x0 ../ebook1_bsp/\libhal_bsp.a(alt_open.o)
 .data          0x00000000000e71d4        0x0 ../ebook1_bsp/\libhal_bsp.a(alt_read.o)
 .data          0x00000000000e71d4        0x0 ../ebook1_bsp/\libhal_bsp.a(alt_release_fd.o)
 .data          0x00000000000e71d4        0x0 ../ebook1_bsp/\libhal_bsp.a(alt_sbrk.o)
 .data          0x00000000000e71d4        0x0 ../ebook1_bsp/\libhal_bsp.a(alt_usleep.o)
 .data          0x00000000000e71d4        0x0 ../ebook1_bsp/\libhal_bsp.a(alt_write.o)
 .data          0x00000000000e71d4     0x108c ../ebook1_bsp/\libhal_bsp.a(alt_sys_init.o)
 .data          0x00000000000e8260        0x0 ../ebook1_bsp/\libhal_bsp.a(altera_avalon_jtag_uart_fd.o)
 .data          0x00000000000e8260        0x0 ../ebook1_bsp/\libhal_bsp.a(altera_avalon_jtag_uart_init.o)
 .data          0x00000000000e8260        0x0 ../ebook1_bsp/\libhal_bsp.a(altera_avalon_jtag_uart_ioctl.o)
 .data          0x00000000000e8260        0x0 ../ebook1_bsp/\libhal_bsp.a(altera_avalon_jtag_uart_read.o)
 .data          0x00000000000e8260        0x0 ../ebook1_bsp/\libhal_bsp.a(altera_avalon_jtag_uart_write.o)
 .data          0x00000000000e8260        0x0 ../ebook1_bsp/\libhal_bsp.a(altera_avalon_timer_sc.o)
 .data          0x00000000000e8260        0x0 ../ebook1_bsp/\libhal_bsp.a(alt_alarm_start.o)
 .data          0x00000000000e8260        0x0 ../ebook1_bsp/\libhal_bsp.a(alt_busy_sleep.o)
 .data          0x00000000000e8260        0x0 ../ebook1_bsp/\libhal_bsp.a(alt_dcache_flush_all.o)
 .data          0x00000000000e8260        0x0 ../ebook1_bsp/\libhal_bsp.a(alt_dev_llist_insert.o)
 .data          0x00000000000e8260        0x0 ../ebook1_bsp/\libhal_bsp.a(alt_do_ctors.o)
 .data          0x00000000000e8260        0x0 ../ebook1_bsp/\libhal_bsp.a(alt_do_dtors.o)
 .data          0x00000000000e8260        0x0 ../ebook1_bsp/\libhal_bsp.a(alt_exception_entry.o)
 .data          0x00000000000e8260        0x0 ../ebook1_bsp/\libhal_bsp.a(alt_find_dev.o)
 .data          0x00000000000e8260        0x0 ../ebook1_bsp/\libhal_bsp.a(alt_find_file.o)
 .data          0x00000000000e8260        0x0 ../ebook1_bsp/\libhal_bsp.a(alt_get_fd.o)
 .data          0x00000000000e8260        0x0 ../ebook1_bsp/\libhal_bsp.a(alt_icache_flush_all.o)
 .data          0x00000000000e8260        0x0 ../ebook1_bsp/\libhal_bsp.a(alt_instruction_exception_entry.o)
 .data          0x00000000000e8260        0x0 ../ebook1_bsp/\libhal_bsp.a(alt_io_redirect.o)
 .data          0x00000000000e8260        0x0 ../ebook1_bsp/\libhal_bsp.a(alt_tick.o)
 .data          0x00000000000e8260        0x0 ../ebook1_bsp/\libhal_bsp.a(altera_nios2_gen2_irq.o)
 .data          0x00000000000e8260        0x0 ../ebook1_bsp/\libhal_bsp.a(alt_icache_flush.o)
 .data          0x00000000000e8260        0x0 e:/altera/15.0/nios2eds/bin/gnu/h-x86_64-mingw32/bin/../lib/gcc/nios2-elf/4.9.1/../../../../../H-x86_64-mingw32/nios2-elf/lib\libc.a(lib_a-atexit.o)
 .data          0x00000000000e8260        0x0 e:/altera/15.0/nios2eds/bin/gnu/h-x86_64-mingw32/bin/../lib/gcc/nios2-elf/4.9.1/../../../../../H-x86_64-mingw32/nios2-elf/lib\libc.a(lib_a-exit.o)
 .data          0x00000000000e8260        0x0 e:/altera/15.0/nios2eds/bin/gnu/h-x86_64-mingw32/bin/../lib/gcc/nios2-elf/4.9.1/../../../../../H-x86_64-mingw32/nios2-elf/lib\libc.a(lib_a-memcmp.o)
 .data          0x00000000000e8260        0x0 e:/altera/15.0/nios2eds/bin/gnu/h-x86_64-mingw32/bin/../lib/gcc/nios2-elf/4.9.1/../../../../../H-x86_64-mingw32/nios2-elf/lib\libc.a(lib_a-__atexit.o)
 .data          0x00000000000e8260        0x0 e:/altera/15.0/nios2eds/bin/gnu/h-x86_64-mingw32/bin/../lib/gcc/nios2-elf/4.9.1/../../../../../H-x86_64-mingw32/nios2-elf/lib\libc.a(lib_a-__call_atexit.o)
 .data          0x00000000000e8260        0x0 ../ebook1_bsp/\libhal_bsp.a(alt_exit.o)
                0x00000000000f0260                _gp = ABSOLUTE ((. + 0x8000))
                0x00000000000f0260                PROVIDE (gp, _gp)
 *(.rwdata .rwdata.*)
 *(.sdata .sdata.* .gnu.linkonce.s.*)
 .sdata         0x00000000000e8260       0x10 obj/default/icon_pic.o
                0x00000000000e8260                icon_plus
                0x00000000000e8268                icon_minus
 .sdata         0x00000000000e8270        0xc obj/default/screen.o
                0x00000000000e8270                defaultColorInfo
                0x00000000000e8278                str1
 .sdata         0x00000000000e827c        0x2 obj/default/touch.o
                0x00000000000e827c                CMD_RDX
                0x00000000000e827d                CMD_RDY
 *fill*         0x00000000000e827e        0x2 
 .sdata         0x00000000000e8280        0x8 e:/altera/15.0/nios2eds/bin/gnu/h-x86_64-mingw32/bin/../lib/gcc/nios2-elf/4.9.1/../../../../../H-x86_64-mingw32/nios2-elf/lib\libc.a(lib_a-impure.o)
                0x00000000000e8280                _global_impure_ptr
                0x00000000000e8284                _impure_ptr
 .sdata         0x00000000000e8288        0x8 e:/altera/15.0/nios2eds/bin/gnu/h-x86_64-mingw32/bin/../lib/gcc/nios2-elf/4.9.1/../../../../../H-x86_64-mingw32/nios2-elf/lib\libc.a(lib_a-mallocr.o)
                0x00000000000e8288                __malloc_sbrk_base
                0x00000000000e828c                __malloc_trim_threshold
 .sdata         0x00000000000e8290        0x4 e:/altera/15.0/nios2eds/bin/gnu/h-x86_64-mingw32/bin/../lib/gcc/nios2-elf/4.9.1/../../../../../H-x86_64-mingw32/nios2-elf/lib\libc.a(lib_a-locale.o)
                0x00000000000e8290                __mb_cur_max
 .sdata         0x00000000000e8294        0x4 e:/altera/15.0/nios2eds/bin/gnu/h-x86_64-mingw32/bin/../lib/gcc/nios2-elf/4.9.1/../../../../../H-x86_64-mingw32/nios2-elf/lib\libc.a(lib_a-wctomb_r.o)
                0x00000000000e8294                __wctomb
 .sdata         0x00000000000e8298       0x14 ../ebook1_bsp/\libhal_bsp.a(alt_dev.o)
                0x00000000000e8298                alt_fs_list
                0x00000000000e82a0                alt_dev_list
                0x00000000000e82a8                alt_max_fd
 .sdata         0x00000000000e82ac        0x4 ../ebook1_bsp/\libhal_bsp.a(alt_errno.o)
                0x00000000000e82ac                alt_errno
 .sdata         0x00000000000e82b0        0x4 ../ebook1_bsp/\libhal_bsp.a(alt_irq_vars.o)
                0x00000000000e82b0                alt_priority_mask
 .sdata         0x00000000000e82b4        0x4 ../ebook1_bsp/\libhal_bsp.a(alt_sbrk.o)
 .sdata         0x00000000000e82b8        0x8 ../ebook1_bsp/\libhal_bsp.a(alt_tick.o)
                0x00000000000e82b8                alt_alarm_list
 *(.sdata2 .sdata2.* .gnu.linkonce.s2.*)
                0x00000000000e82c0                . = ALIGN (0x4)
                0x00000000000e82c0                _edata = ABSOLUTE (.)
                0x00000000000e82c0                PROVIDE (edata, ABSOLUTE (.))
                0x00000000000e82c0                PROVIDE (__ram_rwdata_end, ABSOLUTE (.))
                0x00000000000e82c0                PROVIDE (__flash_rwdata_start, LOADADDR (.rwdata))

.bss            0x00000000000ea108    0x4b898
                0x00000000000ea108                __bss_start = ABSOLUTE (.)
                0x00000000000ea108                PROVIDE (__sbss_start, ABSOLUTE (.))
                0x00000000000ea108                PROVIDE (___sbss_start, ABSOLUTE (.))
 *(.dynsbss)
 *(.sbss .sbss.* .gnu.linkonce.sb.*)
 .sbss          0x00000000000ea108        0x8 obj/default/touch.o
                0x00000000000ea108                edge_capture
                0x00000000000ea10c                intnirq_isr_context
 .sbss          0x00000000000ea110        0x8 obj/default/touch_resp.o
                0x00000000000ea110                touchPosFlag
 .sbss          0x00000000000ea118        0x4 e:/altera/15.0/nios2eds/bin/gnu/h-x86_64-mingw32/bin/../lib/gcc/nios2-elf/4.9.1/../../../../../H-x86_64-mingw32/nios2-elf/lib\libc.a(lib_a-int_errno.o)
                0x00000000000ea118                errno
 .sbss          0x00000000000ea11c        0xc e:/altera/15.0/nios2eds/bin/gnu/h-x86_64-mingw32/bin/../lib/gcc/nios2-elf/4.9.1/../../../../../H-x86_64-mingw32/nios2-elf/lib\libc.a(lib_a-mallocr.o)
                0x00000000000ea11c                __malloc_max_total_mem
                0x00000000000ea120                __malloc_max_sbrked_mem
                0x00000000000ea124                __malloc_top_pad
 .sbss          0x00000000000ea128        0xc e:/altera/15.0/nios2eds/bin/gnu/h-x86_64-mingw32/bin/../lib/gcc/nios2-elf/4.9.1/../../../../../H-x86_64-mingw32/nios2-elf/lib\libc.a(lib_a-locale.o)
                0x00000000000ea128                _PathLocale
                0x00000000000ea12c                __mlocale_changed
                0x00000000000ea130                __nlocale_changed
 .sbss          0x00000000000ea134        0x4 ../ebook1_bsp/\libhal_bsp.a(alt_irq_vars.o)
                0x00000000000ea134                alt_irq_active
 .sbss          0x00000000000ea138        0xc ../ebook1_bsp/\libhal_bsp.a(alt_main.o)
                0x00000000000ea138                alt_argc
                0x00000000000ea13c                alt_argv
                0x00000000000ea140                alt_envp
 .sbss          0x00000000000ea144        0x4 ../ebook1_bsp/\libhal_bsp.a(alt_instruction_exception_entry.o)
                0x00000000000ea144                alt_instruction_exception_handler
 .sbss          0x00000000000ea148        0x8 ../ebook1_bsp/\libhal_bsp.a(alt_tick.o)
                0x00000000000ea148                _alt_tick_rate
                0x00000000000ea14c                _alt_nticks
 *(.sbss2 .sbss2.* .gnu.linkonce.sb2.*)
 *(.scommon)
                0x00000000000ea150                PROVIDE (__sbss_end, ABSOLUTE (.))
                0x00000000000ea150                PROVIDE (___sbss_end, ABSOLUTE (.))
 *(.dynbss)
 *(.bss .bss.* .gnu.linkonce.b.*)
 .bss           0x00000000000ea150        0x0 ../ebook1_bsp//obj/HAL/src/crt0.o
 .bss           0x00000000000ea150        0x0 obj/default/ascii_font.o
 .bss           0x00000000000ea150        0x0 obj/default/color.o
 .bss           0x00000000000ea150        0x0 obj/default/font_manage.o
 .bss           0x00000000000ea150        0x0 obj/default/gbk_font.o
 .bss           0x00000000000ea150        0x0 obj/default/icon_pic.o
 .bss           0x00000000000ea150        0x0 obj/default/main.o
 .bss           0x00000000000ea150        0x0 obj/default/screen.o
 .bss           0x00000000000ea150        0x0 obj/default/screen_display.o
 .bss           0x00000000000ea150        0x0 obj/default/test_value.o
 .bss           0x00000000000ea150        0x0 obj/default/tftlcd.o
 .bss           0x00000000000ea150        0x0 obj/default/time_count.o
 .bss           0x00000000000ea150        0x0 obj/default/touch.o
 .bss           0x00000000000ea150        0x0 obj/default/touch_resp.o
 .bss           0x00000000000ea150        0x0 obj/default/txt_read.o
 .bss           0x00000000000ea150        0x0 e:/altera/15.0/nios2eds/bin/gnu/h-x86_64-mingw32/bin/../lib/gcc/nios2-elf/4.9.1\libgcc.a(_fixunssfsi.o)
 .bss           0x00000000000ea150        0x0 e:/altera/15.0/nios2eds/bin/gnu/h-x86_64-mingw32/bin/../lib/gcc/nios2-elf/4.9.1\libgcc.a(_fixunsdfsi.o)
 .bss           0x00000000000ea150        0x0 e:/altera/15.0/nios2eds/bin/gnu/h-x86_64-mingw32/bin/../lib/gcc/nios2-elf/4.9.1\libgcc.a(lib2-divmod.o)
 .bss           0x00000000000ea150        0x0 e:/altera/15.0/nios2eds/bin/gnu/h-x86_64-mingw32/bin/../lib/gcc/nios2-elf/4.9.1\libgcc.a(addsf3.o)
 .bss           0x00000000000ea150        0x0 e:/altera/15.0/nios2eds/bin/gnu/h-x86_64-mingw32/bin/../lib/gcc/nios2-elf/4.9.1\libgcc.a(gesf2.o)
 .bss           0x00000000000ea150        0x0 e:/altera/15.0/nios2eds/bin/gnu/h-x86_64-mingw32/bin/../lib/gcc/nios2-elf/4.9.1\libgcc.a(lesf2.o)
 .bss           0x00000000000ea150        0x0 e:/altera/15.0/nios2eds/bin/gnu/h-x86_64-mingw32/bin/../lib/gcc/nios2-elf/4.9.1\libgcc.a(mulsf3.o)
 .bss           0x00000000000ea150        0x0 e:/altera/15.0/nios2eds/bin/gnu/h-x86_64-mingw32/bin/../lib/gcc/nios2-elf/4.9.1\libgcc.a(subsf3.o)
 .bss           0x00000000000ea150        0x0 e:/altera/15.0/nios2eds/bin/gnu/h-x86_64-mingw32/bin/../lib/gcc/nios2-elf/4.9.1\libgcc.a(fixsfsi.o)
 .bss           0x00000000000ea150        0x0 e:/altera/15.0/nios2eds/bin/gnu/h-x86_64-mingw32/bin/../lib/gcc/nios2-elf/4.9.1\libgcc.a(floatsisf.o)
 .bss           0x00000000000ea150        0x0 e:/altera/15.0/nios2eds/bin/gnu/h-x86_64-mingw32/bin/../lib/gcc/nios2-elf/4.9.1\libgcc.a(adddf3.o)
 .bss           0x00000000000ea150        0x0 e:/altera/15.0/nios2eds/bin/gnu/h-x86_64-mingw32/bin/../lib/gcc/nios2-elf/4.9.1\libgcc.a(divdf3.o)
 .bss           0x00000000000ea150        0x0 e:/altera/15.0/nios2eds/bin/gnu/h-x86_64-mingw32/bin/../lib/gcc/nios2-elf/4.9.1\libgcc.a(gedf2.o)
 .bss           0x00000000000ea150        0x0 e:/altera/15.0/nios2eds/bin/gnu/h-x86_64-mingw32/bin/../lib/gcc/nios2-elf/4.9.1\libgcc.a(muldf3.o)
 .bss           0x00000000000ea150        0x0 e:/altera/15.0/nios2eds/bin/gnu/h-x86_64-mingw32/bin/../lib/gcc/nios2-elf/4.9.1\libgcc.a(subdf3.o)
 .bss           0x00000000000ea150        0x0 e:/altera/15.0/nios2eds/bin/gnu/h-x86_64-mingw32/bin/../lib/gcc/nios2-elf/4.9.1\libgcc.a(fixdfsi.o)
 .bss           0x00000000000ea150        0x0 e:/altera/15.0/nios2eds/bin/gnu/h-x86_64-mingw32/bin/../lib/gcc/nios2-elf/4.9.1\libgcc.a(floatsidf.o)
 .bss           0x00000000000ea150        0x0 e:/altera/15.0/nios2eds/bin/gnu/h-x86_64-mingw32/bin/../lib/gcc/nios2-elf/4.9.1\libgcc.a(extendsfdf2.o)
 .bss           0x00000000000ea150        0x0 e:/altera/15.0/nios2eds/bin/gnu/h-x86_64-mingw32/bin/../lib/gcc/nios2-elf/4.9.1\libgcc.a(truncdfsf2.o)
 .bss           0x00000000000ea150        0x0 e:/altera/15.0/nios2eds/bin/gnu/h-x86_64-mingw32/bin/../lib/gcc/nios2-elf/4.9.1\libgcc.a(_clzsi2.o)
 .bss           0x00000000000ea150        0x0 e:/altera/15.0/nios2eds/bin/gnu/h-x86_64-mingw32/bin/../lib/gcc/nios2-elf/4.9.1\libgcc.a(_clz.o)
 .bss           0x00000000000ea150        0x0 e:/altera/15.0/nios2eds/bin/gnu/h-x86_64-mingw32/bin/../lib/gcc/nios2-elf/4.9.1/../../../../../H-x86_64-mingw32/nios2-elf/lib\libc.a(lib_a-fclose.o)
 .bss           0x00000000000ea150        0x0 e:/altera/15.0/nios2eds/bin/gnu/h-x86_64-mingw32/bin/../lib/gcc/nios2-elf/4.9.1/../../../../../H-x86_64-mingw32/nios2-elf/lib\libc.a(lib_a-fflush.o)
 .bss           0x00000000000ea150        0x0 e:/altera/15.0/nios2eds/bin/gnu/h-x86_64-mingw32/bin/../lib/gcc/nios2-elf/4.9.1/../../../../../H-x86_64-mingw32/nios2-elf/lib\libc.a(lib_a-findfp.o)
 .bss           0x00000000000ea150        0x0 e:/altera/15.0/nios2eds/bin/gnu/h-x86_64-mingw32/bin/../lib/gcc/nios2-elf/4.9.1/../../../../../H-x86_64-mingw32/nios2-elf/lib\libc.a(lib_a-fopen.o)
 .bss           0x00000000000ea150        0x0 e:/altera/15.0/nios2eds/bin/gnu/h-x86_64-mingw32/bin/../lib/gcc/nios2-elf/4.9.1/../../../../../H-x86_64-mingw32/nios2-elf/lib\libc.a(lib_a-fprintf.o)
 .bss           0x00000000000ea150        0x0 e:/altera/15.0/nios2eds/bin/gnu/h-x86_64-mingw32/bin/../lib/gcc/nios2-elf/4.9.1/../../../../../H-x86_64-mingw32/nios2-elf/lib\libc.a(lib_a-fputc.o)
 .bss           0x00000000000ea150        0x0 e:/altera/15.0/nios2eds/bin/gnu/h-x86_64-mingw32/bin/../lib/gcc/nios2-elf/4.9.1/../../../../../H-x86_64-mingw32/nios2-elf/lib\libc.a(lib_a-freer.o)
 .bss           0x00000000000ea150        0x0 e:/altera/15.0/nios2eds/bin/gnu/h-x86_64-mingw32/bin/../lib/gcc/nios2-elf/4.9.1/../../../../../H-x86_64-mingw32/nios2-elf/lib\libc.a(lib_a-fseek.o)
 .bss           0x00000000000ea150        0x0 e:/altera/15.0/nios2eds/bin/gnu/h-x86_64-mingw32/bin/../lib/gcc/nios2-elf/4.9.1/../../../../../H-x86_64-mingw32/nios2-elf/lib\libc.a(lib_a-fstatr.o)
 .bss           0x00000000000ea150        0x0 e:/altera/15.0/nios2eds/bin/gnu/h-x86_64-mingw32/bin/../lib/gcc/nios2-elf/4.9.1/../../../../../H-x86_64-mingw32/nios2-elf/lib\libc.a(lib_a-fwalk.o)
 .bss           0x00000000000ea150        0x0 e:/altera/15.0/nios2eds/bin/gnu/h-x86_64-mingw32/bin/../lib/gcc/nios2-elf/4.9.1/../../../../../H-x86_64-mingw32/nios2-elf/lib\libc.a(lib_a-impure.o)
 .bss           0x00000000000ea150        0x0 e:/altera/15.0/nios2eds/bin/gnu/h-x86_64-mingw32/bin/../lib/gcc/nios2-elf/4.9.1/../../../../../H-x86_64-mingw32/nios2-elf/lib\libc.a(lib_a-int_errno.o)
 .bss           0x00000000000ea150        0x0 e:/altera/15.0/nios2eds/bin/gnu/h-x86_64-mingw32/bin/../lib/gcc/nios2-elf/4.9.1/../../../../../H-x86_64-mingw32/nios2-elf/lib\libc.a(lib_a-makebuf.o)
 .bss           0x00000000000ea150        0x0 e:/altera/15.0/nios2eds/bin/gnu/h-x86_64-mingw32/bin/../lib/gcc/nios2-elf/4.9.1/../../../../../H-x86_64-mingw32/nios2-elf/lib\libc.a(lib_a-malloc.o)
 .bss           0x00000000000ea150       0x28 e:/altera/15.0/nios2eds/bin/gnu/h-x86_64-mingw32/bin/../lib/gcc/nios2-elf/4.9.1/../../../../../H-x86_64-mingw32/nios2-elf/lib\libc.a(lib_a-mallocr.o)
                0x00000000000ea150                __malloc_current_mallinfo
 .bss           0x00000000000ea178        0x0 e:/altera/15.0/nios2eds/bin/gnu/h-x86_64-mingw32/bin/../lib/gcc/nios2-elf/4.9.1/../../../../../H-x86_64-mingw32/nios2-elf/lib\libc.a(lib_a-memcpy.o)
 .bss           0x00000000000ea178        0x0 e:/altera/15.0/nios2eds/bin/gnu/h-x86_64-mingw32/bin/../lib/gcc/nios2-elf/4.9.1/../../../../../H-x86_64-mingw32/nios2-elf/lib\libc.a(lib_a-memset.o)
 .bss           0x00000000000ea178        0x0 e:/altera/15.0/nios2eds/bin/gnu/h-x86_64-mingw32/bin/../lib/gcc/nios2-elf/4.9.1/../../../../../H-x86_64-mingw32/nios2-elf/lib\libc.a(lib_a-openr.o)
 .bss           0x00000000000ea178        0x0 e:/altera/15.0/nios2eds/bin/gnu/h-x86_64-mingw32/bin/../lib/gcc/nios2-elf/4.9.1/../../../../../H-x86_64-mingw32/nios2-elf/lib\libc.a(lib_a-printf.o)
 .bss           0x00000000000ea178        0x0 e:/altera/15.0/nios2eds/bin/gnu/h-x86_64-mingw32/bin/../lib/gcc/nios2-elf/4.9.1/../../../../../H-x86_64-mingw32/nios2-elf/lib\libc.a(lib_a-putc.o)
 .bss           0x00000000000ea178        0x0 e:/altera/15.0/nios2eds/bin/gnu/h-x86_64-mingw32/bin/../lib/gcc/nios2-elf/4.9.1/../../../../../H-x86_64-mingw32/nios2-elf/lib\libc.a(lib_a-putchar.o)
 .bss           0x00000000000ea178        0x0 e:/altera/15.0/nios2eds/bin/gnu/h-x86_64-mingw32/bin/../lib/gcc/nios2-elf/4.9.1/../../../../../H-x86_64-mingw32/nios2-elf/lib\libc.a(lib_a-puts.o)
 .bss           0x00000000000ea178        0x0 e:/altera/15.0/nios2eds/bin/gnu/h-x86_64-mingw32/bin/../lib/gcc/nios2-elf/4.9.1/../../../../../H-x86_64-mingw32/nios2-elf/lib\libc.a(lib_a-refill.o)
 .bss           0x00000000000ea178        0x0 e:/altera/15.0/nios2eds/bin/gnu/h-x86_64-mingw32/bin/../lib/gcc/nios2-elf/4.9.1/../../../../../H-x86_64-mingw32/nios2-elf/lib\libc.a(lib_a-sbrkr.o)
 .bss           0x00000000000ea178        0x0 e:/altera/15.0/nios2eds/bin/gnu/h-x86_64-mingw32/bin/../lib/gcc/nios2-elf/4.9.1/../../../../../H-x86_64-mingw32/nios2-elf/lib\libc.a(lib_a-sprintf.o)
 .bss           0x00000000000ea178        0x0 e:/altera/15.0/nios2eds/bin/gnu/h-x86_64-mingw32/bin/../lib/gcc/nios2-elf/4.9.1/../../../../../H-x86_64-mingw32/nios2-elf/lib\libc.a(lib_a-stdio.o)
 .bss           0x00000000000ea178        0x0 e:/altera/15.0/nios2eds/bin/gnu/h-x86_64-mingw32/bin/../lib/gcc/nios2-elf/4.9.1/../../../../../H-x86_64-mingw32/nios2-elf/lib\libc.a(lib_a-strcpy.o)
 .bss           0x00000000000ea178        0x0 e:/altera/15.0/nios2eds/bin/gnu/h-x86_64-mingw32/bin/../lib/gcc/nios2-elf/4.9.1/../../../../../H-x86_64-mingw32/nios2-elf/lib\libc.a(lib_a-strlen.o)
 .bss           0x00000000000ea178        0x0 e:/altera/15.0/nios2eds/bin/gnu/h-x86_64-mingw32/bin/../lib/gcc/nios2-elf/4.9.1/../../../../../H-x86_64-mingw32/nios2-elf/lib\libc.a(lib_a-svfprintf.o)
 .bss           0x00000000000ea178        0x0 e:/altera/15.0/nios2eds/bin/gnu/h-x86_64-mingw32/bin/../lib/gcc/nios2-elf/4.9.1/../../../../../H-x86_64-mingw32/nios2-elf/lib\libc.a(lib_a-vfprintf.o)
 .bss           0x00000000000ea178        0x0 e:/altera/15.0/nios2eds/bin/gnu/h-x86_64-mingw32/bin/../lib/gcc/nios2-elf/4.9.1/../../../../../H-x86_64-mingw32/nios2-elf/lib\libc.a(lib_a-wbuf.o)
 .bss           0x00000000000ea178        0x0 e:/altera/15.0/nios2eds/bin/gnu/h-x86_64-mingw32/bin/../lib/gcc/nios2-elf/4.9.1/../../../../../H-x86_64-mingw32/nios2-elf/lib\libc.a(lib_a-writer.o)
 .bss           0x00000000000ea178        0x0 e:/altera/15.0/nios2eds/bin/gnu/h-x86_64-mingw32/bin/../lib/gcc/nios2-elf/4.9.1/../../../../../H-x86_64-mingw32/nios2-elf/lib\libc.a(lib_a-wsetup.o)
 .bss           0x00000000000ea178        0x0 e:/altera/15.0/nios2eds/bin/gnu/h-x86_64-mingw32/bin/../lib/gcc/nios2-elf/4.9.1/../../../../../H-x86_64-mingw32/nios2-elf/lib\libc.a(closer.o)
 .bss           0x00000000000ea178        0x0 e:/altera/15.0/nios2eds/bin/gnu/h-x86_64-mingw32/bin/../lib/gcc/nios2-elf/4.9.1/../../../../../H-x86_64-mingw32/nios2-elf/lib\libc.a(lib_a-dtoa.o)
 .bss           0x00000000000ea178        0x0 e:/altera/15.0/nios2eds/bin/gnu/h-x86_64-mingw32/bin/../lib/gcc/nios2-elf/4.9.1/../../../../../H-x86_64-mingw32/nios2-elf/lib\libc.a(lib_a-flags.o)
 .bss           0x00000000000ea178        0x0 e:/altera/15.0/nios2eds/bin/gnu/h-x86_64-mingw32/bin/../lib/gcc/nios2-elf/4.9.1/../../../../../H-x86_64-mingw32/nios2-elf/lib\libc.a(lib_a-fvwrite.o)
 .bss           0x00000000000ea178        0x0 e:/altera/15.0/nios2eds/bin/gnu/h-x86_64-mingw32/bin/../lib/gcc/nios2-elf/4.9.1/../../../../../H-x86_64-mingw32/nios2-elf/lib\libc.a(lib_a-isattyr.o)
 .bss           0x00000000000ea178        0x0 e:/altera/15.0/nios2eds/bin/gnu/h-x86_64-mingw32/bin/../lib/gcc/nios2-elf/4.9.1/../../../../../H-x86_64-mingw32/nios2-elf/lib\libc.a(lib_a-locale.o)
 .bss           0x00000000000ea178        0x0 e:/altera/15.0/nios2eds/bin/gnu/h-x86_64-mingw32/bin/../lib/gcc/nios2-elf/4.9.1/../../../../../H-x86_64-mingw32/nios2-elf/lib\libc.a(lib_a-lseekr.o)
 .bss           0x00000000000ea178        0x0 e:/altera/15.0/nios2eds/bin/gnu/h-x86_64-mingw32/bin/../lib/gcc/nios2-elf/4.9.1/../../../../../H-x86_64-mingw32/nios2-elf/lib\libc.a(lib_a-memchr.o)
 .bss           0x00000000000ea178        0x0 e:/altera/15.0/nios2eds/bin/gnu/h-x86_64-mingw32/bin/../lib/gcc/nios2-elf/4.9.1/../../../../../H-x86_64-mingw32/nios2-elf/lib\libc.a(lib_a-memmove.o)
 .bss           0x00000000000ea178        0x0 e:/altera/15.0/nios2eds/bin/gnu/h-x86_64-mingw32/bin/../lib/gcc/nios2-elf/4.9.1/../../../../../H-x86_64-mingw32/nios2-elf/lib\libc.a(lib_a-mprec.o)
 .bss           0x00000000000ea178        0x0 e:/altera/15.0/nios2eds/bin/gnu/h-x86_64-mingw32/bin/../lib/gcc/nios2-elf/4.9.1/../../../../../H-x86_64-mingw32/nios2-elf/lib\libc.a(lib_a-readr.o)
 .bss           0x00000000000ea178        0x0 e:/altera/15.0/nios2eds/bin/gnu/h-x86_64-mingw32/bin/../lib/gcc/nios2-elf/4.9.1/../../../../../H-x86_64-mingw32/nios2-elf/lib\libc.a(lib_a-reallocr.o)