Archive member included to satisfy reference by file (symbol)

e:/altera/15.0/nios2eds/bin/gnu/h-x86_64-mingw32/bin/../lib/gcc/nios2-elf/4.9.1/../../../../../H-x86_64-mingw32/nios2-elf/lib\libm.a(lib_a-w_sqrt.o)
                              obj/default/touch.o (sqrt)
e:/altera/15.0/nios2eds/bin/gnu/h-x86_64-mingw32/bin/../lib/gcc/nios2-elf/4.9.1/../../../../../H-x86_64-mingw32/nios2-elf/lib\libm.a(lib_a-e_sqrt.o)
                              e:/altera/15.0/nios2eds/bin/gnu/h-x86_64-mingw32/bin/../lib/gcc/nios2-elf/4.9.1/../../../../../H-x86_64-mingw32/nios2-elf/lib\libm.a(lib_a-w_sqrt.o) (__ieee754_sqrt)
e:/altera/15.0/nios2eds/bin/gnu/h-x86_64-mingw32/bin/../lib/gcc/nios2-elf/4.9.1/../../../../../H-x86_64-mingw32/nios2-elf/lib\libm.a(lib_a-s_fpclassify.o)
                              e:/altera/15.0/nios2eds/bin/gnu/h-x86_64-mingw32/bin/../lib/gcc/nios2-elf/4.9.1/../../../../../H-x86_64-mingw32/nios2-elf/lib\libm.a(lib_a-w_sqrt.o) (__fpclassifyd)
e:/altera/15.0/nios2eds/bin/gnu/h-x86_64-mingw32/bin/../lib/gcc/nios2-elf/4.9.1/../../../../../H-x86_64-mingw32/nios2-elf/lib\libm.a(lib_a-s_lib_ver.o)
                              e:/altera/15.0/nios2eds/bin/gnu/h-x86_64-mingw32/bin/../lib/gcc/nios2-elf/4.9.1/../../../../../H-x86_64-mingw32/nios2-elf/lib\libm.a(lib_a-w_sqrt.o) (__fdlib_version)
e:/altera/15.0/nios2eds/bin/gnu/h-x86_64-mingw32/bin/../lib/gcc/nios2-elf/4.9.1/../../../../../H-x86_64-mingw32/nios2-elf/lib\libm.a(lib_a-s_matherr.o)
                              e:/altera/15.0/nios2eds/bin/gnu/h-x86_64-mingw32/bin/../lib/gcc/nios2-elf/4.9.1/../../../../../H-x86_64-mingw32/nios2-elf/lib\libm.a(lib_a-w_sqrt.o) (matherr)
e:/altera/15.0/nios2eds/bin/gnu/h-x86_64-mingw32/bin/../lib/gcc/nios2-elf/4.9.1\libgcc.a(_fixunssfsi.o)
                              obj/default/touch.o (__fixunssfsi)
e:/altera/15.0/nios2eds/bin/gnu/h-x86_64-mingw32/bin/../lib/gcc/nios2-elf/4.9.1\libgcc.a(_fixunsdfsi.o)
                              obj/default/touch.o (__fixunsdfsi)
e:/altera/15.0/nios2eds/bin/gnu/h-x86_64-mingw32/bin/../lib/gcc/nios2-elf/4.9.1\libgcc.a(lib2-divmod.o)
                              obj/default/touch.o (__udivsi3)
e:/altera/15.0/nios2eds/bin/gnu/h-x86_64-mingw32/bin/../lib/gcc/nios2-elf/4.9.1\libgcc.a(addsf3.o)
                              obj/default/touch.o (__addsf3)
e:/altera/15.0/nios2eds/bin/gnu/h-x86_64-mingw32/bin/../lib/gcc/nios2-elf/4.9.1\libgcc.a(divsf3.o)
                              obj/default/touch.o (__divsf3)
e:/altera/15.0/nios2eds/bin/gnu/h-x86_64-mingw32/bin/../lib/gcc/nios2-elf/4.9.1\libgcc.a(gesf2.o)
                              e:/altera/15.0/nios2eds/bin/gnu/h-x86_64-mingw32/bin/../lib/gcc/nios2-elf/4.9.1\libgcc.a(_fixunssfsi.o) (__gesf2)
e:/altera/15.0/nios2eds/bin/gnu/h-x86_64-mingw32/bin/../lib/gcc/nios2-elf/4.9.1\libgcc.a(mulsf3.o)
                              obj/default/touch.o (__mulsf3)
e:/altera/15.0/nios2eds/bin/gnu/h-x86_64-mingw32/bin/../lib/gcc/nios2-elf/4.9.1\libgcc.a(subsf3.o)
                              obj/default/touch.o (__subsf3)
e:/altera/15.0/nios2eds/bin/gnu/h-x86_64-mingw32/bin/../lib/gcc/nios2-elf/4.9.1\libgcc.a(fixsfsi.o)
                              obj/default/touch.o (__fixsfsi)
e:/altera/15.0/nios2eds/bin/gnu/h-x86_64-mingw32/bin/../lib/gcc/nios2-elf/4.9.1\libgcc.a(floatsisf.o)
                              obj/default/touch.o (__floatsisf)
e:/altera/15.0/nios2eds/bin/gnu/h-x86_64-mingw32/bin/../lib/gcc/nios2-elf/4.9.1\libgcc.a(floatunsisf.o)
                              obj/default/touch.o (__floatunsisf)
e:/altera/15.0/nios2eds/bin/gnu/h-x86_64-mingw32/bin/../lib/gcc/nios2-elf/4.9.1\libgcc.a(adddf3.o)
                              obj/default/touch.o (__adddf3)
e:/altera/15.0/nios2eds/bin/gnu/h-x86_64-mingw32/bin/../lib/gcc/nios2-elf/4.9.1\libgcc.a(divdf3.o)
                              obj/default/touch.o (__divdf3)
e:/altera/15.0/nios2eds/bin/gnu/h-x86_64-mingw32/bin/../lib/gcc/nios2-elf/4.9.1\libgcc.a(gedf2.o)
                              e:/altera/15.0/nios2eds/bin/gnu/h-x86_64-mingw32/bin/../lib/gcc/nios2-elf/4.9.1\libgcc.a(_fixunsdfsi.o) (__gedf2)
e:/altera/15.0/nios2eds/bin/gnu/h-x86_64-mingw32/bin/../lib/gcc/nios2-elf/4.9.1\libgcc.a(ledf2.o)
                              obj/default/touch.o (__ltdf2)
e:/altera/15.0/nios2eds/bin/gnu/h-x86_64-mingw32/bin/../lib/gcc/nios2-elf/4.9.1\libgcc.a(muldf3.o)
                              obj/default/touch.o (__muldf3)
e:/altera/15.0/nios2eds/bin/gnu/h-x86_64-mingw32/bin/../lib/gcc/nios2-elf/4.9.1\libgcc.a(subdf3.o)
                              obj/default/touch.o (__subdf3)
e:/altera/15.0/nios2eds/bin/gnu/h-x86_64-mingw32/bin/../lib/gcc/nios2-elf/4.9.1\libgcc.a(fixdfsi.o)
                              e:/altera/15.0/nios2eds/bin/gnu/h-x86_64-mingw32/bin/../lib/gcc/nios2-elf/4.9.1\libgcc.a(_fixunsdfsi.o) (__fixdfsi)
e:/altera/15.0/nios2eds/bin/gnu/h-x86_64-mingw32/bin/../lib/gcc/nios2-elf/4.9.1\libgcc.a(floatsidf.o)
                              obj/default/touch.o (__floatsidf)
[...]
Memory Configuration

Name             Origin             Length             Attributes
reset            0x0000000000000000 0x0000000000000020
sdram            0x0000000000000020 0x0000000007ffffe0
*default*        0x0000000000000000 0xffffffffffffffff

Linker script and memory map

LOAD ../touch_intr_test3_bsp//obj/HAL/src/crt0.o
LOAD obj/default/lcd.o
LOAD obj/default/main.o
LOAD obj/default/touch.o
LOAD e:/altera/15.0/nios2eds/bin/gnu/h-x86_64-mingw32/bin/../lib/gcc/nios2-elf/4.9.1/../../../../../H-x86_64-mingw32/nios2-elf/lib\libstdc++.a
LOAD e:/altera/15.0/nios2eds/bin/gnu/h-x86_64-mingw32/bin/../lib/gcc/nios2-elf/4.9.1/../../../../../H-x86_64-mingw32/nios2-elf/lib\libm.a
LOAD e:/altera/15.0/nios2eds/bin/gnu/h-x86_64-mingw32/bin/../lib/gcc/nios2-elf/4.9.1\libgcc.a
START GROUP
LOAD e:/altera/15.0/nios2eds/bin/gnu/h-x86_64-mingw32/bin/../lib/gcc/nios2-elf/4.9.1/../../../../../H-x86_64-mingw32/nios2-elf/lib\libc.a
LOAD e:/altera/15.0/nios2eds/bin/gnu/h-x86_64-mingw32/bin/../lib/gcc/nios2-elf/4.9.1\libgcc.a
LOAD ../touch_intr_test3_bsp/\libhal_bsp.a
LOAD e:/altera/15.0/nios2eds/bin/gnu/h-x86_64-mingw32/bin/../lib/gcc/nios2-elf/4.9.1/../../../../../H-x86_64-mingw32/nios2-elf/lib\libm.a
END GROUP
LOAD e:/altera/15.0/nios2eds/bin/gnu/h-x86_64-mingw32/bin/../lib/gcc/nios2-elf/4.9.1\libgcc.a
                0x0000000000000000                __alt_mem_sdram = 0x0

.entry          0x0000000000000000       0x20
 *(.entry)
 .entry         0x0000000000000000       0x20 ../touch_intr_test3_bsp//obj/HAL/src/crt0.o
                0x0000000000000000                __reset

.exceptions     0x0000000000000020      0x220
                0x0000000000000020                PROVIDE (__ram_exceptions_start, ABSOLUTE (.))
                0x0000000000000020                . = ALIGN (0x20)
 *(.irq)
 *(.exceptions.entry.label)
 .exceptions.entry.label
                0x0000000000000020        0x0 ../touch_intr_test3_bsp/\libhal_bsp.a(alt_irq_entry.o)
                0x0000000000000020                alt_irq_entry
 .exceptions.entry.label
                0x0000000000000020        0x0 ../touch_intr_test3_bsp/\libhal_bsp.a(alt_exception_entry.o)
                0x0000000000000020                alt_exception
 *(.exceptions.entry.user)
 *(.exceptions.entry.ecc_fatal)
 *(.exceptions.entry)
 .exceptions.entry
                0x0000000000000020       0x54 ../touch_intr_test3_bsp/\libhal_bsp.a(alt_exception_entry.o)
 *(.exceptions.irqtest.user)
 *(.exceptions.irqtest)
 .exceptions.irqtest
                0x0000000000000074       0x10 ../touch_intr_test3_bsp/\libhal_bsp.a(alt_irq_entry.o)
 *(.exceptions.irqhandler.user)
 *(.exceptions.irqhandler)
 .exceptions.irqhandler
                0x0000000000000084        0x4 ../touch_intr_test3_bsp/\libhal_bsp.a(alt_irq_entry.o)
 *(.exceptions.irqreturn.user)
 *(.exceptions.irqreturn)
 .exceptions.irqreturn
                0x0000000000000088        0x4 ../touch_intr_test3_bsp/\libhal_bsp.a(alt_irq_entry.o)
 *(.exceptions.notirq.label)
 .exceptions.notirq.label
                0x000000000000008c        0x0 ../touch_intr_test3_bsp/\libhal_bsp.a(alt_irq_entry.o)
 *(.exceptions.notirq.user)
 *(.exceptions.notirq)
 .exceptions.notirq
                0x000000000000008c        0x8 ../touch_intr_test3_bsp/\libhal_bsp.a(alt_exception_entry.o)
 *(.exceptions.soft.user)
 *(.exceptions.soft)
 *(.exceptions.unknown.user)
 *(.exceptions.unknown)
 .exceptions.unknown
                0x0000000000000094       0x14 ../touch_intr_test3_bsp/\libhal_bsp.a(alt_exception_entry.o)
 *(.exceptions.exit.label)
 .exceptions.exit.label
                0x00000000000000a8        0x0 ../touch_intr_test3_bsp/\libhal_bsp.a(alt_irq_entry.o)
 .exceptions.exit.label
                0x00000000000000a8        0x0 ../touch_intr_test3_bsp/\libhal_bsp.a(alt_exception_entry.o)
 *(.exceptions.exit.user)
 *(.exceptions.exit)
 .exceptions.exit
                0x00000000000000a8       0x54 ../touch_intr_test3_bsp/\libhal_bsp.a(alt_exception_entry.o)
 *(.exceptions)
 .exceptions    0x00000000000000fc       0xd0 ../touch_intr_test3_bsp/\libhal_bsp.a(alt_irq_handler.o)
                0x00000000000000fc                alt_irq_handler
 .exceptions    0x00000000000001cc       0x74 ../touch_intr_test3_bsp/\libhal_bsp.a(alt_instruction_exception_entry.o)
                0x00000000000001cc                alt_instruction_exception_entry
                0x0000000000000240                PROVIDE (__ram_exceptions_end, ABSOLUTE (.))
                0x0000000000000020                PROVIDE (__flash_exceptions_start, LOADADDR (.exceptions))

.text           0x0000000000000240    0x12d80
                0x0000000000000240                PROVIDE (stext, ABSOLUTE (.))
 *(.interp)
 *(.hash)
 *(.dynsym)
 *(.dynstr)
 *(.gnu.version)
 *(.gnu.version_d)
 *(.gnu.version_r)
 *(.rel.init)
 *(.rela.init)
 *(.rel.text .rel.text.* .rel.gnu.linkonce.t.*)
 *(.rela.text .rela.text.* .rela.gnu.linkonce.t.*)
 *(.rel.fini)
 *(.rela.fini)
 *(.rel.rodata .rel.rodata.* .rel.gnu.linkonce.r.*)
 *(.rela.rodata .rela.rodata.* .rela.gnu.linkonce.r.*)
 *(.rel.data .rel.data.* .rel.gnu.linkonce.d.*)
 *(.rela.data .rela.data.* .rela.gnu.linkonce.d.*)
 *(.rel.tdata .rel.tdata.* .rel.gnu.linkonce.td.*)
 *(.rela.tdata .rela.tdata.* .rela.gnu.linkonce.td.*)
 *(.rel.tbss .rel.tbss.* .rel.gnu.linkonce.tb.*)
 *(.rela.tbss .rela.tbss.* .rela.gnu.linkonce.tb.*)
 *(.rel.ctors)
 *(.rela.ctors)
 *(.rel.dtors)
 *(.rela.dtors)
 *(.rel.got)
 *(.rela.got)
 *(.rel.sdata .rel.sdata.* .rel.gnu.linkonce.s.*)
 *(.rela.sdata .rela.sdata.* .rela.gnu.linkonce.s.*)
 *(.rel.sbss .rel.sbss.* .rel.gnu.linkonce.sb.*)
 *(.rela.sbss .rela.sbss.* .rela.gnu.linkonce.sb.*)
 *(.rel.sdata2 .rel.sdata2.* .rel.gnu.linkonce.s2.*)
 *(.rela.sdata2 .rela.sdata2.* .rela.gnu.linkonce.s2.*)
 *(.rel.sbss2 .rel.sbss2.* .rel.gnu.linkonce.sb2.*)
 *(.rela.sbss2 .rela.sbss2.* .rela.gnu.linkonce.sb2.*)
 *(.rel.bss .rel.bss.* .rel.gnu.linkonce.b.*)
 *(.rela.bss .rela.bss.* .rela.gnu.linkonce.b.*)
 *(.rel.plt)
 *(.rela.plt)
 *(.rel.dyn)
 *(.init)
 *(.plt)
 *(.text .stub .text.* .gnu.linkonce.t.*)
 .text          0x0000000000000240       0x4c ../touch_intr_test3_bsp//obj/HAL/src/crt0.o
                0x0000000000000240                _start
 .text          0x000000000000028c      0x1cc obj/default/lcd.o
                0x000000000000028c                LCD_Clear
                0x00000000000002c8                LCD_ShowNum
                0x0000000000000320                LCD_DrawLine
                0x0000000000000374                LCD_DrawPoint
                0x00000000000003b8                LCD_Draw_Circle
                0x0000000000000400                LCD_ShowString
 .text          0x0000000000000458       0xd0 obj/default/main.o
                0x0000000000000458                main
 .text          0x0000000000000528     0x2198 obj/default/touch.o
                0x0000000000000528                delay_us
                0x0000000000000574                TP_Write_Byte
                0x0000000000000690                TP_Read_AD
                0x0000000000000900                TP_Read_XOY
                0x0000000000000ad0                TP_Read_XY
                0x0000000000000b40                TP_Read_XY2
                0x0000000000000cd0                TP_Drow_Touch_Point
                0x0000000000000e18                TP_Draw_Big_Point
                0x0000000000000ed0                TP_Scan
                0x0000000000001168                TP_Save_Adjdata
                0x0000000000001268                TP_Get_Adjdata
                0x000000000000139c                TP_Adj_Info_Show
                0x00000000000017a4                TP_Adjust
                0x00000000000022c0                TP_Init
                0x00000000000023b8                physical2logical
                0x0000000000002618                intr_scan_headler
 .text          0x00000000000026c0      0x130 e:/altera/15.0/nios2eds/bin/gnu/h-x86_64-mingw32/bin/../lib/gcc/nios2-elf/4.9.1/../../../../../H-x86_64-mingw32/nios2-elf/lib\libm.a(lib_a-w_sqrt.o)
                0x00000000000026c0                sqrt
 .text          0x00000000000027f0      0x294 e:/altera/15.0/nios2eds/bin/gnu/h-x86_64-mingw32/bin/../lib/gcc/nios2-elf/4.9.1/../../../../../H-x86_64-mingw32/nios2-elf/lib\libm.a(lib_a-e_sqrt.o)
                0x00000000000027f0                __ieee754_sqrt
 .text          0x0000000000002a84       0x74 e:/altera/15.0/nios2eds/bin/gnu/h-x86_64-mingw32/bin/../lib/gcc/nios2-elf/4.9.1/../../../../../H-x86_64-mingw32/nios2-elf/lib\libm.a(lib_a-s_fpclassify.o)
                0x0000000000002a84                __fpclassifyd
 .text          0x0000000000002af8        0x0 e:/altera/15.0/nios2eds/bin/gnu/h-x86_64-mingw32/bin/../lib/gcc/nios2-elf/4.9.1/../../../../../H-x86_64-mingw32/nios2-elf/lib\libm.a(lib_a-s_lib_ver.o)
 .text          0x0000000000002af8        0x8 e:/altera/15.0/nios2eds/bin/gnu/h-x86_64-mingw32/bin/../lib/gcc/nios2-elf/4.9.1/../../../../../H-x86_64-mingw32/nios2-elf/lib\libm.a(lib_a-s_matherr.o)
                0x0000000000002af8                matherr
 .text          0x0000000000002b00       0x60 e:/altera/15.0/nios2eds/bin/gnu/h-x86_64-mingw32/bin/../lib/gcc/nios2-elf/4.9.1\libgcc.a(_fixunssfsi.o)
                0x0000000000002b00                __fixunssfsi
 .text          0x0000000000002b60       0x74 e:/altera/15.0/nios2eds/bin/gnu/h-x86_64-mingw32/bin/../lib/gcc/nios2-elf/4.9.1\libgcc.a(_fixunsdfsi.o)
                0x0000000000002b60                __fixunsdfsi
 .text          0x0000000000002bd4      0x12c e:/altera/15.0/nios2eds/bin/gnu/h-x86_64-mingw32/bin/../lib/gcc/nios2-elf/4.9.1\libgcc.a(lib2-divmod.o)
                0x0000000000002c40                __divsi3
                0x0000000000002c94                __modsi3
                0x0000000000002cf0                __udivsi3
                0x0000000000002cf8                __umodsi3
 .text          0x0000000000002d00      0x4e0 e:/altera/15.0/nios2eds/bin/gnu/h-x86_64-mingw32/bin/../lib/gcc/nios2-elf/4.9.1\libgcc.a(addsf3.o)
                0x0000000000002d00                __addsf3
 .text          0x00000000000031e0      0x450 e:/altera/15.0/nios2eds/bin/gnu/h-x86_64-mingw32/bin/../lib/gcc/nios2-elf/4.9.1\libgcc.a(divsf3.o)
                0x00000000000031e0                __divsf3
 .text          0x0000000000003630       0xb8 e:/altera/15.0/nios2eds/bin/gnu/h-x86_64-mingw32/bin/../lib/gcc/nios2-elf/4.9.1\libgcc.a(gesf2.o)
                0x0000000000003630                __gesf2
                0x0000000000003630                __gtsf2
 .text          0x00000000000036e8      0x424 e:/altera/15.0/nios2eds/bin/gnu/h-x86_64-mingw32/bin/../lib/gcc/nios2-elf/4.9.1\libgcc.a(mulsf3.o)
                0x00000000000036e8                __mulsf3
 .text          0x0000000000003b0c      0x4fc e:/altera/15.0/nios2eds/bin/gnu/h-x86_64-mingw32/bin/../lib/gcc/nios2-elf/4.9.1\libgcc.a(subsf3.o)
                0x0000000000003b0c                __subsf3
 .text          0x0000000000004008       0x78 e:/altera/15.0/nios2eds/bin/gnu/h-x86_64-mingw32/bin/../lib/gcc/nios2-elf/4.9.1\libgcc.a(fixsfsi.o)
                0x0000000000004008                __fixsfsi
 .text          0x0000000000004080      0x134 e:/altera/15.0/nios2eds/bin/gnu/h-x86_64-mingw32/bin/../lib/gcc/nios2-elf/4.9.1\libgcc.a(floatsisf.o)
                0x0000000000004080                __floatsisf
 .text          0x00000000000041b4      0x110 e:/altera/15.0/nios2eds/bin/gnu/h-x86_64-mingw32/bin/../lib/gcc/nios2-elf/4.9.1\libgcc.a(floatunsisf.o)
                0x00000000000041b4                __floatunsisf
 .text          0x00000000000042c4      0x89c e:/altera/15.0/nios2eds/bin/gnu/h-x86_64-mingw32/bin/../lib/gcc/nios2-elf/4.9.1\libgcc.a(adddf3.o)
                0x00000000000042c4                __adddf3
 .text          0x0000000000004b60      0x8cc e:/altera/15.0/nios2eds/bin/gnu/h-x86_64-mingw32/bin/../lib/gcc/nios2-elf/4.9.1\libgcc.a(divdf3.o)
                0x0000000000004b60                __divdf3
 .text          0x000000000000542c       0xe0 e:/altera/15.0/nios2eds/bin/gnu/h-x86_64-mingw32/bin/../lib/gcc/nios2-elf/4.9.1\libgcc.a(gedf2.o)
                0x000000000000542c                __gedf2
                0x000000000000542c                __gtdf2
 .text          0x000000000000550c       0xe0 e:/altera/15.0/nios2eds/bin/gnu/h-x86_64-mingw32/bin/../lib/gcc/nios2-elf/4.9.1\libgcc.a(ledf2.o)
                0x000000000000550c                __ledf2
                0x000000000000550c                __ltdf2
 .text          0x00000000000055ec      0x724 e:/altera/15.0/nios2eds/bin/gnu/h-x86_64-mingw32/bin/../lib/gcc/nios2-elf/4.9.1\libgcc.a(muldf3.o)
                0x00000000000055ec                __muldf3
 .text          0x0000000000005d10      0x8d0 e:/altera/15.0/nios2eds/bin/gnu/h-x86_64-mingw32/bin/../lib/gcc/nios2-elf/4.9.1\libgcc.a(subdf3.o)
                0x0000000000005d10                __subdf3
 .text          0x00000000000065e0       0x88 e:/altera/15.0/nios2eds/bin/gnu/h-x86_64-mingw32/bin/../lib/gcc/nios2-elf/4.9.1\libgcc.a(fixdfsi.o)
                0x00000000000065e0                __fixdfsi
 .text          0x0000000000006668       0xd0 e:/altera/15.0/nios2eds/bin/gnu/h-x86_64-mingw32/bin/../lib/gcc/nios2-elf/4.9.1\libgcc.a(floatsidf.o)
                0x0000000000006668                __floatsidf
 .text          0x0000000000006738       0xa4 e:/altera/15.0/nios2eds/bin/gnu/h-x86_64-mingw32/bin/../lib/gcc/nios2-elf/4.9.1\libgcc.a(floatunsidf.o)
                0x0000000000006738                __floatunsidf
 .text          0x00000000000067dc      0x110 e:/altera/15.0/nios2eds/bin/gnu/h-x86_64-mingw32/bin/../lib/gcc/nios2-elf/4.9.1\libgcc.a(extendsfdf2.o)
                0x00000000000067dc                __extendsfdf2
 .text          0x00000000000068ec       0x64 e:/altera/15.0/nios2eds/bin/gnu/h-x86_64-mingw32/bin/../lib/gcc/nios2-elf/4.9.1\libgcc.a(_clzsi2.o)
                0x00000000000068ec                __clzsi2
 .text          0x0000000000006950        0x0 e:/altera/15.0/nios2eds/bin/gnu/h-x86_64-mingw32/bin/../lib/gcc/nios2-elf/4.9.1\libgcc.a(_clz.o)
 .text          0x0000000000006950       0x14 e:/altera/15.0/nios2eds/bin/gnu/h-x86_64-mingw32/bin/../lib/gcc/nios2-elf/4.9.1/../../../../../H-x86_64-mingw32/nios2-elf/lib\libc.a(lib_a-abs.o)
                0x0000000000006950                abs
 .text          0x0000000000006964       0x10 e:/altera/15.0/nios2eds/bin/gnu/h-x86_64-mingw32/bin/../lib/gcc/nios2-elf/4.9.1/../../../../../H-x86_64-mingw32/nios2-elf/lib\libc.a(lib_a-errno.o)
                0x0000000000006964                __errno
 .text          0x0000000000006974        0x0 e:/altera/15.0/nios2eds/bin/gnu/h-x86_64-mingw32/bin/../lib/gcc/nios2-elf/4.9.1/../../../../../H-x86_64-mingw32/nios2-elf/lib\libc.a(lib_a-impure.o)
 .text          0x0000000000006974       0x68 e:/altera/15.0/nios2eds/bin/gnu/h-x86_64-mingw32/bin/../lib/gcc/nios2-elf/4.9.1/../../../../../H-x86_64-mingw32/nios2-elf/lib\libc.a(lib_a-printf.o)
                0x0000000000006974                _printf_r
                0x00000000000069a0                printf
 .text          0x00000000000069dc       0xcc e:/altera/15.0/nios2eds/bin/gnu/h-x86_64-mingw32/bin/../lib/gcc/nios2-elf/4.9.1/../../../../../H-x86_64-mingw32/nios2-elf/lib\libc.a(lib_a-puts.o)
                0x00000000000069dc                _puts_r
                0x0000000000006a94                puts
 .text          0x0000000000006aa8       0x98 e:/altera/15.0/nios2eds/bin/gnu/h-x86_64-mingw32/bin/../lib/gcc/nios2-elf/4.9.1/../../../../../H-x86_64-mingw32/nios2-elf/lib\libc.a(lib_a-strlen.o)
                0x0000000000006aa8                strlen
 .text          0x0000000000006b40     0x2020 e:/altera/15.0/nios2eds/bin/gnu/h-x86_64-mingw32/bin/../lib/gcc/nios2-elf/4.9.1/../../../../../H-x86_64-mingw32/nios2-elf/lib\libc.a(lib_a-vfprintf.o)
                0x0000000000006b40                ___vfprintf_internal_r
                0x0000000000008b3c                __vfprintf_internal
 .text          0x0000000000008b60      0x130 e:/altera/15.0/nios2eds/bin/gnu/h-x86_64-mingw32/bin/../lib/gcc/nios2-elf/4.9.1/../../../../../H-x86_64-mingw32/nios2-elf/lib\libc.a(lib_a-wsetup.o)
                0x0000000000008b60                __swsetup_r
 .text          0x0000000000008c90     0x1928 e:/altera/15.0/nios2eds/bin/gnu/h-x86_64-mingw32/bin/../lib/gcc/nios2-elf/4.9.1/../../../../../H-x86_64-mingw32/nios2-elf/lib\libc.a(lib_a-dtoa.o)
                0x0000000000008e90                _dtoa_r
 .text          0x000000000000a5b8      0x258 e:/altera/15.0/nios2eds/bin/gnu/h-x86_64-mingw32/bin/../lib/gcc/nios2-elf/4.9.1/../../../../../H-x86_64-mingw32/nios2-elf/lib\libc.a(lib_a-fflush.o)
                0x000000000000a5b8                _fflush_r
                0x000000000000a7e0                fflush
 .text          0x000000000000a810      0x3a0 e:/altera/15.0/nios2eds/bin/gnu/h-x86_64-mingw32/bin/../lib/gcc/nios2-elf/4.9.1/../../../../../H-x86_64-mingw32/nios2-elf/lib\libc.a(lib_a-findfp.o)
                0x000000000000a820                _cleanup_r
                0x000000000000a9cc                __sfmoreglue
                0x000000000000aa30                __sfp
                0x000000000000ab48                _cleanup
                0x000000000000ab60                __sinit
                0x000000000000ab70                __sfp_lock_acquire
                0x000000000000ab74                __sfp_lock_release
                0x000000000000ab78                __sinit_lock_acquire
                0x000000000000ab7c                __sinit_lock_release
                0x000000000000ab80                __fp_lock_all
                0x000000000000ab98                __fp_unlock_all
 .text          0x000000000000abb0      0x414 e:/altera/15.0/nios2eds/bin/gnu/h-x86_64-mingw32/bin/../lib/gcc/nios2-elf/4.9.1/../../../../../H-x86_64-mingw32/nios2-elf/lib\libc.a(lib_a-freer.o)
                0x000000000000abb0                _malloc_trim_r
                0x000000000000acd4                _free_r
 .text          0x000000000000afc4      0x4a4 e:/altera/15.0/nios2eds/bin/gnu/h-x86_64-mingw32/bin/../lib/gcc/nios2-elf/4.9.1/../../../../../H-x86_64-mingw32/nios2-elf/lib\libc.a(lib_a-fvwrite.o)
                0x000000000000afc4                __sfvwrite_r
 .text          0x000000000000b468      0x170 e:/altera/15.0/nios2eds/bin/gnu/h-x86_64-mingw32/bin/../lib/gcc/nios2-elf/4.9.1/../../../../../H-x86_64-mingw32/nios2-elf/lib\libc.a(lib_a-fwalk.o)
                0x000000000000b468                _fwalk
                0x000000000000b520                _fwalk_reent
 .text          0x000000000000b5d8       0xe0 e:/altera/15.0/nios2eds/bin/gnu/h-x86_64-mingw32/bin/../lib/gcc/nios2-elf/4.9.1/../../../../../H-x86_64-mingw32/nios2-elf/lib\libc.a(lib_a-locale.o)
                0x000000000000b5d8                _setlocale_r
                0x000000000000b654                __locale_charset
                0x000000000000b660                __locale_mb_cur_max
                0x000000000000b670                __locale_msgcharset
                0x000000000000b67c                __locale_cjk_lang
                0x000000000000b684                _localeconv_r
                0x000000000000b690                setlocale
                0x000000000000b6ac                localeconv
 .text          0x000000000000b6b8      0x1b8 e:/altera/15.0/nios2eds/bin/gnu/h-x86_64-mingw32/bin/../lib/gcc/nios2-elf/4.9.1/../../../../../H-x86_64-mingw32/nios2-elf/lib\libc.a(lib_a-makebuf.o)
                0x000000000000b6b8                __smakebuf_r
 .text          0x000000000000b870      0x7a8 e:/altera/15.0/nios2eds/bin/gnu/h-x86_64-mingw32/bin/../lib/gcc/nios2-elf/4.9.1/../../../../../H-x86_64-mingw32/nios2-elf/lib\libc.a(lib_a-mallocr.o)
                0x000000000000b870                _malloc_r
 .text          0x000000000000c018       0xe8 e:/altera/15.0/nios2eds/bin/gnu/h-x86_64-mingw32/bin/../lib/gcc/nios2-elf/4.9.1/../../../../../H-x86_64-mingw32/nios2-elf/lib\libc.a(lib_a-memchr.o)
                0x000000000000c018                memchr
 .text          0x000000000000c100      0x138 e:/altera/15.0/nios2eds/bin/gnu/h-x86_64-mingw32/bin/../lib/gcc/nios2-elf/4.9.1/../../../../../H-x86_64-mingw32/nios2-elf/lib\libc.a(lib_a-memcpy.o)
                0x000000000000c100                memcpy
 .text          0x000000000000c238      0x15c e:/altera/15.0/nios2eds/bin/gnu/h-x86_64-mingw32/bin/../lib/gcc/nios2-elf/4.9.1/../../../../../H-x86_64-mingw32/nios2-elf/lib\libc.a(lib_a-memmove.o)
                0x000000000000c238                memmove
 .text          0x000000000000c394      0x124 e:/altera/15.0/nios2eds/bin/gnu/h-x86_64-mingw32/bin/../lib/gcc/nios2-elf/4.9.1/../../../../../H-x86_64-mingw32/nios2-elf/lib\libc.a(lib_a-memset.o)
                0x000000000000c394                memset
 .text          0x000000000000c4b8      0xf8c e:/altera/15.0/nios2eds/bin/gnu/h-x86_64-mingw32/bin/../lib/gcc/nios2-elf/4.9.1/../../../../../H-x86_64-mingw32/nios2-elf/lib\libc.a(lib_a-mprec.o)
                0x000000000000c4b8                _Balloc
                0x000000000000c560                _Bfree
                0x000000000000c588                __multadd
                0x000000000000c69c                __s2b
                0x000000000000c7a0                __hi0bits
                0x000000000000c808                __lo0bits
                0x000000000000c8b8                __i2b
                0x000000000000c8f4                __multiply
                0x000000000000caf0                __pow5mult
                0x000000000000cc30                __lshift
                0x000000000000cd78                __mcmp
                0x000000000000cdd8                __mdiff
                0x000000000000cf70                __ulp
                0x000000000000cfd0                __b2d
                0x000000000000d0ec                __d2b
                0x000000000000d228                __ratio
                0x000000000000d2cc                _mprec_log10
                0x000000000000d340                __copybits
                0x000000000000d3b8                __any_on
 .text          0x000000000000d444      0x5a0 e:/altera/15.0/nios2eds/bin/gnu/h-x86_64-mingw32/bin/../lib/gcc/nios2-elf/4.9.1/../../../../../H-x86_64-mingw32/nios2-elf/lib\libc.a(lib_a-reallocr.o)
                0x000000000000d444                _realloc_r
 .text          0x000000000000d9e4       0x54 e:/altera/15.0/nios2eds/bin/gnu/h-x86_64-mingw32/bin/../lib/gcc/nios2-elf/4.9.1/../../../../../H-x86_64-mingw32/nios2-elf/lib\libc.a(lib_a-sbrkr.o)
                0x000000000000d9e4                _sbrk_r
 .text          0x000000000000da38      0x13c e:/altera/15.0/nios2eds/bin/gnu/h-x86_64-mingw32/bin/../lib/gcc/nios2-elf/4.9.1/../../../../../H-x86_64-mingw32/nios2-elf/lib\libc.a(lib_a-stdio.o)
                0x000000000000da38                __sread
                0x000000000000da8c                __seofread
                0x000000000000da94                __swrite
                0x000000000000db10                __sseek
                0x000000000000db6c                __sclose
 .text          0x000000000000db74       0xa4 e:/altera/15.0/nios2eds/bin/gnu/h-x86_64-mingw32/bin/../lib/gcc/nios2-elf/4.9.1/../../../../../H-x86_64-mingw32/nios2-elf/lib\libc.a(lib_a-strcmp.o)
                0x000000000000db74                strcmp
 .text          0x000000000000dc18     0x1494 e:/altera/15.0/nios2eds/bin/gnu/h-x86_64-mingw32/bin/../lib/gcc/nios2-elf/4.9.1/../../../../../H-x86_64-mingw32/nios2-elf/lib\libc.a(lib_a-vfiprintf.o)
                0x000000000000dd14                __sprint_r
                0x000000000000dd2c                ___vfiprintf_internal_r
                0x000000000000f088                __vfiprintf_internal
 .text          0x000000000000f0ac       0x5c e:/altera/15.0/nios2eds/bin/gnu/h-x86_64-mingw32/bin/../lib/gcc/nios2-elf/4.9.1/../../../../../H-x86_64-mingw32/nios2-elf/lib\libc.a(lib_a-writer.o)
                0x000000000000f0ac                _write_r
 .text          0x000000000000f108       0x54 e:/altera/15.0/nios2eds/bin/gnu/h-x86_64-mingw32/bin/../lib/gcc/nios2-elf/4.9.1/../../../../../H-x86_64-mingw32/nios2-elf/lib\libc.a(closer.o)
                0x000000000000f108                _close_r
 .text          0x000000000000f15c       0xc4 e:/altera/15.0/nios2eds/bin/gnu/h-x86_64-mingw32/bin/../lib/gcc/nios2-elf/4.9.1/../../../../../H-x86_64-mingw32/nios2-elf/lib\libc.a(lib_a-callocr.o)
                0x000000000000f15c                _calloc_r
 .text          0x000000000000f220      0x114 e:/altera/15.0/nios2eds/bin/gnu/h-x86_64-mingw32/bin/../lib/gcc/nios2-elf/4.9.1/../../../../../H-x86_64-mingw32/nios2-elf/lib\libc.a(lib_a-fclose.o)
                0x000000000000f220                _fclose_r
                0x000000000000f320                fclose
 .text          0x000000000000f334      0x1dc e:/altera/15.0/nios2eds/bin/gnu/h-x86_64-mingw32/bin/../lib/gcc/nios2-elf/4.9.1/../../../../../H-x86_64-mingw32/nios2-elf/lib\libc.a(lib_a-fputwc.o)
                0x000000000000f334                _fputwc_r
                0x000000000000f4b8                fputwc
 .text          0x000000000000f510       0x58 e:/altera/15.0/nios2eds/bin/gnu/h-x86_64-mingw32/bin/../lib/gcc/nios2-elf/4.9.1/../../../../../H-x86_64-mingw32/nios2-elf/lib\libc.a(lib_a-fstatr.o)
                0x000000000000f510                _fstat_r
 .text          0x000000000000f568        0x0 e:/altera/15.0/nios2eds/bin/gnu/h-x86_64-mingw32/bin/../lib/gcc/nios2-elf/4.9.1/../../../../../H-x86_64-mingw32/nios2-elf/lib\libc.a(lib_a-int_errno.o)
 .text          0x000000000000f568       0x54 e:/altera/15.0/nios2eds/bin/gnu/h-x86_64-mingw32/bin/../lib/gcc/nios2-elf/4.9.1/../../../../../H-x86_64-mingw32/nios2-elf/lib\libc.a(lib_a-isattyr.o)
                0x000000000000f568                _isatty_r
 .text          0x000000000000f5bc       0x5c e:/altera/15.0/nios2eds/bin/gnu/h-x86_64-mingw32/bin/../lib/gcc/nios2-elf/4.9.1/../../../../../H-x86_64-mingw32/nios2-elf/lib\libc.a(lib_a-lseekr.o)
                0x000000000000f5bc                _lseek_r
 .text          0x000000000000f618       0x5c e:/altera/15.0/nios2eds/bin/gnu/h-x86_64-mingw32/bin/../lib/gcc/nios2-elf/4.9.1/../../../../../H-x86_64-mingw32/nios2-elf/lib\libc.a(lib_a-readr.o)
                0x000000000000f618                _read_r
 .text          0x000000000000f674      0x170 e:/altera/15.0/nios2eds/bin/gnu/h-x86_64-mingw32/bin/../lib/gcc/nios2-elf/4.9.1/../../../../../H-x86_64-mingw32/nios2-elf/lib\libc.a(lib_a-wbuf.o)
                0x000000000000f674                __swbuf_r
                0x000000000000f7c8                __swbuf
 .text          0x000000000000f7e4      0x174 e:/altera/15.0/nios2eds/bin/gnu/h-x86_64-mingw32/bin/../lib/gcc/nios2-elf/4.9.1/../../../../../H-x86_64-mingw32/nios2-elf/lib\libc.a(lib_a-wcrtomb.o)
                0x000000000000f7e4                _wcrtomb_r
                0x000000000000f880                wcrtomb
 .text          0x000000000000f958       0x8c e:/altera/15.0/nios2eds/bin/gnu/h-x86_64-mingw32/bin/../lib/gcc/nios2-elf/4.9.1/../../../../../H-x86_64-mingw32/nios2-elf/lib\libc.a(lib_a-wctomb_r.o)
                0x000000000000f958                __ascii_wctomb
                0x000000000000f988                _wctomb_r
 .text          0x000000000000f9e4      0x5c0 e:/altera/15.0/nios2eds/bin/gnu/h-x86_64-mingw32/bin/../lib/gcc/nios2-elf/4.9.1\libgcc.a(_udivdi3.o)
                0x000000000000f9e4                __udivdi3
 .text          0x000000000000ffa4      0x590 e:/altera/15.0/nios2eds/bin/gnu/h-x86_64-mingw32/bin/../lib/gcc/nios2-elf/4.9.1\libgcc.a(_umoddi3.o)
                0x000000000000ffa4                __umoddi3
 .text          0x0000000000010534       0x84 e:/altera/15.0/nios2eds/bin/gnu/h-x86_64-mingw32/bin/../lib/gcc/nios2-elf/4.9.1\libgcc.a(eqdf2.o)
                0x0000000000010534                __nedf2
                0x0000000000010534                __eqdf2
 .text          0x00000000000105b8      0x120 ../touch_intr_test3_bsp/\libhal_bsp.a(alt_close.o)
                0x0000000000010608                close
 .text          0x00000000000106d8       0x2c ../touch_intr_test3_bsp/\libhal_bsp.a(alt_dev.o)
 .text          0x0000000000010704        0x0 ../touch_intr_test3_bsp/\libhal_bsp.a(alt_errno.o)
 .text          0x0000000000010704      0x100 ../touch_intr_test3_bsp/\libhal_bsp.a(alt_fstat.o)
                0x0000000000010754                fstat
 .text          0x0000000000010804      0x1e0 ../touch_intr_test3_bsp/\libhal_bsp.a(alt_iic.o)
                0x0000000000010804                alt_ic_isr_register
                0x0000000000010854                alt_ic_irq_enable
                0x00000000000108f4                alt_ic_irq_disable
                0x0000000000010998                alt_ic_irq_enabled
 .text          0x00000000000109e4       0xf0 ../touch_intr_test3_bsp/\libhal_bsp.a(alt_iic_isr_register.o)
                0x00000000000109e4                alt_iic_isr_register
 .text          0x0000000000010ad4        0x0 ../touch_intr_test3_bsp/\libhal_bsp.a(alt_irq_entry.o)
 .text          0x0000000000010ad4        0x0 ../touch_intr_test3_bsp/\libhal_bsp.a(alt_irq_handler.o)
 .text          0x0000000000010ad4        0x0 ../touch_intr_test3_bsp/\libhal_bsp.a(alt_irq_vars.o)
 .text          0x0000000000010ad4       0xf4 ../touch_intr_test3_bsp/\libhal_bsp.a(alt_isatty.o)
                0x0000000000010b24                isatty
 .text          0x0000000000010bc8       0xe4 ../touch_intr_test3_bsp/\libhal_bsp.a(alt_load.o)
                0x0000000000010c2c                alt_load
 .text          0x0000000000010cac      0x124 ../touch_intr_test3_bsp/\libhal_bsp.a(alt_lseek.o)
                0x0000000000010cfc                lseek
 .text          0x0000000000010dd0       0x78 ../touch_intr_test3_bsp/\libhal_bsp.a(alt_main.o)
                0x0000000000010dd0                alt_main
 .text          0x0000000000010e48       0x40 ../touch_intr_test3_bsp/\libhal_bsp.a(alt_malloc_lock.o)
                0x0000000000010e48                __malloc_lock
                0x0000000000010e68                __malloc_unlock
 .text          0x0000000000010e88      0x14c ../touch_intr_test3_bsp/\libhal_bsp.a(alt_read.o)
                0x0000000000010ed8                read
 .text          0x0000000000010fd4       0x60 ../touch_intr_test3_bsp/\libhal_bsp.a(alt_release_fd.o)
                0x0000000000010fd4                alt_release_fd
 .text          0x0000000000011034       0xb0 ../touch_intr_test3_bsp/\libhal_bsp.a(alt_sbrk.o)
                0x0000000000011034                sbrk
 .text          0x00000000000110e4       0x30 ../touch_intr_test3_bsp/\libhal_bsp.a(alt_usleep.o)
                0x00000000000110e4                usleep
 .text          0x0000000000011114      0x148 ../touch_intr_test3_bsp/\libhal_bsp.a(alt_write.o)
                0x0000000000011164                write
 .text          0x000000000001125c       0xd8 ../touch_intr_test3_bsp/\libhal_bsp.a(alt_sys_init.o)
                0x0000000000011294                alt_irq_init
                0x00000000000112c8                alt_sys_init
 .text          0x0000000000011334      0x164 ../touch_intr_test3_bsp/\libhal_bsp.a(altera_avalon_jtag_uart_fd.o)
                0x0000000000011334                altera_avalon_jtag_uart_read_fd
                0x0000000000011394                altera_avalon_jtag_uart_write_fd
                0x00000000000113f4                altera_avalon_jtag_uart_close_fd
                0x0000000000011444                altera_avalon_jtag_uart_ioctl_fd
 .text          0x0000000000011498      0x3d8 ../touch_intr_test3_bsp/\libhal_bsp.a(altera_avalon_jtag_uart_init.o)
                0x0000000000011498                altera_avalon_jtag_uart_init
                0x0000000000011808                altera_avalon_jtag_uart_close
 .text          0x0000000000011870       0xec ../touch_intr_test3_bsp/\libhal_bsp.a(altera_avalon_jtag_uart_ioctl.o)
                0x0000000000011870                altera_avalon_jtag_uart_ioctl
 .text          0x000000000001195c      0x20c ../touch_intr_test3_bsp/\libhal_bsp.a(altera_avalon_jtag_uart_read.o)
                0x000000000001195c                altera_avalon_jtag_uart_read
 .text          0x0000000000011b68      0x218 ../touch_intr_test3_bsp/\libhal_bsp.a(altera_avalon_jtag_uart_write.o)
                0x0000000000011b68                altera_avalon_jtag_uart_write
 .text          0x0000000000011d80       0xfc ../touch_intr_test3_bsp/\libhal_bsp.a(altera_avalon_timer_sc.o)
                0x0000000000011df4                alt_avalon_timer_sc_init
 .text          0x0000000000011e7c      0x140 ../touch_intr_test3_bsp/\libhal_bsp.a(alt_alarm_start.o)
                0x0000000000011e7c                alt_alarm_start
 .text          0x0000000000011fbc      0x158 ../touch_intr_test3_bsp/\libhal_bsp.a(alt_busy_sleep.o)
                0x0000000000011fbc                alt_busy_sleep
 .text          0x0000000000012114       0x44 ../touch_intr_test3_bsp/\libhal_bsp.a(alt_dcache_flush_all.o)
                0x0000000000012114                alt_dcache_flush_all
 .text          0x0000000000012158       0xf4 ../touch_intr_test3_bsp/\libhal_bsp.a(alt_dev_llist_insert.o)
                0x00000000000121a8                alt_dev_llist_insert
 .text          0x000000000001224c       0x5c ../touch_intr_test3_bsp/\libhal_bsp.a(alt_do_ctors.o)
                0x000000000001224c                _do_ctors
 .text          0x00000000000122a8       0x5c ../touch_intr_test3_bsp/\libhal_bsp.a(alt_do_dtors.o)
                0x00000000000122a8                _do_dtors
 .text          0x0000000000012304        0x0 ../touch_intr_test3_bsp/\libhal_bsp.a(alt_exception_entry.o)
 .text          0x0000000000012304       0x30 ../touch_intr_test3_bsp/\libhal_bsp.a(alt_icache_flush_all.o)
                0x0000000000012304                alt_icache_flush_all
 .text          0x0000000000012334       0x9c ../touch_intr_test3_bsp/\libhal_bsp.a(alt_instruction_exception_entry.o)
                0x0000000000012334                alt_exception_cause_generated_bad_addr
 .text          0x00000000000123d0      0x138 ../touch_intr_test3_bsp/\libhal_bsp.a(alt_io_redirect.o)
                0x0000000000012490                alt_io_redirect
 .text          0x0000000000012508      0x274 ../touch_intr_test3_bsp/\libhal_bsp.a(alt_open.o)
                0x0000000000012624                open
 .text          0x000000000001277c      0x19c ../touch_intr_test3_bsp/\libhal_bsp.a(alt_tick.o)
                0x000000000001277c                alt_alarm_stop
                0x0000000000012814                alt_tick
 .text          0x0000000000012918       0x20 ../touch_intr_test3_bsp/\libhal_bsp.a(altera_nios2_gen2_irq.o)
                0x0000000000012918                altera_nios2_gen2_irq_init
 .text          0x0000000000012938       0x90 ../touch_intr_test3_bsp/\libhal_bsp.a(alt_find_dev.o)
                0x0000000000012938                alt_find_dev
 .text          0x00000000000129c8      0x114 ../touch_intr_test3_bsp/\libhal_bsp.a(alt_find_file.o)
                0x00000000000129c8                alt_find_file
 .text          0x0000000000012adc       0xb4 ../touch_intr_test3_bsp/\libhal_bsp.a(alt_get_fd.o)
                0x0000000000012adc                alt_get_fd
 .text          0x0000000000012b90       0x8c ../touch_intr_test3_bsp/\libhal_bsp.a(alt_icache_flush.o)
                0x0000000000012b90                alt_icache_flush
 .text          0x0000000000012c1c       0x14 e:/altera/15.0/nios2eds/bin/gnu/h-x86_64-mingw32/bin/../lib/gcc/nios2-elf/4.9.1/../../../../../H-x86_64-mingw32/nios2-elf/lib\libc.a(lib_a-atexit.o)
                0x0000000000012c1c                atexit
 .text          0x0000000000012c30       0x38 e:/altera/15.0/nios2eds/bin/gnu/h-x86_64-mingw32/bin/../lib/gcc/nios2-elf/4.9.1/../../../../../H-x86_64-mingw32/nios2-elf/lib\libc.a(lib_a-exit.o)
                0x0000000000012c30                exit
 .text          0x0000000000012c68       0x7c e:/altera/15.0/nios2eds/bin/gnu/h-x86_64-mingw32/bin/../lib/gcc/nios2-elf/4.9.1/../../../../../H-x86_64-mingw32/nios2-elf/lib\libc.a(lib_a-memcmp.o)
                0x0000000000012c68                memcmp
 .text          0x0000000000012ce4      0x114 e:/altera/15.0/nios2eds/bin/gnu/h-x86_64-mingw32/bin/../lib/gcc/nios2-elf/4.9.1/../../../../../H-x86_64-mingw32/nios2-elf/lib\libc.a(lib_a-__atexit.o)
                0x0000000000012ce4                __register_exitproc
 .text          0x0000000000012df8      0x194 e:/altera/15.0/nios2eds/bin/gnu/h-x86_64-mingw32/bin/../lib/gcc/nios2-elf/4.9.1/../../../../../H-x86_64-mingw32/nios2-elf/lib\libc.a(lib_a-__call_atexit.o)
                0x0000000000012df8                __call_exitprocs
 .text          0x0000000000012f8c       0x34 ../touch_intr_test3_bsp/\libhal_bsp.a(alt_exit.o)
                0x0000000000012f8c                _exit
 *(.gnu.warning.*)
 *(.fini)
                0x0000000000012fc0                PROVIDE (__etext, ABSOLUTE (.))
                0x0000000000012fc0                PROVIDE (_etext, ABSOLUTE (.))
                0x0000000000012fc0                PROVIDE (etext, ABSOLUTE (.))
 *(.eh_frame_hdr)
                0x0000000000012fc0                . = ALIGN (0x4)
                0x0000000000012fc0                PROVIDE (__preinit_array_start, ABSOLUTE (.))
 *(.preinit_array)
                0x0000000000012fc0                PROVIDE (__preinit_array_end, ABSOLUTE (.))
                0x0000000000012fc0                PROVIDE (__init_array_start, ABSOLUTE (.))
 *(.init_array)
                0x0000000000012fc0                PROVIDE (__init_array_end, ABSOLUTE (.))
                0x0000000000012fc0                PROVIDE (__fini_array_start, ABSOLUTE (.))
 *(.fini_array)
                0x0000000000012fc0                PROVIDE (__fini_array_end, ABSOLUTE (.))
 *(.eh_frame)
 *(.gcc_except_table .gcc_except_table.*)
 *(.dynamic)
                0x0000000000012fc0                PROVIDE (__CTOR_LIST__, ABSOLUTE (.))
 *(.ctors)
 *(SORT(.ctors.*))
                0x0000000000012fc0                PROVIDE (__CTOR_END__, ABSOLUTE (.))
                0x0000000000012fc0                PROVIDE (__DTOR_LIST__, ABSOLUTE (.))
 *(.dtors)
 *(SORT(.dtors.*))
                0x0000000000012fc0                PROVIDE (__DTOR_END__, ABSOLUTE (.))
 *(.jcr)
                0x0000000000012fc0                . = ALIGN (0x4)

.rodata         0x0000000000012fc0      0x4f0
                0x0000000000012fc0                PROVIDE (__ram_rodata_start, ABSOLUTE (.))
                0x0000000000012fc0                . = ALIGN (0x4)
 *(.rodata .rodata.* .gnu.linkonce.r.*)
 .rodata        0x0000000000012fc0       0x74 obj/default/lcd.o
 .rodata        0x0000000000013034       0x6c obj/default/main.o
 .rodata        0x00000000000130a0       0xe4 obj/default/touch.o
                0x0000000000013144                TP_ADJDIS_TBL
 .rodata.str1.4
                0x0000000000013184        0x5 e:/altera/15.0/nios2eds/bin/gnu/h-x86_64-mingw32/bin/../lib/gcc/nios2-elf/4.9.1/../../../../../H-x86_64-mingw32/nios2-elf/lib\libm.a(lib_a-w_sqrt.o)
                                          0x8 (size before relaxing)
 .rodata        0x0000000000013189      0x100 e:/altera/15.0/nios2eds/bin/gnu/h-x86_64-mingw32/bin/../lib/gcc/nios2-elf/4.9.1\libgcc.a(_clz.o)
                0x0000000000013189                __clz_tab
 *fill*         0x0000000000013289        0x3 
 .rodata.str1.4
                0x000000000001328c        0x2 e:/altera/15.0/nios2eds/bin/gnu/h-x86_64-mingw32/bin/../lib/gcc/nios2-elf/4.9.1/../../../../../H-x86_64-mingw32/nios2-elf/lib\libc.a(lib_a-impure.o)
                                          0x4 (size before relaxing)
 *fill*         0x000000000001328e        0x2 
 .rodata.str1.4
                0x0000000000013290        0x2 e:/altera/15.0/nios2eds/bin/gnu/h-x86_64-mingw32/bin/../lib/gcc/nios2-elf/4.9.1/../../../../../H-x86_64-mingw32/nios2-elf/lib\libc.a(lib_a-puts.o)
                                          0x4 (size before relaxing)
 *fill*         0x0000000000013292        0x2 
 .rodata.str1.4
                0x0000000000013294       0x42 e:/altera/15.0/nios2eds/bin/gnu/h-x86_64-mingw32/bin/../lib/gcc/nios2-elf/4.9.1/../../../../../H-x86_64-mingw32/nios2-elf/lib\libc.a(lib_a-vfprintf.o)
                                         0x44 (size before relaxing)
 .rodata        0x00000000000132d6       0x20 e:/altera/15.0/nios2eds/bin/gnu/h-x86_64-mingw32/bin/../lib/gcc/nios2-elf/4.9.1/../../../../../H-x86_64-mingw32/nios2-elf/lib\libc.a(lib_a-vfprintf.o)
 *fill*         0x00000000000132f6        0x2 
 .rodata.str1.4
                0x00000000000132f8       0x10 e:/altera/15.0/nios2eds/bin/gnu/h-x86_64-mingw32/bin/../lib/gcc/nios2-elf/4.9.1/../../../../../H-x86_64-mingw32/nios2-elf/lib\libc.a(lib_a-dtoa.o)
                                         0x14 (size before relaxing)
 .rodata.str1.4
                0x0000000000013308        0xc e:/altera/15.0/nios2eds/bin/gnu/h-x86_64-mingw32/bin/../lib/gcc/nios2-elf/4.9.1/../../../../../H-x86_64-mingw32/nios2-elf/lib\libc.a(lib_a-locale.o)
                                         0x14 (size before relaxing)
 .rodata        0x0000000000013314      0x124 e:/altera/15.0/nios2eds/bin/gnu/h-x86_64-mingw32/bin/../lib/gcc/nios2-elf/4.9.1/../../../../../H-x86_64-mingw32/nios2-elf/lib\libc.a(lib_a-mprec.o)
                0x0000000000013320                __mprec_tinytens
                0x0000000000013348                __mprec_bigtens
                0x0000000000013370                __mprec_tens
 .rodata.str1.4
                0x0000000000000000       0x30 e:/altera/15.0/nios2eds/bin/gnu/h-x86_64-mingw32/bin/../lib/gcc/nios2-elf/4.9.1/../../../../../H-x86_64-mingw32/nios2-elf/lib\libc.a(lib_a-vfiprintf.o)
 .rodata        0x0000000000013438       0x20 e:/altera/15.0/nios2eds/bin/gnu/h-x86_64-mingw32/bin/../lib/gcc/nios2-elf/4.9.1/../../../../../H-x86_64-mingw32/nios2-elf/lib\libc.a(lib_a-vfiprintf.o)
 .rodata        0x0000000000013458        0xc ../touch_intr_test3_bsp/\libhal_bsp.a(alt_dev.o)
 .rodata        0x0000000000013464       0x10 ../touch_intr_test3_bsp/\libhal_bsp.a(alt_main.o)
 .rodata        0x0000000000013474       0x3c ../touch_intr_test3_bsp/\libhal_bsp.a(alt_sys_init.o)
 *(.rodata1)
                0x00000000000134b0                . = ALIGN (0x4)
                0x00000000000134b0                PROVIDE (__ram_rodata_end, ABSOLUTE (.))
                0x0000000000012fc0                PROVIDE (__flash_rodata_start, LOADADDR (.rodata))

.rwdata         0x00000000000134b0     0x1b60 load address 0x0000000000015010
                0x00000000000134b0                PROVIDE (__ram_rwdata_start, ABSOLUTE (.))
                0x00000000000134b0                . = ALIGN (0x4)
 *(.got.plt)
 *(.got)
 *(.data1)
 *(.data .data.* .gnu.linkonce.d.*)
 .data          0x00000000000134b0        0x0 ../touch_intr_test3_bsp//obj/HAL/src/crt0.o
 .data          0x00000000000134b0        0x0 obj/default/lcd.o
 .data          0x00000000000134b0        0x0 obj/default/main.o
 .data          0x00000000000134b0       0x34 obj/default/touch.o
                0x00000000000134b0                tp_dev
 .data          0x00000000000134e4        0x0 e:/altera/15.0/nios2eds/bin/gnu/h-x86_64-mingw32/bin/../lib/gcc/nios2-elf/4.9.1/../../../../../H-x86_64-mingw32/nios2-elf/lib\libm.a(lib_a-w_sqrt.o)
 .data          0x00000000000134e4        0x0 e:/altera/15.0/nios2eds/bin/gnu/h-x86_64-mingw32/bin/../lib/gcc/nios2-elf/4.9.1/../../../../../H-x86_64-mingw32/nios2-elf/lib\libm.a(lib_a-e_sqrt.o)
 .data          0x00000000000134e4        0x0 e:/altera/15.0/nios2eds/bin/gnu/h-x86_64-mingw32/bin/../lib/gcc/nios2-elf/4.9.1/../../../../../H-x86_64-mingw32/nios2-elf/lib\libm.a(lib_a-s_fpclassify.o)
 .data          0x00000000000134e4        0x0 e:/altera/15.0/nios2eds/bin/gnu/h-x86_64-mingw32/bin/../lib/gcc/nios2-elf/4.9.1/../../../../../H-x86_64-mingw32/nios2-elf/lib\libm.a(lib_a-s_lib_ver.o)
 .data          0x00000000000134e4        0x0 e:/altera/15.0/nios2eds/bin/gnu/h-x86_64-mingw32/bin/../lib/gcc/nios2-elf/4.9.1/../../../../../H-x86_64-mingw32/nios2-elf/lib\libm.a(lib_a-s_matherr.o)
 .data          0x00000000000134e4        0x0 e:/altera/15.0/nios2eds/bin/gnu/h-x86_64-mingw32/bin/../lib/gcc/nios2-elf/4.9.1\libgcc.a(_fixunssfsi.o)
 .data          0x00000000000134e4        0x0 e:/altera/15.0/nios2eds/bin/gnu/h-x86_64-mingw32/bin/../lib/gcc/nios2-elf/4.9.1\libgcc.a(_fixunsdfsi.o)
 .data          0x00000000000134e4        0x0 e:/altera/15.0/nios2eds/bin/gnu/h-x86_64-mingw32/bin/../lib/gcc/nios2-elf/4.9.1\libgcc.a(lib2-divmod.o)
 .data          0x00000000000134e4        0x0 e:/altera/15.0/nios2eds/bin/gnu/h-x86_64-mingw32/bin/../lib/gcc/nios2-elf/4.9.1\libgcc.a(addsf3.o)
 .data          0x00000000000134e4        0x0 e:/altera/15.0/nios2eds/bin/gnu/h-x86_64-mingw32/bin/../lib/gcc/nios2-elf/4.9.1\libgcc.a(divsf3.o)
 .data          0x00000000000134e4        0x0 e:/altera/15.0/nios2eds/bin/gnu/h-x86_64-mingw32/bin/../lib/gcc/nios2-elf/4.9.1\libgcc.a(gesf2.o)
 .data          0x00000000000134e4        0x0 e:/altera/15.0/nios2eds/bin/gnu/h-x86_64-mingw32/bin/../lib/gcc/nios2-elf/4.9.1\libgcc.a(mulsf3.o)
 .data          0x00000000000134e4        0x0 e:/altera/15.0/nios2eds/bin/gnu/h-x86_64-mingw32/bin/../lib/gcc/nios2-elf/4.9.1\libgcc.a(subsf3.o)
 .data          0x00000000000134e4        0x0 e:/altera/15.0/nios2eds/bin/gnu/h-x86_64-mingw32/bin/../lib/gcc/nios2-elf/4.9.1\libgcc.a(fixsfsi.o)
 .data          0x00000000000134e4        0x0 e:/altera/15.0/nios2eds/bin/gnu/h-x86_64-mingw32/bin/../lib/gcc/nios2-elf/4.9.1\libgcc.a(floatsisf.o)
 .data          0x00000000000134e4        0x0 e:/altera/15.0/nios2eds/bin/gnu/h-x86_64-mingw32/bin/../lib/gcc/nios2-elf/4.9.1\libgcc.a(floatunsisf.o)
 .data          0x00000000000134e4        0x0 e:/altera/15.0/nios2eds/bin/gnu/h-x86_64-mingw32/bin/../lib/gcc/nios2-elf/4.9.1\libgcc.a(adddf3.o)
 .data          0x00000000000134e4        0x0 e:/altera/15.0/nios2eds/bin/gnu/h-x86_64-mingw32/bin/../lib/gcc/nios2-elf/4.9.1\libgcc.a(divdf3.o)
 .data          0x00000000000134e4        0x0 e:/altera/15.0/nios2eds/bin/gnu/h-x86_64-mingw32/bin/../lib/gcc/nios2-elf/4.9.1\libgcc.a(gedf2.o)
 .data          0x00000000000134e4        0x0 e:/altera/15.0/nios2eds/bin/gnu/h-x86_64-mingw32/bin/../lib/gcc/nios2-elf/4.9.1\libgcc.a(ledf2.o)
 .data          0x00000000000134e4        0x0 e:/altera/15.0/nios2eds/bin/gnu/h-x86_64-mingw32/bin/../lib/gcc/nios2-elf/4.9.1\libgcc.a(muldf3.o)
 .data          0x00000000000134e4        0x0 e:/altera/15.0/nios2eds/bin/gnu/h-x86_64-mingw32/bin/../lib/gcc/nios2-elf/4.9.1\libgcc.a(subdf3.o)
 .data          0x00000000000134e4        0x0 e:/altera/15.0/nios2eds/bin/gnu/h-x86_64-mingw32/bin/../lib/gcc/nios2-elf/4.9.1\libgcc.a(fixdfsi.o)
 .data          0x00000000000134e4        0x0 e:/altera/15.0/nios2eds/bin/gnu/h-x86_64-mingw32/bin/../lib/gcc/nios2-elf/4.9.1\libgcc.a(floatsidf.o)
 .data          0x00000000000134e4        0x0 e:/altera/15.0/nios2eds/bin/gnu/h-x86_64-mingw32/bin/../lib/gcc/nios2-elf/4.9.1\libgcc.a(floatunsidf.o)
 .data          0x00000000000134e4        0x0 e:/altera/15.0/nios2eds/bin/gnu/h-x86_64-mingw32/bin/../lib/gcc/nios2-elf/4.9.1\libgcc.a(extendsfdf2.o)
 .data          0x00000000000134e4        0x0 e:/altera/15.0/nios2eds/bin/gnu/h-x86_64-mingw32/bin/../lib/gcc/nios2-elf/4.9.1\libgcc.a(_clzsi2.o)
 .data          0x00000000000134e4        0x0 e:/altera/15.0/nios2eds/bin/gnu/h-x86_64-mingw32/bin/../lib/gcc/nios2-elf/4.9.1\libgcc.a(_clz.o)
 .data          0x00000000000134e4        0x0 e:/altera/15.0/nios2eds/bin/gnu/h-x86_64-mingw32/bin/../lib/gcc/nios2-elf/4.9.1/../../../../../H-x86_64-mingw32/nios2-elf/lib\libc.a(lib_a-abs.o)
 .data          0x00000000000134e4        0x0 e:/altera/15.0/nios2eds/bin/gnu/h-x86_64-mingw32/bin/../lib/gcc/nios2-elf/4.9.1/../../../../../H-x86_64-mingw32/nios2-elf/lib\libc.a(lib_a-errno.o)
 .data          0x00000000000134e4      0x424 e:/altera/15.0/nios2eds/bin/gnu/h-x86_64-mingw32/bin/../lib/gcc/nios2-elf/4.9.1/../../../../../H-x86_64-mingw32/nios2-elf/lib\libc.a(lib_a-impure.o)
 .data          0x0000000000013908        0x0 e:/altera/15.0/nios2eds/bin/gnu/h-x86_64-mingw32/bin/../lib/gcc/nios2-elf/4.9.1/../../../../../H-x86_64-mingw32/nios2-elf/lib\libc.a(lib_a-printf.o)
 .data          0x0000000000013908        0x0 e:/altera/15.0/nios2eds/bin/gnu/h-x86_64-mingw32/bin/../lib/gcc/nios2-elf/4.9.1/../../../../../H-x86_64-mingw32/nios2-elf/lib\libc.a(lib_a-puts.o)
 .data          0x0000000000013908        0x0 e:/altera/15.0/nios2eds/bin/gnu/h-x86_64-mingw32/bin/../lib/gcc/nios2-elf/4.9.1/../../../../../H-x86_64-mingw32/nios2-elf/lib\libc.a(lib_a-strlen.o)
 .data          0x0000000000013908        0x0 e:/altera/15.0/nios2eds/bin/gnu/h-x86_64-mingw32/bin/../lib/gcc/nios2-elf/4.9.1/../../../../../H-x86_64-mingw32/nios2-elf/lib\libc.a(lib_a-vfprintf.o)
 .data          0x0000000000013908        0x0 e:/altera/15.0/nios2eds/bin/gnu/h-x86_64-mingw32/bin/../lib/gcc/nios2-elf/4.9.1/../../../../../H-x86_64-mingw32/nios2-elf/lib\libc.a(lib_a-wsetup.o)
 .data          0x0000000000013908        0x0 e:/altera/15.0/nios2eds/bin/gnu/h-x86_64-mingw32/bin/../lib/gcc/nios2-elf/4.9.1/../../../../../H-x86_64-mingw32/nios2-elf/lib\libc.a(lib_a-dtoa.o)
 .data          0x0000000000013908        0x0 e:/altera/15.0/nios2eds/bin/gnu/h-x86_64-mingw32/bin/../lib/gcc/nios2-elf/4.9.1/../../../../../H-x86_64-mingw32/nios2-elf/lib\libc.a(lib_a-fflush.o)
 .data          0x0000000000013908        0x0 e:/altera/15.0/nios2eds/bin/gnu/h-x86_64-mingw32/bin/../lib/gcc/nios2-elf/4.9.1/../../../../../H-x86_64-mingw32/nios2-elf/lib\libc.a(lib_a-findfp.o)
 .data          0x0000000000013908        0x0 e:/altera/15.0/nios2eds/bin/gnu/h-x86_64-mingw32/bin/../lib/gcc/nios2-elf/4.9.1/../../../../../H-x86_64-mingw32/nios2-elf/lib\libc.a(lib_a-freer.o)
 .data          0x0000000000013908        0x0 e:/altera/15.0/nios2eds/bin/gnu/h-x86_64-mingw32/bin/../lib/gcc/nios2-elf/4.9.1/../../../../../H-x86_64-mingw32/nios2-elf/lib\libc.a(lib_a-fvwrite.o)
 .data          0x0000000000013908        0x0 e:/altera/15.0/nios2eds/bin/gnu/h-x86_64-mingw32/bin/../lib/gcc/nios2-elf/4.9.1/../../../../../H-x86_64-mingw32/nios2-elf/lib\libc.a(lib_a-fwalk.o)
 .data          0x0000000000013908       0x78 e:/altera/15.0/nios2eds/bin/gnu/h-x86_64-mingw32/bin/../lib/gcc/nios2-elf/4.9.1/../../../../../H-x86_64-mingw32/nios2-elf/lib\libc.a(lib_a-locale.o)
 .data          0x0000000000013980        0x0 e:/altera/15.0/nios2eds/bin/gnu/h-x86_64-mingw32/bin/../lib/gcc/nios2-elf/4.9.1/../../../../../H-x86_64-mingw32/nios2-elf/lib\libc.a(lib_a-makebuf.o)
 .data          0x0000000000013980      0x408 e:/altera/15.0/nios2eds/bin/gnu/h-x86_64-mingw32/bin/../lib/gcc/nios2-elf/4.9.1/../../../../../H-x86_64-mingw32/nios2-elf/lib\libc.a(lib_a-mallocr.o)
                0x0000000000013980                __malloc_av_
 .data          0x0000000000013d88        0x0 e:/altera/15.0/nios2eds/bin/gnu/h-x86_64-mingw32/bin/../lib/gcc/nios2-elf/4.9.1/../../../../../H-x86_64-mingw32/nios2-elf/lib\libc.a(lib_a-memchr.o)
 .data          0x0000000000013d88        0x0 e:/altera/15.0/nios2eds/bin/gnu/h-x86_64-mingw32/bin/../lib/gcc/nios2-elf/4.9.1/../../../../../H-x86_64-mingw32/nios2-elf/lib\libc.a(lib_a-memcpy.o)
 .data          0x0000000000013d88        0x0 e:/altera/15.0/nios2eds/bin/gnu/h-x86_64-mingw32/bin/../lib/gcc/nios2-elf/4.9.1/../../../../../H-x86_64-mingw32/nios2-elf/lib\libc.a(lib_a-memmove.o)
 .data          0x0000000000013d88        0x0 e:/altera/15.0/nios2eds/bin/gnu/h-x86_64-mingw32/bin/../lib/gcc/nios2-elf/4.9.1/../../../../../H-x86_64-mingw32/nios2-elf/lib\libc.a(lib_a-memset.o)
 .data          0x0000000000013d88        0x0 e:/altera/15.0/nios2eds/bin/gnu/h-x86_64-mingw32/bin/../lib/gcc/nios2-elf/4.9.1/../../../../../H-x86_64-mingw32/nios2-elf/lib\libc.a(lib_a-mprec.o)
 .data          0x0000000000013d88        0x0 e:/altera/15.0/nios2eds/bin/gnu/h-x86_64-mingw32/bin/../lib/gcc/nios2-elf/4.9.1/../../../../../H-x86_64-mingw32/nios2-elf/lib\libc.a(lib_a-reallocr.o)
 .data          0x0000000000013d88        0x0 e:/altera/15.0/nios2eds/bin/gnu/h-x86_64-mingw32/bin/../lib/gcc/nios2-elf/4.9.1/../../../../../H-x86_64-mingw32/nios2-elf/lib\libc.a(lib_a-sbrkr.o)
 .data          0x0000000000013d88        0x0 e:/altera/15.0/nios2eds/bin/gnu/h-x86_64-mingw32/bin/../lib/gcc/nios2-elf/4.9.1/../../../../../H-x86_64-mingw32/nios2-elf/lib\libc.a(lib_a-stdio.o)
 .data          0x0000000000013d88        0x0 e:/altera/15.0/nios2eds/bin/gnu/h-x86_64-mingw32/bin/../lib/gcc/nios2-elf/4.9.1/../../../../../H-x86_64-mingw32/nios2-elf/lib\libc.a(lib_a-strcmp.o)
 .data          0x0000000000013d88        0x0 e:/altera/15.0/nios2eds/bin/gnu/h-x86_64-mingw32/bin/../lib/gcc/nios2-elf/4.9.1/../../../../../H-x86_64-mingw32/nios2-elf/lib\libc.a(lib_a-vfiprintf.o)
 .data          0x0000000000013d88        0x0 e:/altera/15.0/nios2eds/bin/gnu/h-x86_64-mingw32/bin/../lib/gcc/nios2-elf/4.9.1/../../../../../H-x86_64-mingw32/nios2-elf/lib\libc.a(lib_a-writer.o)
 .data          0x0000000000013d88        0x0 e:/altera/15.0/nios2eds/bin/gnu/h-x86_64-mingw32/bin/../lib/gcc/nios2-elf/4.9.1/../../../../../H-x86_64-mingw32/nios2-elf/lib\libc.a(closer.o)
 .data          0x0000000000013d88        0x0 e:/altera/15.0/nios2eds/bin/gnu/h-x86_64-mingw32/bin/../lib/gcc/nios2-elf/4.9.1/../../../../../H-x86_64-mingw32/nios2-elf/lib\libc.a(lib_a-callocr.o)
 .data          0x0000000000013d88        0x0 e:/altera/15.0/nios2eds/bin/gnu/h-x86_64-mingw32/bin/../lib/gcc/nios2-elf/4.9.1/../../../../../H-x86_64-mingw32/nios2-elf/lib\libc.a(lib_a-fclose.o)
 .data          0x0000000000013d88        0x0 e:/altera/15.0/nios2eds/bin/gnu/h-x86_64-mingw32/bin/../lib/gcc/nios2-elf/4.9.1/../../../../../H-x86_64-mingw32/nios2-elf/lib\libc.a(lib_a-fputwc.o)
 .data          0x0000000000013d88        0x0 e:/altera/15.0/nios2eds/bin/gnu/h-x86_64-mingw32/bin/../lib/gcc/nios2-elf/4.9.1/../../../../../H-x86_64-mingw32/nios2-elf/lib\libc.a(lib_a-fstatr.o)
 .data          0x0000000000013d88        0x0 e:/altera/15.0/nios2eds/bin/gnu/h-x86_64-mingw32/bin/../lib/gcc/nios2-elf/4.9.1/../../../../../H-x86_64-mingw32/nios2-elf/lib\libc.a(lib_a-int_errno.o)
 .data          0x0000000000013d88        0x0 e:/altera/15.0/nios2eds/bin/gnu/h-x86_64-mingw32/bin/../lib/gcc/nios2-elf/4.9.1/../../../../../H-x86_64-mingw32/nios2-elf/lib\libc.a(lib_a-isattyr.o)
 .data          0x0000000000013d88        0x0 e:/altera/15.0/nios2eds/bin/gnu/h-x86_64-mingw32/bin/../lib/gcc/nios2-elf/4.9.1/../../../../../H-x86_64-mingw32/nios2-elf/lib\libc.a(lib_a-lseekr.o)
 .data          0x0000000000013d88        0x0 e:/altera/15.0/nios2eds/bin/gnu/h-x86_64-mingw32/bin/../lib/gcc/nios2-elf/4.9.1/../../../../../H-x86_64-mingw32/nios2-elf/lib\libc.a(lib_a-readr.o)
 .data          0x0000000000013d88        0x0 e:/altera/15.0/nios2eds/bin/gnu/h-x86_64-mingw32/bin/../lib/gcc/nios2-elf/4.9.1/../../../../../H-x86_64-mingw32/nios2-elf/lib\libc.a(lib_a-wbuf.o)
 .data          0x0000000000013d88        0x0 e:/altera/15.0/nios2eds/bin/gnu/h-x86_64-mingw32/bin/../lib/gcc/nios2-elf/4.9.1/../../../../../H-x86_64-mingw32/nios2-elf/lib\libc.a(lib_a-wcrtomb.o)
 .data          0x0000000000013d88        0x0 e:/altera/15.0/nios2eds/bin/gnu/h-x86_64-mingw32/bin/../lib/gcc/nios2-elf/4.9.1/../../../../../H-x86_64-mingw32/nios2-elf/lib\libc.a(lib_a-wctomb_r.o)
 .data          0x0000000000013d88        0x0 e:/altera/15.0/nios2eds/bin/gnu/h-x86_64-mingw32/bin/../lib/gcc/nios2-elf/4.9.1\libgcc.a(_udivdi3.o)
 .data          0x0000000000013d88        0x0 e:/altera/15.0/nios2eds/bin/gnu/h-x86_64-mingw32/bin/../lib/gcc/nios2-elf/4.9.1\libgcc.a(_umoddi3.o)
 .data          0x0000000000013d88        0x0 e:/altera/15.0/nios2eds/bin/gnu/h-x86_64-mingw32/bin/../lib/gcc/nios2-elf/4.9.1\libgcc.a(eqdf2.o)
 .data          0x0000000000013d88        0x0 ../touch_intr_test3_bsp/\libhal_bsp.a(alt_close.o)
 .data          0x0000000000013d88      0x1a8 ../touch_intr_test3_bsp/\libhal_bsp.a(alt_dev.o)
                0x0000000000013d88                alt_dev_null
                0x0000000000013db0                alt_fd_list
 .data          0x0000000000013f30        0x0 ../touch_intr_test3_bsp/\libhal_bsp.a(alt_errno.o)
 .data          0x0000000000013f30        0x0 ../touch_intr_test3_bsp/\libhal_bsp.a(alt_fstat.o)
 .data          0x0000000000013f30        0x0 ../touch_intr_test3_bsp/\libhal_bsp.a(alt_iic.o)
 .data          0x0000000000013f30        0x0 ../touch_intr_test3_bsp/\libhal_bsp.a(alt_iic_isr_register.o)
 .data          0x0000000000013f30        0x0 ../touch_intr_test3_bsp/\libhal_bsp.a(alt_irq_entry.o)
 .data          0x0000000000013f30        0x0 ../touch_intr_test3_bsp/\libhal_bsp.a(alt_irq_handler.o)
 .data          0x0000000000013f30        0x0 ../touch_intr_test3_bsp/\libhal_bsp.a(alt_irq_vars.o)
 .data          0x0000000000013f30        0x0 ../touch_intr_test3_bsp/\libhal_bsp.a(alt_isatty.o)
 .data          0x0000000000013f30        0x0 ../touch_intr_test3_bsp/\libhal_bsp.a(alt_load.o)
 .data          0x0000000000013f30        0x0 ../touch_intr_test3_bsp/\libhal_bsp.a(alt_lseek.o)
 .data          0x0000000000013f30        0x0 ../touch_intr_test3_bsp/\libhal_bsp.a(alt_main.o)
 .data          0x0000000000013f30        0x0 ../touch_intr_test3_bsp/\libhal_bsp.a(alt_malloc_lock.o)
 .data          0x0000000000013f30        0x0 ../touch_intr_test3_bsp/\libhal_bsp.a(alt_read.o)
 .data          0x0000000000013f30        0x0 ../touch_intr_test3_bsp/\libhal_bsp.a(alt_release_fd.o)
 .data          0x0000000000013f30        0x0 ../touch_intr_test3_bsp/\libhal_bsp.a(alt_sbrk.o)
 .data          0x0000000000013f30        0x0 ../touch_intr_test3_bsp/\libhal_bsp.a(alt_usleep.o)
 .data          0x0000000000013f30        0x0 ../touch_intr_test3_bsp/\libhal_bsp.a(alt_write.o)
 .data          0x0000000000013f30     0x108c ../touch_intr_test3_bsp/\libhal_bsp.a(alt_sys_init.o)
 .data          0x0000000000014fbc        0x0 ../touch_intr_test3_bsp/\libhal_bsp.a(altera_avalon_jtag_uart_fd.o)
 .data          0x0000000000014fbc        0x0 ../touch_intr_test3_bsp/\libhal_bsp.a(altera_avalon_jtag_uart_init.o)
 .data          0x0000000000014fbc        0x0 ../touch_intr_test3_bsp/\libhal_bsp.a(altera_avalon_jtag_uart_ioctl.o)
 .data          0x0000000000014fbc        0x0 ../touch_intr_test3_bsp/\libhal_bsp.a(altera_avalon_jtag_uart_read.o)
 .data          0x0000000000014fbc        0x0 ../touch_intr_test3_bsp/\libhal_bsp.a(altera_avalon_jtag_uart_write.o)
 .data          0x0000000000014fbc        0x0 ../touch_intr_test3_bsp/\libhal_bsp.a(altera_avalon_timer_sc.o)
 .data          0x0000000000014fbc        0x0 ../touch_intr_test3_bsp/\libhal_bsp.a(alt_alarm_start.o)
 .data          0x0000000000014fbc        0x0 ../touch_intr_test3_bsp/\libhal_bsp.a(alt_busy_sleep.o)
 .data          0x0000000000014fbc        0x0 ../touch_intr_test3_bsp/\libhal_bsp.a(alt_dcache_flush_all.o)
 .data          0x0000000000014fbc        0x0 ../touch_intr_test3_bsp/\libhal_bsp.a(alt_dev_llist_insert.o)
 .data          0x0000000000014fbc        0x0 ../touch_intr_test3_bsp/\libhal_bsp.a(alt_do_ctors.o)
 .data          0x0000000000014fbc        0x0 ../touch_intr_test3_bsp/\libhal_bsp.a(alt_do_dtors.o)
 .data          0x0000000000014fbc        0x0 ../touch_intr_test3_bsp/\libhal_bsp.a(alt_exception_entry.o)
 .data          0x0000000000014fbc        0x0 ../touch_intr_test3_bsp/\libhal_bsp.a(alt_icache_flush_all.o)
 .data          0x0000000000014fbc        0x0 ../touch_intr_test3_bsp/\libhal_bsp.a(alt_instruction_exception_entry.o)
 .data          0x0000000000014fbc        0x0 ../touch_intr_test3_bsp/\libhal_bsp.a(alt_io_redirect.o)
 .data          0x0000000000014fbc        0x0 ../touch_intr_test3_bsp/\libhal_bsp.a(alt_open.o)
 .data          0x0000000000014fbc        0x0 ../touch_intr_test3_bsp/\libhal_bsp.a(alt_tick.o)
 .data          0x0000000000014fbc        0x0 ../touch_intr_test3_bsp/\libhal_bsp.a(altera_nios2_gen2_irq.o)
 .data          0x0000000000014fbc        0x0 ../touch_intr_test3_bsp/\libhal_bsp.a(alt_find_dev.o)
 .data          0x0000000000014fbc        0x0 ../touch_intr_test3_bsp/\libhal_bsp.a(alt_find_file.o)
 .data          0x0000000000014fbc        0x0 ../touch_intr_test3_bsp/\libhal_bsp.a(alt_get_fd.o)
 .data          0x0000000000014fbc        0x0 ../touch_intr_test3_bsp/\libhal_bsp.a(alt_icache_flush.o)
 .data          0x0000000000014fbc        0x0 e:/altera/15.0/nios2eds/bin/gnu/h-x86_64-mingw32/bin/../lib/gcc/nios2-elf/4.9.1/../../../../../H-x86_64-mingw32/nios2-elf/lib\libc.a(lib_a-atexit.o)
 .data          0x0000000000014fbc        0x0 e:/altera/15.0/nios2eds/bin/gnu/h-x86_64-mingw32/bin/../lib/gcc/nios2-elf/4.9.1/../../../../../H-x86_64-mingw32/nios2-elf/lib\libc.a(lib_a-exit.o)
 .data          0x0000000000014fbc        0x0 e:/altera/15.0/nios2eds/bin/gnu/h-x86_64-mingw32/bin/../lib/gcc/nios2-elf/4.9.1/../../../../../H-x86_64-mingw32/nios2-elf/lib\libc.a(lib_a-memcmp.o)
 .data          0x0000000000014fbc        0x0 e:/altera/15.0/nios2eds/bin/gnu/h-x86_64-mingw32/bin/../lib/gcc/nios2-elf/4.9.1/../../../../../H-x86_64-mingw32/nios2-elf/lib\libc.a(lib_a-__atexit.o)
 .data          0x0000000000014fbc        0x0 e:/altera/15.0/nios2eds/bin/gnu/h-x86_64-mingw32/bin/../lib/gcc/nios2-elf/4.9.1/../../../../../H-x86_64-mingw32/nios2-elf/lib\libc.a(lib_a-__call_atexit.o)
 .data          0x0000000000014fbc        0x0 ../touch_intr_test3_bsp/\libhal_bsp.a(alt_exit.o)
                0x000000000001cfbc                _gp = ABSOLUTE ((. + 0x8000))
                0x000000000001cfbc                PROVIDE (gp, _gp)
 *(.rwdata .rwdata.*)
 *(.sdata .sdata.* .gnu.linkonce.s.*)
 .sdata         0x0000000000014fbc        0x2 obj/default/lcd.o
                0x0000000000014fbc                BACK_COLOR
 *fill*         0x0000000000014fbe        0x2 
 .sdata         0x0000000000014fc0        0xc obj/default/touch.o
                0x0000000000014fc0                CMD_RDX
                0x0000000000014fc1                CMD_RDY
                0x0000000000014fc4                add
                0x0000000000014fc8                TP_REMIND_MSG_TBL
 .sdata         0x0000000000014fcc        0x4 e:/altera/15.0/nios2eds/bin/gnu/h-x86_64-mingw32/bin/../lib/gcc/nios2-elf/4.9.1/../../../../../H-x86_64-mingw32/nios2-elf/lib\libm.a(lib_a-s_lib_ver.o)
                0x0000000000014fcc                __fdlib_version
 .sdata         0x0000000000014fd0        0x8 e:/altera/15.0/nios2eds/bin/gnu/h-x86_64-mingw32/bin/../lib/gcc/nios2-elf/4.9.1/../../../../../H-x86_64-mingw32/nios2-elf/lib\libc.a(lib_a-impure.o)
                0x0000000000014fd0                _global_impure_ptr
                0x0000000000014fd4                _impure_ptr
 .sdata         0x0000000000014fd8        0x4 e:/altera/15.0/nios2eds/bin/gnu/h-x86_64-mingw32/bin/../lib/gcc/nios2-elf/4.9.1/../../../../../H-x86_64-mingw32/nios2-elf/lib\libc.a(lib_a-locale.o)
                0x0000000000014fd8                __mb_cur_max
 .sdata         0x0000000000014fdc        0x8 e:/altera/15.0/nios2eds/bin/gnu/h-x86_64-mingw32/bin/../lib/gcc/nios2-elf/4.9.1/../../../../../H-x86_64-mingw32/nios2-elf/lib\libc.a(lib_a-mallocr.o)
                0x0000000000014fdc                __malloc_sbrk_base
                0x0000000000014fe0                __malloc_trim_threshold
 .sdata         0x0000000000014fe4        0x4 e:/altera/15.0/nios2eds/bin/gnu/h-x86_64-mingw32/bin/../lib/gcc/nios2-elf/4.9.1/../../../../../H-x86_64-mingw32/nios2-elf/lib\libc.a(lib_a-wctomb_r.o)
                0x0000000000014fe4                __wctomb
 .sdata         0x0000000000014fe8       0x14 ../touch_intr_test3_bsp/\libhal_bsp.a(alt_dev.o)
                0x0000000000014fe8                alt_fs_list
                0x0000000000014ff0                alt_dev_list
                0x0000000000014ff8                alt_max_fd
 .sdata         0x0000000000014ffc        0x4 ../touch_intr_test3_bsp/\libhal_bsp.a(alt_errno.o)
                0x0000000000014ffc                alt_errno
 .sdata         0x0000000000015000        0x4 ../touch_intr_test3_bsp/\libhal_bsp.a(alt_irq_vars.o)
                0x0000000000015000                alt_priority_mask
 .sdata         0x0000000000015004        0x4 ../touch_intr_test3_bsp/\libhal_bsp.a(alt_sbrk.o)
 .sdata         0x0000000000015008        0x8 ../touch_intr_test3_bsp/\libhal_bsp.a(alt_tick.o)
                0x0000000000015008                alt_alarm_list
 *(.sdata2 .sdata2.* .gnu.linkonce.s2.*)
                0x0000000000015010                . = ALIGN (0x4)
                0x0000000000015010                _edata = ABSOLUTE (.)
                0x0000000000015010                PROVIDE (edata, ABSOLUTE (.))
                0x0000000000015010                PROVIDE (__ram_rwdata_end, ABSOLUTE (.))
                0x0000000000015010                PROVIDE (__flash_rwdata_start, LOADADDR (.rwdata))

.bss            0x0000000000016b70      0x190
                0x0000000000016b70                __bss_start = ABSOLUTE (.)
                0x0000000000016b70                PROVIDE (__sbss_start, ABSOLUTE (.))
                0x0000000000016b70                PROVIDE (___sbss_start, ABSOLUTE (.))
 *(.dynsbss)
 *(.sbss .sbss.* .gnu.linkonce.sb.*)
 .sbss          0x0000000000016b70        0x2 obj/default/lcd.o
                0x0000000000016b70                POINT_COLOR
 *fill*         0x0000000000016b72        0x2 
 .sbss          0x0000000000016b74       0x10 obj/default/touch.o
                0x0000000000016b74                edge_capture
                0x0000000000016b78                touchPosInst
                0x0000000000016b80                intnirq_isr_context
 .sbss          0x0000000000016b84        0xc e:/altera/15.0/nios2eds/bin/gnu/h-x86_64-mingw32/bin/../lib/gcc/nios2-elf/4.9.1/../../../../../H-x86_64-mingw32/nios2-elf/lib\libc.a(lib_a-locale.o)
                0x0000000000016b84                _PathLocale
                0x0000000000016b88                __mlocale_changed
                0x0000000000016b8c                __nlocale_changed
 .sbss          0x0000000000016b90        0xc e:/altera/15.0/nios2eds/bin/gnu/h-x86_64-mingw32/bin/../lib/gcc/nios2-elf/4.9.1/../../../../../H-x86_64-mingw32/nios2-elf/lib\libc.a(lib_a-mallocr.o)
                0x0000000000016b90                __malloc_max_total_mem
                0x0000000000016b94                __malloc_max_sbrked_mem
                0x0000000000016b98                __malloc_top_pad
 .sbss          0x0000000000016b9c        0x4 e:/altera/15.0/nios2eds/bin/gnu/h-x86_64-mingw32/bin/../lib/gcc/nios2-elf/4.9.1/../../../../../H-x86_64-mingw32/nios2-elf/lib\libc.a(lib_a-int_errno.o)
                0x0000000000016b9c                errno
 .sbss          0x0000000000016ba0        0x4 ../touch_intr_test3_bsp/\libhal_bsp.a(alt_irq_vars.o)
                0x0000000000016ba0                alt_irq_active
 .sbss          0x0000000000016ba4        0xc ../touch_intr_test3_bsp/\libhal_bsp.a(alt_main.o)
                0x0000000000016ba4                alt_argc
                0x0000000000016ba8                alt_argv
                0x0000000000016bac                alt_envp
 .sbss          0x0000000000016bb0        0x4 ../touch_intr_test3_bsp/\libhal_bsp.a(alt_instruction_exception_entry.o)
                0x0000000000016bb0                alt_instruction_exception_handler
 .sbss          0x0000000000016bb4        0x8 ../touch_intr_test3_bsp/\libhal_bsp.a(alt_tick.o)
                0x0000000000016bb4                _alt_tick_rate
                0x0000000000016bb8                _alt_nticks
 *(.sbss2 .sbss2.* .gnu.linkonce.sb2.*)
 *(.scommon)
                0x0000000000016bbc                PROVIDE (__sbss_end, ABSOLUTE (.))
                0x0000000000016bbc                PROVIDE (___sbss_end, ABSOLUTE (.))
 *(.dynbss)
 *(.bss .bss.* .gnu.linkonce.b.*)
 .bss           0x0000000000016bbc        0x0 ../touch_intr_test3_bsp//obj/HAL/src/crt0.o
 .bss           0x0000000000016bbc        0x0 obj/default/lcd.o
 .bss           0x0000000000016bbc        0x0 obj/default/main.o
 .bss           0x0000000000016bbc        0x0 obj/default/touch.o
 .bss           0x0000000000016bbc        0x0 e:/altera/15.0/nios2eds/bin/gnu/h-x86_64-mingw32/bin/../lib/gcc/nios2-elf/4.9.1/../../../../../H-x86_64-mingw32/nios2-elf/lib\libm.a(lib_a-w_sqrt.o)
 .bss           0x0000000000016bbc        0x0 e:/altera/15.0/nios2eds/bin/gnu/h-x86_64-mingw32/bin/../lib/gcc/nios2-elf/4.9.1/../../../../../H-x86_64-mingw32/nios2-elf/lib\libm.a(lib_a-e_sqrt.o)
 .bss           0x0000000000016bbc        0x0 e:/altera/15.0/nios2eds/bin/gnu/h-x86_64-mingw32/bin/../lib/gcc/nios2-elf/4.9.1/../../../../../H-x86_64-mingw32/nios2-elf/lib\libm.a(lib_a-s_fpclassify.o)
 .bss           0x0000000000016bbc        0x0 e:/altera/15.0/nios2eds/bin/gnu/h-x86_64-mingw32/bin/../lib/gcc/nios2-elf/4.9.1/../../../../../H-x86_64-mingw32/nios2-elf/lib\libm.a(lib_a-s_lib_ver.o)
 .bss           0x0000000000016bbc        0x0 e:/altera/15.0/nios2eds/bin/gnu/h-x86_64-mingw32/bin/../lib/gcc/nios2-elf/4.9.1/../../../../../H-x86_64-mingw32/nios2-elf/lib\libm.a(lib_a-s_matherr.o)
 .bss           0x0000000000016bbc        0x0 e:/altera/15.0/nios2eds/bin/gnu/h-x86_64-mingw32/bin/../lib/gcc/nios2-elf/4.9.1\libgcc.a(_fixunssfsi.o)
 .bss           0x0000000000016bbc        0x0 e:/altera/15.0/nios2eds/bin/gnu/h-x86_64-mingw32/bin/../lib/gcc/nios2-elf/4.9.1\libgcc.a(_fixunsdfsi.o)
 .bss           0x0000000000016bbc        0x0 e:/altera/15.0/nios2eds/bin/gnu/h-x86_64-mingw32/bin/../lib/gcc/nios2-elf/4.9.1\libgcc.a(lib2-divmod.o)
 .bss           0x0000000000016bbc        0x0 e:/altera/15.0/nios2eds/bin/gnu/h-x86_64-mingw32/bin/../lib/gcc/nios2-elf/4.9.1\libgcc.a(addsf3.o)
 .bss           0x0000000000016bbc        0x0 e:/altera/15.0/nios2eds/bin/gnu/h-x86_64-mingw32/bin/../lib/gcc/nios2-elf/4.9.1\libgcc.a(divsf3.o)
 .bss           0x0000000000016bbc        0x0 e:/altera/15.0/nios2eds/bin/gnu/h-x86_64-mingw32/bin/../lib/gcc/nios2-elf/4.9.1\libgcc.a(gesf2.o)
 .bss           0x0000000000016bbc        0x0 e:/altera/15.0/nios2eds/bin/gnu/h-x86_64-mingw32/bin/../lib/gcc/nios2-elf/4.9.1\libgcc.a(mulsf3.o)
 .bss           0x0000000000016bbc        0x0 e:/altera/15.0/nios2eds/bin/gnu/h-x86_64-mingw32/bin/../lib/gcc/nios2-elf/4.9.1\libgcc.a(subsf3.o)
 .bss           0x0000000000016bbc        0x0 e:/altera/15.0/nios2eds/bin/gnu/h-x86_64-mingw32/bin/../lib/gcc/nios2-elf/4.9.1\libgcc.a(fixsfsi.o)
 .bss           0x0000000000016bbc        0x0 e:/altera/15.0/nios2eds/bin/gnu/h-x86_64-mingw32/bin/../lib/gcc/nios2-elf/4.9.1\libgcc.a(floatsisf.o)
 .bss           0x0000000000016bbc        0x0 e:/altera/15.0/nios2eds/bin/gnu/h-x86_64-mingw32/bin/../lib/gcc/nios2-elf/4.9.1\libgcc.a(floatunsisf.o)
 .bss           0x0000000000016bbc        0x0 e:/altera/15.0/nios2eds/bin/gnu/h-x86_64-mingw32/bin/../lib/gcc/nios2-elf/4.9.1\libgcc.a(adddf3.o)
 .bss           0x0000000000016bbc        0x0 e:/altera/15.0/nios2eds/bin/gnu/h-x86_64-mingw32/bin/../lib/gcc/nios2-elf/4.9.1\libgcc.a(divdf3.o)
 .bss           0x0000000000016bbc        0x0 e:/altera/15.0/nios2eds/bin/gnu/h-x86_64-mingw32/bin/../lib/gcc/nios2-elf/4.9.1\libgcc.a(gedf2.o)
 .bss           0x0000000000016bbc        0x0 e:/altera/15.0/nios2eds/bin/gnu/h-x86_64-mingw32/bin/../lib/gcc/nios2-elf/4.9.1\libgcc.a(ledf2.o)
 .bss           0x0000000000016bbc        0x0 e:/altera/15.0/nios2eds/bin/gnu/h-x86_64-mingw32/bin/../lib/gcc/nios2-elf/4.9.1\libgcc.a(muldf3.o)
 .bss           0x0000000000016bbc        0x0 e:/altera/15.0/nios2eds/bin/gnu/h-x86_64-mingw32/bin/../lib/gcc/nios2-elf/4.9.1\libgcc.a(subdf3.o)
 .bss           0x0000000000016bbc        0x0 e:/altera/15.0/nios2eds/bin/gnu/h-x86_64-mingw32/bin/../lib/gcc/nios2-elf/4.9.1\libgcc.a(fixdfsi.o)
 .bss           0x0000000000016bbc        0x0 e:/altera/15.0/nios2eds/bin/gnu/h-x86_64-mingw32/bin/../lib/gcc/nios2-elf/4.9.1\libgcc.a(floatsidf.o)
 .bss           0x0000000000016bbc        0x0 e:/altera/15.0/nios2eds/bin/gnu/h-x86_64-mingw32/bin/../lib/gcc/nios2-elf/4.9.1\libgcc.a(floatunsidf.o)
 .bss           0x0000000000016bbc        0x0 e:/altera/15.0/nios2eds/bin/gnu/h-x86_64-mingw32/bin/../lib/gcc/nios2-elf/4.9.1\libgcc.a(extendsfdf2.o)
 .bss           0x0000000000016bbc        0x0 e:/altera/15.0/nios2eds/bin/gnu/h-x86_64-mingw32/bin/../lib/gcc/nios2-elf/4.9.1\libgcc.a(_clzsi2.o)
 .bss           0x0000000000016bbc        0x0 e:/altera/15.0/nios2eds/bin/gnu/h-x86_64-mingw32/bin/../lib/gcc/nios2-elf/4.9.1\libgcc.a(_clz.o)
 .bss           0x0000000000016bbc        0x0 e:/altera/15.0/nios2eds/bin/gnu/h-x86_64-mingw32/bin/../lib/gcc/nios2-elf/4.9.1/../../../../../H-x86_64-mingw32/nios2-elf/lib\libc.a(lib_a-abs.o)
 .bss           0x0000000000016bbc        0x0 e:/altera/15.0/nios2eds/bin/gnu/h-x86_64-mingw32/bin/../lib/gcc/nios2-elf/4.9.1/../../../../../H-x86_64-mingw32/nios2-elf/lib\libc.a(lib_a-errno.o)
 .bss           0x0000000000016bbc        0x0 e:/altera/15.0/nios2eds/bin/gnu/h-x86_64-mingw32/bin/../lib/gcc/nios2-elf/4.9.1/../../../../../H-x86_64-mingw32/nios2-elf/lib\libc.a(lib_a-impure.o)
 .bss           0x0000000000016bbc        0x0 e:/altera/15.0/nios2eds/bin/gnu/h-x86_64-mingw32/bin/../lib/gcc/nios2-elf/4.9.1/../../../../../H-x86_64-mingw32/nios2-elf/lib\libc.a(lib_a-printf.o)
 .bss           0x0000000000016bbc        0x0 e:/altera/15.0/nios2eds/bin/gnu/h-x86_64-mingw32/bin/../lib/gcc/nios2-elf/4.9.1/../../../../../H-x86_64-mingw32/nios2-elf/lib\libc.a(lib_a-puts.o)
 .bss           0x0000000000016bbc        0x0 e:/altera/15.0/nios2eds/bin/gnu/h-x86_64-mingw32/bin/../lib/gcc/nios2-elf/4.9.1/../../../../../H-x86_64-mingw32/nios2-elf/lib\libc.a(lib_a-strlen.o)
 .bss           0x0000000000016bbc        0x0 e:/altera/15.0/nios2eds/bin/gnu/h-x86_64-mingw32/bin/../lib/gcc/nios2-elf/4.9.1/../../../../../H-x86_64-mingw32/nios2-elf/lib\libc.a(lib_a-vfprintf.o)
 .bss           0x0000000000016bbc        0x0 e:/altera/15.0/nios2eds/bin/gnu/h-x86_64-mingw32/bin/../lib/gcc/nios2-elf/4.9.1/../../../../../H-x86_64-mingw32/nios2-elf/lib\libc.a(lib_a-wsetup.o)
 .bss           0x0000000000016bbc        0x0 e:/altera/15.0/nios2eds/bin/gnu/h-x86_64-mingw32/bin/../lib/gcc/nios2-elf/4.9.1/../../../../../H-x86_64-mingw32/nios2-elf/lib\libc.a(lib_a-dtoa.o)
 .bss           0x0000000000016bbc        0x0 e:/altera/15.0/nios2eds/bin/gnu/h-x86_64-mingw32/bin/../lib/gcc/nios2-elf/4.9.1/../../../../../H-x86_64-mingw32/nios2-elf/lib\libc.a(lib_a-fflush.o)
 .bss           0x0000000000016bbc        0x0 e:/altera/15.0/nios2eds/bin/gnu/h-x86_64-mingw32/bin/../lib/gcc/nios2-elf/4.9.1/../../../../../H-x86_64-mingw32/nios2-elf/lib\libc.a(lib_a-findfp.o)
 .bss           0x0000000000016bbc        0x0 e:/altera/15.0/nios2eds/bin/gnu/h-x86_64-mingw32/bin/../lib/gcc/nios2-elf/4.9.1/../../../../../H-x86_64-mingw32/nios2-elf/lib\libc.a(lib_a-freer.o)
 .bss           0x0000000000016bbc        0x0 e:/altera/15.0/nios2eds/bin/gnu/h-x86_64-mingw32/bin/../lib/gcc/nios2-elf/4.9.1/../../../../../H-x86_64-mingw32/nios2-elf/lib\libc.a(lib_a-fvwrite.o)
 .bss           0x0000000000016bbc        0x0 e:/altera/15.0/nios2eds/bin/gnu/h-x86_64-mingw32/bin/../lib/gcc/nios2-elf/4.9.1/../../../../../H-x86_64-mingw32/nios2-elf/lib\libc.a(lib_a-fwalk.o)
 .bss           0x0000000000016bbc        0x0 e:/altera/15.0/nios2eds/bin/gnu/h-x86_64-mingw32/bin/../lib/gcc/nios2-elf/4.9.1/../../../../../H-x86_64-mingw32/nios2-elf/lib\libc.a(lib_a-locale.o)
 .bss           0x0000000000016bbc        0x0 e:/altera/15.0/nios2eds/bin/gnu/h-x86_64-mingw32/bin/../lib/gcc/nios2-elf/4.9.1/../../../../../H-x86_64-mingw32/nios2-elf/lib\libc.a(lib_a-makebuf.o)
 .bss           0x0000000000016bbc       0x28 e:/altera/15.0/nios2eds/bin/gnu/h-x86_64-mingw32/bin/../lib/gcc/nios2-elf/4.9.1/../../../../../H-x86_64-mingw32/nios2-elf/lib\libc.a(lib_a-mallocr.o)
                0x0000000000016bbc                __malloc_current_mallinfo
 .bss           0x0000000000016be4        0x0 e:/altera/15.0/nios2eds/bin/gnu/h-x86_64-mingw32/bin/../lib/gcc/nios2-elf/4.9.1/../../../../../H-x86_64-mingw32/nios2-elf/lib\libc.a(lib_a-memchr.o)
 .bss           0x0000000000016be4        0x0 e:/altera/15.0/nios2eds/bin/gnu/h-x86_64-mingw32/bin/../lib/gcc/nios2-elf/4.9.1/../../../../../H-x86_64-mingw32/nios2-elf/lib\libc.a(lib_a-memcpy.o)
 .bss           0x0000000000016be4        0x0 e:/altera/15.0/nios2eds/bin/gnu/h-x86_64-mingw32/bin/../lib/gcc/nios2-elf/4.9.1/../../../../../H-x86_64-mingw32/nios2-elf/lib\libc.a(lib_a-memmove.o)
 .bss           0x0000000000016be4        0x0 e:/altera/15.0/nios2eds/bin/gnu/h-x86_64-mingw32/bin/../lib/gcc/nios2-elf/4.9.1/../../../../../H-x86_64-mingw32/nios2-elf/lib\libc.a(lib_a-memset.o)
 .bss           0x0000000000016be4        0x0 e:/altera/15.0/nios2eds/bin/gnu/h-x86_64-mingw32/bin/../lib/gcc/nios2-elf/4.9.1/../../../../../H-x86_64-mingw32/nios2-elf/lib\libc.a(lib_a-mprec.o)
 .bss           0x0000000000016be4        0x0 e:/altera/15.0/nios2eds/bin/gnu/h-x86_64-mingw32/bin/../lib/gcc/nios2-elf/4.9.1/../../../../../H-x86_64-mingw32/nios2-elf/lib\libc.a(lib_a-reallocr.o)
 .bss           0x0000000000016be4        0x0 e:/altera/15.0/nios2eds/bin/gnu/h-x86_64-mingw32/bin/../lib/gcc/nios2-elf/4.9.1/../../../../../H-x86_64-mingw32/nios2-elf/lib\libc.a(lib_a-sbrkr.o)
 .bss           0x0000000000016be4        0x0 e:/altera/15.0/nios2eds/bin/gnu/h-x86_64-mingw32/bin/../lib/gcc/nios2-elf/4.9.1/../../../../../H-x86_64-mingw32/nios2-elf/lib\libc.a(lib_a-stdio.o)
 .bss           0x0000000000016be4        0x0 e:/altera/15.0/nios2eds/bin/gnu/h-x86_64-mingw32/bin/../lib/gcc/nios2-elf/4.9.1/../../../../../H-x86_64-mingw32/nios2-elf/lib\libc.a(lib_a-strcmp.o)
 .bss           0x0000000000016be4        0x0 e:/altera/15.0/nios2eds/bin/gnu/h-x86_64-mingw32/bin/../lib/gcc/nios2-elf/4.9.1/../../../../../H-x86_64-mingw32/nios2-elf/lib\libc.a(lib_a-vfiprintf.o)
 .bss           0x0000000000016be4        0x0 e:/altera/15.0/nios2eds/bin/gnu/h-x86_64-mingw32/bin/../lib/gcc/nios2-elf/4.9.1/../../../../../H-x86_64-mingw32/nios2-elf/lib\libc.a(lib_a-writer.o)
 .bss           0x0000000000016be4        0x0 e:/altera/15.0/nios2eds/bin/gnu/h-x86_64-mingw32/bin/../lib/gcc/nios2-elf/4.9.1/../../../../../H-x86_64-mingw32/nios2-elf/lib\libc.a(closer.o)
 .bss           0x0000000000016be4        0x0 e:/altera/15.0/nios2eds/bin/gnu/h-x86_64-mingw32/bin/../lib/gcc/nios2-elf/4.9.1/../../../../../H-x86_64-mingw32/nios2-elf/lib\libc.a(lib_a-callocr.o)
 .bss           0x0000000000016be4        0x0 e:/altera/15.0/nios2eds/bin/gnu/h-x86_64-mingw32/bin/../lib/gcc/nios2-elf/4.9.1/../../../../../H-x86_64-mingw32/nios2-elf/lib\libc.a(lib_a-fclose.o)
 .bss           0x0000000000016be4        0x0 e:/altera/15.0/nios2eds/bin/gnu/h-x86_64-mingw32/bin/../lib/gcc/nios2-elf/4.9.1/../../../../../H-x86_64-mingw32/nios2-elf/lib\libc.a(lib_a-fputwc.o)
 .bss           0x0000000000016be4        0x0 e:/altera/15.0/nios2eds/bin/gnu/h-x86_64-mingw32/bin/../lib/gcc/nios2-elf/4.9.1/../../../../../H-x86_64-mingw32/nios2-elf/lib\libc.a(lib_a-fstatr.o)
 .bss           0x0000000000016be4        0x0 e:/altera/15.0/nios2eds/bin/gnu/h-x86_64-mingw32/bin/../lib/gcc/nios2-elf/4.9.1/../../../../../H-x86_64-mingw32/nios2-elf/lib\libc.a(lib_a-int_errno.o)
 .bss           0x0000000000016be4        0x0 e:/altera/15.0/nios2eds/bin/gnu/h-x86_64-mingw32/bin/../lib/gcc/nios2-elf/4.9.1/../../../../../H-x86_64-mingw32/nios2-elf/lib\libc.a(lib_a-isattyr.o)
 .bss           0x0000000000016be4        0x0 e:/altera/15.0/nios2eds/bin/gnu/h-x86_64-mingw32/bin/../lib/gcc/nios2-elf/4.9.1/../../../../../H-x86_64-mingw32/nios2-elf/lib\libc.a(lib_a-lseekr.o)
 .bss           0x0000000000016be4        0x0 e:/altera/15.0/nios2eds/bin/gnu/h-x86_64-mingw32/bin/../lib/gcc/nios2-elf/4.9.1/../../../../../H-x86_64-mingw32/nios2-elf/lib\libc.a(lib_a-readr.o)
 .bss           0x0000000000016be4        0x0 e:/altera/15.0/nios2eds/bin/gnu/h-x86_64-mingw32/bin/../lib/gcc/nios2-elf/4.9.1/../../../../../H-x86_64-mingw32/nios2-elf/lib\libc.a(lib_a-wbuf.o)
 .bss           0x0000000000016be4        0x0 e:/altera/15.0/nios2eds/bin/gnu/h-x86_64-mingw32/bin/../lib/gcc/nios2-elf/4.9.1/../../../../../H-x86_64-mingw32/nios2-elf/lib\libc.a(lib_a-wcrtomb.o)
 .bss           0x0000000000016be4        0x0 e:/altera/15.0/nios2eds/bin/gnu/h-x86_64-mingw32/bin/../lib/gcc/nios2-elf/4.9.1/../../../../../H-x86_64-mingw32/nios2-elf/lib\libc.a(lib_a-wctomb_r.o)
 .bss           0x0000000000016be4        0x0 e:/altera/15.0/nios2eds/bin/gnu/h-x86_64-mingw32/bin/../lib/gcc/nios2-elf/4.9.1\libgcc.a(_udivdi3.o)
 .bss           0x0000000000016be4        0x0 e:/altera/15.0/nios2eds/bin/gnu/h-x86_64-mingw32/bin/../lib/gcc/nios2-elf/4.9.1\libgcc.a(_umoddi3.o)
 .bss           0x0000000000016be4        0x0 e:/altera/15.0/nios2eds/bin/gnu/h-x86_64-mingw32/bin/../lib/gcc/nios2-elf/4.9.1\libgcc.a(eqdf2.o)
 .bss           0x0000000000016be4        0x0 ../touch_intr_test3_bsp/\libhal_bsp.a(alt_close.o)
 .bss           0x0000000000016be4        0x0 ../touch_intr_test3_bsp/\libhal_bsp.a(alt_dev.o)
 .bss           0x0000000000016be4        0x0 ../touch_intr_test3_bsp/\libhal_bsp.a(alt_errno.o)
 .bss           0x0000000000016be4        0x0 ../touch_intr_test3_bsp/\libhal_bsp.a(alt_fstat.o)
 .bss           0x0000000000016be4        0x0 ../touch_intr_test3_bsp/\libhal_bsp.a(alt_iic.o)
 .bss           0x0000000000016be4        0x0 ../touch_intr_test3_bsp/\libhal_bsp.a(alt_iic_isr_register.o)
 .bss           0x0000000000016be4        0x0 ../touch_intr_test3_bsp/\libhal_bsp.a(alt_irq_entry.o)
 .bss           0x0000000000016be4        0x0 ../touch_intr_test3_bsp/\libhal_bsp.a(alt_irq_handler.o)
 .bss           0x0000000000016be4        0x0 ../touch_intr_test3_bsp/\libhal_bsp.a(alt_irq_vars.o)
 .bss           0x0000000000016be4        0x0 ../touch_intr_test3_bsp/\libhal_bsp.a(alt_isatty.o)
 .bss           0x0000000000016be4        0x0 ../touch_intr_test3_bsp/\libhal_bsp.a(alt_load.o)
 .bss           0x0000000000016be4        0x0 ../touch_intr_test3_bsp/\libhal_bsp.a(alt_lseek.o)
 .bss           0x0000000000016be4        0x0 ../touch_intr_test3_bsp/\libhal_bsp.a(alt_main.o)
 .bss           0x0000000000016be4        0x0 ../touch_intr_test3_bsp/\libhal_bsp.a(alt_malloc_lock.o)
 .bss           0x0000000000016be4        0x0 ../touch_intr_test3_bsp/\libhal_bsp.a(alt_read.o)
 .bss           0x0000000000016be4        0x0 ../touch_intr_test3_bsp/\libhal_bsp.a(alt_release_fd.o)
 .bss           0x0000000000016be4        0x0 ../touch_intr_test3_bsp/\libhal_bsp.a(alt_sbrk.o)
 .bss           0x0000000000016be4        0x0 ../touch_intr_test3_bsp/\libhal_bsp.a(alt_usleep.o)
 .bss           0x0000000000016be4        0x0 ../touch_intr_test3_bsp/\libhal_bsp.a(alt_write.o)
 .bss           0x0000000000016be4        0x0 ../touch_intr_test3_bsp/\libhal_bsp.a(alt_sys_init.o)
 .bss           0x0000000000016be4        0x0 ../touch_intr_test3_bsp/\libhal_bsp.a(altera_avalon_jtag_uart_fd.o)
 .bss           0x0000000000016be4        0x0 ../touch_intr_test3_bsp/\libhal_bsp.a(altera_avalon_jtag_uart_init.o)
 .bss           0x0000000000016be4        0x0 ../touch_intr_test3_bsp/\libhal_bsp.a(altera_avalon_jtag_uart_ioctl.o)
 .bss           0x0000000000016be4        0x0 ../touch_intr_test3_bsp/\libhal_bsp.a(altera_avalon_jtag_uart_read.o)
 .bss           0x0000000000016be4        0x0 ../touch_intr_test3_bsp/\libhal_bsp.a(altera_avalon_jtag_uart_write.o)
 .bss           0x0000000000016be4        0x0 ../touch_intr_test3_bsp/\libhal_bsp.a(altera_avalon_timer_sc.o)
 .bss           0x0000000000016be4        0x0 ../touch_intr_test3_bsp/\libhal_bsp.a(alt_alarm_start.o)
 .bss           0x0000000000016be4        0x0 ../touch_intr_test3_bsp/\libhal_bsp.a(alt_busy_sleep.o)
 .bss           0x0000000000016be4        0x0 ../touch_intr_test3_bsp/\libhal_bsp.a(alt_dcache_flush_all.o)
 .bss           0x0000000000016be4        0x0 ../touch_intr_test3_bsp/\libhal_bsp.a(alt_dev_llist_insert.o)
 .bss           0x0000000000016be4        0x0 ../touch_intr_test3_bsp/\libhal_bsp.a(alt_do_ctors.o)
 .bss           0x0000000000016be4        0x0 ../touch_intr_test3_bsp/\libhal_bsp.a(alt_do_dtors.o)
 .bss           0x0000000000016be4        0x0 ../touch_intr_test3_bsp/\libhal_bsp.a(alt_exception_entry.o)
 .bss           0x0000000000016be4        0x0 ../touch_intr_test3_bsp/\libhal_bsp.a(alt_icache_flush_all.o)
 .bss           0x0000000000016be4        0x0 ../touch_intr_test3_bsp/\libhal_bsp.a(alt_instruction_exception_entry.o)
 .bss           0x0000000000016be4        0x0 ../touch_intr_test3_bsp/\libhal_bsp.a(alt_io_redirect.o)
 .bss           0x0000000000016be4        0x0 ../touch_intr_test3_bsp/\libhal_bsp.a(alt_open.o)
 .bss           0x0000000000016be4        0x0 ../touch_intr_test3_bsp/\libhal_bsp.a(alt_tick.o)
 .bss           0x0000000000016be4        0x0 ../touch_intr_test3_bsp/\libhal_bsp.a(altera_nios2_gen2_irq.o)
 .bss           0x0000000000016be4        0x0 ../touch_intr_test3_bsp/\libhal_bsp.a(alt_find_dev.o)
 .bss           0x0000000000016be4        0x0 ../touch_intr_test3_bsp/\libhal_bsp.a(alt_find_file.o)
 .bss           0x0000000000016be4        0x0 ../touch_intr_test3_bsp/\libhal_bsp.a(alt_get_fd.o)
 .bss           0x0000000000016be4        0x0 ../touch_intr_test3_bsp/\libhal_bsp.a(alt_icache_flush.o)
 .bss           0x0000000000016be4        0x0 e:/altera/15.0/nios2eds/bin/gnu/h-x86_64-mingw32/bin/../lib/gcc/nios2-elf/4.9.1/../../../../../H-x86_64-mingw32/nios2-elf/lib\libc.a(lib_a-atexit.o)
 .bss           0x0000000000016be4        0x0 e:/altera/15.0/nios2eds/bin/gnu/h-x86_64-mingw32/bin/../lib/gcc/nios2-elf/4.9.1/../../../../../H-x86_64-mingw32/nios2-elf/lib\libc.a(lib_a-exit.o)
 .bss           0x0000000000016be4        0x0 e:/altera/15.0/nios2eds/bin/gnu/h-x86_64-mingw32/bin/../lib/gcc/nios2-elf/4.9.1/../../../../../H-x86_64-mingw32/nios2-elf/lib\libc.a(lib_a-memcmp.o)
 .bss           0x0000000000016be4        0x0 e:/altera/15.0/nios2eds/bin/gnu/h-x86_64-mingw32/bin/../lib/gcc/nios2-elf/4.9.1/../../../../../H-x86_64-mingw32/nios2-elf/lib\libc.a(lib_a-__atexit.o)
 .bss           0x0000000000016be4        0x0 e:/altera/15.0/nios2eds/bin/gnu/h-x86_64-mingw32/bin/../lib/gcc/nios2-elf/4.9.1/../../../../../H-x86_64-mingw32/nios2-elf/lib\libc.a(lib_a-__call_atexit.o)
 .bss           0x0000000000016be4        0x0 ../touch_intr_test3_bsp/\libhal_bsp.a(alt_exit.o)
 *(COMMON)
 COMMON         0x0000000000016be4        0xe obj/default/lcd.o
                0x0000000000016be4                lcddev
 COMMON         0x0000000000016bf2        0xe obj/default/main.o
                0x0000000000016bf2                adjdata
 COMMON         0x0000000000016c00      0x100 ../touch_intr_test3_bsp/\libhal_bsp.a(alt_irq_handler.o)
                0x0000000000016c00                alt_irq
                0x0000000000016d00                . = ALIGN (0x4)
                0x0000000000016d00                __bss_end = ABSOLUTE (.)

.sdram          0x0000000000016d00        0x0
                0x0000000000016d00                PROVIDE (_alt_partition_sdram_start, ABSOLUTE (.))
 *(.sdram .sdram. sdram.*)
                0x0000000000016d00                . = ALIGN (0x4)
                0x0000000000016d00                PROVIDE (_alt_partition_sdram_end, ABSOLUTE (.))
                0x0000000000016d00                _end = ABSOLUTE (.)
                0x0000000000016d00                end = ABSOLUTE (.)
                0x0000000000016d00                __alt_stack_base = ABSOLUTE (.)
                0x0000000000016d00                PROVIDE (_alt_partition_sdram_load_addr, LOADADDR (.sdram))

.stab
 *(.stab)

.stabstr
 *(.stabstr)

.stab.excl
 *(.stab.excl)

.stab.exclstr
 *(.stab.exclstr)

.stab.index
 *(.stab.index)

.stab.indexstr
 *(.stab.indexstr)

.comment        0x0000000000000000       0x23
 *(.comment)
 .comment       0x0000000000000000       0x23 obj/default/lcd.o
                                         0x24 (size before relaxing)
 .comment       0x0000000000000000       0x24 obj/default/main.o
 .comment       0x0000000000000000       0x24 obj/default/touch.o
 .comment       0x0000000000000000       0x24 e:/altera/15.0/nios2eds/bin/gnu/h-x86_64-mingw32/bin/../lib/gcc/nios2-elf/4.9.1/../../../../../H-x86_64-mingw32/nios2-elf/lib\libm.a(lib_a-w_sqrt.o)
 .comment       0x0000000000000000       0x24 e:/altera/15.0/nios2eds/bin/gnu/h-x86_64-mingw32/bin/../lib/gcc/nios2-elf/4.9.1/../../../../../H-x86_64-mingw32/nios2-elf/lib\libm.a(lib_a-e_sqrt.o)
 .comment       0x0000000000000000       0x24 e:/altera/15.0/nios2eds/bin/gnu/h-x86_64-mingw32/bin/../lib/gcc/nios2-elf/4.9.1/../../../../../H-x86_64-mingw32/nios2-elf/lib\libm.a(lib_a-s_fpclassify.o)
 .comment       0x0000000000000000       0x24 e:/altera/15.0/nios2eds/bin/gnu/h-x86_64-mingw32/bin/../lib/gcc/nios2-elf/4.9.1/../../../../../H-x86_64-mingw32/nios2-elf/lib\libm.a(lib_a-s_lib_ver.o)
 .comment       0x0000000000000000       0x24 e:/altera/15.0/nios2eds/bin/gnu/h-x86_64-mingw32/bin/../lib/gcc/nios2-elf/4.9.1/../../../../../H-x86_64-mingw32/nios2-elf/lib\libm.a(lib_a-s_matherr.o)
 .comment       0x0000000000000000       0x24 e:/altera/15.0/nios2eds/bin/gnu/h-x86_64-mingw32/bin/../lib/gcc/nios2-elf/4.9.1\libgcc.a(_fixunssfsi.o)
 .comment       0x0000000000000000       0x24 e:/altera/15.0/nios2eds/bin/gnu/h-x86_64-mingw32/bin/../lib/gcc/nios2-elf/4.9.1\libgcc.a(_fixunsdfsi.o)
 .comment       0x0000000000000000       0x24 e:/altera/15.0/nios2eds/bin/gnu/h-x86_64-mingw32/bin/../lib/gcc/nios2-elf/4.9.1\libgcc.a(lib2-divmod.o)
 .comment       0x0000000000000000       0x24 e:/altera/15.0/nios2eds/bin/gnu/h-x86_64-mingw32/bin/../lib/gcc/nios2-elf/4.9.1\libgcc.a(addsf3.o)
 .comment       0x0000000000000000       0x24 e:/altera/15.0/nios2eds/bin/gnu/h-x86_64-mingw32/bin/../lib/gcc/nios2-elf/4.9.1\libgcc.a(divsf3.o)
 .comment       0x0000000000000000       0x24 e:/altera/15.0/nios2eds/bin/gnu/h-x86_64-mingw32/bin/../lib/gcc/nios2-elf/4.9.1\libgcc.a(gesf2.o)
 .comment       0x0000000000000000       0x24 e:/altera/15.0/nios2eds/bin/gnu/h-x86_64-mingw32/bin/../lib/gcc/nios2-elf/4.9.1\libgcc.a(mulsf3.o)
 .comment       0x0000000000000000       0x24 e:/altera/15.0/nios2eds/bin/gnu/h-x86_64-mingw32/bin/../lib/gcc/nios2-elf/4.9.1\libgcc.a(subsf3.o)
 .comment       0x0000000000000000       0x24 e:/altera/15.0/nios2eds/bin/gnu/h-x86_64-mingw32/bin/../lib/gcc/nios2-elf/4.9.1\libgcc.a(fixsfsi.o)
 .comment       0x0000000000000000       0x24 e:/altera/15.0/nios2eds/bin/gnu/h-x86_64-mingw32/bin/../lib/gcc/nios2-elf/4.9.1\libgcc.a(floatsisf.o)
 .comment       0x0000000000000000       0x24 e:/altera/15.0/nios2eds/bin/gnu/h-x86_64-mingw32/bin/../lib/gcc/nios2-elf/4.9.1\libgcc.a(floatunsisf.o)
 .comment       0x0000000000000000       0x24 e:/altera/15.0/nios2eds/bin/gnu/h-x86_64-mingw32/bin/../lib/gcc/nios2-elf/4.9.1\libgcc.a(adddf3.o)
 .comment       0x0000000000000000       0x24 e:/altera/15.0/nios2eds/bin/gnu/h-x86_64-mingw32/bin/../lib/gcc/nios2-elf/4.9.1\libgcc.a(divdf3.o)
 .comment       0x0000000000000000       0x24 e:/altera/15.0/nios2eds/bin/gnu/h-x86_64-mingw32/bin/../lib/gcc/nios2-elf/4.9.1\libgcc.a(gedf2.o)
 .comment       0x0000000000000000       0x24 e:/altera/15.0/nios2eds/bin/gnu/h-x86_64-mingw32/bin/../lib/gcc/nios2-elf/4.9.1\libgcc.a(ledf2.o)
 .comment       0x0000000000000000       0x24 e:/altera/15.0/nios2eds/bin/gnu/h-x86_64-mingw32/bin/../lib/gcc/nios2-elf/4.9.1\libgcc.a(muldf3.o)
 .comment       0x0000000000000000       0x24 e:/altera/15.0/nios2eds/bin/gnu/h-x86_64-mingw32/bin/../lib/gcc/nios2-elf/4.9.1\libgcc.a(subdf3.o)
 .comment       0x0000000000000000       0x24 e:/altera/15.0/nios2eds/bin/gnu/h-x86_64-mingw32/bin/../lib/gcc/nios2-elf/4.9.1\libgcc.a(fixdfsi.o)
 .comment       0x0000000000000000       0x24 e:/altera/15.0/nios2eds/bin/gnu/h-x86_64-mingw32/bin/../lib/gcc/nios2-elf/4.9.1\libgcc.a(floatsidf.o)
 .comment       0x0000000000000000       0x24 e:/altera/15.0/nios2eds/bin/gnu/h-x86_64-mingw32/bin/../lib/gcc/nios2-elf/4.9.1\libgcc.a(floatunsidf.o)
 .comment       0x0000000000000000       0x24 e:/altera/15.0/nios2eds/bin/gnu/h-x86_64-mingw32/bin/../lib/gcc/nios2-elf/4.9.1\libgcc.a(extendsfdf2.o)
 .comment       0x0000000000000000       0x24 e:/altera/15.0/nios2eds/bin/gnu/h-x86_64-mingw32/bin/../lib/gcc/nios2-elf/4.9.1\libgcc.a(_clzsi2.o)
 .comment       0x0000000000000000       0x24 e:/altera/15.0/nios2eds/bin/gnu/h-x86_64-mingw32/bin/../lib/gcc/nios2-elf/4.9.1\libgcc.a(_clz.o)
 .comment       0x0000000000000000       0x24 e:/altera/15.0/nios2eds/bin/gnu/h-x86_64-mingw32/bin/../lib/gcc/nios2-elf/4.9.1/../../../../../H-x86_64-mingw32/nios2-elf/lib\libc.a(lib_a-abs.o)
 .comment       0x0000000000000000       0x24 e:/altera/15.0/nios2eds/bin/gnu/h-x86_64-mingw32/bin/../lib/gcc/nios2-elf/4.9.1/../../../../../H-x86_64-mingw32/nios2-elf/lib\libc.a(lib_a-errno.o)
 .comment       0x0000000000000000       0x24 e:/altera/15.0/nios2eds/bin/gnu/h-x86_64-mingw32/bin/../lib/gcc/nios2-elf/4.9.1/../../../../../H-x86_64-mingw32/nios2-elf/lib\libc.a(lib_a-impure.o)
 .comment       0x0000000000000000       0x24 e:/altera/15.0/nios2eds/bin/gnu/h-x86_64-mingw32/bin/../lib/gcc/nios2-elf/4.9.1/../../../../../H-x86_64-mingw32/nios2-elf/lib\libc.a(lib_a-printf.o)
 .comment       0x0000000000000000       0x24 e:/altera/15.0/nios2eds/bin/gnu/h-x86_64-mingw32/bin/../lib/gcc/nios2-elf/4.9.1/../../../../../H-x86_64-mingw32/nios2-elf/lib\libc.a(lib_a-puts.o)
 .comment       0x0000000000000000       0x24 e:/altera/15.0/nios2eds/bin/gnu/h-x86_64-mingw32/bin/../lib/gcc/nios2-elf/4.9.1/../../../../../H-x86_64-mingw32/nios2-elf/lib\libc.a(lib_a-strlen.o)
 .comment       0x0000000000000000       0x24 e:/altera/15.0/nios2eds/bin/gnu/h-x86_64-mingw32/bin/../lib/gcc/nios2-elf/4.9.1/../../../../../H-x86_64-mingw32/nios2-elf/lib\libc.a(lib_a-vfprintf.o)
 .comment       0x0000000000000000       0x24 e:/altera/15.0/nios2eds/bin/gnu/h-x86_64-mingw32/bin/../lib/gcc/nios2-elf/4.9.1/../../../../../H-x86_64-mingw32/nios2-elf/lib\libc.a(lib_a-wsetup.o)
 .comment       0x0000000000000000       0x24 e:/altera/15.0/nios2eds/bin/gnu/h-x86_64-mingw32/bin/../lib/gcc/nios2-elf/4.9.1/../../../../../H-x86_64-mingw32/nios2-elf/lib\libc.a(lib_a-dtoa.o)
 .comment       0x0000000000000000       0x24 e:/altera/15.0/nios2eds/bin/gnu/h-x86_64-mingw32/bin/../lib/gcc/nios2-elf/4.9.1/../../../../../H-x86_64-mingw32/nios2-elf/lib\libc.a(lib_a-fflush.o)
 .comment       0x0000000000000000       0x24 e:/altera/15.0/nios2eds/bin/gnu/h-x86_64-mingw32/bin/../lib/gcc/nios2-elf/4.9.1/../../../../../H-x86_64-mingw32/nios2-elf/lib\libc.a(lib_a-findfp.o)
 .comment       0x0000000000000000       0x24 e:/altera/15.0/nios2eds/bin/gnu/h-x86_64-mingw32/bin/../lib/gcc/nios2-elf/4.9.1/../../../../../H-x86_64-mingw32/nios2-elf/lib\libc.a(lib_a-freer.o)