Archive member included to satisfy reference by file (symbol)

e:/altera/15.0/nios2eds/bin/gnu/h-x86_64-mingw32/bin/../lib/gcc/nios2-elf/4.9.1\libgcc.a(_fixunssfsi.o)
                              obj/default/touch.o (__fixunssfsi)
e:/altera/15.0/nios2eds/bin/gnu/h-x86_64-mingw32/bin/../lib/gcc/nios2-elf/4.9.1\libgcc.a(_fixunsdfsi.o)
                              obj/default/touch.o (__fixunsdfsi)
e:/altera/15.0/nios2eds/bin/gnu/h-x86_64-mingw32/bin/../lib/gcc/nios2-elf/4.9.1\libgcc.a(lib2-divmod.o)
                              obj/default/screen.o (__divsi3)
e:/altera/15.0/nios2eds/bin/gnu/h-x86_64-mingw32/bin/../lib/gcc/nios2-elf/4.9.1\libgcc.a(addsf3.o)
                              obj/default/touch.o (__addsf3)
e:/altera/15.0/nios2eds/bin/gnu/h-x86_64-mingw32/bin/../lib/gcc/nios2-elf/4.9.1\libgcc.a(divsf3.o)
                              obj/default/txt_read.o (__divsf3)
e:/altera/15.0/nios2eds/bin/gnu/h-x86_64-mingw32/bin/../lib/gcc/nios2-elf/4.9.1\libgcc.a(gesf2.o)
                              e:/altera/15.0/nios2eds/bin/gnu/h-x86_64-mingw32/bin/../lib/gcc/nios2-elf/4.9.1\libgcc.a(_fixunssfsi.o) (__gesf2)
e:/altera/15.0/nios2eds/bin/gnu/h-x86_64-mingw32/bin/../lib/gcc/nios2-elf/4.9.1\libgcc.a(lesf2.o)
                              obj/default/screen.o (__lesf2)
e:/altera/15.0/nios2eds/bin/gnu/h-x86_64-mingw32/bin/../lib/gcc/nios2-elf/4.9.1\libgcc.a(mulsf3.o)
                              obj/default/screen.o (__mulsf3)
e:/altera/15.0/nios2eds/bin/gnu/h-x86_64-mingw32/bin/../lib/gcc/nios2-elf/4.9.1\libgcc.a(subsf3.o)
                              e:/altera/15.0/nios2eds/bin/gnu/h-x86_64-mingw32/bin/../lib/gcc/nios2-elf/4.9.1\libgcc.a(_fixunssfsi.o) (__subsf3)
e:/altera/15.0/nios2eds/bin/gnu/h-x86_64-mingw32/bin/../lib/gcc/nios2-elf/4.9.1\libgcc.a(fixsfsi.o)
                              obj/default/screen.o (__fixsfsi)
e:/altera/15.0/nios2eds/bin/gnu/h-x86_64-mingw32/bin/../lib/gcc/nios2-elf/4.9.1\libgcc.a(floatsisf.o)
                              obj/default/screen.o (__floatsisf)
e:/altera/15.0/nios2eds/bin/gnu/h-x86_64-mingw32/bin/../lib/gcc/nios2-elf/4.9.1\libgcc.a(floatunsisf.o)
                              obj/default/txt_read.o (__floatunsisf)
e:/altera/15.0/nios2eds/bin/gnu/h-x86_64-mingw32/bin/../lib/gcc/nios2-elf/4.9.1\libgcc.a(adddf3.o)
                              obj/default/touch.o (__adddf3)
e:/altera/15.0/nios2eds/bin/gnu/h-x86_64-mingw32/bin/../lib/gcc/nios2-elf/4.9.1\libgcc.a(divdf3.o)
                              obj/default/screen.o (__divdf3)
e:/altera/15.0/nios2eds/bin/gnu/h-x86_64-mingw32/bin/../lib/gcc/nios2-elf/4.9.1\libgcc.a(gedf2.o)
                              e:/altera/15.0/nios2eds/bin/gnu/h-x86_64-mingw32/bin/../lib/gcc/nios2-elf/4.9.1\libgcc.a(_fixunsdfsi.o) (__gedf2)
e:/altera/15.0/nios2eds/bin/gnu/h-x86_64-mingw32/bin/../lib/gcc/nios2-elf/4.9.1\libgcc.a(muldf3.o)
                              obj/default/screen.o (__muldf3)
e:/altera/15.0/nios2eds/bin/gnu/h-x86_64-mingw32/bin/../lib/gcc/nios2-elf/4.9.1\libgcc.a(subdf3.o)
                              obj/default/touch.o (__subdf3)
e:/altera/15.0/nios2eds/bin/gnu/h-x86_64-mingw32/bin/../lib/gcc/nios2-elf/4.9.1\libgcc.a(fixdfsi.o)
                              obj/default/screen.o (__fixdfsi)
e:/altera/15.0/nios2eds/bin/gnu/h-x86_64-mingw32/bin/../lib/gcc/nios2-elf/4.9.1\libgcc.a(floatsidf.o)
                              obj/default/screen.o (__floatsidf)
e:/altera/15.0/nios2eds/bin/gnu/h-x86_64-mingw32/bin/../lib/gcc/nios2-elf/4.9.1\libgcc.a(floatunsidf.o)
                              obj/default/screen.o (__floatunsidf)
e:/altera/15.0/nios2eds/bin/gnu/h-x86_64-mingw32/bin/../lib/gcc/nios2-elf/4.9.1\libgcc.a(extendsfdf2.o)
                              obj/default/screen.o (__extendsfdf2)
e:/altera/15.0/nios2eds/bin/gnu/h-x86_64-mingw32/bin/../lib/gcc/nios2-elf/4.9.1\libgcc.a(truncdfsf2.o)
                              obj/default/screen.o (__truncdfsf2)
e:/altera/15.0/nios2eds/bin/gnu/h-x86_64-mingw32/bin/../lib/gcc/nios2-elf/4.9.1\libgcc.a(_clzsi2.o)
                              e:/altera/15.0/nios2eds/bin/gnu/h-x86_64-mingw32/bin/../lib/gcc/nios2-elf/4.9.1\libgcc.a(addsf3.o) (__clzsi2)
e:/altera/15.0/nios2eds/bin/gnu/h-x86_64-mingw32/bin/../lib/gcc/nios2-elf/4.9.1\libgcc.a(_clz.o)
                              e:/altera/15.0/nios2eds/bin/gnu/h-x86_64-mingw32/bin/../lib/gcc/nios2-elf/4.9.1\libgcc.a(_clzsi2.o) (__clz_tab)
e:/altera/15.0/nios2eds/bin/gnu/h-x86_64-mingw32/bin/../lib/gcc/nios2-elf/4.9.1/../../../../../H-x86_64-mingw32/nios2-elf/lib\libc.a(lib_a-malloc.o)
                              obj/default/screen.o (malloc)
e:/altera/15.0/nios2eds/bin/gnu/h-x86_64-mingw32/bin/../lib/gcc/nios2-elf/4.9.1/../../../../../H-x86_64-mingw32/nios2-elf/lib\libc.a(lib_a-mallocr.o)
                              e:/altera/15.0/nios2eds/bin/gnu/h-x86_64-mingw32/bin/../lib/gcc/nios2-elf/4.9.1/../../../../../H-x86_64-mingw32/nios2-elf/lib\libc.a(lib_a-malloc.o) (_malloc_r)
[...]
Memory Configuration

Name             Origin             Length             Attributes
reset            0x0000000000000000 0x0000000000000020
epcs             0x0000000000000020 0x00000000000007e0
sdram_BEFORE_EXCEPTION 0x0000000008000000 0x0000000000000020
sdram            0x0000000008000020 0x0000000007ffffe0
*default*        0x0000000000000000 0xffffffffffffffff

Linker script and memory map

LOAD ../ebook_release1_bsp//obj/HAL/src/crt0.o
LOAD obj/default/ascii_font.o
LOAD obj/default/color.o
LOAD obj/default/font_manage.o
LOAD obj/default/gbk_font.o
LOAD obj/default/icon_pic.o
LOAD obj/default/main.o
LOAD obj/default/screen.o
LOAD obj/default/screen_display.o
LOAD obj/default/sdread.o
LOAD obj/default/tftlcd.o
LOAD obj/default/time_count.o
LOAD obj/default/touch.o
LOAD obj/default/touch_resp.o
LOAD obj/default/txt_read.o
LOAD obj/default/ucs2_font.o
LOAD e:/altera/15.0/nios2eds/bin/gnu/h-x86_64-mingw32/bin/../lib/gcc/nios2-elf/4.9.1/../../../../../H-x86_64-mingw32/nios2-elf/lib\libstdc++.a
LOAD e:/altera/15.0/nios2eds/bin/gnu/h-x86_64-mingw32/bin/../lib/gcc/nios2-elf/4.9.1/../../../../../H-x86_64-mingw32/nios2-elf/lib\libm.a
LOAD e:/altera/15.0/nios2eds/bin/gnu/h-x86_64-mingw32/bin/../lib/gcc/nios2-elf/4.9.1\libgcc.a
START GROUP
LOAD e:/altera/15.0/nios2eds/bin/gnu/h-x86_64-mingw32/bin/../lib/gcc/nios2-elf/4.9.1/../../../../../H-x86_64-mingw32/nios2-elf/lib\libc.a
LOAD e:/altera/15.0/nios2eds/bin/gnu/h-x86_64-mingw32/bin/../lib/gcc/nios2-elf/4.9.1\libgcc.a
LOAD ../ebook_release1_bsp/\libhal_bsp.a
LOAD e:/altera/15.0/nios2eds/bin/gnu/h-x86_64-mingw32/bin/../lib/gcc/nios2-elf/4.9.1/../../../../../H-x86_64-mingw32/nios2-elf/lib\libm.a
END GROUP
LOAD e:/altera/15.0/nios2eds/bin/gnu/h-x86_64-mingw32/bin/../lib/gcc/nios2-elf/4.9.1\libgcc.a
                0x0000000000000000                __alt_mem_epcs = 0x0
                0x0000000008000000                __alt_mem_sdram = 0x8000000

.entry          0x0000000000000000        0x0
 *(.entry)
 .entry         0x0000000000000000        0x0 ../ebook_release1_bsp//obj/HAL/src/crt0.o
                0x0000000000000000                __reset

.exceptions     0x0000000008000020      0x220
                0x0000000008000020                PROVIDE (__ram_exceptions_start, ABSOLUTE (.))
                0x0000000008000020                . = ALIGN (0x20)
 *(.irq)
 *(.exceptions.entry.label)
 .exceptions.entry.label
                0x0000000008000020        0x0 ../ebook_release1_bsp/\libhal_bsp.a(alt_irq_entry.o)
                0x0000000008000020                alt_irq_entry
 .exceptions.entry.label
                0x0000000008000020        0x0 ../ebook_release1_bsp/\libhal_bsp.a(alt_exception_entry.o)
                0x0000000008000020                alt_exception
 *(.exceptions.entry.user)
 *(.exceptions.entry.ecc_fatal)
 *(.exceptions.entry)
 .exceptions.entry
                0x0000000008000020       0x54 ../ebook_release1_bsp/\libhal_bsp.a(alt_exception_entry.o)
 *(.exceptions.irqtest.user)
 *(.exceptions.irqtest)
 .exceptions.irqtest
                0x0000000008000074       0x10 ../ebook_release1_bsp/\libhal_bsp.a(alt_irq_entry.o)
 *(.exceptions.irqhandler.user)
 *(.exceptions.irqhandler)
 .exceptions.irqhandler
                0x0000000008000084        0x4 ../ebook_release1_bsp/\libhal_bsp.a(alt_irq_entry.o)
 *(.exceptions.irqreturn.user)
 *(.exceptions.irqreturn)
 .exceptions.irqreturn
                0x0000000008000088        0x4 ../ebook_release1_bsp/\libhal_bsp.a(alt_irq_entry.o)
 *(.exceptions.notirq.label)
 .exceptions.notirq.label
                0x000000000800008c        0x0 ../ebook_release1_bsp/\libhal_bsp.a(alt_irq_entry.o)
 *(.exceptions.notirq.user)
 *(.exceptions.notirq)
 .exceptions.notirq
                0x000000000800008c        0x8 ../ebook_release1_bsp/\libhal_bsp.a(alt_exception_entry.o)
 *(.exceptions.soft.user)
 *(.exceptions.soft)
 *(.exceptions.unknown.user)
 *(.exceptions.unknown)
 .exceptions.unknown
                0x0000000008000094       0x14 ../ebook_release1_bsp/\libhal_bsp.a(alt_exception_entry.o)
 *(.exceptions.exit.label)
 .exceptions.exit.label
                0x00000000080000a8        0x0 ../ebook_release1_bsp/\libhal_bsp.a(alt_irq_entry.o)
 .exceptions.exit.label
                0x00000000080000a8        0x0 ../ebook_release1_bsp/\libhal_bsp.a(alt_exception_entry.o)
 *(.exceptions.exit.user)
 *(.exceptions.exit)
 .exceptions.exit
                0x00000000080000a8       0x54 ../ebook_release1_bsp/\libhal_bsp.a(alt_exception_entry.o)
 *(.exceptions)
 .exceptions    0x00000000080000fc       0xd0 ../ebook_release1_bsp/\libhal_bsp.a(alt_irq_handler.o)
                0x00000000080000fc                alt_irq_handler
 .exceptions    0x00000000080001cc       0x74 ../ebook_release1_bsp/\libhal_bsp.a(alt_instruction_exception_entry.o)
                0x00000000080001cc                alt_instruction_exception_entry
                0x0000000008000240                PROVIDE (__ram_exceptions_end, ABSOLUTE (.))
                0x0000000008000020                PROVIDE (__flash_exceptions_start, LOADADDR (.exceptions))

.text           0x0000000008000240    0x2b388
                0x0000000008000240                PROVIDE (stext, ABSOLUTE (.))
 *(.interp)
 *(.hash)
 *(.dynsym)
 *(.dynstr)
 *(.gnu.version)
 *(.gnu.version_d)
 *(.gnu.version_r)
 *(.rel.init)
 *(.rela.init)
 *(.rel.text .rel.text.* .rel.gnu.linkonce.t.*)
 *(.rela.text .rela.text.* .rela.gnu.linkonce.t.*)
 *(.rel.fini)
 *(.rela.fini)
 *(.rel.rodata .rel.rodata.* .rel.gnu.linkonce.r.*)
 *(.rela.rodata .rela.rodata.* .rela.gnu.linkonce.r.*)
 *(.rel.data .rel.data.* .rel.gnu.linkonce.d.*)
 *(.rela.data .rela.data.* .rela.gnu.linkonce.d.*)
 *(.rel.tdata .rel.tdata.* .rel.gnu.linkonce.td.*)
 *(.rela.tdata .rela.tdata.* .rela.gnu.linkonce.td.*)
 *(.rel.tbss .rel.tbss.* .rel.gnu.linkonce.tb.*)
 *(.rela.tbss .rela.tbss.* .rela.gnu.linkonce.tb.*)
 *(.rel.ctors)
 *(.rela.ctors)
 *(.rel.dtors)
 *(.rela.dtors)
 *(.rel.got)
 *(.rela.got)
 *(.rel.sdata .rel.sdata.* .rel.gnu.linkonce.s.*)
 *(.rela.sdata .rela.sdata.* .rela.gnu.linkonce.s.*)
 *(.rel.sbss .rel.sbss.* .rel.gnu.linkonce.sb.*)
 *(.rela.sbss .rela.sbss.* .rela.gnu.linkonce.sb.*)
 *(.rel.sdata2 .rel.sdata2.* .rel.gnu.linkonce.s2.*)
 *(.rela.sdata2 .rela.sdata2.* .rela.gnu.linkonce.s2.*)
 *(.rel.sbss2 .rel.sbss2.* .rel.gnu.linkonce.sb2.*)
 *(.rela.sbss2 .rela.sbss2.* .rela.gnu.linkonce.sb2.*)
 *(.rel.bss .rel.bss.* .rel.gnu.linkonce.b.*)
 *(.rela.bss .rela.bss.* .rela.gnu.linkonce.b.*)
 *(.rel.plt)
 *(.rela.plt)
 *(.rel.dyn)
 *(.init)
 *(.plt)
 *(.text .stub .text.* .gnu.linkonce.t.*)
 .text          0x0000000008000240       0x48 ../ebook_release1_bsp//obj/HAL/src/crt0.o
                0x0000000008000240                _start
 .text          0x0000000008000288        0x0 obj/default/ascii_font.o
 .text          0x0000000008000288       0x64 obj/default/color.o
                0x0000000008000288                getColor16BitByRGB
 .text          0x00000000080002ec      0x1c4 obj/default/font_manage.o
                0x00000000080002ec                getAsciiFont
                0x0000000008000350                getGbkFont
                0x0000000008000450                getUCS2Font
 .text          0x00000000080004b0        0x0 obj/default/gbk_font.o
 .text          0x00000000080004b0        0x0 obj/default/icon_pic.o
 .text          0x00000000080004b0      0x124 obj/default/main.o
                0x00000000080004b0                main
 .text          0x00000000080005d4     0x5eb4 obj/default/screen.o
                0x00000000080005d4                checkAreaRange
                0x00000000080006a8                setAreaRange
                0x000000000800072c                setAreaRangeByAreaFmt
                0x0000000008000924                setAreaFmt
                0x0000000008000a30                setAreaRangeCentered
                0x0000000008000bac                setDefaultTagBlock
                0x0000000008000ce0                setDefaultProgressBarX
                0x0000000008001028                setDefaultScrollBarY
                0x0000000008001584                setDefaultIconBlock
                0x0000000008001660                setDefaultColorBoard
                0x0000000008001700                getWordLetterArrange
                0x0000000008001b0c                getWidthOfText
                0x0000000008001c90                openTxtScrollX
                0x0000000008001da4                setDefaultTagGroup
                0x0000000008002000                setDefaultNumEditGroup
                0x0000000008002564                screenInit
                0x00000000080028dc                screenHeaderInit
                0x0000000008002a78                screenFooterInit
                0x0000000008002ddc                screenMainHomeInit
                0x000000000800360c                setDefaultTagList
                0x0000000008003944                screenMainBookInit
                0x0000000008003e58                ScreenMainPageInfoInit
                0x000000000800464c                screenMainSettingInit
                0x0000000008005250                screenMainColorPickerInit
                0x0000000008005394                screenMainAreaInfoInst
                0x0000000008005404                screenSetCustomInfo
                0x0000000008005b94                screenSyncSettingColor
                0x0000000008005c0c                screenSyncBookColor
                0x0000000008005cf8                screenSyncBookEcdfmt
                0x0000000008005d7c                screenSyncHeaderTime
                0x0000000008005e94                syncTimeFlag
                0x0000000008005f40                setAutoTPGstate
                0x0000000008005fc0                screenSyncPageRatio
 .text          0x0000000008006488     0x59f4 obj/default/screen_display.o
                0x0000000008006488                getAbsPos
                0x0000000008006728                getXVaildRange
                0x0000000008006978                showBorder
                0x0000000008006d98                showBkgAndBorder
                0x00000000080072c4                showTextOrIcon
                0x00000000080074c0                showTagBlock
                0x0000000008007f20                showTagWithYOffset
                0x0000000008008ba4                showIconBlock
                0x0000000008008d60                showTagGroup
                0x0000000008008f54                showTagIconGroup
                0x00000000080092b8                showTagList
                0x00000000080098c0                showScrollBarY
                0x0000000008009c6c                showScreenPageInfo
                0x000000000800a088                showProgressBarX
                0x000000000800a294                showColorBoard
                0x000000000800a4cc                showColorSelBorder
                0x000000000800a7d4                clearColorSelBorder
                0x000000000800ab34                showScreenHeader
                0x000000000800ac50                showScreenFooter
                0x000000000800aefc                showScreenMain
                0x000000000800b048                showScreenMainHome
                0x000000000800b31c                showScreenMainBook
                0x000000000800b610                showScreenMainSetting
                0x000000000800bc54                showScreenMainColorPicker
                0x000000000800bd70                showScreen
 .text          0x000000000800be7c      0xc60 obj/default/sdread.o
                0x000000000800be7c                fread_txt
                0x000000000800c1ac                fseek_txt
                0x000000000800c420                ftell_txt
                0x000000000800c4ac                fopen_txt
                0x000000000800c4e0                fclose_txt
                0x000000000800c53c                getfileSizeTxt
                0x000000000800c598                readLongFileName
 .text          0x000000000800cadc     0x23c4 obj/default/tftlcd.o
                0x000000000800cadc                LCD_ReadReg
                0x000000000800cb20                LCD_init
                0x000000000800cca0                LCD_RD_DATA
                0x000000000800cd00                LCD_WR_REG
                0x000000000800cd64                LCD_WR_DATA
                0x000000000800cdc8                LCD_WriteReg
                0x000000000800ce14                LCD5310_init
                0x000000000800e224                LCD_SetCursor
                0x000000000800e2d0                LCD_DrawPoint
                0x000000000800e32c                LCD_Fast_DrawPoint
                0x000000000800e3ec                LCD_WriteRAM_Prepare
                0x000000000800e428                LCD_WriteRAM
                0x000000000800e460                LCD_DrawLine
                0x000000000800e62c                LCD_Display_Dir
                0x000000000800e740                LCD_Fill
                0x000000000800e808                LCD_Color_Fill
                0x000000000800e908                delay
                0x000000000800e948                LCD_Scan_Dir
                0x000000000800ecc0                LCD_Clear
                0x000000000800ed5c                LCD_Set_Window
 .text          0x000000000800eea0      0x620 obj/default/time_count.o
                0x000000000800eea0                scrHeaderTimeResp
                0x000000000800f140                timeCount1s_handler
                0x000000000800f350                getTimeInSeconds
                0x000000000800f3d4                Timer_Initial
 .text          0x000000000800f4c0      0xea8 obj/default/touch.o
                0x000000000800f4c0                delay_us
                0x000000000800f50c                TP_Write_Byte
                0x000000000800f628                TP_Read_AD
                0x000000000800f898                TP_Read_XOY
                0x000000000800fa68                TP_Read_XY
                0x000000000800fad8                TP_Read_XY2
                0x000000000800fc68                TP_Scan
                0x000000000800ff00                TP_Init
                0x000000000801003c                physical2logical
                0x000000000801029c                intr_scan_headler
 .text          0x0000000008010368     0x28e4 obj/default/touch_resp.o
                0x0000000008010368                posValidInAbsPos
                0x0000000008010438                screenRespTask
                0x00000000080107a4                scrHeaderResp
                0x0000000008010898                scrFooterResp
                0x0000000008010bb0                scrMainHomeResp
                0x0000000008010eb4                scrMainBookResp
                0x00000000080113e4                scrMainSettingResp
                0x000000000801206c                scrMainColorPickerResp
                0x0000000008012160                colorBoardResp
                0x0000000008012304                scrPageInfoResp
                0x00000000080124b0                prgBarXResp
                0x0000000008012574                scrollBarYResp
 .text          0x0000000008012c4c     0x4cc0 obj/default/txt_read.o
                0x0000000008012c4c                readAlltxtFilesOfSDcard
                0x0000000008013178                readBookOfTxtFile
                0x00000000080132c0                openTxtFile
                0x000000000801346c                closeTxtFile
                0x00000000080134c8                readPageGBK
                0x0000000008013d0c                readPageUNI
                0x0000000008013d88                readPageUNI_BIG
                0x0000000008014880                readPageUNI_LITTLE
                0x000000000801537c                readCurPage
                0x0000000008015590                readLastPage
                0x0000000008015b3c                readNextPage
                0x0000000008015d18                readPageByRatio
                0x00000000080162e8                findPageStart_UNI
                0x000000000801637c                findPageStart_GBK
                0x00000000080169f8                findPageStart_UNI_BIG
                0x0000000008017120                findPageStart_UNI_LITTLE
                0x0000000008017848                isEnglishletter
                0x00000000080178ac                isUNIEnglishletter
 .text          0x000000000801790c        0x0 obj/default/ucs2_font.o
 .text          0x000000000801790c       0x60 e:/altera/15.0/nios2eds/bin/gnu/h-x86_64-mingw32/bin/../lib/gcc/nios2-elf/4.9.1\libgcc.a(_fixunssfsi.o)
                0x000000000801790c                __fixunssfsi
 .text          0x000000000801796c       0x74 e:/altera/15.0/nios2eds/bin/gnu/h-x86_64-mingw32/bin/../lib/gcc/nios2-elf/4.9.1\libgcc.a(_fixunsdfsi.o)
                0x000000000801796c                __fixunsdfsi
 .text          0x00000000080179e0      0x12c e:/altera/15.0/nios2eds/bin/gnu/h-x86_64-mingw32/bin/../lib/gcc/nios2-elf/4.9.1\libgcc.a(lib2-divmod.o)
                0x0000000008017a4c                __divsi3
                0x0000000008017aa0                __modsi3
                0x0000000008017afc                __udivsi3
                0x0000000008017b04                __umodsi3
 .text          0x0000000008017b0c      0x4e0 e:/altera/15.0/nios2eds/bin/gnu/h-x86_64-mingw32/bin/../lib/gcc/nios2-elf/4.9.1\libgcc.a(addsf3.o)
                0x0000000008017b0c                __addsf3
 .text          0x0000000008017fec      0x450 e:/altera/15.0/nios2eds/bin/gnu/h-x86_64-mingw32/bin/../lib/gcc/nios2-elf/4.9.1\libgcc.a(divsf3.o)
                0x0000000008017fec                __divsf3
 .text          0x000000000801843c       0xb8 e:/altera/15.0/nios2eds/bin/gnu/h-x86_64-mingw32/bin/../lib/gcc/nios2-elf/4.9.1\libgcc.a(gesf2.o)
                0x000000000801843c                __gesf2
                0x000000000801843c                __gtsf2
 .text          0x00000000080184f4       0xb8 e:/altera/15.0/nios2eds/bin/gnu/h-x86_64-mingw32/bin/../lib/gcc/nios2-elf/4.9.1\libgcc.a(lesf2.o)
                0x00000000080184f4                __ltsf2
                0x00000000080184f4                __lesf2
 .text          0x00000000080185ac      0x424 e:/altera/15.0/nios2eds/bin/gnu/h-x86_64-mingw32/bin/../lib/gcc/nios2-elf/4.9.1\libgcc.a(mulsf3.o)
                0x00000000080185ac                __mulsf3
 .text          0x00000000080189d0      0x4fc e:/altera/15.0/nios2eds/bin/gnu/h-x86_64-mingw32/bin/../lib/gcc/nios2-elf/4.9.1\libgcc.a(subsf3.o)
                0x00000000080189d0                __subsf3
 .text          0x0000000008018ecc       0x78 e:/altera/15.0/nios2eds/bin/gnu/h-x86_64-mingw32/bin/../lib/gcc/nios2-elf/4.9.1\libgcc.a(fixsfsi.o)
                0x0000000008018ecc                __fixsfsi
 .text          0x0000000008018f44      0x134 e:/altera/15.0/nios2eds/bin/gnu/h-x86_64-mingw32/bin/../lib/gcc/nios2-elf/4.9.1\libgcc.a(floatsisf.o)
                0x0000000008018f44                __floatsisf
 .text          0x0000000008019078      0x110 e:/altera/15.0/nios2eds/bin/gnu/h-x86_64-mingw32/bin/../lib/gcc/nios2-elf/4.9.1\libgcc.a(floatunsisf.o)
                0x0000000008019078                __floatunsisf
 .text          0x0000000008019188      0x89c e:/altera/15.0/nios2eds/bin/gnu/h-x86_64-mingw32/bin/../lib/gcc/nios2-elf/4.9.1\libgcc.a(adddf3.o)
                0x0000000008019188                __adddf3
 .text          0x0000000008019a24      0x8cc e:/altera/15.0/nios2eds/bin/gnu/h-x86_64-mingw32/bin/../lib/gcc/nios2-elf/4.9.1\libgcc.a(divdf3.o)
                0x0000000008019a24                __divdf3
 .text          0x000000000801a2f0       0xe0 e:/altera/15.0/nios2eds/bin/gnu/h-x86_64-mingw32/bin/../lib/gcc/nios2-elf/4.9.1\libgcc.a(gedf2.o)
                0x000000000801a2f0                __gedf2
                0x000000000801a2f0                __gtdf2
 .text          0x000000000801a3d0      0x724 e:/altera/15.0/nios2eds/bin/gnu/h-x86_64-mingw32/bin/../lib/gcc/nios2-elf/4.9.1\libgcc.a(muldf3.o)
                0x000000000801a3d0                __muldf3
 .text          0x000000000801aaf4      0x8d0 e:/altera/15.0/nios2eds/bin/gnu/h-x86_64-mingw32/bin/../lib/gcc/nios2-elf/4.9.1\libgcc.a(subdf3.o)
                0x000000000801aaf4                __subdf3
 .text          0x000000000801b3c4       0x88 e:/altera/15.0/nios2eds/bin/gnu/h-x86_64-mingw32/bin/../lib/gcc/nios2-elf/4.9.1\libgcc.a(fixdfsi.o)
                0x000000000801b3c4                __fixdfsi
 .text          0x000000000801b44c       0xd0 e:/altera/15.0/nios2eds/bin/gnu/h-x86_64-mingw32/bin/../lib/gcc/nios2-elf/4.9.1\libgcc.a(floatsidf.o)
                0x000000000801b44c                __floatsidf
 .text          0x000000000801b51c       0xa4 e:/altera/15.0/nios2eds/bin/gnu/h-x86_64-mingw32/bin/../lib/gcc/nios2-elf/4.9.1\libgcc.a(floatunsidf.o)
                0x000000000801b51c                __floatunsidf
 .text          0x000000000801b5c0      0x110 e:/altera/15.0/nios2eds/bin/gnu/h-x86_64-mingw32/bin/../lib/gcc/nios2-elf/4.9.1\libgcc.a(extendsfdf2.o)
                0x000000000801b5c0                __extendsfdf2
 .text          0x000000000801b6d0      0x198 e:/altera/15.0/nios2eds/bin/gnu/h-x86_64-mingw32/bin/../lib/gcc/nios2-elf/4.9.1\libgcc.a(truncdfsf2.o)
                0x000000000801b6d0                __truncdfsf2
 .text          0x000000000801b868       0x64 e:/altera/15.0/nios2eds/bin/gnu/h-x86_64-mingw32/bin/../lib/gcc/nios2-elf/4.9.1\libgcc.a(_clzsi2.o)
                0x000000000801b868                __clzsi2
 .text          0x000000000801b8cc        0x0 e:/altera/15.0/nios2eds/bin/gnu/h-x86_64-mingw32/bin/../lib/gcc/nios2-elf/4.9.1\libgcc.a(_clz.o)
 .text          0x000000000801b8cc       0x28 e:/altera/15.0/nios2eds/bin/gnu/h-x86_64-mingw32/bin/../lib/gcc/nios2-elf/4.9.1/../../../../../H-x86_64-mingw32/nios2-elf/lib\libc.a(lib_a-malloc.o)
                0x000000000801b8cc                malloc
                0x000000000801b8e0                free
 .text          0x000000000801b8f4      0x7a8 e:/altera/15.0/nios2eds/bin/gnu/h-x86_64-mingw32/bin/../lib/gcc/nios2-elf/4.9.1/../../../../../H-x86_64-mingw32/nios2-elf/lib\libc.a(lib_a-mallocr.o)
                0x000000000801b8f4                _malloc_r
 .text          0x000000000801c09c      0x124 e:/altera/15.0/nios2eds/bin/gnu/h-x86_64-mingw32/bin/../lib/gcc/nios2-elf/4.9.1/../../../../../H-x86_64-mingw32/nios2-elf/lib\libc.a(lib_a-memset.o)
                0x000000000801c09c                memset
 .text          0x000000000801c1c0       0x54 e:/altera/15.0/nios2eds/bin/gnu/h-x86_64-mingw32/bin/../lib/gcc/nios2-elf/4.9.1/../../../../../H-x86_64-mingw32/nios2-elf/lib\libc.a(lib_a-sbrkr.o)
                0x000000000801c1c0                _sbrk_r
 .text          0x000000000801c214       0xc4 e:/altera/15.0/nios2eds/bin/gnu/h-x86_64-mingw32/bin/../lib/gcc/nios2-elf/4.9.1/../../../../../H-x86_64-mingw32/nios2-elf/lib\libc.a(lib_a-sprintf.o)
                0x000000000801c214                _sprintf_r
                0x000000000801c26c                sprintf
 .text          0x000000000801c2d8       0x90 e:/altera/15.0/nios2eds/bin/gnu/h-x86_64-mingw32/bin/../lib/gcc/nios2-elf/4.9.1/../../../../../H-x86_64-mingw32/nios2-elf/lib\libc.a(lib_a-strcpy.o)
                0x000000000801c2d8                strcpy
 .text          0x000000000801c368       0x98 e:/altera/15.0/nios2eds/bin/gnu/h-x86_64-mingw32/bin/../lib/gcc/nios2-elf/4.9.1/../../../../../H-x86_64-mingw32/nios2-elf/lib\libc.a(lib_a-strlen.o)
                0x000000000801c368                strlen
 .text          0x000000000801c400     0x1f90 e:/altera/15.0/nios2eds/bin/gnu/h-x86_64-mingw32/bin/../lib/gcc/nios2-elf/4.9.1/../../../../../H-x86_64-mingw32/nios2-elf/lib\libc.a(lib_a-svfprintf.o)
                0x000000000801c400                ___svfprintf_internal_r
 .text          0x000000000801e390     0x1928 e:/altera/15.0/nios2eds/bin/gnu/h-x86_64-mingw32/bin/../lib/gcc/nios2-elf/4.9.1/../../../../../H-x86_64-mingw32/nios2-elf/lib\libc.a(lib_a-dtoa.o)
                0x000000000801e590                _dtoa_r
 .text          0x000000000801fcb8      0x414 e:/altera/15.0/nios2eds/bin/gnu/h-x86_64-mingw32/bin/../lib/gcc/nios2-elf/4.9.1/../../../../../H-x86_64-mingw32/nios2-elf/lib\libc.a(lib_a-freer.o)
                0x000000000801fcb8                _malloc_trim_r
                0x000000000801fddc                _free_r
 .text          0x00000000080200cc        0x0 e:/altera/15.0/nios2eds/bin/gnu/h-x86_64-mingw32/bin/../lib/gcc/nios2-elf/4.9.1/../../../../../H-x86_64-mingw32/nios2-elf/lib\libc.a(lib_a-impure.o)
 .text          0x00000000080200cc        0x0 e:/altera/15.0/nios2eds/bin/gnu/h-x86_64-mingw32/bin/../lib/gcc/nios2-elf/4.9.1/../../../../../H-x86_64-mingw32/nios2-elf/lib\libc.a(lib_a-int_errno.o)
 .text          0x00000000080200cc       0xe0 e:/altera/15.0/nios2eds/bin/gnu/h-x86_64-mingw32/bin/../lib/gcc/nios2-elf/4.9.1/../../../../../H-x86_64-mingw32/nios2-elf/lib\libc.a(lib_a-locale.o)
                0x00000000080200cc                _setlocale_r
                0x0000000008020148                __locale_charset
                0x0000000008020154                __locale_mb_cur_max
                0x0000000008020164                __locale_msgcharset
                0x0000000008020170                __locale_cjk_lang
                0x0000000008020178                _localeconv_r
                0x0000000008020184                setlocale
                0x00000000080201a0                localeconv
 .text          0x00000000080201ac       0xe8 e:/altera/15.0/nios2eds/bin/gnu/h-x86_64-mingw32/bin/../lib/gcc/nios2-elf/4.9.1/../../../../../H-x86_64-mingw32/nios2-elf/lib\libc.a(lib_a-memchr.o)
                0x00000000080201ac                memchr
 .text          0x0000000008020294      0x138 e:/altera/15.0/nios2eds/bin/gnu/h-x86_64-mingw32/bin/../lib/gcc/nios2-elf/4.9.1/../../../../../H-x86_64-mingw32/nios2-elf/lib\libc.a(lib_a-memcpy.o)
                0x0000000008020294                memcpy
 .text          0x00000000080203cc      0xf8c e:/altera/15.0/nios2eds/bin/gnu/h-x86_64-mingw32/bin/../lib/gcc/nios2-elf/4.9.1/../../../../../H-x86_64-mingw32/nios2-elf/lib\libc.a(lib_a-mprec.o)
                0x00000000080203cc                _Balloc
                0x0000000008020474                _Bfree
                0x000000000802049c                __multadd
                0x00000000080205b0                __s2b
                0x00000000080206b4                __hi0bits
                0x000000000802071c                __lo0bits
                0x00000000080207cc                __i2b
                0x0000000008020808                __multiply
                0x0000000008020a04                __pow5mult
                0x0000000008020b44                __lshift
                0x0000000008020c8c                __mcmp
                0x0000000008020cec                __mdiff
                0x0000000008020e84                __ulp
                0x0000000008020ee4                __b2d
                0x0000000008021000                __d2b
                0x000000000802113c                __ratio
                0x00000000080211e0                _mprec_log10
                0x0000000008021254                __copybits
                0x00000000080212cc                __any_on
 .text          0x0000000008021358       0x74 e:/altera/15.0/nios2eds/bin/gnu/h-x86_64-mingw32/bin/../lib/gcc/nios2-elf/4.9.1/../../../../../H-x86_64-mingw32/nios2-elf/lib\libc.a(lib_a-s_fpclassify.o)
                0x0000000008021358                __fpclassifyd
 .text          0x00000000080213cc       0xa4 e:/altera/15.0/nios2eds/bin/gnu/h-x86_64-mingw32/bin/../lib/gcc/nios2-elf/4.9.1/../../../../../H-x86_64-mingw32/nios2-elf/lib\libc.a(lib_a-strcmp.o)
                0x00000000080213cc                strcmp
 .text          0x0000000008021470     0x1230 e:/altera/15.0/nios2eds/bin/gnu/h-x86_64-mingw32/bin/../lib/gcc/nios2-elf/4.9.1/../../../../../H-x86_64-mingw32/nios2-elf/lib\libc.a(lib_a-svfiprintf.o)
                0x0000000008021470                __ssprint_r
                0x0000000008021638                ___svfiprintf_internal_r
 .text          0x00000000080226a0       0xc4 e:/altera/15.0/nios2eds/bin/gnu/h-x86_64-mingw32/bin/../lib/gcc/nios2-elf/4.9.1/../../../../../H-x86_64-mingw32/nios2-elf/lib\libc.a(lib_a-callocr.o)
                0x00000000080226a0                _calloc_r
 .text          0x0000000008022764      0x15c e:/altera/15.0/nios2eds/bin/gnu/h-x86_64-mingw32/bin/../lib/gcc/nios2-elf/4.9.1/../../../../../H-x86_64-mingw32/nios2-elf/lib\libc.a(lib_a-memmove.o)
                0x0000000008022764                memmove
 .text          0x00000000080228c0      0x5a0 e:/altera/15.0/nios2eds/bin/gnu/h-x86_64-mingw32/bin/../lib/gcc/nios2-elf/4.9.1/../../../../../H-x86_64-mingw32/nios2-elf/lib\libc.a(lib_a-reallocr.o)
                0x00000000080228c0                _realloc_r
 .text          0x0000000008022e60      0x5c0 e:/altera/15.0/nios2eds/bin/gnu/h-x86_64-mingw32/bin/../lib/gcc/nios2-elf/4.9.1\libgcc.a(_udivdi3.o)
                0x0000000008022e60                __udivdi3
 .text          0x0000000008023420      0x590 e:/altera/15.0/nios2eds/bin/gnu/h-x86_64-mingw32/bin/../lib/gcc/nios2-elf/4.9.1\libgcc.a(_umoddi3.o)
                0x0000000008023420                __umoddi3
 .text          0x00000000080239b0       0x84 e:/altera/15.0/nios2eds/bin/gnu/h-x86_64-mingw32/bin/../lib/gcc/nios2-elf/4.9.1\libgcc.a(eqdf2.o)
                0x00000000080239b0                __nedf2
                0x00000000080239b0                __eqdf2
 .text          0x0000000008023a34       0xe0 e:/altera/15.0/nios2eds/bin/gnu/h-x86_64-mingw32/bin/../lib/gcc/nios2-elf/4.9.1\libgcc.a(ledf2.o)
                0x0000000008023a34                __ledf2
                0x0000000008023a34                __ltdf2
 .text          0x0000000008023b14      0x1e0 ../ebook_release1_bsp/\libhal_bsp.a(alt_iic.o)
                0x0000000008023b14                alt_ic_isr_register
                0x0000000008023b64                alt_ic_irq_enable
                0x0000000008023c04                alt_ic_irq_disable
                0x0000000008023ca8                alt_ic_irq_enabled
 .text          0x0000000008023cf4       0xf0 ../ebook_release1_bsp/\libhal_bsp.a(alt_iic_isr_register.o)
                0x0000000008023cf4                alt_iic_isr_register
 .text          0x0000000008023de4        0x0 ../ebook_release1_bsp/\libhal_bsp.a(alt_irq_entry.o)
 .text          0x0000000008023de4        0x0 ../ebook_release1_bsp/\libhal_bsp.a(alt_irq_handler.o)
 .text          0x0000000008023de4        0x0 ../ebook_release1_bsp/\libhal_bsp.a(alt_irq_vars.o)
 .text          0x0000000008023de4       0x78 ../ebook_release1_bsp/\libhal_bsp.a(alt_main.o)
                0x0000000008023de4                alt_main
 .text          0x0000000008023e5c       0x40 ../ebook_release1_bsp/\libhal_bsp.a(alt_malloc_lock.o)
                0x0000000008023e5c                __malloc_lock
                0x0000000008023e7c                __malloc_unlock
 .text          0x0000000008023e9c       0xb0 ../ebook_release1_bsp/\libhal_bsp.a(alt_sbrk.o)
                0x0000000008023e9c                sbrk
 .text          0x0000000008023f4c       0x30 ../ebook_release1_bsp/\libhal_bsp.a(alt_usleep.o)
                0x0000000008023f4c                usleep
 .text          0x0000000008023f7c       0xe4 ../ebook_release1_bsp/\libhal_bsp.a(alt_sys_init.o)
                0x0000000008023fb4                alt_irq_init
                0x0000000008023fe8                alt_sys_init
 .text          0x0000000008024060     0x4450 ../ebook_release1_bsp/\libhal_bsp.a(Altera_UP_SD_Card_Avalon_Interface.o)
                0x0000000008024060                Write_Sector_Data
                0x0000000008024118                Save_Modified_Sector
                0x0000000008024168                Read_Sector_Data
                0x0000000008024250                get_cluster_flag
                0x000000000802430c                mark_cluster
                0x00000000080243f8                Check_for_Master_Boot_Record
                0x00000000080245a8                Read_File_Record_At_Offset
                0x000000000802482c                Write_File_Record_At_Offset
                0x0000000008024ac0                Check_for_DOS_FAT
                0x0000000008025168                Look_for_FAT16
                0x0000000008025258                filename_to_upper_case
                0x0000000008025318                check_file_name_for_FAT16_compliance
                0x0000000008025584                get_dir_divider_location
                0x000000000802563c                match_file_record_to_name_ext
                0x00000000080258d8                get_home_directory_cluster_for_file
                0x0000000008025e18                find_file_in_directory
                0x00000000080262a4                find_first_empty_cluster
                0x000000000802645c                find_first_empty_record_in_a_subdirectory
                0x00000000080266c4                find_first_empty_record_in_root_directory
                0x00000000080267fc                convert_filename_to_name_extension
                0x0000000008026984                create_file
                0x0000000008026c58                copy_file_record_name_to_string
                0x0000000008026d9c                alt_up_sd_card_open_dev
                0x0000000008026e5c                alt_up_sd_card_is_Present
                0x0000000008026f20                alt_up_sd_card_is_FAT16
                0x0000000008026f98                alt_up_sd_card_find_first
                0x0000000008027074                alt_up_sd_card_find_next
                0x0000000008027448                alt_up_sd_card_fopen
                0x00000000080277f4                alt_up_sd_card_set_attributes
                0x000000000802787c                alt_up_sd_card_get_attributes
                0x0000000008027908                alt_up_sd_card_read
                0x0000000008027c90                alt_up_sd_card_write
                0x00000000080282dc                alt_up_sd_card_fclose
 .text          0x00000000080284b0      0xaf8 ../ebook_release1_bsp/\libhal_bsp.a(altera_avalon_epcs_flash_controller.o)
                0x00000000080284e8                alt_epcs_flash_init
                0x0000000008028a1c                alt_epcs_flash_write
                0x0000000008028c7c                alt_epcs_flash_get_info
                0x0000000008028d9c                alt_epcs_flash_erase_block
                0x0000000008028e10                alt_epcs_flash_write_block
                0x0000000008028f10                alt_epcs_flash_read
 .text          0x0000000008028fa8      0x164 ../ebook_release1_bsp/\libhal_bsp.a(altera_avalon_jtag_uart_fd.o)
                0x0000000008028fa8                altera_avalon_jtag_uart_read_fd
                0x0000000008029008                altera_avalon_jtag_uart_write_fd
                0x0000000008029068                altera_avalon_jtag_uart_close_fd
                0x00000000080290b8                altera_avalon_jtag_uart_ioctl_fd
 .text          0x000000000802910c      0x3d8 ../ebook_release1_bsp/\libhal_bsp.a(altera_avalon_jtag_uart_init.o)
                0x000000000802910c                altera_avalon_jtag_uart_init
                0x000000000802947c                altera_avalon_jtag_uart_close
 .text          0x00000000080294e4       0xec ../ebook_release1_bsp/\libhal_bsp.a(altera_avalon_jtag_uart_ioctl.o)
                0x00000000080294e4                altera_avalon_jtag_uart_ioctl
 .text          0x00000000080295d0      0x20c ../ebook_release1_bsp/\libhal_bsp.a(altera_avalon_jtag_uart_read.o)
                0x00000000080295d0                altera_avalon_jtag_uart_read
 .text          0x00000000080297dc      0x218 ../ebook_release1_bsp/\libhal_bsp.a(altera_avalon_jtag_uart_write.o)
                0x00000000080297dc                altera_avalon_jtag_uart_write
 .text          0x00000000080299f4       0xfc ../ebook_release1_bsp/\libhal_bsp.a(altera_avalon_timer_sc.o)
                0x0000000008029a68                alt_avalon_timer_sc_init
 .text          0x0000000008029af0      0x62c ../ebook_release1_bsp/\libhal_bsp.a(epcs_commands.o)
                0x0000000008029af0                epcs_read_status_register
                0x0000000008029bbc                epcs_sector_erase
                0x0000000008029cb4                epcs_read_buffer
                0x0000000008029da8                epcs_write_enable
                0x0000000008029df8                epcs_write_status_register
                0x0000000008029e60                epcs_write_buffer
                0x0000000008029f7c                epcs_read_electronic_signature
                0x0000000008029fe4                epcs_read_device_id
                0x000000000802a064                epcs_enter_4_bytes_mode
                0x000000000802a0c0                epcs_exit_4_bytes_mode
 .text          0x000000000802a11c      0x140 ../ebook_release1_bsp/\libhal_bsp.a(alt_alarm_start.o)
                0x000000000802a11c                alt_alarm_start
 .text          0x000000000802a25c      0x158 ../ebook_release1_bsp/\libhal_bsp.a(alt_busy_sleep.o)
                0x000000000802a25c                alt_busy_sleep
 .text          0x000000000802a3b4      0x120 ../ebook_release1_bsp/\libhal_bsp.a(alt_close.o)
                0x000000000802a404                close
 .text          0x000000000802a4d4       0x2c ../ebook_release1_bsp/\libhal_bsp.a(alt_dev.o)
 .text          0x000000000802a500       0xf4 ../ebook_release1_bsp/\libhal_bsp.a(alt_dev_llist_insert.o)
                0x000000000802a550                alt_dev_llist_insert
 .text          0x000000000802a5f4       0x5c ../ebook_release1_bsp/\libhal_bsp.a(alt_do_ctors.o)
                0x000000000802a5f4                _do_ctors
 .text          0x000000000802a650       0x5c ../ebook_release1_bsp/\libhal_bsp.a(alt_do_dtors.o)
                0x000000000802a650                _do_dtors
 .text          0x000000000802a6ac        0x0 ../ebook_release1_bsp/\libhal_bsp.a(alt_errno.o)
 .text          0x000000000802a6ac        0x0 ../ebook_release1_bsp/\libhal_bsp.a(alt_exception_entry.o)
 .text          0x000000000802a6ac       0x90 ../ebook_release1_bsp/\libhal_bsp.a(alt_find_dev.o)
                0x000000000802a6ac                alt_find_dev
 .text          0x000000000802a73c       0xb8 ../ebook_release1_bsp/\libhal_bsp.a(alt_flash_dev.o)
                0x000000000802a73c                alt_flash_open_dev
                0x000000000802a7a4                alt_flash_close_dev
 .text          0x000000000802a7f4       0x9c ../ebook_release1_bsp/\libhal_bsp.a(alt_instruction_exception_entry.o)
                0x000000000802a7f4                alt_exception_cause_generated_bad_addr
 .text          0x000000000802a890      0x138 ../ebook_release1_bsp/\libhal_bsp.a(alt_io_redirect.o)
                0x000000000802a950                alt_io_redirect
 .text          0x000000000802a9c8      0x274 ../ebook_release1_bsp/\libhal_bsp.a(alt_open.o)
                0x000000000802aae4                open
 .text          0x000000000802ac3c       0x60 ../ebook_release1_bsp/\libhal_bsp.a(alt_release_fd.o)
                0x000000000802ac3c                alt_release_fd
 .text          0x000000000802ac9c      0x19c ../ebook_release1_bsp/\libhal_bsp.a(alt_tick.o)
                0x000000000802ac9c                alt_alarm_stop
                0x000000000802ad34                alt_tick
 .text          0x000000000802ae38       0x20 ../ebook_release1_bsp/\libhal_bsp.a(altera_nios2_gen2_irq.o)
                0x000000000802ae38                altera_nios2_gen2_irq_init
 .text          0x000000000802ae58      0x204 ../ebook_release1_bsp/\libhal_bsp.a(altera_avalon_spi.o)
                0x000000000802ae58                alt_avalon_spi_command
 .text          0x000000000802b05c      0x114 ../ebook_release1_bsp/\libhal_bsp.a(alt_find_file.o)
                0x000000000802b05c                alt_find_file
 .text          0x000000000802b170       0xb4 ../ebook_release1_bsp/\libhal_bsp.a(alt_get_fd.o)
                0x000000000802b170                alt_get_fd
 .text          0x000000000802b224       0x14 e:/altera/15.0/nios2eds/bin/gnu/h-x86_64-mingw32/bin/../lib/gcc/nios2-elf/4.9.1/../../../../../H-x86_64-mingw32/nios2-elf/lib\libc.a(lib_a-atexit.o)
                0x000000000802b224                atexit
 .text          0x000000000802b238       0x38 e:/altera/15.0/nios2eds/bin/gnu/h-x86_64-mingw32/bin/../lib/gcc/nios2-elf/4.9.1/../../../../../H-x86_64-mingw32/nios2-elf/lib\libc.a(lib_a-exit.o)
                0x000000000802b238                exit
 .text          0x000000000802b270       0x7c e:/altera/15.0/nios2eds/bin/gnu/h-x86_64-mingw32/bin/../lib/gcc/nios2-elf/4.9.1/../../../../../H-x86_64-mingw32/nios2-elf/lib\libc.a(lib_a-memcmp.o)
                0x000000000802b270                memcmp
 .text          0x000000000802b2ec      0x114 e:/altera/15.0/nios2eds/bin/gnu/h-x86_64-mingw32/bin/../lib/gcc/nios2-elf/4.9.1/../../../../../H-x86_64-mingw32/nios2-elf/lib\libc.a(lib_a-__atexit.o)
                0x000000000802b2ec                __register_exitproc
 .text          0x000000000802b400      0x194 e:/altera/15.0/nios2eds/bin/gnu/h-x86_64-mingw32/bin/../lib/gcc/nios2-elf/4.9.1/../../../../../H-x86_64-mingw32/nios2-elf/lib\libc.a(lib_a-__call_atexit.o)
                0x000000000802b400                __call_exitprocs
 .text          0x000000000802b594       0x34 ../ebook_release1_bsp/\libhal_bsp.a(alt_exit.o)
                0x000000000802b594                _exit
 *(.gnu.warning.*)
 *(.fini)
                0x000000000802b5c8                PROVIDE (__etext, ABSOLUTE (.))
                0x000000000802b5c8                PROVIDE (_etext, ABSOLUTE (.))
                0x000000000802b5c8                PROVIDE (etext, ABSOLUTE (.))
 *(.eh_frame_hdr)
                0x000000000802b5c8                . = ALIGN (0x4)
                0x000000000802b5c8                PROVIDE (__preinit_array_start, ABSOLUTE (.))
 *(.preinit_array)
                0x000000000802b5c8                PROVIDE (__preinit_array_end, ABSOLUTE (.))
                0x000000000802b5c8                PROVIDE (__init_array_start, ABSOLUTE (.))
 *(.init_array)
                0x000000000802b5c8                PROVIDE (__init_array_end, ABSOLUTE (.))
                0x000000000802b5c8                PROVIDE (__fini_array_start, ABSOLUTE (.))
 *(.fini_array)
                0x000000000802b5c8                PROVIDE (__fini_array_end, ABSOLUTE (.))
 *(.eh_frame)
 *(.gcc_except_table .gcc_except_table.*)
 *(.dynamic)
                0x000000000802b5c8                PROVIDE (__CTOR_LIST__, ABSOLUTE (.))
 *(.ctors)
 *(SORT(.ctors.*))
                0x000000000802b5c8                PROVIDE (__CTOR_END__, ABSOLUTE (.))
                0x000000000802b5c8                PROVIDE (__DTOR_LIST__, ABSOLUTE (.))
 *(.dtors)
 *(SORT(.dtors.*))
                0x000000000802b5c8                PROVIDE (__DTOR_END__, ABSOLUTE (.))
 *(.jcr)
                0x000000000802b5c8                . = ALIGN (0x4)

.rodata         0x000000000802b5c8   0x2bcf10
                0x000000000802b5c8                PROVIDE (__ram_rodata_start, ABSOLUTE (.))
                0x000000000802b5c8                . = ALIGN (0x4)
 *(.rodata .rodata.* .gnu.linkonce.r.*)
 .rodata        0x000000000802b5c8      0x800 obj/default/ascii_font.o
                0x000000000802b5c8                ascii_font_x8y16
 .rodata        0x000000000802bdc8      0x200 obj/default/color.o
                0x000000000802bdc8                color_form
 .rodata        0x000000000802bfc8    0xbc040 obj/default/gbk_font.o
                0x000000000802bfc8                gbk_font_x16y16
 .rodata        0x00000000080e8008       0x98 obj/default/icon_pic.o
                0x00000000080e8008                icon_setting
                0x00000000080e8028                icon_home
                0x00000000080e8048                icon_back
                0x00000000080e8068                icon_dot
                0x00000000080e8080                icon_move_up
                0x00000000080e8090                icon_move_down
 .rodata        0x00000000080e80a0       0xd0 obj/default/screen.o
 .rodata        0x00000000080e8170        0xc obj/default/touch.o
                0x00000000080e8170                TP_ADJDIS_TBL
 .rodata        0x00000000080e817c        0x4 obj/default/touch_resp.o
 .rodata        0x00000000080e8180       0x2c obj/default/txt_read.o
 .rodata        0x00000000080e81ac   0x200000 obj/default/ucs2_font.o
                0x00000000080e81ac                ucs2_font_x16y16
 .rodata        0x00000000082e81ac      0x100 e:/altera/15.0/nios2eds/bin/gnu/h-x86_64-mingw32/bin/../lib/gcc/nios2-elf/4.9.1\libgcc.a(_clz.o)
                0x00000000082e81ac                __clz_tab
 .rodata.str1.4
                0x00000000082e82ac       0x42 e:/altera/15.0/nios2eds/bin/gnu/h-x86_64-mingw32/bin/../lib/gcc/nios2-elf/4.9.1/../../../../../H-x86_64-mingw32/nios2-elf/lib\libc.a(lib_a-svfprintf.o)
                                         0x44 (size before relaxing)
 .rodata        0x00000000082e82ee       0x20 e:/altera/15.0/nios2eds/bin/gnu/h-x86_64-mingw32/bin/../lib/gcc/nios2-elf/4.9.1/../../../../../H-x86_64-mingw32/nios2-elf/lib\libc.a(lib_a-svfprintf.o)
 *fill*         0x00000000082e830e        0x2 
 .rodata.str1.4
                0x00000000082e8310       0x10 e:/altera/15.0/nios2eds/bin/gnu/h-x86_64-mingw32/bin/../lib/gcc/nios2-elf/4.9.1/../../../../../H-x86_64-mingw32/nios2-elf/lib\libc.a(lib_a-dtoa.o)
                                         0x14 (size before relaxing)
 .rodata.str1.4
                0x00000000082e8320        0x2 e:/altera/15.0/nios2eds/bin/gnu/h-x86_64-mingw32/bin/../lib/gcc/nios2-elf/4.9.1/../../../../../H-x86_64-mingw32/nios2-elf/lib\libc.a(lib_a-impure.o)
                                          0x4 (size before relaxing)
 *fill*         0x00000000082e8322        0x2 
 .rodata.str1.4
                0x00000000082e8324        0xc e:/altera/15.0/nios2eds/bin/gnu/h-x86_64-mingw32/bin/../lib/gcc/nios2-elf/4.9.1/../../../../../H-x86_64-mingw32/nios2-elf/lib\libc.a(lib_a-locale.o)
                                         0x14 (size before relaxing)
 .rodata        0x00000000082e8330      0x124 e:/altera/15.0/nios2eds/bin/gnu/h-x86_64-mingw32/bin/../lib/gcc/nios2-elf/4.9.1/../../../../../H-x86_64-mingw32/nios2-elf/lib\libc.a(lib_a-mprec.o)
                0x00000000082e833c                __mprec_tinytens
                0x00000000082e8364                __mprec_bigtens
                0x00000000082e838c                __mprec_tens
 .rodata.str1.4
                0x0000000000000000       0x30 e:/altera/15.0/nios2eds/bin/gnu/h-x86_64-mingw32/bin/../lib/gcc/nios2-elf/4.9.1/../../../../../H-x86_64-mingw32/nios2-elf/lib\libc.a(lib_a-svfiprintf.o)
 .rodata        0x00000000082e8454       0x20 e:/altera/15.0/nios2eds/bin/gnu/h-x86_64-mingw32/bin/../lib/gcc/nios2-elf/4.9.1/../../../../../H-x86_64-mingw32/nios2-elf/lib\libc.a(lib_a-svfiprintf.o)
 .rodata        0x00000000082e8474       0x10 ../ebook_release1_bsp/\libhal_bsp.a(alt_main.o)
 .rodata        0x00000000082e8484       0x48 ../ebook_release1_bsp/\libhal_bsp.a(alt_sys_init.o)
 .rodata        0x00000000082e84cc        0xc ../ebook_release1_bsp/\libhal_bsp.a(alt_dev.o)
 *(.rodata1)
                0x00000000082e84d8                . = ALIGN (0x4)
                0x00000000082e84d8                PROVIDE (__ram_rodata_end, ABSOLUTE (.))
                0x000000000802b5c8                PROVIDE (__flash_rodata_start, LOADADDR (.rodata))

.rwdata         0x00000000082e84d8     0x21f4
                0x00000000082e84d8                PROVIDE (__ram_rwdata_start, ABSOLUTE (.))
                0x00000000082e84d8                . = ALIGN (0x4)
 *(.got.plt)
 *(.got)
 *(.data1)
 *(.data .data.* .gnu.linkonce.d.*)
 .data          0x00000000082e84d8        0x0 ../ebook_release1_bsp//obj/HAL/src/crt0.o
 .data          0x00000000082e84d8        0x0 obj/default/ascii_font.o
 .data          0x00000000082e84d8        0x0 obj/default/color.o
 .data          0x00000000082e84d8        0x0 obj/default/font_manage.o
 .data          0x00000000082e84d8        0x0 obj/default/gbk_font.o
 .data          0x00000000082e84d8        0x0 obj/default/icon_pic.o
 .data          0x00000000082e84d8        0x0 obj/default/main.o
 .data          0x00000000082e84d8        0x0 obj/default/screen.o
 .data          0x00000000082e84d8        0x0 obj/default/screen_display.o
 .data          0x00000000082e84d8        0x0 obj/default/sdread.o
 .data          0x00000000082e84d8        0x0 obj/default/tftlcd.o
 .data          0x00000000082e84d8        0x0 obj/default/time_count.o
 .data          0x00000000082e84d8       0x30 obj/default/touch.o
                0x00000000082e84d8                tp_dev
 .data          0x00000000082e8508        0x0 obj/default/touch_resp.o
 .data          0x00000000082e8508      0x5be obj/default/txt_read.o
                0x00000000082e8508                txtBookSpace
 .data          0x00000000082e8ac6        0x0 obj/default/ucs2_font.o
 .data          0x00000000082e8ac6        0x0 e:/altera/15.0/nios2eds/bin/gnu/h-x86_64-mingw32/bin/../lib/gcc/nios2-elf/4.9.1\libgcc.a(_fixunssfsi.o)
 .data          0x00000000082e8ac6        0x0 e:/altera/15.0/nios2eds/bin/gnu/h-x86_64-mingw32/bin/../lib/gcc/nios2-elf/4.9.1\libgcc.a(_fixunsdfsi.o)
 .data          0x00000000082e8ac6        0x0 e:/altera/15.0/nios2eds/bin/gnu/h-x86_64-mingw32/bin/../lib/gcc/nios2-elf/4.9.1\libgcc.a(lib2-divmod.o)
 .data          0x00000000082e8ac6        0x0 e:/altera/15.0/nios2eds/bin/gnu/h-x86_64-mingw32/bin/../lib/gcc/nios2-elf/4.9.1\libgcc.a(addsf3.o)
 .data          0x00000000082e8ac6        0x0 e:/altera/15.0/nios2eds/bin/gnu/h-x86_64-mingw32/bin/../lib/gcc/nios2-elf/4.9.1\libgcc.a(divsf3.o)
 .data          0x00000000082e8ac6        0x0 e:/altera/15.0/nios2eds/bin/gnu/h-x86_64-mingw32/bin/../lib/gcc/nios2-elf/4.9.1\libgcc.a(gesf2.o)
 .data          0x00000000082e8ac6        0x0 e:/altera/15.0/nios2eds/bin/gnu/h-x86_64-mingw32/bin/../lib/gcc/nios2-elf/4.9.1\libgcc.a(lesf2.o)
 .data          0x00000000082e8ac6        0x0 e:/altera/15.0/nios2eds/bin/gnu/h-x86_64-mingw32/bin/../lib/gcc/nios2-elf/4.9.1\libgcc.a(mulsf3.o)
 .data          0x00000000082e8ac6        0x0 e:/altera/15.0/nios2eds/bin/gnu/h-x86_64-mingw32/bin/../lib/gcc/nios2-elf/4.9.1\libgcc.a(subsf3.o)
 .data          0x00000000082e8ac6        0x0 e:/altera/15.0/nios2eds/bin/gnu/h-x86_64-mingw32/bin/../lib/gcc/nios2-elf/4.9.1\libgcc.a(fixsfsi.o)
 .data          0x00000000082e8ac6        0x0 e:/altera/15.0/nios2eds/bin/gnu/h-x86_64-mingw32/bin/../lib/gcc/nios2-elf/4.9.1\libgcc.a(floatsisf.o)
 .data          0x00000000082e8ac6        0x0 e:/altera/15.0/nios2eds/bin/gnu/h-x86_64-mingw32/bin/../lib/gcc/nios2-elf/4.9.1\libgcc.a(floatunsisf.o)
 .data          0x00000000082e8ac6        0x0 e:/altera/15.0/nios2eds/bin/gnu/h-x86_64-mingw32/bin/../lib/gcc/nios2-elf/4.9.1\libgcc.a(adddf3.o)
 .data          0x00000000082e8ac6        0x0 e:/altera/15.0/nios2eds/bin/gnu/h-x86_64-mingw32/bin/../lib/gcc/nios2-elf/4.9.1\libgcc.a(divdf3.o)
 .data          0x00000000082e8ac6        0x0 e:/altera/15.0/nios2eds/bin/gnu/h-x86_64-mingw32/bin/../lib/gcc/nios2-elf/4.9.1\libgcc.a(gedf2.o)
 .data          0x00000000082e8ac6        0x0 e:/altera/15.0/nios2eds/bin/gnu/h-x86_64-mingw32/bin/../lib/gcc/nios2-elf/4.9.1\libgcc.a(muldf3.o)
 .data          0x00000000082e8ac6        0x0 e:/altera/15.0/nios2eds/bin/gnu/h-x86_64-mingw32/bin/../lib/gcc/nios2-elf/4.9.1\libgcc.a(subdf3.o)
 .data          0x00000000082e8ac6        0x0 e:/altera/15.0/nios2eds/bin/gnu/h-x86_64-mingw32/bin/../lib/gcc/nios2-elf/4.9.1\libgcc.a(fixdfsi.o)
 .data          0x00000000082e8ac6        0x0 e:/altera/15.0/nios2eds/bin/gnu/h-x86_64-mingw32/bin/../lib/gcc/nios2-elf/4.9.1\libgcc.a(floatsidf.o)
 .data          0x00000000082e8ac6        0x0 e:/altera/15.0/nios2eds/bin/gnu/h-x86_64-mingw32/bin/../lib/gcc/nios2-elf/4.9.1\libgcc.a(floatunsidf.o)
 .data          0x00000000082e8ac6        0x0 e:/altera/15.0/nios2eds/bin/gnu/h-x86_64-mingw32/bin/../lib/gcc/nios2-elf/4.9.1\libgcc.a(extendsfdf2.o)
 .data          0x00000000082e8ac6        0x0 e:/altera/15.0/nios2eds/bin/gnu/h-x86_64-mingw32/bin/../lib/gcc/nios2-elf/4.9.1\libgcc.a(truncdfsf2.o)
 .data          0x00000000082e8ac6        0x0 e:/altera/15.0/nios2eds/bin/gnu/h-x86_64-mingw32/bin/../lib/gcc/nios2-elf/4.9.1\libgcc.a(_clzsi2.o)
 .data          0x00000000082e8ac6        0x0 e:/altera/15.0/nios2eds/bin/gnu/h-x86_64-mingw32/bin/../lib/gcc/nios2-elf/4.9.1\libgcc.a(_clz.o)
 .data          0x00000000082e8ac6        0x0 e:/altera/15.0/nios2eds/bin/gnu/h-x86_64-mingw32/bin/../lib/gcc/nios2-elf/4.9.1/../../../../../H-x86_64-mingw32/nios2-elf/lib\libc.a(lib_a-malloc.o)
 *fill*         0x00000000082e8ac6        0x2 
 .data          0x00000000082e8ac8      0x408 e:/altera/15.0/nios2eds/bin/gnu/h-x86_64-mingw32/bin/../lib/gcc/nios2-elf/4.9.1/../../../../../H-x86_64-mingw32/nios2-elf/lib\libc.a(lib_a-mallocr.o)
                0x00000000082e8ac8                __malloc_av_
 .data          0x00000000082e8ed0        0x0 e:/altera/15.0/nios2eds/bin/gnu/h-x86_64-mingw32/bin/../lib/gcc/nios2-elf/4.9.1/../../../../../H-x86_64-mingw32/nios2-elf/lib\libc.a(lib_a-memset.o)
 .data          0x00000000082e8ed0        0x0 e:/altera/15.0/nios2eds/bin/gnu/h-x86_64-mingw32/bin/../lib/gcc/nios2-elf/4.9.1/../../../../../H-x86_64-mingw32/nios2-elf/lib\libc.a(lib_a-sbrkr.o)
 .data          0x00000000082e8ed0        0x0 e:/altera/15.0/nios2eds/bin/gnu/h-x86_64-mingw32/bin/../lib/gcc/nios2-elf/4.9.1/../../../../../H-x86_64-mingw32/nios2-elf/lib\libc.a(lib_a-sprintf.o)
 .data          0x00000000082e8ed0        0x0 e:/altera/15.0/nios2eds/bin/gnu/h-x86_64-mingw32/bin/../lib/gcc/nios2-elf/4.9.1/../../../../../H-x86_64-mingw32/nios2-elf/lib\libc.a(lib_a-strcpy.o)
 .data          0x00000000082e8ed0        0x0 e:/altera/15.0/nios2eds/bin/gnu/h-x86_64-mingw32/bin/../lib/gcc/nios2-elf/4.9.1/../../../../../H-x86_64-mingw32/nios2-elf/lib\libc.a(lib_a-strlen.o)
 .data          0x00000000082e8ed0        0x0 e:/altera/15.0/nios2eds/bin/gnu/h-x86_64-mingw32/bin/../lib/gcc/nios2-elf/4.9.1/../../../../../H-x86_64-mingw32/nios2-elf/lib\libc.a(lib_a-svfprintf.o)
 .data          0x00000000082e8ed0        0x0 e:/altera/15.0/nios2eds/bin/gnu/h-x86_64-mingw32/bin/../lib/gcc/nios2-elf/4.9.1/../../../../../H-x86_64-mingw32/nios2-elf/lib\libc.a(lib_a-dtoa.o)
 .data          0x00000000082e8ed0        0x0 e:/altera/15.0/nios2eds/bin/gnu/h-x86_64-mingw32/bin/../lib/gcc/nios2-elf/4.9.1/../../../../../H-x86_64-mingw32/nios2-elf/lib\libc.a(lib_a-freer.o)
 .data          0x00000000082e8ed0      0x424 e:/altera/15.0/nios2eds/bin/gnu/h-x86_64-mingw32/bin/../lib/gcc/nios2-elf/4.9.1/../../../../../H-x86_64-mingw32/nios2-elf/lib\libc.a(lib_a-impure.o)
 .data          0x00000000082e92f4        0x0 e:/altera/15.0/nios2eds/bin/gnu/h-x86_64-mingw32/bin/../lib/gcc/nios2-elf/4.9.1/../../../../../H-x86_64-mingw32/nios2-elf/lib\libc.a(lib_a-int_errno.o)
 .data          0x00000000082e92f4       0x78 e:/altera/15.0/nios2eds/bin/gnu/h-x86_64-mingw32/bin/../lib/gcc/nios2-elf/4.9.1/../../../../../H-x86_64-mingw32/nios2-elf/lib\libc.a(lib_a-locale.o)
 .data          0x00000000082e936c        0x0 e:/altera/15.0/nios2eds/bin/gnu/h-x86_64-mingw32/bin/../lib/gcc/nios2-elf/4.9.1/../../../../../H-x86_64-mingw32/nios2-elf/lib\libc.a(lib_a-memchr.o)
 .data          0x00000000082e936c        0x0 e:/altera/15.0/nios2eds/bin/gnu/h-x86_64-mingw32/bin/../lib/gcc/nios2-elf/4.9.1/../../../../../H-x86_64-mingw32/nios2-elf/lib\libc.a(lib_a-memcpy.o)
 .data          0x00000000082e936c        0x0 e:/altera/15.0/nios2eds/bin/gnu/h-x86_64-mingw32/bin/../lib/gcc/nios2-elf/4.9.1/../../../../../H-x86_64-mingw32/nios2-elf/lib\libc.a(lib_a-mprec.o)
 .data          0x00000000082e936c        0x0 e:/altera/15.0/nios2eds/bin/gnu/h-x86_64-mingw32/bin/../lib/gcc/nios2-elf/4.9.1/../../../../../H-x86_64-mingw32/nios2-elf/lib\libc.a(lib_a-s_fpclassify.o)
 .data          0x00000000082e936c        0x0 e:/altera/15.0/nios2eds/bin/gnu/h-x86_64-mingw32/bin/../lib/gcc/nios2-elf/4.9.1/../../../../../H-x86_64-mingw32/nios2-elf/lib\libc.a(lib_a-strcmp.o)
 .data          0x00000000082e936c        0x0 e:/altera/15.0/nios2eds/bin/gnu/h-x86_64-mingw32/bin/../lib/gcc/nios2-elf/4.9.1/../../../../../H-x86_64-mingw32/nios2-elf/lib\libc.a(lib_a-svfiprintf.o)
 .data          0x00000000082e936c        0x0 e:/altera/15.0/nios2eds/bin/gnu/h-x86_64-mingw32/bin/../lib/gcc/nios2-elf/4.9.1/../../../../../H-x86_64-mingw32/nios2-elf/lib\libc.a(lib_a-callocr.o)
 .data          0x00000000082e936c        0x0 e:/altera/15.0/nios2eds/bin/gnu/h-x86_64-mingw32/bin/../lib/gcc/nios2-elf/4.9.1/../../../../../H-x86_64-mingw32/nios2-elf/lib\libc.a(lib_a-memmove.o)
 .data          0x00000000082e936c        0x0 e:/altera/15.0/nios2eds/bin/gnu/h-x86_64-mingw32/bin/../lib/gcc/nios2-elf/4.9.1/../../../../../H-x86_64-mingw32/nios2-elf/lib\libc.a(lib_a-reallocr.o)
 .data          0x00000000082e936c        0x0 e:/altera/15.0/nios2eds/bin/gnu/h-x86_64-mingw32/bin/../lib/gcc/nios2-elf/4.9.1\libgcc.a(_udivdi3.o)
 .data          0x00000000082e936c        0x0 e:/altera/15.0/nios2eds/bin/gnu/h-x86_64-mingw32/bin/../lib/gcc/nios2-elf/4.9.1\libgcc.a(_umoddi3.o)
 .data          0x00000000082e936c        0x0 e:/altera/15.0/nios2eds/bin/gnu/h-x86_64-mingw32/bin/../lib/gcc/nios2-elf/4.9.1\libgcc.a(eqdf2.o)
 .data          0x00000000082e936c        0x0 e:/altera/15.0/nios2eds/bin/gnu/h-x86_64-mingw32/bin/../lib/gcc/nios2-elf/4.9.1\libgcc.a(ledf2.o)
 .data          0x00000000082e936c        0x0 ../ebook_release1_bsp/\libhal_bsp.a(alt_iic.o)
 .data          0x00000000082e936c        0x0 ../ebook_release1_bsp/\libhal_bsp.a(alt_iic_isr_register.o)
 .data          0x00000000082e936c        0x0 ../ebook_release1_bsp/\libhal_bsp.a(alt_irq_entry.o)
 .data          0x00000000082e936c        0x0 ../ebook_release1_bsp/\libhal_bsp.a(alt_irq_handler.o)
 .data          0x00000000082e936c        0x0 ../ebook_release1_bsp/\libhal_bsp.a(alt_irq_vars.o)
 .data          0x00000000082e936c        0x0 ../ebook_release1_bsp/\libhal_bsp.a(alt_main.o)
 .data          0x00000000082e936c        0x0 ../ebook_release1_bsp/\libhal_bsp.a(alt_malloc_lock.o)
 .data          0x00000000082e936c        0x0 ../ebook_release1_bsp/\libhal_bsp.a(alt_sbrk.o)
 .data          0x00000000082e936c        0x0 ../ebook_release1_bsp/\libhal_bsp.a(alt_usleep.o)
 .data          0x00000000082e936c     0x1158 ../ebook_release1_bsp/\libhal_bsp.a(alt_sys_init.o)
 .data          0x00000000082ea4c4        0x0 ../ebook_release1_bsp/\libhal_bsp.a(Altera_UP_SD_Card_Avalon_Interface.o)
 .data          0x00000000082ea4c4        0x0 ../ebook_release1_bsp/\libhal_bsp.a(altera_avalon_epcs_flash_controller.o)
 .data          0x00000000082ea4c4        0x0 ../ebook_release1_bsp/\libhal_bsp.a(altera_avalon_jtag_uart_fd.o)
 .data          0x00000000082ea4c4        0x0 ../ebook_release1_bsp/\libhal_bsp.a(altera_avalon_jtag_uart_init.o)
 .data          0x00000000082ea4c4        0x0 ../ebook_release1_bsp/\libhal_bsp.a(altera_avalon_jtag_uart_ioctl.o)
 .data          0x00000000082ea4c4        0x0 ../ebook_release1_bsp/\libhal_bsp.a(altera_avalon_jtag_uart_read.o)
 .data          0x00000000082ea4c4        0x0 ../ebook_release1_bsp/\libhal_bsp.a(altera_avalon_jtag_uart_write.o)
 .data          0x00000000082ea4c4        0x0 ../ebook_release1_bsp/\libhal_bsp.a(altera_avalon_timer_sc.o)
 .data          0x00000000082ea4c4        0x0 ../ebook_release1_bsp/\libhal_bsp.a(epcs_commands.o)
 .data          0x00000000082ea4c4        0x0 ../ebook_release1_bsp/\libhal_bsp.a(alt_alarm_start.o)
 .data          0x00000000082ea4c4        0x0 ../ebook_release1_bsp/\libhal_bsp.a(alt_busy_sleep.o)
 .data          0x00000000082ea4c4        0x0 ../ebook_release1_bsp/\libhal_bsp.a(alt_close.o)
 .data          0x00000000082ea4c4      0x1a8 ../ebook_release1_bsp/\libhal_bsp.a(alt_dev.o)
                0x00000000082ea4c4                alt_dev_null
                0x00000000082ea4ec                alt_fd_list
 .data          0x00000000082ea66c        0x0 ../ebook_release1_bsp/\libhal_bsp.a(alt_dev_llist_insert.o)
 .data          0x00000000082ea66c        0x0 ../ebook_release1_bsp/\libhal_bsp.a(alt_do_ctors.o)
 .data          0x00000000082ea66c        0x0 ../ebook_release1_bsp/\libhal_bsp.a(alt_do_dtors.o)
 .data          0x00000000082ea66c        0x0 ../ebook_release1_bsp/\libhal_bsp.a(alt_errno.o)
 .data          0x00000000082ea66c        0x0 ../ebook_release1_bsp/\libhal_bsp.a(alt_exception_entry.o)
 .data          0x00000000082ea66c        0x0 ../ebook_release1_bsp/\libhal_bsp.a(alt_find_dev.o)
 .data          0x00000000082ea66c        0x0 ../ebook_release1_bsp/\libhal_bsp.a(alt_flash_dev.o)
 .data          0x00000000082ea66c        0x0 ../ebook_release1_bsp/\libhal_bsp.a(alt_instruction_exception_entry.o)
 .data          0x00000000082ea66c        0x0 ../ebook_release1_bsp/\libhal_bsp.a(alt_io_redirect.o)
 .data          0x00000000082ea66c        0x0 ../ebook_release1_bsp/\libhal_bsp.a(alt_open.o)
 .data          0x00000000082ea66c        0x0 ../ebook_release1_bsp/\libhal_bsp.a(alt_release_fd.o)
 .data          0x00000000082ea66c        0x0 ../ebook_release1_bsp/\libhal_bsp.a(alt_tick.o)
 .data          0x00000000082ea66c        0x0 ../ebook_release1_bsp/\libhal_bsp.a(altera_nios2_gen2_irq.o)
 .data          0x00000000082ea66c        0x0 ../ebook_release1_bsp/\libhal_bsp.a(altera_avalon_spi.o)
 .data          0x00000000082ea66c        0x0 ../ebook_release1_bsp/\libhal_bsp.a(alt_find_file.o)
 .data          0x00000000082ea66c        0x0 ../ebook_release1_bsp/\libhal_bsp.a(alt_get_fd.o)
 .data          0x00000000082ea66c        0x0 e:/altera/15.0/nios2eds/bin/gnu/h-x86_64-mingw32/bin/../lib/gcc/nios2-elf/4.9.1/../../../../../H-x86_64-mingw32/nios2-elf/lib\libc.a(lib_a-atexit.o)
 .data          0x00000000082ea66c        0x0 e:/altera/15.0/nios2eds/bin/gnu/h-x86_64-mingw32/bin/../lib/gcc/nios2-elf/4.9.1/../../../../../H-x86_64-mingw32/nios2-elf/lib\libc.a(lib_a-exit.o)
 .data          0x00000000082ea66c        0x0 e:/altera/15.0/nios2eds/bin/gnu/h-x86_64-mingw32/bin/../lib/gcc/nios2-elf/4.9.1/../../../../../H-x86_64-mingw32/nios2-elf/lib\libc.a(lib_a-memcmp.o)
 .data          0x00000000082ea66c        0x0 e:/altera/15.0/nios2eds/bin/gnu/h-x86_64-mingw32/bin/../lib/gcc/nios2-elf/4.9.1/../../../../../H-x86_64-mingw32/nios2-elf/lib\libc.a(lib_a-__atexit.o)
 .data          0x00000000082ea66c        0x0 e:/altera/15.0/nios2eds/bin/gnu/h-x86_64-mingw32/bin/../lib/gcc/nios2-elf/4.9.1/../../../../../H-x86_64-mingw32/nios2-elf/lib\libc.a(lib_a-__call_atexit.o)
 .data          0x00000000082ea66c        0x0 ../ebook_release1_bsp/\libhal_bsp.a(alt_exit.o)
                0x00000000082f266c                _gp = ABSOLUTE ((. + 0x8000))
                0x00000000082f266c                PROVIDE (gp, _gp)
 *(.rwdata .rwdata.*)
 *(.sdata .sdata.* .gnu.linkonce.s.*)
 .sdata         0x00000000082ea66c       0x10 obj/default/icon_pic.o
                0x00000000082ea66c                icon_plus
                0x00000000082ea674                icon_minus
 .sdata         0x00000000082ea67c        0x8 obj/default/screen.o
                0x00000000082ea67c                defaultColorInfo
 .sdata         0x00000000082ea684        0x2 obj/default/touch.o
                0x00000000082ea684                CMD_RDX
                0x00000000082ea685                CMD_RDY
 *fill*         0x00000000082ea686        0x2 
 .sdata         0x00000000082ea688        0x8 e:/altera/15.0/nios2eds/bin/gnu/h-x86_64-mingw32/bin/../lib/gcc/nios2-elf/4.9.1/../../../../../H-x86_64-mingw32/nios2-elf/lib\libc.a(lib_a-mallocr.o)
                0x00000000082ea688                __malloc_sbrk_base
                0x00000000082ea68c                __malloc_trim_threshold
 .sdata         0x00000000082ea690        0x8 e:/altera/15.0/nios2eds/bin/gnu/h-x86_64-mingw32/bin/../lib/gcc/nios2-elf/4.9.1/../../../../../H-x86_64-mingw32/nios2-elf/lib\libc.a(lib_a-impure.o)
                0x00000000082ea690                _global_impure_ptr
                0x00000000082ea694                _impure_ptr
 .sdata         0x00000000082ea698        0x4 e:/altera/15.0/nios2eds/bin/gnu/h-x86_64-mingw32/bin/../lib/gcc/nios2-elf/4.9.1/../../../../../H-x86_64-mingw32/nios2-elf/lib\libc.a(lib_a-locale.o)
                0x00000000082ea698                __mb_cur_max
 .sdata         0x00000000082ea69c        0x4 ../ebook_release1_bsp/\libhal_bsp.a(alt_irq_vars.o)
                0x00000000082ea69c                alt_priority_mask
 .sdata         0x00000000082ea6a0        0x4 ../ebook_release1_bsp/\libhal_bsp.a(alt_sbrk.o)
 .sdata         0x00000000082ea6a4       0x14 ../ebook_release1_bsp/\libhal_bsp.a(alt_dev.o)
                0x00000000082ea6a4                alt_fs_list
                0x00000000082ea6ac                alt_dev_list
                0x00000000082ea6b4                alt_max_fd
 .sdata         0x00000000082ea6b8        0x4 ../ebook_release1_bsp/\libhal_bsp.a(alt_errno.o)
                0x00000000082ea6b8                alt_errno
 .sdata         0x00000000082ea6bc        0x8 ../ebook_release1_bsp/\libhal_bsp.a(alt_flash_dev.o)
                0x00000000082ea6bc                alt_flash_dev_list
 .sdata         0x00000000082ea6c4        0x8 ../ebook_release1_bsp/\libhal_bsp.a(alt_tick.o)
                0x00000000082ea6c4                alt_alarm_list
 *(.sdata2 .sdata2.* .gnu.linkonce.s2.*)
                0x00000000082ea6cc                . = ALIGN (0x4)
                0x00000000082ea6cc                _edata = ABSOLUTE (.)
                0x00000000082ea6cc                PROVIDE (edata, ABSOLUTE (.))
                0x00000000082ea6cc                PROVIDE (__ram_rwdata_end, ABSOLUTE (.))
                0x00000000082e84d8                PROVIDE (__flash_rwdata_start, LOADADDR (.rwdata))

.bss            0x00000000082ea6cc     0x1f54
                0x00000000082ea6cc                __bss_start = ABSOLUTE (.)
                0x00000000082ea6cc                PROVIDE (__sbss_start, ABSOLUTE (.))
                0x00000000082ea6cc                PROVIDE (___sbss_start, ABSOLUTE (.))
 *(.dynsbss)
 *(.sbss .sbss.* .gnu.linkonce.sb.*)
 .sbss          0x00000000082ea6cc        0x4 obj/default/time_count.o
                0x00000000082ea6cc                timer_isr_context
 .sbss          0x00000000082ea6d0        0x8 obj/default/touch.o
                0x00000000082ea6d0                edge_capture
                0x00000000082ea6d4                intnirq_isr_context
 .sbss          0x00000000082ea6d8        0x8 obj/default/touch_resp.o
                0x00000000082ea6d8                touchPosFlag
 .sbss          0x00000000082ea6e0        0xc e:/altera/15.0/nios2eds/bin/gnu/h-x86_64-mingw32/bin/../lib/gcc/nios2-elf/4.9.1/../../../../../H-x86_64-mingw32/nios2-elf/lib\libc.a(lib_a-mallocr.o)
                0x00000000082ea6e0                __malloc_max_total_mem
                0x00000000082ea6e4                __malloc_max_sbrked_mem
                0x00000000082ea6e8                __malloc_top_pad
 .sbss          0x00000000082ea6ec        0x4 e:/altera/15.0/nios2eds/bin/gnu/h-x86_64-mingw32/bin/../lib/gcc/nios2-elf/4.9.1/../../../../../H-x86_64-mingw32/nios2-elf/lib\libc.a(lib_a-int_errno.o)
                0x00000000082ea6ec                errno
 .sbss          0x00000000082ea6f0        0xc e:/altera/15.0/nios2eds/bin/gnu/h-x86_64-mingw32/bin/../lib/gcc/nios2-elf/4.9.1/../../../../../H-x86_64-mingw32/nios2-elf/lib\libc.a(lib_a-locale.o)
                0x00000000082ea6f0                _PathLocale
                0x00000000082ea6f4                __mlocale_changed
                0x00000000082ea6f8                __nlocale_changed
 .sbss          0x00000000082ea6fc        0x4 ../ebook_release1_bsp/\libhal_bsp.a(alt_irq_vars.o)
                0x00000000082ea6fc                alt_irq_active
 .sbss          0x00000000082ea700        0xc ../ebook_release1_bsp/\libhal_bsp.a(alt_main.o)
                0x00000000082ea700                alt_argc
                0x00000000082ea704                alt_argv
                0x00000000082ea708                alt_envp
 .sbss          0x00000000082ea70c       0x30 ../ebook_release1_bsp/\libhal_bsp.a(Altera_UP_SD_Card_Avalon_Interface.o)
                0x00000000082ea70c                initialized
                0x00000000082ea70d                is_sd_card_formated_as_FAT16
                0x00000000082ea710                aux_status_register
                0x00000000082ea714                status_register
                0x00000000082ea718                CSD_register_w0
                0x00000000082ea71c                command_register
                0x00000000082ea720                command_argument_register
                0x00000000082ea724                buffer_memory
                0x00000000082ea728                fat_partition_offset_in_512_byte_sectors
                0x00000000082ea72c                fat_partition_size_in_512_byte_sectors
                0x00000000082ea730                device_pointer
                0x00000000082ea734                current_sector_modified
                0x00000000082ea738                current_sector_index
 .sbss          0x00000000082ea73c        0x4 ../ebook_release1_bsp/\libhal_bsp.a(alt_instruction_exception_entry.o)
                0x00000000082ea73c                alt_instruction_exception_handler
 .sbss          0x00000000082ea740        0x8 ../ebook_release1_bsp/\libhal_bsp.a(alt_tick.o)
                0x00000000082ea740                _alt_tick_rate
                0x00000000082ea744                _alt_nticks
 *(.sbss2 .sbss2.* .gnu.linkonce.sb2.*)
 *(.scommon)
                0x00000000082ea748                PROVIDE (__sbss_end, ABSOLUTE (.))
                0x00000000082ea748                PROVIDE (___sbss_end, ABSOLUTE (.))
 *(.dynbss)
 *(.bss .bss.* .gnu.linkonce.b.*)
 .bss           0x00000000082ea748        0x0 ../ebook_release1_bsp//obj/HAL/src/crt0.o
 .bss           0x00000000082ea748        0x0 obj/default/ascii_font.o
 .bss           0x00000000082ea748        0x0 obj/default/color.o
 .bss           0x00000000082ea748        0x0 obj/default/font_manage.o
 .bss           0x00000000082ea748        0x0 obj/default/gbk_font.o
 .bss           0x00000000082ea748        0x0 obj/default/icon_pic.o
 .bss           0x00000000082ea748        0x0 obj/default/main.o
 .bss           0x00000000082ea748        0x0 obj/default/screen.o
 .bss           0x00000000082ea748        0x0 obj/default/screen_display.o
 .bss           0x00000000082ea748        0x0 obj/default/sdread.o
 .bss           0x00000000082ea748        0x0 obj/default/tftlcd.o
 .bss           0x00000000082ea748        0x0 obj/default/time_count.o
 .bss           0x00000000082ea748        0x0 obj/default/touch.o
 .bss           0x00000000082ea748        0x0 obj/default/touch_resp.o
 .bss           0x00000000082ea748        0x0 obj/default/txt_read.o
 .bss           0x00000000082ea748        0x0 obj/default/ucs2_font.o
 .bss           0x00000000082ea748        0x0 e:/altera/15.0/nios2eds/bin/gnu/h-x86_64-mingw32/bin/../lib/gcc/nios2-elf/4.9.1\libgcc.a(_fixunssfsi.o)
 .bss           0x00000000082ea748        0x0 e:/altera/15.0/nios2eds/bin/gnu/h-x86_64-mingw32/bin/../lib/gcc/nios2-elf/4.9.1\libgcc.a(_fixunsdfsi.o)
 .bss           0x00000000082ea748        0x0 e:/altera/15.0/nios2eds/bin/gnu/h-x86_64-mingw32/bin/../lib/gcc/nios2-elf/4.9.1\libgcc.a(lib2-divmod.o)
 .bss           0x00000000082ea748        0x0 e:/altera/15.0/nios2eds/bin/gnu/h-x86_64-mingw32/bin/../lib/gcc/nios2-elf/4.9.1\libgcc.a(addsf3.o)
 .bss           0x00000000082ea748        0x0 e:/altera/15.0/nios2eds/bin/gnu/h-x86_64-mingw32/bin/../lib/gcc/nios2-elf/4.9.1\libgcc.a(divsf3.o)
 .bss           0x00000000082ea748        0x0 e:/altera/15.0/nios2eds/bin/gnu/h-x86_64-mingw32/bin/../lib/gcc/nios2-elf/4.9.1\libgcc.a(gesf2.o)
 .bss           0x00000000082ea748        0x0 e:/altera/15.0/nios2eds/bin/gnu/h-x86_64-mingw32/bin/../lib/gcc/nios2-elf/4.9.1\libgcc.a(lesf2.o)
 .bss           0x00000000082ea748        0x0 e:/altera/15.0/nios2eds/bin/gnu/h-x86_64-mingw32/bin/../lib/gcc/nios2-elf/4.9.1\libgcc.a(mulsf3.o)
 .bss           0x00000000082ea748        0x0 e:/altera/15.0/nios2eds/bin/gnu/h-x86_64-mingw32/bin/../lib/gcc/nios2-elf/4.9.1\libgcc.a(subsf3.o)
 .bss           0x00000000082ea748        0x0 e:/altera/15.0/nios2eds/bin/gnu/h-x86_64-mingw32/bin/../lib/gcc/nios2-elf/4.9.1\libgcc.a(fixsfsi.o)
 .bss           0x00000000082ea748        0x0 e:/altera/15.0/nios2eds/bin/gnu/h-x86_64-mingw32/bin/../lib/gcc/nios2-elf/4.9.1\libgcc.a(floatsisf.o)
 .bss           0x00000000082ea748        0x0 e:/altera/15.0/nios2eds/bin/gnu/h-x86_64-mingw32/bin/../lib/gcc/nios2-elf/4.9.1\libgcc.a(floatunsisf.o)
 .bss           0x00000000082ea748        0x0 e:/altera/15.0/nios2eds/bin/gnu/h-x86_64-mingw32/bin/../lib/gcc/nios2-elf/4.9.1\libgcc.a(adddf3.o)
 .bss           0x00000000082ea748        0x0 e:/altera/15.0/nios2eds/bin/gnu/h-x86_64-mingw32/bin/../lib/gcc/nios2-elf/4.9.1\libgcc.a(divdf3.o)
 .bss           0x00000000082ea748        0x0 e:/altera/15.0/nios2eds/bin/gnu/h-x86_64-mingw32/bin/../lib/gcc/nios2-elf/4.9.1\libgcc.a(gedf2.o)
 .bss           0x00000000082ea748        0x0 e:/altera/15.0/nios2eds/bin/gnu/h-x86_64-mingw32/bin/../lib/gcc/nios2-elf/4.9.1\libgcc.a(muldf3.o)
 .bss           0x00000000082ea748        0x0 e:/altera/15.0/nios2eds/bin/gnu/h-x86_64-mingw32/bin/../lib/gcc/nios2-elf/4.9.1\libgcc.a(subdf3.o)
 .bss           0x00000000082ea748        0x0 e:/altera/15.0/nios2eds/bin/gnu/h-x86_64-mingw32/bin/../lib/gcc/nios2-elf/4.9.1\libgcc.a(fixdfsi.o)
 .bss           0x00000000082ea748        0x0 e:/altera/15.0/nios2eds/bin/gnu/h-x86_64-mingw32/bin/../lib/gcc/nios2-elf/4.9.1\libgcc.a(floatsidf.o)
 .bss           0x00000000082ea748        0x0 e:/altera/15.0/nios2eds/bin/gnu/h-x86_64-mingw32/bin/../lib/gcc/nios2-elf/4.9.1\libgcc.a(floatunsidf.o)
 .bss           0x00000000082ea748        0x0 e:/altera/15.0/nios2eds/bin/gnu/h-x86_64-mingw32/bin/../lib/gcc/nios2-elf/4.9.1\libgcc.a(extendsfdf2.o)
 .bss           0x00000000082ea748        0x0 e:/altera/15.0/nios2eds/bin/gnu/h-x86_64-mingw32/bin/../lib/gcc/nios2-elf/4.9.1\libgcc.a(truncdfsf2.o)
 .bss           0x00000000082ea748        0x0 e:/altera/15.0/nios2eds/bin/gnu/h-x86_64-mingw32/bin/../lib/gcc/nios2-elf/4.9.1\libgcc.a(_clzsi2.o)
 .bss           0x00000000082ea748        0x0 e:/altera/15.0/nios2eds/bin/gnu/h-x86_64-mingw32/bin/../lib/gcc/nios2-elf/4.9.1\libgcc.a(_clz.o)
 .bss           0x00000000082ea748        0x0 e:/altera/15.0/nios2eds/bin/gnu/h-x86_64-mingw32/bin/../lib/gcc/nios2-elf/4.9.1/../../../../../H-x86_64-mingw32/nios2-elf/lib\libc.a(lib_a-malloc.o)
 .bss           0x00000000082ea748       0x28 e:/altera/15.0/nios2eds/bin/gnu/h-x86_64-mingw32/bin/../lib/gcc/nios2-elf/4.9.1/../../../../../H-x86_64-mingw32/nios2-elf/lib\libc.a(lib_a-mallocr.o)
                0x00000000082ea748                __malloc_current_mallinfo
 .bss           0x00000000082ea770        0x0 e:/altera/15.0/nios2eds/bin/gnu/h-x86_64-mingw32/bin/../lib/gcc/nios2-elf/4.9.1/../../../../../H-x86_64-mingw32/nios2-elf/lib\libc.a(lib_a-memset.o)
 .bss           0x00000000082ea770        0x0 e:/altera/15.0/nios2eds/bin/gnu/h-x86_64-mingw32/bin/../lib/gcc/nios2-elf/4.9.1/../../../../../H-x86_64-mingw32/nios2-elf/lib\libc.a(lib_a-sbrkr.o)
 .bss           0x00000000082ea770        0x0 e:/altera/15.0/nios2eds/bin/gnu/h-x86_64-mingw32/bin/../lib/gcc/nios2-elf/4.9.1/../../../../../H-x86_64-mingw32/nios2-elf/lib\libc.a(lib_a-sprintf.o)
 .bss           0x00000000082ea770        0x0 e:/altera/15.0/nios2eds/bin/gnu/h-x86_64-mingw32/bin/../lib/gcc/nios2-elf/4.9.1/../../../../../H-x86_64-mingw32/nios2-elf/lib\libc.a(lib_a-strcpy.o)
 .bss           0x00000000082ea770        0x0 e:/altera/15.0/nios2eds/bin/gnu/h-x86_64-mingw32/bin/../lib/gcc/nios2-elf/4.9.1/../../../../../H-x86_64-mingw32/nios2-elf/lib\libc.a(lib_a-strlen.o)
 .bss           0x00000000082ea770        0x0 e:/altera/15.0/nios2eds/bin/gnu/h-x86_64-mingw32/bin/../lib/gcc/nios2-elf/4.9.1/../../../../../H-x86_64-mingw32/nios2-elf/lib\libc.a(lib_a-svfprintf.o)
 .bss           0x00000000082ea770        0x0 e:/altera/15.0/nios2eds/bin/gnu/h-x86_64-mingw32/bin/../lib/gcc/nios2-elf/4.9.1/../../../../../H-x86_64-mingw32/nios2-elf/lib\libc.a(lib_a-dtoa.o)
 .bss           0x00000000082ea770        0x0 e:/altera/15.0/nios2eds/bin/gnu/h-x86_64-mingw32/bin/../lib/gcc/nios2-elf/4.9.1/../../../../../H-x86_64-mingw32/nios2-elf/lib\libc.a(lib_a-freer.o)
 .bss           0x00000000082ea770        0x0 e:/altera/15.0/nios2eds/bin/gnu/h-x86_64-mingw32/bin/../lib/gcc/nios2-elf/4.9.1/../../../../../H-x86_64-mingw32/nios2-elf/lib\libc.a(lib_a-impure.o)
 .bss           0x00000000082ea770        0x0 e:/altera/15.0/nios2eds/bin/gnu/h-x86_64-mingw32/bin/../lib/gcc/nios2-elf/4.9.1/../../../../../H-x86_64-mingw32/nios2-elf/lib\libc.a(lib_a-int_errno.o)
 .bss           0x00000000082ea770        0x0 e:/altera/15.0/nios2eds/bin/gnu/h-x86_64-mingw32/bin/../lib/gcc/nios2-elf/4.9.1/../../../../../H-x86_64-mingw32/nios2-elf/lib\libc.a(lib_a-locale.o)
 .bss           0x00000000082ea770        0x0 e:/altera/15.0/nios2eds/bin/gnu/h-x86_64-mingw32/bin/../lib/gcc/nios2-elf/4.9.1/../../../../../H-x86_64-mingw32/nios2-elf/lib\libc.a(lib_a-memchr.o)
 .bss           0x00000000082ea770        0x0 e:/altera/15.0/nios2eds/bin/gnu/h-x86_64-mingw32/bin/../lib/gcc/nios2-elf/4.9.1/../../../../../H-x86_64-mingw32/nios2-elf/lib\libc.a(lib_a-memcpy.o)
 .bss           0x00000000082ea770        0x0 e:/altera/15.0/nios2eds/bin/gnu/h-x86_64-mingw32/bin/../lib/gcc/nios2-elf/4.9.1/../../../../../H-x86_64-mingw32/nios2-elf/lib\libc.a(lib_a-mprec.o)
 .bss           0x00000000082ea770        0x0 e:/altera/15.0/nios2eds/bin/gnu/h-x86_64-mingw32/bin/../lib/gcc/nios2-elf/4.9.1/../../../../../H-x86_64-mingw32/nios2-elf/lib\libc.a(lib_a-s_fpclassify.o)
 .bss           0x00000000082ea770        0x0 e:/altera/15.0/nios2eds/bin/gnu/h-x86_64-mingw32/bin/../lib/gcc/nios2-elf/4.9.1/../../../../../H-x86_64-mingw32/nios2-elf/lib\libc.a(lib_a-strcmp.o)
 .bss           0x00000000082ea770        0x0 e:/altera/15.0/nios2eds/bin/gnu/h-x86_64-mingw32/bin/../lib/gcc/nios2-elf/4.9.1/../../../../../H-x86_64-mingw32/nios2-elf/lib\libc.a(lib_a-svfiprintf.o)
 .bss           0x00000000082ea770        0x0 e:/altera/15.0/nios2eds/bin/gnu/h-x86_64-mingw32/bin/../lib/gcc/nios2-elf/4.9.1/../../../../../H-x86_64-mingw32/nios2-elf/lib\libc.a(lib_a-callocr.o)
 .bss           0x00000000082ea770        0x0 e:/altera/15.0/nios2eds/bin/gnu/h-x86_64-mingw32/bin/../lib/gcc/nios2-elf/4.9.1/../../../../../H-x86_64-mingw32/nios2-elf/lib\libc.a(lib_a-memmove.o)
 .bss           0x00000000082ea770        0x0 e:/altera/15.0/nios2eds/bin/gnu/h-x86_64-mingw32/bin/../lib/gcc/nios2-elf/4.9.1/../../../../../H-x86_64-mingw32/nios2-elf/lib\libc.a(lib_a-reallocr.o)
 .bss           0x00000000082ea770        0x0 e:/altera/15.0/nios2eds/bin/gnu/h-x86_64-mingw32/bin/../lib/gcc/nios2-elf/4.9.1\libgcc.a(_udivdi3.o)
 .bss           0x00000000082ea770        0x0 e:/altera/15.0/nios2eds/bin/gnu/h-x86_64-mingw32/bin/../lib/gcc/nios2-elf/4.9.1\libgcc.a(_umoddi3.o)
 .bss           0x00000000082ea770        0x0 e:/altera/15.0/nios2eds/bin/gnu/h-x86_64-mingw32/bin/../lib/gcc/nios2-elf/4.9.1\libgcc.a(eqdf2.o)
 .bss           0x00000000082ea770        0x0 e:/altera/15.0/nios2eds/bin/gnu/h-x86_64-mingw32/bin/../lib/gcc/nios2-elf/4.9.1\libgcc.a(ledf2.o)
 .bss           0x00000000082ea770        0x0 ../ebook_release1_bsp/\libhal_bsp.a(alt_iic.o)
 .bss           0x00000000082ea770        0x0 ../ebook_release1_bsp/\libhal_bsp.a(alt_iic_isr_register.o)
 .bss           0x00000000082ea770        0x0 ../ebook_release1_bsp/\libhal_bsp.a(alt_irq_entry.o)
 .bss           0x00000000082ea770        0x0 ../ebook_release1_bsp/\libhal_bsp.a(alt_irq_handler.o)
 .bss           0x00000000082ea770        0x0 ../ebook_release1_bsp/\libhal_bsp.a(alt_irq_vars.o)
 .bss           0x00000000082ea770        0x0 ../ebook_release1_bsp/\libhal_bsp.a(alt_main.o)
 .bss           0x00000000082ea770        0x0 ../ebook_release1_bsp/\libhal_bsp.a(alt_malloc_lock.o)
 .bss           0x00000000082ea770        0x0 ../ebook_release1_bsp/\libhal_bsp.a(alt_sbrk.o)
 .bss           0x00000000082ea770        0x0 ../ebook_release1_bsp/\libhal_bsp.a(alt_usleep.o)
 .bss           0x00000000082ea770        0x0 ../ebook_release1_bsp/\libhal_bsp.a(alt_sys_init.o)
 .bss           0x00000000082ea770        0x0 ../ebook_release1_bsp/\libhal_bsp.a(Altera_UP_SD_Card_Avalon_Interface.o)
 .bss           0x00000000082ea770        0x0 ../ebook_release1_bsp/\libhal_bsp.a(altera_avalon_epcs_flash_controller.o)
 .bss           0x00000000082ea770        0x0 ../ebook_release1_bsp/\libhal_bsp.a(altera_avalon_jtag_uart_fd.o)
 .bss           0x00000000082ea770        0x0 ../ebook_release1_bsp/\libhal_bsp.a(altera_avalon_jtag_uart_init.o)
 .bss           0x00000000082ea770        0x0 ../ebook_release1_bsp/\libhal_bsp.a(altera_avalon_jtag_uart_ioctl.o)
 .bss           0x00000000082ea770        0x0 ../ebook_release1_bsp/\libhal_bsp.a(altera_avalon_jtag_uart_read.o)
 .bss           0x00000000082ea770        0x0 ../ebook_release1_bsp/\libhal_bsp.a(altera_avalon_jtag_uart_write.o)
 .bss           0x00000000082ea770        0x0 ../ebook_release1_bsp/\libhal_bsp.a(altera_avalon_timer_sc.o)
 .bss           0x00000000082ea770        0x0 ../ebook_release1_bsp/\libhal_bsp.a(epcs_commands.o)
 .bss           0x00000000082ea770        0x0 ../ebook_release1_bsp/\libhal_bsp.a(alt_alarm_start.o)
 .bss           0x00000000082ea770        0x0 ../ebook_release1_bsp/\libhal_bsp.a(alt_busy_sleep.o)
 .bss           0x00000000082ea770        0x0 ../ebook_release1_bsp/\libhal_bsp.a(alt_close.o)
 .bss           0x00000000082ea770        0x0 ../ebook_release1_bsp/\libhal_bsp.a(alt_dev.o)
 .bss           0x00000000082ea770        0x0 ../ebook_release1_bsp/\libhal_bsp.a(alt_dev_llist_insert.o)
 .bss           0x00000000082ea770        0x0 ../ebook_release1_bsp/\libhal_bsp.a(alt_do_ctors.o)
 .bss           0x00000000082ea770        0x0 ../ebook_release1_bsp/\libhal_bsp.a(alt_do_dtors.o)
 .bss           0x00000000082ea770        0x0 ../ebook_release1_bsp/\libhal_bsp.a(alt_errno.o)
 .bss           0x00000000082ea770        0x0 ../ebook_release1_bsp/\libhal_bsp.a(alt_exception_entry.o)
 .bss           0x00000000082ea770        0x0 ../ebook_release1_bsp/\libhal_bsp.a(alt_find_dev.o)
 .bss           0x00000000082ea770        0x0 ../ebook_release1_bsp/\libhal_bsp.a(alt_flash_dev.o)
 .bss           0x00000000082ea770        0x0 ../ebook_release1_bsp/\libhal_bsp.a(alt_instruction_exception_entry.o)
 .bss           0x00000000082ea770        0x0 ../ebook_release1_bsp/\libhal_bsp.a(alt_io_redirect.o)
 .bss           0x00000000082ea770        0x0 ../ebook_release1_bsp/\libhal_bsp.a(alt_open.o)
 .bss           0x00000000082ea770        0x0 ../ebook_release1_bsp/\libhal_bsp.a(alt_release_fd.o)
 .bss           0x00000000082ea770        0x0 ../ebook_release1_bsp/\libhal_bsp.a(alt_tick.o)
 .bss           0x00000000082ea770        0x0 ../ebook_release1_bsp/\libhal_bsp.a(altera_nios2_gen2_irq.o)
 .bss           0x00000000082ea770        0x0 ../ebook_release1_bsp/\libhal_bsp.a(altera_avalon_spi.o)
 .bss           0x00000000082ea770        0x0 ../ebook_release1_bsp/\libhal_bsp.a(alt_find_file.o)
 .bss           0x00000000082ea770        0x0 ../ebook_release1_bsp/\libhal_bsp.a(alt_get_fd.o)
 .bss           0x00000000082ea770        0x0 e:/altera/15.0/nios2eds/bin/gnu/h-x86_64-mingw32/bin/../lib/gcc/nios2-elf/4.9.1/../../../../../H-x86_64-mingw32/nios2-elf/lib\libc.a(lib_a-atexit.o)
 .bss           0x00000000082ea770        0x0 e:/altera/15.0/nios2eds/bin/gnu/h-x86_64-mingw32/bin/../lib/gcc/nios2-elf/4.9.1/../../../../../H-x86_64-mingw32/nios2-elf/lib\libc.a(lib_a-exit.o)
 .bss           0x00000000082ea770        0x0 e:/altera/15.0/nios2eds/bin/gnu/h-x86_64-mingw32/bin/../lib/gcc/nios2-elf/4.9.1/../../../../../H-x86_64-mingw32/nios2-elf/lib\libc.a(lib_a-memcmp.o)
 .bss           0x00000000082ea770        0x0 e:/altera/15.0/nios2eds/bin/gnu/h-x86_64-mingw32/bin/../lib/gcc/nios2-elf/4.9.1/../../../../../H-x86_64-mingw32/nios2-elf/lib\libc.a(lib_a-__atexit.o)
 .bss           0x00000000082ea770        0x0 e:/altera/15.0/nios2eds/bin/gnu/h-x86_64-mingw32/bin/../lib/gcc/nios2-elf/4.9.1/../../../../../H-x86_64-mingw32/nios2-elf/lib\libc.a(lib_a-__call_atexit.o)
 .bss           0x00000000082ea770        0x0 ../ebook_release1_bsp/\libhal_bsp.a(alt_exit.o)
 *(COMMON)
 COMMON         0x00000000082ea770      0x764 obj/default/screen.o
                0x00000000082ea770                tftlcdScreenInst
 COMMON         0x00000000082eaed4        0xe obj/default/tftlcd.o
                0x00000000082eaed4                lcddev
 *fill*         0x00000000082eaee2        0x2 
 COMMON         0x00000000082eaee4       0x18 obj/default/time_count.o
                0x00000000082eaee4                timeFlag
 COMMON         0x00000000082eaefc     0x1110 obj/default/txt_read.o
                0x00000000082eaefc                txtFilesInfoSpace
 COMMON         0x00000000082ec00c      0x100 ../ebook_release1_bsp/\libhal_bsp.a(alt_irq_handler.o)
                0x00000000082ec00c                alt_irq
 COMMON         0x00000000082ec10c      0x514 ../ebook_release1_bsp/\libhal_bsp.a(Altera_UP_SD_Card_Avalon_Interface.o)
                0x00000000082ec10c                search_data
                0x00000000082ec11c                boot_sector_data
                0x00000000082ec170                active_files
                0x00000000082ec620                . = ALIGN (0x4)
                0x00000000082ec620                __bss_end = ABSOLUTE (.)

.epcs           0x0000000000000020        0x0
                0x0000000000000020                PROVIDE (_alt_partition_epcs_start, ABSOLUTE (.))
 *(.epcs .epcs. epcs.*)
                0x0000000000000020                . = ALIGN (0x4)
                0x0000000000000020                PROVIDE (_alt_partition_epcs_end, ABSOLUTE (.))
                0x0000000000000020                PROVIDE (_alt_partition_epcs_load_addr, LOADADDR (.epcs))

.sdram          0x00000000082ec620        0x0
                0x00000000082ec620                PROVIDE (_alt_partition_sdram_start, ABSOLUTE (.))
 *(.sdram .sdram. sdram.*)
                0x00000000082ec620                . = ALIGN (0x4)
                0x00000000082ec620                PROVIDE (_alt_partition_sdram_end, ABSOLUTE (.))
                0x00000000082ec620                _end = ABSOLUTE (.)
                0x00000000082ec620                end = ABSOLUTE (.)
                0x00000000082ec620                __alt_stack_base = ABSOLUTE (.)
                0x00000000082ec620                PROVIDE (_alt_partition_sdram_load_addr, LOADADDR (.sdram))

.stab
 *(.stab)

.stabstr
 *(.stabstr)

.stab.excl
 *(.stab.excl)

.stab.exclstr
 *(.stab.exclstr)

.stab.index
 *(.stab.index)

.stab.indexstr
 *(.stab.indexstr)

.comment        0x0000000000000000       0x23
 *(.comment)
 .comment       0x0000000000000000       0x23 obj/default/ascii_font.o
                                         0x24 (size before relaxing)
 .comment       0x0000000000000000       0x24 obj/default/color.o
 .comment       0x0000000000000000       0x24 obj/default/font_manage.o
 .comment       0x0000000000000000       0x24 obj/default/gbk_font.o
 .comment       0x0000000000000000       0x24 obj/default/icon_pic.o
 .comment       0x0000000000000000       0x24 obj/default/main.o
 .comment       0x0000000000000000       0x24 obj/default/screen.o
 .comment       0x0000000000000000       0x24 obj/default/screen_display.o
 .comment       0x0000000000000000       0x24 obj/default/sdread.o
 .comment       0x0000000000000000       0x24 obj/default/tftlcd.o
 .comment       0x0000000000000000       0x24 obj/default/time_count.o
 .comment       0x0000000000000000       0x24 obj/default/touch.o
 .comment       0x0000000000000000       0x24 obj/default/touch_resp.o
 .comment       0x0000000000000000       0x24 obj/default/txt_read.o
 .comment       0x0000000000000000       0x24 obj/default/ucs2_font.o
 .comment       0x0000000000000000       0x24 e:/altera/15.0/nios2eds/bin/gnu/h-x86_64-mingw32/bin/../lib/gcc/nios2-elf/4.9.1\libgcc.a(_fixunssfsi.o)
 .comment       0x0000000000000000       0x24 e:/altera/15.0/nios2eds/bin/gnu/h-x86_64-mingw32/bin/../lib/gcc/nios2-elf/4.9.1\libgcc.a(_fixunsdfsi.o)
 .comment       0x0000000000000000       0x24 e:/altera/15.0/nios2eds/bin/gnu/h-x86_64-mingw32/bin/../lib/gcc/nios2-elf/4.9.1\libgcc.a(lib2-divmod.o)
 .comment       0x0000000000000000       0x24 e:/altera/15.0/nios2eds/bin/gnu/h-x86_64-mingw32/bin/../lib/gcc/nios2-elf/4.9.1\libgcc.a(addsf3.o)
 .comment       0x0000000000000000       0x24 e:/altera/15.0/nios2eds/bin/gnu/h-x86_64-mingw32/bin/../lib/gcc/nios2-elf/4.9.1\libgcc.a(divsf3.o)
 .comment       0x0000000000000000       0x24 e:/altera/15.0/nios2eds/bin/gnu/h-x86_64-mingw32/bin/../lib/gcc/nios2-elf/4.9.1\libgcc.a(gesf2.o)
 .comment       0x0000000000000000       0x24 e:/altera/15.0/nios2eds/bin/gnu/h-x86_64-mingw32/bin/../lib/gcc/nios2-elf/4.9.1\libgcc.a(lesf2.o)
 .comment       0x0000000000000000       0x24 e:/altera/15.0/nios2eds/bin/gnu/h-x86_64-mingw32/bin/../lib/gcc/nios2-elf/4.9.1\libgcc.a(mulsf3.o)
 .comment       0x0000000000000000       0x24 e:/altera/15.0/nios2eds/bin/gnu/h-x86_64-mingw32/bin/../lib/gcc/nios2-elf/4.9.1\libgcc.a(subsf3.o)
 .comment       0x0000000000000000       0x24 e:/altera/15.0/nios2eds/bin/gnu/h-x86_64-mingw32/bin/../lib/gcc/nios2-elf/4.9.1\libgcc.a(fixsfsi.o)
 .comment       0x0000000000000000       0x24 e:/altera/15.0/nios2eds/bin/gnu/h-x86_64-mingw32/bin/../lib/gcc/nios2-elf/4.9.1\libgcc.a(floatsisf.o)
 .comment       0x0000000000000000       0x24 e:/altera/15.0/nios2eds/bin/gnu/h-x86_64-mingw32/bin/../lib/gcc/nios2-elf/4.9.1\libgcc.a(floatunsisf.o)
 .comment       0x0000000000000000       0x24 e:/altera/15.0/nios2eds/bin/gnu/h-x86_64-mingw32/bin/../lib/gcc/nios2-elf/4.9.1\libgcc.a(adddf3.o)
 .comment       0x0000000000000000       0x24 e:/altera/15.0/nios2eds/bin/gnu/h-x86_64-mingw32/bin/../lib/gcc/nios2-elf/4.9.1\libgcc.a(divdf3.o)
 .comment       0x0000000000000000       0x24 e:/altera/15.0/nios2eds/bin/gnu/h-x86_64-mingw32/bin/../lib/gcc/nios2-elf/4.9.1\libgcc.a(gedf2.o)
 .comment       0x0000000000000000       0x24 e:/altera/15.0/nios2eds/bin/gnu/h-x86_64-mingw32/bin/../lib/gcc/nios2-elf/4.9.1\libgcc.a(muldf3.o)
 .comment       0x0000000000000000       0x24 e:/altera/15.0/nios2eds/bin/gnu/h-x86_64-mingw32/bin/../lib/gcc/nios2-elf/4.9.1\libgcc.a(subdf3.o)
 .comment       0x0000000000000000       0x24 e:/altera/15.0/nios2eds/bin/gnu/h-x86_64-mingw32/bin/../lib/gcc/nios2-elf/4.9.1\libgcc.a(fixdfsi.o)
 .comment       0x0000000000000000       0x24 e:/altera/15.0/nios2eds/bin/gnu/h-x86_64-mingw32/bin/../lib/gcc/nios2-elf/4.9.1\libgcc.a(floatsidf.o)
 .comment       0x0000000000000000       0x24 e:/altera/15.0/nios2eds/bin/gnu/h-x86_64-mingw32/bin/../lib/gcc/nios2-elf/4.9.1\libgcc.a(floatunsidf.o)
 .comment       0x0000000000000000       0x24 e:/altera/15.0/nios2eds/bin/gnu/h-x86_64-mingw32/bin/../lib/gcc/nios2-elf/4.9.1\libgcc.a(extendsfdf2.o)
 .comment       0x0000000000000000       0x24 e:/altera/15.0/nios2eds/bin/gnu/h-x86_64-mingw32/bin/../lib/gcc/nios2-elf/4.9.1\libgcc.a(truncdfsf2.o)
 .comment       0x0000000000000000       0x24 e:/altera/15.0/nios2eds/bin/gnu/h-x86_64-mingw32/bin/../lib/gcc/nios2-elf/4.9.1\libgcc.a(_clzsi2.o)
 .comment       0x0000000000000000       0x24 e:/altera/15.0/nios2eds/bin/gnu/h-x86_64-mingw32/bin/../lib/gcc/nios2-elf/4.9.1\libgcc.a(_clz.o)
 .comment       0x0000000000000000       0x24 e:/altera/15.0/nios2eds/bin/gnu/h-x86_64-mingw32/bin/../lib/gcc/nios2-elf/4.9.1/../../../../../H-x86_64-mingw32/nios2-elf/lib\libc.a(lib_a-malloc.o)
 .comment       0x0000000000000000       0x24 e:/altera/15.0/nios2eds/bin/gnu/h-x86_64-mingw32/bin/../lib/gcc/nios2-elf/4.9.1/../../../../../H-x86_64-mingw32/nios2-elf/lib\libc.a(lib_a-mallocr.o)
 .comment       0x0000000000000000       0x24 e:/altera/15.0/nios2eds/bin/gnu/h-x86_64-mingw32/bin/../lib/gcc/nios2-elf/4.9.1/../../../../../H-x86_64-mingw32/nios2-elf/lib\libc.a(lib_a-memset.o)
 .comment       0x0000000000000000       0x24 e:/altera/15.0/nios2eds/bin/gnu/h-x86_64-mingw32/bin/../lib/gcc/nios2-elf/4.9.1/../../../../../H-x86_64-mingw32/nios2-elf/lib\libc.a(lib_a-sbrkr.o)
 .comment       0x0000000000000000       0x24 e:/altera/15.0/nios2eds/bin/gnu/h-x86_64-mingw32/bin/../lib/gcc/nios2-elf/4.9.1/../../../../../H-x86_64-mingw32/nios2-elf/lib\libc.a(lib_a-sprintf.o)
 .comment       0x0000000000000000       0x24 e:/altera/15.0/nios2eds/bin/gnu/h-x86_64-mingw32/bin/../lib/gcc/nios2-elf/4.9.1/../../../../../H-x86_64-mingw32/nios2-elf/lib\libc.a(lib_a-strcpy.o)
 .comment       0x0000000000000000       0x24 e:/altera/15.0/nios2eds/bin/gnu/h-x86_64-mingw32/bin/../lib/gcc/nios2-elf/4.9.1/../../../../../H-x86_64-mingw32/nios2-elf/lib\libc.a(lib_a-strlen.o)
 .comment       0x0000000000000000       0x24 e:/altera/15.0/nios2eds/bin/gnu/h-x86_64-mingw32/bin/../lib/gcc/nios2-elf/4.9.1/../../../../../H-x86_64-mingw32/nios2-elf/lib\libc.a(lib_a-svfprintf.o)
 .comment       0x0000000000000000       0x24 e:/altera/15.0/nios2eds/bin/gnu/h-x86_64-mingw32/bin/../lib/gcc/nios2-elf/4.9.1/../../../../../H-x86_64-mingw32/nios2-elf/lib\libc.a(lib_a-dtoa.o)
 .comment       0x0000000000000000       0x24 e:/altera/15.0/nios2eds/bin/gnu/h-x86_64-mingw32/bin/../lib/gcc/nios2-elf/4.9.1/../../../../../H-x86_64-mingw32/nios2-elf/lib\libc.a(lib_a-freer.o)
 .comment       0x0000000000000000       0x24 e:/altera/15.0/nios2eds/bin/gnu/h-x86_64-mingw32/bin/../lib/gcc/nios2-elf/4.9.1/../../../../../H-x86_64-mingw32/nios2-elf/lib\libc.a(lib_a-impure.o)
 .comment       0x0000000000000000       0x24 e:/altera/15.0/nios2eds/bin/gnu/h-x86_64-mingw32/bin/../lib/gcc/nios2-elf/4.9.1/../../../../../H-x86_64-mingw32/nios2-elf/lib\libc.a(lib_a-int_errno.o)
 .comment       0x0000000000000000       0x24 e:/altera/15.0/nios2eds/bin/gnu/h-x86_64-mingw32/bin/../lib/gcc/nios2-elf/4.9.1/../../../../../H-x86_64-mingw32/nios2-elf/lib\libc.a(lib_a-locale.o)